ID						RECLAIMABLE	SIZE		LAST ACCESSED
b3qsew6tmb15bpao5rdsf847n*              	true 		4.096kB   	50 minutes ago
05onhnhl6ue5daq7pf5w3sugh*              	true 	8.192kB   	50 minutes ago
7wamctj0r95izk9tg9bypxwqr*              	true 	8.192kB   	50 minutes ago
hotes0g64bo3cecqc3ipy9g9k               	true 	17.4kB    	50 minutes ago
0wa0imuascs7bg2yqb384bs72*              	true 	340kB     	51 minutes ago
jfz2gmyrbcg4qsyn8nrcj6fjd               	true 	24.86kB   	50 minutes ago
veh6k166hgdkgcqc8im6dtt2n               	true 	24.85kB   	50 minutes ago
2ohogfptoqx32zpkd3tvv41bq               	true 	29.5kB    	50 minutes ago
1wkbkao181bl6hulb4byfc8r0               	true 	60.43kB   	50 minutes ago
sbjf2ur90ypgxz7s2lpkni97g               	true 	29.5kB    	50 minutes ago
onv1xkzeeit0qliwcm8rra5gg               	true 	8.271kB   	50 minutes ago
j29c2t8zj3dlih6z9efg5707v               	true 	23.67MB   	50 minutes ago
jrbny3892i14x5c49j6icux5p               	true 	162.2kB   	50 minutes ago
988prvery9pwju61oi0r9s8r4               	true 	36.9kB    	50 minutes ago
pisut8lq42vyk4hq2drmys87d               	true 	30.01kB   	50 minutes ago
vqprlco86e83nso7aa4hre4lg               	true 	3.712MB   	50 minutes ago
50r2dhs0hwxjihdxrdsd98gy0               	true 	26MB      	50 minutes ago
mjqx2wovk45dv92tzway9o16t               	true 	238.2MB   	50 minutes ago
qfa0gs5bb110sj0u8cnaqyi4l               	true 	1.636GB   	50 minutes ago
0ado0ey5q4j4g7jh9ey7ail5a               	true 	9.916MB   	50 minutes ago
dazrztzmen4w2qyk4xz61b9c5               	true 	13.65MB   	50 minutes ago
nssnc5yig4p1gyay41hzsta70               	true 	340.6kB   	50 minutes ago
yjl5fb2uilfdv0ozdenzi7zet               	true 	222.7kB   	50 minutes ago
xfbk07qqwwvf49h8udxokay1n               	true 	12.08MB   	50 minutes ago
yk5nq449jjakfb5iq34qliouh               	true 	111.7kB   	50 minutes ago
i3jxz1e244emr9suaa6hayt0l               	true 	25.17kB   	50 minutes ago
ermfddza93vflykkwgx6xwoq7               	true 	626.6MB   	50 minutes ago
6hkhxttrgnh0putdvs76jbe4x               	true 	540.6kB   	50 minutes ago
stv7ndyzb5xxwiugyqo9dhiu6               	true 	33.08kB   	50 minutes ago
uu9wnvcgfh2wbwiz8u4neqlcn               	true 	33.06kB   	50 minutes ago
j5mhgojgf35beh4qay0olgsbu               	true 	28.97kB   	50 minutes ago
2cfgryvztj2aujozuc5so9hiy               	true 	105.8kB   	50 minutes ago
gln5wm0m6x5k5fsn7plgyt2wl               	true 	13.59MB   	50 minutes ago
x5mmxce0xpeplcgw7ogys9iv0               	true 	210.8MB   	50 minutes ago
x6tpczl1quc8zd6xa9p6ell1l               	true 	6.368MB   	50 minutes ago
iz8d5wngymk6mpzdwt1dlh1ec               	true 	17.3MB    	50 minutes ago
q88aacb17jgouetz373ewsnhq               	true 	79.6MB    	50 minutes ago
blmypjo5scmboeowfhz938bn6               	true 	86.05kB   	50 minutes ago
8nuahm784slepc3mqww3lputx               	true 	86.05kB   	50 minutes ago
js7b7bfwfgxm23cawf7fbxssv               	true 	1.037MB   	50 minutes ago
rlc6foh2au43j0nmugvzdk6e4               	true 	590.8kB   	50 minutes ago
x0f69b3y2mfxcdrfqsn5bpz3f               	true 	12.32kB   	50 minutes ago
jmgs0h7tb5yez912iexzfybzh               	true 	2.122MB   	50 minutes ago
053v0q6zorj1pop733aiktqee               	true 	306.7kB   	50 minutes ago
1tc77ht7y71d6gblys4mi161q               	true 	12.32kB   	50 minutes ago
3mz1mgt22qpgr3e9z3l5wotb2               	true 	8.398MB   	50 minutes ago
iwe9079mo87pzynud3is2zrf0               	true 	53.49kB   	50 minutes ago
mz8nwwddovri3hza90l9ya1m4               	true 	7.289MB   	50 minutes ago
0c1zp0faytjnhuzla58aol4fl               	true 	1.534MB   	50 minutes ago
ol2bjbdi51jtq6x4fkggwhphk               	true 	4.498MB   	50 minutes ago
vkepvimz0qamh7dqx2p9rqxcs               	true 	12.32kB   	50 minutes ago
skel2j4nyge1wdtkog27s87gj               	true 	4.903MB   	50 minutes ago
mxtzq0d0pmf044392b5mx399m               	true 	942.1kB   	50 minutes ago
cbme0ago3jknt3dswzauugwo4               	true 	283.1kB   	50 minutes ago
mzxz73hj0gccgozkxzu9xizcs               	true 	75.08MB   	50 minutes ago
hiu9kyl05ld0aufbmzs465ou8               	true 	4.124MB   	50 minutes ago
tcob855n0vppxjpj8uhsfj3l5               	true 	815.2kB   	50 minutes ago
3yfxtq1meudnv90owaxwtozcn               	true 	395.6MB   	50 minutes ago
jsuua10hba6opbfvxixzd97fa               	true 	392.5MB   	50 minutes ago
xopkqg7u16fozdlzh4dtynjit               	true 	147.8MB   	50 minutes ago
zbfeyica8h0p02vcawij0j0vx               	true 	33.28kB   	50 minutes ago
icbatwr14adr2101la6f68age               	true 	33.28kB   	50 minutes ago
mnrosz0m46lwzwwit93ww8ml6               	true 	29.17kB   	50 minutes ago
ltj1njzf23fug6c5wkhtqehsy               	true 	59.58MB   	50 minutes ago
r8m6mhw0bahsuly1tl5lwqhw3               	true 	446.8MB   	50 minutes ago
mqc6dxwxva2jwugm5ambgl80p               	true 	9.373GB   	50 minutes ago
blei7m4ivnr0m2yh92d2vkz1r               	true 	12.46kB   	50 minutes ago
kujuja3icc4ny2fwdwbds5pqh               	true 	101.2MB   	50 minutes ago
0b6ld5093jb6e61ac0l51p13x               	true 	646.7kB   	50 minutes ago
x22inch9hyogmysgn4v7ah2h6               	true 	413.7kB   	50 minutes ago
vkg34e0zgwtnlhhu1npaeoql7               	true 	20.65kB   	50 minutes ago
tidmzp24d47vskclyngabib7l               	true 	389.1kB   	50 minutes ago
36walp5so03l9wjcogl8kx0fq               	true 	20.83kB   	50 minutes ago
qtes6rk6jjvcvagenkpkqpjfz               	true 	29.04kB   	50 minutes ago
sruej3yyz1r39e88hjppvbj3v               	true 	29kB      	50 minutes ago
Total:	13.95GB
