Untagged: sonic-slave-trixie-qiuying.xzc:0e69d80ab15
Deleted: sha256:790467fc78df640059e46b58269cc3618522c07b955287b34a1a4307fcb3eb16
Untagged: sonic-slave-trixie:ca17477b760
Deleted: sha256:1e89df5156add574dc1ec77974ba95ebfc6dae3ebfe16cffe9a701f575e415bf
ID						RECLAIMABLE	SIZE		LAST ACCESSED
lmcyh6m1y7pcvcnyexbvmj0ox*              	true 		4.096kB   	31 minutes ago
1erd2e6uge0zvqpbs4g4ln9x7               	true 	17.4kB    	31 minutes ago
lnohbvdavh6a4yr7fiqo34zt7*              	true 	8.192kB   	31 minutes ago
z57nlkjmek6aywdof345rxp5z*              	true 	340kB     	32 minutes ago
r8dkwxq43ks6do2zpfl289toc*              	true 	8.192kB   	31 minutes ago
rzplt9oetj9iksvchs1ozcwan               	true 	24.86kB   	31 minutes ago
zbxf7hxywmi5ykb43ko9xytck               	true 	24.84kB   	31 minutes ago
o243b8ywszafvv2p7e4nsxvmp               	true 	29.5kB    	31 minutes ago
xex3gn4inys3sxmlls6t2louh               	true 	60.43kB   	31 minutes ago
gekpyoxd5w9e2h71pclhqkend               	true 	29.5kB    	31 minutes ago
mso4zcb9ugk0elfln82emqu7g               	true 	8.271kB   	31 minutes ago
qag0vw9uuqt69cfgr20lk1sn8               	true 	23.67MB   	31 minutes ago
1kd5hcpd91ta7sr97ugn5sip9               	true 	162.1kB   	31 minutes ago
ztekrdq1nzuj58e6yiv3g1aou               	true 	36.9kB    	31 minutes ago
lfef8sudo8v1ojk3oegrbil29               	true 	30.01kB   	31 minutes ago
sejytf28i56vhdc225g802j16               	true 	3.712MB   	31 minutes ago
t2byvc74mytnrp69e2kisiqip               	true 	26MB      	31 minutes ago
yxj6wz6ln77xtptqncebwm8sg               	true 	238.2MB   	31 minutes ago
l05nh5ev1n6fn2tadfuu3qqob               	true 	1.636GB   	31 minutes ago
yb65ewwyo4uiyctjp5v0y05j1               	true 	9.916MB   	31 minutes ago
kpmcpng1woei3jze37pmxpeml               	true 	13.65MB   	31 minutes ago
yj4wzpud6zliejd37yb0qgi9h               	true 	328.2kB   	31 minutes ago
fbze7lvr99qkswp83rap8zbum               	true 	222.7kB   	31 minutes ago
1m6yqf95xu503009n8ta86ukx               	true 	12.08MB   	31 minutes ago
tfkgqkt78azaf7g8qeuk6e1r6               	true 	111.7kB   	31 minutes ago
izcy238fu1ostxngbe1x2uzmk               	true 	25.17kB   	31 minutes ago
acud4a8dkpwe0f7v5meyhwv7e               	true 	626.6MB   	31 minutes ago
m3mtpirvclanez8pavff25cl9               	true 	540.3kB   	31 minutes ago
j8skr7va4xi6b7sn9p8wd7u91               	true 	33.08kB   	31 minutes ago
k3qape70aoju7ps2579ztfw4u               	true 	33.07kB   	31 minutes ago
nc32er1j0nbinz04uxvmjrdsw               	true 	28.97kB   	31 minutes ago
paccehewqgqoegkcsgggj5v67               	true 	105.8kB   	31 minutes ago
ioo6aiomet29c88kajniixic3               	true 	13.59MB   	31 minutes ago
sa8vgihba96eupxtn2q2a1m78               	true 	210.8MB   	31 minutes ago
iat2i5infw44h7gtr98efxgyn               	true 	6.368MB   	31 minutes ago
mm7gxg14jj8exrdihj6u5l0z5               	true 	17.3MB    	31 minutes ago
iipar6h2pdyeds9a3lsk4rse7               	true 	79.61MB   	31 minutes ago
4566a1111wdi4ys6845wurdvr               	true 	86.05kB   	31 minutes ago
po3iquaubmrctcpq3nzxq4iy5               	true 	86.05kB   	31 minutes ago
pa6pdx14gi9x63eqiu59v7vbf               	true 	1.037MB   	31 minutes ago
hi2wd8c5ctudn5hwv1shmxv7o               	true 	590.8kB   	31 minutes ago
x29om5ebilzkh55hzuzh9kf8o               	true 	12.32kB   	31 minutes ago
96y0p227c1r6n1otb4ctdp7jw               	true 	2.122MB   	31 minutes ago
vmu9c8obwfdtr5rxe4hpw4tmw               	true 	306.7kB   	31 minutes ago
mthx3haxq59dy3pzkr1ufu4v4               	true 	12.32kB   	31 minutes ago
68ctukmvm19m291liep6wnhhc               	true 	8.398MB   	31 minutes ago
bflzmy151g8azs5kqbgjg8kdt               	true 	53.49kB   	31 minutes ago
tw3fq2x3j6il7rgm3rtmmg3tw               	true 	7.289MB   	31 minutes ago
18eolpmx743uvnrpqcykylg74               	true 	1.534MB   	31 minutes ago
t0asc22wigwmhxcoejwrev4sh               	true 	4.498MB   	31 minutes ago
m8ln0o0ag7jlz7a3pjua1ep4n               	true 	12.32kB   	31 minutes ago
kz6e9zvlnqxupy59oqmtlnvn3               	true 	4.903MB   	31 minutes ago
npozg7qvz0rsz8h7qjzkl79o7               	true 	942.2kB   	31 minutes ago
hzpztgoy4th1llu3e5ka1m44c               	true 	283.1kB   	31 minutes ago
2iylba1u5nzfu96opcp0t4i0h               	true 	75.08MB   	31 minutes ago
h1qjpgu7agm26x04okrf0gid9               	true 	4.124MB   	31 minutes ago
tq4ywo2jp2evc70yw0y5d992j               	true 	815.2kB   	31 minutes ago
sw4mom80jat6s71hoh4qsml1r               	true 	395.6MB   	31 minutes ago
zfyu2p9xap2mkfzyakrwm3kml               	true 	392.5MB   	31 minutes ago
jy402hmsvb16l22xduwgrcjue               	true 	147.8MB   	31 minutes ago
0ayu2s471fj5ivifw6mdae285               	true 	33.28kB   	31 minutes ago
j11lcsdacgapxgab0ij01n7b7               	true 	33.27kB   	31 minutes ago
zlmxv8nzfaw0wask21feprcb6               	true 	29.17kB   	31 minutes ago
dyxqokqgei44eqqufdap8o8i4               	true 	59.58MB   	31 minutes ago
lesxrouw8mf6db9mpvz4xaape               	true 	446.8MB   	31 minutes ago
fvqqza4yluqoy6uad204frodo               	true 	9.373GB   	31 minutes ago
zfjlww9kaizbxl60esugrq89h               	true 	12.46kB   	31 minutes ago
jq16znck8ew34kyrzbncjzjqv               	true 	101.2MB   	31 minutes ago
las3a129fb29knzmf14ruys45               	true 	646.7kB   	31 minutes ago
29qyhkvsnbn9c0xlh75nwqq7m               	true 	413.8kB   	31 minutes ago
99id549f11nrmtvnwa0jzz40v               	true 	20.65kB   	31 minutes ago
xxfwl6oigbrc0kl2qg1vzjy0f               	true 	389.1kB   	31 minutes ago
t5dd19tb2gy55dg64l3v1yo7d               	true 	20.83kB   	31 minutes ago
345j9ogh88l7aqm8ch1hggc3v               	true 	29.04kB   	31 minutes ago
w3lqkp42gevz8p0ax52ceqk5u               	true 	29kB      	31 minutes ago
Total:	13.95GB
