ID						RECLAIMABLE	SIZE		LAST ACCESSED
ibvf60ojd966io3x7z6bshkuf               	true 		17.4kB    	35 minutes ago
w7c2x81oiies8j507um79epup*              	true 	8.192kB   	35 minutes ago
h7pae2sa25pelaa05m41fr48p*              	true 	4.096kB   	35 minutes ago
jzti0kwf86qjvbljtnnq0lszb*              	true 	8.192kB   	35 minutes ago
8av4sn3loqu663ngz504gq21t*              	true 	340kB     	35 minutes ago
pjruo84d3coeuuedesvfor6gu               	true 	24.86kB   	35 minutes ago
5k5gqqe9heaewvhwoh2nkbjcj               	true 	24.84kB   	35 minutes ago
cscq02ds7dal4egnq6c2yun9n               	true 	29.49kB   	35 minutes ago
r1c8s7hdqti4www50tki5adzz               	true 	60.43kB   	35 minutes ago
yvkxo1uunkzmw88hpp6jvr12x               	true 	29.5kB    	35 minutes ago
oxxh0z0mecnouhe22ah6r1cxk               	true 	8.271kB   	35 minutes ago
e0s3qluhtn4g2459rsx19se1k               	true 	23.67MB   	35 minutes ago
n8elk5oh82xoljv17ujl86m7a               	true 	162.2kB   	35 minutes ago
0fyblcehctukzkwnn5rnx2643               	true 	36.9kB    	35 minutes ago
i0ck0jab42dr472ytr8e67mp9               	true 	30.01kB   	35 minutes ago
q93s58fib1h1vrmtwglcmzily               	true 	3.712MB   	35 minutes ago
u71jhjxqx15n2mzxw6y2yfkn9               	true 	26MB      	35 minutes ago
mew9ggwqrpg02x5l6w2oowqe4               	true 	238.2MB   	35 minutes ago
vbfvagh39xyn1ndm2e4o4iikn               	true 	1.636GB   	35 minutes ago
tzr099616xtfostcb3w39jee2               	true 	9.916MB   	35 minutes ago
g6gvukxuw2fdgkk0v8u8ok4vt               	true 	13.65MB   	35 minutes ago
mlovn0giwqwlvj5vpqmxxix14               	true 	340.6kB   	35 minutes ago
mqqgf5cj4zpxhi55dmdwkn7ft               	true 	222.7kB   	35 minutes ago
wnweh3awarc8lqa63lssj1x3i               	true 	12.08MB   	35 minutes ago
nsrl7bojywptocsjmspmpingl               	true 	111.7kB   	35 minutes ago
ucj8kqomvrqwz5hfowyv1mwbl               	true 	25.17kB   	35 minutes ago
nnhndqopxsz1n0d5ydl8d0wg3               	true 	626.6MB   	35 minutes ago
1equocxdz1cdasq2koj6s2ppy               	true 	540.3kB   	35 minutes ago
yacvk7npj2m43p8yn2tpbepde               	true 	33.09kB   	35 minutes ago
ij8538kontwozq60lrcwik2n9               	true 	33.07kB   	35 minutes ago
n0i0albavngrkp9t3ur5zn4nz               	true 	28.97kB   	35 minutes ago
qeejtw0phs0nxft4ktz59r8so               	true 	105.8kB   	35 minutes ago
7nw05wj2uah3ks7bge8lyicd2               	true 	13.59MB   	35 minutes ago
j0t35k3gct4utfvr5aw7lf0dn               	true 	210.8MB   	35 minutes ago
hlt1eex3mc399lurft2xlbb15               	true 	6.368MB   	35 minutes ago
h27x7v74hq6k2kbustaj23gdg               	true 	17.3MB    	35 minutes ago
xo6vfl5xphm3zwhap6i3k5oqq               	true 	79.61MB   	35 minutes ago
vzau3hfrl01ekng8uckkzgv94               	true 	86.05kB   	35 minutes ago
osjgteg7qyaqwbep7m19yk6wr               	true 	86.05kB   	35 minutes ago
nodtb7wle0lsq6kjr3eviuj0e               	true 	1.037MB   	35 minutes ago
5z0t2omyb5dqaqmjvqva2t86z               	true 	590.8kB   	35 minutes ago
qo9sy3f3gyfef38ytizw0ohyg               	true 	12.32kB   	35 minutes ago
ppksvzdi6a7upm6jftl5j2dy8               	true 	2.122MB   	35 minutes ago
ew5537z87k3cjwyv8sqo4b8pg               	true 	306.8kB   	35 minutes ago
bccx11j4darezhvvukfx7jwmf               	true 	12.32kB   	35 minutes ago
kle0udlgex4332v5odn6miqab               	true 	8.398MB   	35 minutes ago
pw16ugr9c73609q79st0pyo1q               	true 	53.49kB   	35 minutes ago
8l74dbirh005i26l5s16bhznw               	true 	7.289MB   	35 minutes ago
wpeyeeleld203pen6i75imdo0               	true 	1.534MB   	35 minutes ago
rsb3la63mmda9tgkpr01vp900               	true 	4.498MB   	35 minutes ago
nsnpmlrhavye2vy0owlab9jr4               	true 	12.32kB   	35 minutes ago
1e0zdvd6ojezxs8xlk1mdy2w5               	true 	4.903MB   	35 minutes ago
1lciuxq2196fmi60fjbny24kg               	true 	942.1kB   	35 minutes ago
jd3jzsr0kzl8a93f85xlpc62o               	true 	283.1kB   	35 minutes ago
nahjgbo81nwh6lhso240xib6i               	true 	75.08MB   	35 minutes ago
nm6llvqryexo8spb70iuv0orr               	true 	4.124MB   	35 minutes ago
3trqw030q7d4ppsrg9r8c5nl7               	true 	815.2kB   	35 minutes ago
xoxhtf5u0e40azehevchop36f               	true 	395.6MB   	35 minutes ago
3e2ixencfxg759at60y3sgqgu               	true 	392.5MB   	35 minutes ago
jwuc6wjrzmbpw3yorkl76g967               	true 	147.8MB   	35 minutes ago
k1qp6eus03nw3stw72l3xelcz               	true 	33.28kB   	35 minutes ago
ntk5rkalohe23gzqczwa1hpnu               	true 	33.27kB   	35 minutes ago
ke55zobdovgnskdempprgulzx               	true 	29.17kB   	35 minutes ago
xb3mmkhv26ttoz0pls394o8s8               	true 	59.58MB   	35 minutes ago
tq5ulh2e2z4olnazefxfkbiiz               	true 	446.8MB   	35 minutes ago
kfwu6zfya7m2chao25ud8xriw               	true 	9.373GB   	35 minutes ago
hhbw1jmldju40nuqcmc1xs9ey               	true 	12.46kB   	35 minutes ago
cl8l43g9b3tnibvoigki0rcy7               	true 	101.2MB   	35 minutes ago
2u8nnxvg1ltaky9iz1v72z34j               	true 	646.7kB   	35 minutes ago
w5jhmo4b4anmkuks2dcgli4ro               	true 	413.7kB   	35 minutes ago
wee1cfk67h8cmg2la1pd5gwm7               	true 	20.64kB   	35 minutes ago
4qa6wykzwjhrdal0mcobcd23r               	true 	389.1kB   	35 minutes ago
4r74yjqj93tj6o77ntspf5t0j               	true 	20.83kB   	35 minutes ago
ydxzhy1njtqffw3r5qkjfwwfb               	true 	29.04kB   	35 minutes ago
qv0m481ehauu06p05f4bvowwk               	true 	29kB      	35 minutes ago
Total:	13.95GB
