Removing .arch
Removing .platform
Removing .pytest_cache/
Removing device/virtual/x86_64-kvm_x86_64-r0/platform_asic
Removing docs/
Removing dpkg/
Removing platform/pddf/platform-api-pddf-base/build/
Removing platform/pddf/platform-api-pddf-base/dist/
Removing platform/pddf/platform-api-pddf-base/sonic_platform_pddf_common.egg-info/
Removing platform/vs/docker-dash-engine/Dockerfile
Removing platform/vs/docker-dash-engine/Dockerfile.cleanup
Removing platform/vs/docker-dash-engine/buildinfo/
Removing platform/vs/docker-dash-engine/debs/
Removing platform/vs/docker-dash-engine/files/
Removing platform/vs/docker-dash-engine/manifest.json
Removing platform/vs/docker-dash-engine/python-debs/
Removing platform/vs/docker-dash-engine/python-wheels/
Removing platform/vs/docker-dash-engine/vcache/
Removing platform/vs/sonic-platform-modules-vs/build/
Removing platform/vs/sonic-platform-modules-vs/sonic_platform.egg-info/
Removing platform/vs/sonic-platform-vs_1.0_amd64.buildinfo
Removing platform/vs/sonic-platform-vs_1.0_amd64.changes
Removing scripts/j2cli/__pycache__/
Removing sonic-slave-bookworm/Dockerfile
Removing sonic-slave-bookworm/Dockerfile.user
Removing sonic-slave-bookworm/apt-retries-count
Removing sonic-slave-bookworm/buildinfo/
Removing sonic-slave-bookworm/files/
Removing sonic-slave-bookworm/sources.list.amd64
Removing sonic-slave-bookworm/vcache/
Removing sonic-slave-jessie/Dockerfile
Removing sonic-slave-jessie/Dockerfile.user
Removing sonic-slave-jessie/apt-retries-count
Removing sonic-slave-jessie/buildinfo/
Removing sonic-slave-jessie/files/
Removing sonic-slave-jessie/sources.list.amd64
Removing sonic-slave-jessie/vcache/
Removing sonic-slave-trixie/Dockerfile
Removing sonic-slave-trixie/Dockerfile.cleanup
Removing sonic-slave-trixie/Dockerfile.user
Removing sonic-slave-trixie/apt-retries-count
Removing sonic-slave-trixie/buildinfo/
Removing sonic-slave-trixie/files/
Removing sonic-slave-trixie/sonic-slave-trixie-qiuying.xzc_0e69d80ab15.log
Removing sonic-slave-trixie/sonic-slave-trixie_ca17477b760.log
Removing sonic-slave-trixie/sources.list.amd64
Removing sonic-slave-trixie/vcache/
Removing src/bash/.pc/
Removing src/bash/bash-5.2.37/
Removing src/bash/bash-builtins-dbgsym_5.2.37-2_amd64.deb
Removing src/bash/bash-builtins_5.2.37-2_amd64.deb
Removing src/bash/bash-doc_5.2.37-2_all.deb
Removing src/bash/bash-static-dbgsym_5.2.37-2_amd64.deb
Removing src/bash/bash-static_5.2.37-2_amd64.deb
Removing src/bash/bash_5.2.37-2.debian.tar.xz
Removing src/bash/bash_5.2.37-2.dsc
Removing src/bash/bash_5.2.37-2_amd64.buildinfo
Removing src/bash/bash_5.2.37-2_amd64.changes
Removing src/bash/bash_5.2.37.orig.tar.xz
Removing src/grub2/grub-common-dbgsym_2.06-13+deb13u1_amd64.deb
Removing src/grub2/grub-coreboot-bin_2.06-13+deb13u1_amd64.deb
Removing src/grub2/grub-coreboot-dbg_2.06-13+deb13u1_amd64.deb
Removing src/grub2/grub-coreboot_2.06-13+deb13u1_amd64.deb
Removing src/grub2/grub-efi-amd64-dbg_2.06-13+deb13u1_amd64.deb
Removing src/grub2/grub-efi-amd64-signed-template_2.06-13+deb13u1_amd64.deb
Removing src/grub2/grub-efi-ia32-bin_2.06-13+deb13u1_amd64.deb
Removing src/grub2/grub-efi-ia32-dbg_2.06-13+deb13u1_amd64.deb
Removing src/grub2/grub-efi-ia32_2.06-13+deb13u1_amd64.deb
Removing src/grub2/grub-emu-dbg_2.06-13+deb13u1_amd64.deb
Removing src/grub2/grub-emu-dbgsym_2.06-13+deb13u1_amd64.deb
Removing src/grub2/grub-emu_2.06-13+deb13u1_amd64.deb
Removing src/grub2/grub-ieee1275-bin_2.06-13+deb13u1_amd64.deb
Removing src/grub2/grub-ieee1275-dbg_2.06-13+deb13u1_amd64.deb
Removing src/grub2/grub-ieee1275_2.06-13+deb13u1_amd64.deb
Removing src/grub2/grub-linuxbios_2.06-13+deb13u1_amd64.deb
Removing src/grub2/grub-mount-udeb_2.06-13+deb13u1_amd64.udeb
Removing src/grub2/grub-pc-bin-dbgsym_2.06-13+deb13u1_amd64.deb
Removing src/grub2/grub-pc-dbg_2.06-13+deb13u1_amd64.deb
Removing src/grub2/grub-pc_2.06-13+deb13u1_amd64.deb
Removing src/grub2/grub-rescue-pc_2.06-13+deb13u1_amd64.deb
Removing src/grub2/grub-theme-starfield_2.06-13+deb13u1_amd64.deb
Removing src/grub2/grub-xen-bin_2.06-13+deb13u1_amd64.deb
Removing src/grub2/grub-xen-dbg_2.06-13+deb13u1_amd64.deb
Removing src/grub2/grub-xen-host_2.06-13+deb13u1_amd64.deb
Removing src/grub2/grub-xen_2.06-13+deb13u1_amd64.deb
Removing src/grub2/grub2-common-dbgsym_2.06-13+deb13u1_amd64.deb
Removing src/grub2/grub2_2.06-13+deb13u1_amd64.buildinfo
Removing src/grub2/grub2_2.06-13+deb13u1_amd64.changes
Removing src/grub2/grub2_2.06-13+deb13u1_amd64.deb
Removing src/ifupdown2/3.0.0-1.tar.gz
Removing src/ifupdown2/ifupdown2_3.0.0-1_amd64.buildinfo
Removing src/ifupdown2/ifupdown2_3.0.0-1_amd64.changes
Removing src/initramfs-tools/initramfs-tools/
Removing src/initramfs-tools/initramfs-tools_0.142_amd64.buildinfo
Removing src/initramfs-tools/initramfs-tools_0.142_amd64.changes
Removing src/iproute2/iproute2_6.15.0-1+sonic.0_amd64.buildinfo
Removing src/iproute2/iproute2_6.15.0-1+sonic.0_amd64.changes
Removing src/iproute2/iproute2_6.15.0-1.debian.tar.xz
Removing src/iproute2/iproute2_6.15.0-1.dsc
Removing src/iproute2/iproute2_6.15.0.orig.tar.xz
Removing src/isc-dhcp/isc-dhcp-client-dbgsym_4.4.3-P1-2_amd64.deb
Removing src/isc-dhcp/isc-dhcp-client-ddns-dbgsym_4.4.3-P1-2_amd64.deb
Removing src/isc-dhcp/isc-dhcp-client-ddns_4.4.3-P1-2_amd64.deb
Removing src/isc-dhcp/isc-dhcp-client-udeb_4.4.3-P1-2_amd64.udeb
Removing src/isc-dhcp/isc-dhcp-client_4.4.3-P1-2_amd64.deb
Removing src/isc-dhcp/isc-dhcp-common_4.4.3-P1-2_amd64.deb
Removing src/isc-dhcp/isc-dhcp-dev_4.4.3-P1-2_amd64.deb
Removing src/isc-dhcp/isc-dhcp-server-dbgsym_4.4.3-P1-2_amd64.deb
Removing src/isc-dhcp/isc-dhcp-server-ldap-dbgsym_4.4.3-P1-2_amd64.deb
Removing src/isc-dhcp/isc-dhcp-server-ldap_4.4.3-P1-2_amd64.deb
Removing src/isc-dhcp/isc-dhcp-server_4.4.3-P1-2_amd64.deb
Removing src/isc-dhcp/isc-dhcp_4.4.3-P1-2.debian.tar.xz
Removing src/isc-dhcp/isc-dhcp_4.4.3-P1-2.dsc
Removing src/isc-dhcp/isc-dhcp_4.4.3-P1-2_amd64.buildinfo
Removing src/isc-dhcp/isc-dhcp_4.4.3-P1-2_amd64.changes
Removing src/isc-dhcp/isc-dhcp_4.4.3-P1.orig.tar.gz
Removing src/isc-dhcp/isc-dhcp_4.4.3-P1.orig.tar.gz.asc
Removing src/kdump-tools/kdump-tools_1.10.7.dsc
Removing src/kdump-tools/kdump-tools_1.10.7.tar.xz
Removing src/kdump-tools/kdump-tools_1.10.7_amd64.buildinfo
Removing src/kdump-tools/kdump-tools_1.10.7_amd64.changes
Removing src/libnl3/libnl-idiag-3-200-dbgsym_3.7.0-0.2+b1sonic1_amd64.deb
Removing src/libnl3/libnl-idiag-3-200_3.7.0-0.2+b1sonic1_amd64.deb
Removing src/libnl3/libnl-idiag-3-dev_3.7.0-0.2+b1sonic1_amd64.deb
Removing src/libnl3/libnl-utils-dbgsym_3.7.0-0.2+b1sonic1_amd64.deb
Removing src/libnl3/libnl-utils_3.7.0-0.2+b1sonic1_amd64.deb
Removing src/libnl3/libnl-xfrm-3-200-dbgsym_3.7.0-0.2+b1sonic1_amd64.deb
Removing src/libnl3/libnl-xfrm-3-200_3.7.0-0.2+b1sonic1_amd64.deb
Removing src/libnl3/libnl-xfrm-3-dev_3.7.0-0.2+b1sonic1_amd64.deb
Removing src/libnl3/libnl3_3.7.0-0.2+b1sonic1_amd64.buildinfo
Removing src/libnl3/libnl3_3.7.0-0.2+b1sonic1_amd64.changes
Removing src/libnl3/libnl3_3.7.0-0.2.debian.tar.xz
Removing src/libnl3/libnl3_3.7.0-0.2.dsc
Removing src/libnl3/libnl3_3.7.0.orig.tar.gz
Removing src/libnl3/libnl3_3.7.0.orig.tar.gz.asc
Removing src/libraries/libnexthopgroup-dbgsym_1.0.0_amd64.deb
Removing src/libraries/sonic-fib/Makefile.in
Removing src/libraries/sonic-fib/aclocal.m4
Removing src/libraries/sonic-fib/config.h.in
Removing src/libraries/sonic-fib/config/
Removing src/libraries/sonic-fib/configure
Removing src/libraries/sonic-fib/m4/libtool.m4
Removing src/libraries/sonic-fib/m4/ltoptions.m4
Removing src/libraries/sonic-fib/m4/ltsugar.m4
Removing src/libraries/sonic-fib/m4/ltversion.m4
Removing src/libraries/sonic-fib/m4/lt~obsolete.m4
Removing src/libraries/sonic-fib/src/.deps/
Removing src/libraries/sonic-fib/src/c-api/.deps/
Removing src/libraries/sonic-fib/tests/.deps/
Removing src/libraries/sonic-fib_1.0.0_amd64.buildinfo
Removing src/libraries/sonic-fib_1.0.0_amd64.changes
Removing src/libyang3-py3/libyang-python_3.1.0-1_amd64.buildinfo
Removing src/libyang3-py3/libyang-python_3.1.0-1_amd64.changes
Removing src/libyang3-py3/python3-libyang-dbgsym_3.1.0-1_amd64.deb
Removing src/libyang3/libyang-3.12.2/
Removing src/libyang3/libyang_3.12.2-1.debian.tar.xz
Removing src/libyang3/libyang_3.12.2-1.dsc
Removing src/libyang3/libyang_3.12.2-1_amd64.buildinfo
Removing src/libyang3/libyang_3.12.2-1_amd64.changes
Removing src/libyang3/libyang_3.12.2.orig.tar.xz
Removing src/lldpd/lldpd_1.0.16-1+deb12u1.debian.tar.xz
Removing src/lldpd/lldpd_1.0.16-1+deb12u1.dsc
Removing src/lldpd/lldpd_1.0.16-1+deb12u1_amd64.buildinfo
Removing src/lldpd/lldpd_1.0.16-1+deb12u1_amd64.changes
Removing src/lldpd/lldpd_1.0.16.orig.tar.gz
Removing src/lldpd/lldpd_1.0.16.orig.tar.gz.asc
Removing src/lm-sensors/libsensors-config_3.6.0-7.1_all.deb
Removing src/lm-sensors/libsensors-dev_3.6.0-7.1_amd64.deb
Removing src/lm-sensors/libsensors4-dev_3.6.0-7.1_amd64.deb
Removing src/lm-sensors/lm-sensors_3.6.0-7.1.debian.tar.xz
Removing src/lm-sensors/lm-sensors_3.6.0-7.1.dsc
Removing src/lm-sensors/lm-sensors_3.6.0-7.1_amd64.buildinfo
Removing src/lm-sensors/lm-sensors_3.6.0-7.1_amd64.changes
Removing src/lm-sensors/lm-sensors_3.6.0.orig.tar.gz
Removing src/makedumpfile/makedumpfile-dbgsym_1.7.7-1_amd64.deb
Removing src/makedumpfile/makedumpfile_1.7.7-1.debian.tar.xz
Removing src/makedumpfile/makedumpfile_1.7.7-1.dsc
Removing src/makedumpfile/makedumpfile_1.7.7-1_amd64.buildinfo
Removing src/makedumpfile/makedumpfile_1.7.7-1_amd64.changes
Removing src/makedumpfile/makedumpfile_1.7.7.orig.tar.gz
Removing src/monit/monit_5.34.3-1_amd64.buildinfo
Removing src/monit/monit_5.34.3-1_amd64.changes
Removing src/p4lang/p4lang-pi-0.1.1/
Removing src/p4lang/p4lang-pi-dbgsym_0.1.1-1_amd64.deb
Removing src/p4lang/p4lang-pi_0.1.1-1.debian.tar.xz
Removing src/p4lang/p4lang-pi_0.1.1-1.dsc
Removing src/p4lang/p4lang-pi_0.1.1-1_amd64.buildinfo
Removing src/p4lang/p4lang-pi_0.1.1-1_amd64.changes
Removing src/p4lang/p4lang-pi_0.1.1.orig.tar.gz
Removing src/radius/nss/libnss-radius/cache_radius
Removing src/radius/nss/libnss-radius/debian/
Removing src/radius/nss/libnss-radius/libnss_radius.so.2
Removing src/radius/nss/libnss-radius/patches/
Removing src/radius/nss/libnss-radius/test_cache_radius
Removing src/radius/nss/libnss-radius/test_nss_radius
Removing src/radius/nss/libnss-radius_1.0.1-1_amd64.buildinfo
Removing src/radius/nss/libnss-radius_1.0.1-1_amd64.changes
Removing src/radius/pam/libpam-radius-auth_1.4.1-1_amd64.buildinfo
Removing src/radius/pam/libpam-radius-auth_1.4.1-1_amd64.changes
Removing src/rasdaemon/rasdaemon_0.6.8-1_amd64.buildinfo
Removing src/rasdaemon/rasdaemon_0.6.8-1_amd64.changes
Removing src/sflow/hsflowd/hsflowd_2.0.51-26_amd64.buildinfo
Removing src/sflow/hsflowd/hsflowd_2.0.51-26_amd64.changes
Removing src/sflow/psample/psample_1.1-1_amd64.buildinfo
Removing src/sflow/psample/psample_1.1-1_amd64.changes
Removing src/sflow/sflowtool/sflowtool_5.04_amd64.buildinfo
Removing src/sflow/sflowtool/sflowtool_5.04_amd64.changes
Removing src/socat/socat-1.7.4.1/
Removing src/socat/socat_1.7.4.1-3.debian.tar.xz
Removing src/socat/socat_1.7.4.1-3.dsc
Removing src/socat/socat_1.7.4.1-3_amd64.buildinfo
Removing src/socat/socat_1.7.4.1-3_amd64.changes
Removing src/socat/socat_1.7.4.1.orig.tar.gz
Removing src/sonic-build-hooks/buildinfo/
Removing src/sonic-build-hooks/tmp/
Removing src/sonic-device-data/sonic-device-data_1.0-1_amd64.buildinfo
Removing src/sonic-device-data/sonic-device-data_1.0-1_amd64.changes
Removing src/sonic-device-data/src/debian/.debhelper/
Removing src/sonic-device-data/src/debian/files
Removing src/sonic-device-data/src/debian/sonic-device-data.debhelper.log
Removing src/sonic-device-data/src/debian/sonic-device-data.substvars
Removing src/sonic-device-data/src/debian/sonic-device-data/
Removing src/sonic-device-data/src/device/
Removing src/sonic-nettools_0.0.1-0_amd64.buildinfo
Removing src/sonic-nettools_0.0.1-0_amd64.changes
Removing src/sonic_1.0.0_amd64.buildinfo
Removing src/sonic_1.0.0_amd64.changes
Removing src/systemd-sonic-generator_1.0.0_amd64.buildinfo
Removing src/systemd-sonic-generator_1.0.0_amd64.changes
Removing src/tacacs/nss/libnss-tacplus_1.0.4-1_amd64.buildinfo
Removing src/tacacs/nss/libnss-tacplus_1.0.4-1_amd64.changes
Removing src/tacacs/pam/libpam-tacplus_1.4.1-1_amd64.buildinfo
Removing src/tacacs/pam/libpam-tacplus_1.4.1-1_amd64.changes
Removing src/tacacs/pam/libtac2-bin-dbgsym_1.4.1-1_amd64.deb
Removing src/tacacs/pam/libtac2-bin_1.4.1-1_amd64.deb
Removing target/
