Untagged: sonic-slave-trixie-qiuying.xzc:ff93f4e7cfe
Deleted: sha256:c9028f8a5e3d925f494fe228d494642fa983b46c7928b584a0d5ab0fd9f75641
Untagged: sonic-slave-trixie:86ec373a32e
Deleted: sha256:21ba658cbf98e4cf21ca81033fb9a8df92cb99280261c76c3b1e5282fab01bee
ID						RECLAIMABLE	SIZE		LAST ACCESSED
biezrnx9fkrizbxmox9kkroa5               	true 		17.4kB    	5 minutes ago
vk6ff1abtaa5txnuaiqsdwoci*              	true 	8.192kB   	5 minutes ago
6quz1ahwrh3cm5zgxsm616fhc*              	true 	8.192kB   	5 minutes ago
0x2yeo4wwolpy4yk65d1gw1u1*              	true 	4.096kB   	5 minutes ago
oqvux12olr1smlnm081ja64rj*              	true 	340kB     	5 minutes ago
lrbnttyczsrbx4cr187mpmo9t               	true 	24.86kB   	5 minutes ago
ihtun5egmaqs57n0a0ngucxs5               	true 	24.85kB   	5 minutes ago
d58sqpbtmpqsa2z92547vypuq               	true 	29.5kB    	5 minutes ago
ppknkaj42s0f971c01m6wlgk8               	true 	60.43kB   	5 minutes ago
z9thsb7o6oeezelou6zxp7nvw               	true 	29.5kB    	5 minutes ago
x9khqpdqqeyabrjipmvjdraqu               	true 	8.271kB   	5 minutes ago
1bvp8kcctvy03tttbg7d1qhwf               	true 	23.67MB   	5 minutes ago
v62goolhbf0sjd233awmuytla               	true 	166.4kB   	5 minutes ago
wyd7ty70gp6rovf1l1p9ak8j0               	true 	36.9kB    	5 minutes ago
jpa2nlhpy0au6bqw6ud9jmee5               	true 	30.01kB   	5 minutes ago
ttzeahntzlnkkqftejwrjufq9               	true 	3.712MB   	5 minutes ago
s82pnbz4ndj5z8lomk1utju0e               	true 	26MB      	5 minutes ago
swmc350g2csrefozo1sskg20s               	true 	238.2MB   	5 minutes ago
kbcbk3ekllcxmgditmwdjcgrs               	true 	1.636GB   	5 minutes ago
2nmxdgzkjmo1q9wtmevg8wknn               	true 	9.916MB   	5 minutes ago
dptm0xy6xzptni3as9b0lolf3               	true 	13.65MB   	5 minutes ago
j0y83zevbph1wq6jqy0ralj23               	true 	328.1kB   	5 minutes ago
p6bjeredjs925i1m0bxexr410               	true 	222.7kB   	5 minutes ago
6hd9cvu9mtbjadiawb8b5b6eb               	true 	12.08MB   	5 minutes ago
o8ik1skle01fzjgwe4b5cpnnu               	true 	111.7kB   	5 minutes ago
uw9yko9sem8t1h304y47q4kek               	true 	25.17kB   	5 minutes ago
2sgwhm4olsvbmq9b04wi7qnjx               	true 	626.6MB   	5 minutes ago
vt7gohc2muhsylr1yf18f7qjh               	true 	540.3kB   	5 minutes ago
o77s9p5iyf2hwrjv861s4im82               	true 	33.08kB   	5 minutes ago
l1nkvjjcbozft0895moray6f1               	true 	33.06kB   	5 minutes ago
gxsflugtjtx1pu7kpzfpgcglw               	true 	28.97kB   	5 minutes ago
mpqr64d82d41ue4epvnzat73e               	true 	105.8kB   	5 minutes ago
k20vgippwbjap5i8do64fe3p0               	true 	13.59MB   	5 minutes ago
oxfdwxs5yo99cqo0y16be0fdl               	true 	210.8MB   	5 minutes ago
t7yrxmsknj48gk6xudho3gflg               	true 	6.368MB   	5 minutes ago
6s4sgh9qp6n1v0fgp7ks00wuw               	true 	17.3MB    	5 minutes ago
miifp365ecbbzh8la5ukyxsxi               	true 	79.61MB   	5 minutes ago
c2rua7fqx1f2lcpy0fxb9za5k               	true 	86.05kB   	5 minutes ago
prsow8ww20t44qv80u2ac23xe               	true 	86.05kB   	5 minutes ago
qrc7esfacwzk7r4u3ttv4indd               	true 	1.037MB   	5 minutes ago
nkcr67bc5wc28neyw2j66yg50               	true 	590.8kB   	5 minutes ago
kyy3sh0pr3xqyivztr5jsbkk0               	true 	12.32kB   	5 minutes ago
ftn8n9ae946lmexvpgg4hyane               	true 	2.122MB   	5 minutes ago
6otfw1kir1w0eg54qy3zdrcj9               	true 	306.7kB   	5 minutes ago
sdbtg7i5shucanvus0stnfavy               	true 	12.32kB   	5 minutes ago
nkdqp9fn4lnbjpq77v16b8dcw               	true 	8.398MB   	5 minutes ago
jxydnlm5w9ypo3csr4uafd6rh               	true 	53.49kB   	5 minutes ago
3km92s97gxriuaryljzw954ow               	true 	7.289MB   	5 minutes ago
n7aiptws2x0qk3mibf4yipanx               	true 	1.534MB   	5 minutes ago
ijq5jjd4xukbhzppzam1w4ivy               	true 	4.498MB   	5 minutes ago
5d4iqnerdniizpbudz8klpuux               	true 	12.32kB   	5 minutes ago
9pvpy089lr2p6p6uiwtuk20y2               	true 	4.903MB   	5 minutes ago
tcgerf96oe5hotjk1xxwpihyh               	true 	942.1kB   	5 minutes ago
eyvke20omm6m11mgos4xr8ey2               	true 	283.1kB   	5 minutes ago
s54re45s1sbmmklpbhkwd2nit               	true 	75.08MB   	5 minutes ago
78jr1asrax5pyoni3xsngdu06               	true 	4.124MB   	5 minutes ago
fdke8oyg8ksolk4sgjvobluua               	true 	815.2kB   	5 minutes ago
qx2fx316axoh0ehd3iior2515               	true 	395.6MB   	5 minutes ago
wcev4s5ehadugjsdk0jya1jxc               	true 	392.5MB   	5 minutes ago
nqujjmgulajhfc7b8jzy21f1t               	true 	147.8MB   	5 minutes ago
1s80nolgguh7bmk39umzayaqb               	true 	33.28kB   	5 minutes ago
jtx2wqi0sm62j4ord6s5kk60r               	true 	33.28kB   	5 minutes ago
j860flcwxyo97a25avvcx17xm               	true 	29.17kB   	5 minutes ago
bqeqzt5spqjx5v3tex8b5392z               	true 	59.58MB   	5 minutes ago
9xk0q2pdc7g49sgb8yerk9b7y               	true 	446.8MB   	5 minutes ago
1vcuvpabka9yrqhs5rw8tc8kd               	true 	9.373GB   	5 minutes ago
nu5r4hn288iln7xu2v35fr5wc               	true 	12.47kB   	5 minutes ago
kjgmzzwvthyd8wvzgsf562ccf               	true 	101.2MB   	5 minutes ago
lwfob7p9fazmh0s2e3pssealk               	true 	646.7kB   	5 minutes ago
2m70722htufl1tj19or8gn9vj               	true 	413.8kB   	5 minutes ago
0s3aqmdrnerw292c33hvitj17               	true 	20.65kB   	5 minutes ago
dfst6a16dprk93aug7muavmmt               	true 	389.1kB   	5 minutes ago
mcapix7qi13z503ocg8td2vv0               	true 	20.83kB   	5 minutes ago
2i7raskfjek6hjagr4twyg1nm               	true 	29.04kB   	5 minutes ago
cgzm8ki6jjzitbjpxw3d7p9sl               	true 	29kB      	5 minutes ago
b7zrj596upkv98gv8dxzxdo70               	true 	49.32MB   	5 minutes ago
Total:	14GB
