Error response from daemon: No such image: sonic-slave-trixie-qiuying.xzc:ff93f4e7cfe
Error response from daemon: No such image: sonic-slave-trixie:86ec373a32e
ID						RECLAIMABLE	SIZE		LAST ACCESSED
oq3pwe0h23jxsyz5srhnyar6i*              	true 		24.58kB   	About a minute ago
xatz3vmmhspc7dta75wxumoni               	true 	208.9kB   	About a minute ago
lbdob9toxvl7qy54mcj9upxlv*              	true 	340kB     	About a minute ago
ihfka8qwu17umc150mq7btp9x*              	true 	4.096kB   	About a minute ago
jt76em38u553u78jroy1fb6af               	true 	10.26MB   	About a minute ago
u2bljpx1rbuphyo77woeao7dh               	true 	106.5kB   	About a minute ago
1xlor3scy77l4f26kit7bmupq               	true 	24.58kB   	About a minute ago
2s150vdc34i25jmeyjx7w6y7t               	true 	470MB     	About a minute ago
g6tebf8j96w3p190ivmxx0oq6               	true 	471kB     	About a minute ago
hf2nisq1eiivaykvdtxb8adhq               	true 	32.77kB   	About a minute ago
qa8d34513qsnzttrmfq6yp8fx               	true 	32.77kB   	About a minute ago
kom0eqw24fg9kceeh57twkwas               	true 	28.67kB   	About a minute ago
pzjig7skvev0147ritgglmecd               	true 	102.4kB   	About a minute ago
llsxqiohbf5h9gxv81un8i41c               	true 	11.42MB   	About a minute ago
xp00aal29p4tclb2g4qj8x8n6               	true 	125.1MB   	About a minute ago
rj7kkx9svmbeijupm2s5atkfi               	true 	5.571MB   	About a minute ago
txcjdmiwjehsyewxdykwdph1j               	true 	14.11MB   	About a minute ago
pvf6me70idbjuw5o7cjjer9v2               	true 	62.62MB   	About a minute ago
pqpykpfbddo3q3f1e264c2suc               	true 	86.02kB   	About a minute ago
bs1ogl4asqk0q8blgpn03evvh               	true 	86.02kB   	About a minute ago
h341xaoc97q3j9z28fiy7etnj               	true 	835.6kB   	About a minute ago
xeqjn7l722cm0zt66d1zcnx1k               	true 	409.6kB   	About a minute ago
ljo535y14p9ljc5vir3b8gym4               	true 	12.29kB   	About a minute ago
u086tz2sfu7xc2bsoyunllmix               	true 	1.569MB   	About a minute ago
wa6elkneni1g9pi5rex9vge8p               	true 	270.3kB   	About a minute ago
08jrovflhbvwqrgeekmprsw91               	true 	12.29kB   	About a minute ago
ks3o3679h3hc6b47nvpy4cbyn               	true 	6.414MB   	About a minute ago
o42s9aaa18abrz72lakd4oivb               	true 	53.25kB   	About a minute ago
d0v2kjxi01e7y47scivju4abg               	true 	5.599MB   	About a minute ago
lgbkmugq1da9qbbrtjzhx0wxz               	true 	1.204MB   	About a minute ago
wk05zquwni24prghzv8ymtqla               	true 	3.445MB   	About a minute ago
cwuo2s5dfu7hh49seuc27vgs8               	true 	12.29kB   	About a minute ago
yzktfkrdx0bpl8l7bl9wbgu82               	true 	3.924MB   	About a minute ago
259f1ir2cl236yhhdm1biss53               	true 	684kB     	About a minute ago
rra6otb70qzc0n5q61g9i1j68               	true 	249.9kB   	About a minute ago
62xi2fsmiywvxl2hu9mi1widx               	true 	50.14MB   	About a minute ago
t7xdu0jkt2uf1c37k4ya47mdj               	true 	3.142MB   	About a minute ago
yezv23svu9g3qrr9tn98kfeix               	true 	663.6kB   	About a minute ago
nnm2h1ekybht3w3dgsm07iids               	true 	314.5MB   	About a minute ago
qh0qxmdxh5mjohd2fksy2dh4l               	true 	310.4MB   	About a minute ago
ojt6ng5xkbg5tdcdt412b0mbr               	true 	109.8MB   	About a minute ago
nct18wnhw7aokey2y7lkfs9pw               	true 	32.77kB   	About a minute ago
urxmof9blpob4jj9unxp0g98d               	true 	32.77kB   	About a minute ago
9hc9edvvc5kibg4su51w1m0do               	true 	28.67kB   	About a minute ago
fn1appgzu1d1jr4yh5xs3pj19               	true 	50.1MB    	About a minute ago
qa2h8zio0se8zcn2ab5t6nilz               	true 	359.7MB   	About a minute ago
je717uhlvh9nrkhw3vbfbrs1n               	true 	7.044GB   	About a minute ago
mvdzdo0ycdqilm7xa0i289z8u               	true 	12.29kB   	About a minute ago
brmtha3xydfck1ridsld0yreq               	true 	60.79MB   	About a minute ago
29jg1y1l9xa72jh7soos1w0cf               	true 	565.2kB   	About a minute ago
5enrycocki1k35n772iqafqg3               	true 	360.4kB   	About a minute ago
ogw45j36wflkw3wo0vln9otj6               	true 	20.48kB   	About a minute ago
0azh8dhnyy9zqj7oe01qldiq0               	true 	323.6kB   	About a minute ago
q2sbatsshr0r4yfkdglevrnud               	true 	20.48kB   	About a minute ago
hbwjdarkd3l52327zh68589l9               	true 	28.67kB   	About a minute ago
8mnuwczbtt0aricyvzwunqrtq               	true 	28.67kB   	About a minute ago
vjxjtqx1c7wv2ifut7xj90u4t               	true 	49.32MB   	About a minute ago
Total:	9.08GB
