sudo: A terminal is required to authenticate
"SECURE_UPGRADE_PROD_SIGNING_TOOL": ""
pushd src/sonic-build-hooks; TRUSTED_GPG_URLS= make all; popd
mkdir -p sonic-slave-trixie/buildinfo
cp src/sonic-build-hooks/buildinfo/sonic-build-hooks* sonic-slave-trixie/buildinfo
/data/sonic/sonic-dzf-time-measure/src/sonic-build-hooks /data/sonic/sonic-dzf-time-measure
make[1]: Entering directory '/data/sonic/sonic-dzf-time-measure/src/sonic-build-hooks'
make[1]: Nothing to be done for 'all'.
make[1]: Leaving directory '/data/sonic/sonic-dzf-time-measure/src/sonic-build-hooks'
/data/sonic/sonic-dzf-time-measure
echo -n ""
lsmod | grep -q "^overlay " &>/dev/null || zgrep -q 'CONFIG_OVERLAY_FS=y' /proc/config.gz &>/dev/null || grep -q 'CONFIG_OVERLAY_FS=y' /boot/config-7.0.0-22-generic &>/dev/null || (echo "ERROR: Module 'overlay' not loaded. Try running 'sudo modprobe overlay'."; exit 1)
{ { echo Checking sonic-slave-base image: sonic-slave-trixie:ca17477b760; docker inspect --type image sonic-slave-trixie:ca17477b760 &> /dev/null; }; } || { [ n == y ] && { echo Image sonic-slave-trixie:ca17477b760 not found. Pulling...; docker pull sonicdev-microsoft.azurecr.io:443/sonic-slave-trixie:ca17477b760; } && { docker tag sonicdev-microsoft.azurecr.io:443/sonic-slave-trixie:ca17477b760 sonic-slave-trixie:ca17477b760 && DEFAULT_CONTAINER_REGISTRY=publicmirror.azurecr.io/ SONIC_VERSION_CACHE=rcache DBGOPT='' scripts/collect_docker_version_files.sh sonic-slave-trixie target sonic-slave-trixie:ca17477b760 sonic-slave-trixie sonic-slave-trixie/Dockerfile; } ; } || { set -o pipefail ; echo Image sonic-slave-trixie:ca17477b760 not found. Building... ; BUILD_SLAVE=y DEFAULT_CONTAINER_REGISTRY=publicmirror.azurecr.io/ SONIC_VERSION_CACHE=rcache DBGOPT='' MIRROR_SNAPSHOT=n BUILD_PUBLIC_URL=https://packages.trafficmanager.net/public BUILD_SNAPSHOT_URL=http://packages.trafficmanager.net/snapshot ENABLE_SBOM=n scripts/prepare_docker_buildinfo.sh sonic-slave-trixie sonic-slave-trixie/Dockerfile amd64 "" trixie ; docker build --no-cache -t sonic-slave-trixie:ca17477b760 --build-arg http_proxy=http://127.0.0.1:9 --build-arg https_proxy=http://127.0.0.1:9 --build-arg no_proxy=localhost,127.0.0.1,0.0.0.0 --build-arg SONIC_VERSION_CACHE=rcache --build-arg SONIC_VERSION_CONTROL_COMPONENTS=py2,py3,web,git,docker --build-arg ENABLE_SBOM=n sonic-slave-trixie 2>&1 | tee sonic-slave-trixie/sonic-slave-trixie_ca17477b760.log ; DEFAULT_CONTAINER_REGISTRY=publicmirror.azurecr.io/ SONIC_VERSION_CACHE=rcache DBGOPT='' scripts/collect_docker_version_files.sh sonic-slave-trixie target sonic-slave-trixie:ca17477b760 sonic-slave-trixie sonic-slave-trixie/Dockerfile ; }
{ { echo Checking sonic-slave-user image: sonic-slave-trixie-qiuying.xzc:0e69d80ab15; docker inspect --type image sonic-slave-trixie-qiuying.xzc:0e69d80ab15 &> /dev/null; }; } || { [ n == y ] && { echo Image sonic-slave-trixie-qiuying.xzc:0e69d80ab15 not found. Pulling...; docker pull sonicdev-microsoft.azurecr.io:443/sonic-slave-trixie-qiuying.xzc:0e69d80ab15; } && { docker tag sonicdev-microsoft.azurecr.io:443/sonic-slave-trixie-qiuying.xzc:0e69d80ab15 sonic-slave-trixie-qiuying.xzc:0e69d80ab15 && DEFAULT_CONTAINER_REGISTRY=publicmirror.azurecr.io/ SONIC_VERSION_CACHE=rcache DBGOPT='' scripts/collect_docker_version_files.sh sonic-slave-trixie target sonic-slave-trixie:ca17477b760 sonic-slave-trixie sonic-slave-trixie/Dockerfile; } ; } || { set -o pipefail ; echo Image sonic-slave-trixie-qiuying.xzc:0e69d80ab15 not found. Building... ; docker build --no-cache --build-arg user=qiuying.xzc --build-arg uid=17388989 --build-arg guid=983 --build-arg hostname=alinos-oncall215192149218.na131 --build-arg slave_base_tag_ref=ca17477b760 -t sonic-slave-trixie-qiuying.xzc:0e69d80ab15 -f sonic-slave-trixie/Dockerfile.user sonic-slave-trixie 2>&1 | tee sonic-slave-trixie/sonic-slave-trixie-qiuying.xzc_0e69d80ab15.log ; }

docker run --rm=true --privileged --init -v "/data/sonic/sonic-dzf-time-measure:/sonic"  -v "/tmp/docklock:/tmp/docklock" -w "/sonic"  -e "http_proxy=http://127.0.0.1:9" -e "https_proxy=http://127.0.0.1:9" -e "no_proxy=localhost,127.0.0.1,0.0.0.0" -i --ulimit nofile=524288:524288 -v /data/sonic/时间统计/cache/20260901-233744/make-git-mirrors:/git-mirrors:ro -v /data/sonic/时间统计/cache/20260901-233744/offline.gitconfig:/etc/sonic-offline.gitconfig:ro -v /data/sonic/时间统计/cache/20260901-233744/make-cargo-home:/cargo-home:rw -v /data/sonic/时间统计/cache/20260901-233744/make-rustup-home:/rustup-home:ro -v /data/sonic/时间统计/cache/20260901-233744/make-go-mod-cache:/tmp/go/pkg/mod:rw -v /data/sonic/时间统计/cache/20260901-233744/make-go-sumdb-cache:/tmp/go/pkg/sumdb:rw -v /data/sonic/时间统计/cache/20260901-233744/make-pip-wheelhouse:/pip-wheelhouse:ro -v /data/sonic/时间统计/cache/20260901-233744:/rootfs-cache:ro -e GIT_CONFIG_GLOBAL=/etc/sonic-offline.gitconfig -e GIT_TERMINAL_PROMPT=0 -e CARGO_HOME=/cargo-home -e CARGO_NET_OFFLINE=true -e GOMODCACHE=/tmp/go/pkg/mod -e DEB_BUILD_OPTIONS=nocheck -e PIP_NO_INDEX=1 -e PIP_FIND_LINKS=/pip-wheelhouse -e SONIC_DEBOOTSTRAP_TARBALL=/rootfs-cache/make-debootstrap-cache/baseimage-amd64-trixie.tgz -e SONIC_ROOTFS_APT_CACHE=/rootfs-cache/make-rootfs-apt-cache -e SONIC_ROOTFS_DOCKER_GPG_KEY=/rootfs-cache/make-rootfs-apt-cache/docker.asc -e SONIC_ROOTFS_PIP_WHEELHOUSE=/pip-wheelhouse -e SONIC_ROOTFS_OFFLINE=y -v /data/sonic/sonic-dzf-time-measure/fsroot.docker.trixie:/var/lib/docker -v "/var/cache/sonic/artifacts:/dpkg_cache:rw" -v "/data/sonic/时间统计/cache/20260901-233744/make-version-cache:/vcache:rw" \
	sonic-slave-trixie-qiuying.xzc:0e69d80ab15 \
	bash -c "make -f slave.mk PLATFORM=vs PLATFORM_ARCH=amd64 MULTIARCH_QEMU_ENVIRON=n TARGET_BOOTLOADER=grub CROSS_BUILD_ENVIRON=n BUILD_NUMBER= BUILD_TIMESTAMP=20260907.120824 SONIC_IMAGE_VERSION= SLAVE_TAG=0e69d80ab15 ENABLE_ZTP= INCLUDE_PDE= SHUTDOWN_BGP_ON_START= INCLUDE_KUBERNETES=n KUBERNETES_VERSION=1.22.2-00 KUBERNETES_CNI_VERSION=0.8.7-00 KUBERNETES_CRI_TOOLS_VERSION=1.26.0-00 K8s_GCR_IO_PAUSE_VERSION=3.5 INCLUDE_KUBERNETES_MASTER=n SONIC_ENABLE_PFCWD_ON_START= SONIC_ENABLE_SYNCD_RPC= SONIC_INSTALL_DEBUG_TOOLS= SONIC_SAITHRIFT_V2= MDEBUG= PASSWORD= USERNAME= CHANGE_DEFAULT_PASSWORD=n SONIC_BUILD_JOBS=8 VS_PREPARE_MEM= KERNEL_PROCURE_METHOD= SONIC_DPKG_CACHE_METHOD=none SONIC_DPKG_CACHE_SOURCE=/var/cache/sonic/artifacts SONIC_DPKG_CACHE_METHOD_OVERRIDE= GOPROXY=off HTTP_PROXY=http://127.0.0.1:9 HTTPS_PROXY=http://127.0.0.1:9 NO_PROXY=localhost,127.0.0.1,0.0.0.0 DOCKER_USERNAME=sonic DOCKER_USERTAG=latest DOCKER_LOCKDIR=/tmp/docklock DOCKER_LOCKFILE_SAVE=/tmp/docklock/docker_save.lock SONIC_CONFIG_USE_NATIVE_DOCKERD_FOR_BUILD= SONIC_CONFIG_USE_DOCKER_CACHE= SONIC_INCLUDE_SYSTEM_TELEMETRY=n SONIC_INCLUDE_SYSTEM_GNMI=y SONIC_INCLUDE_SYSTEM_BMP=y SONIC_INCLUDE_SYSTEM_EVENTD=y SONIC_INCLUDE_SYSTEM_OTEL=y INCLUDE_DHCP_RELAY=y INCLUDE_DHCP_SERVER=n INCLUDE_MACSEC=y INCLUDE_STP= INCLUDE_ICCPD=n SONIC_INCLUDE_RESTAPI=n SONIC_INCLUDE_MUX=y ENABLE_TRANSLIB_WRITE= ENABLE_NATIVE_WRITE=y ENABLE_DIALOUT= EXTRA_DOCKER_TARGETS= BUILD_LOG_TIMESTAMP= SONIC_ENABLE_IMAGE_SIGNATURE= SECURE_UPGRADE_MODE="no_sign" SECURE_UPGRADE_DEV_SIGNING_KEY= SECURE_UPGRADE_SIGNING_CERT= SECURE_UPGRADE_KERNEL_CAFILE= SECURE_UPGRADE_PROD_SIGNING_TOOL= SONIC_DEFAULT_CONTAINER_REGISTRY=publicmirror.azurecr.io/ ENABLE_HOST_SERVICE_ON_START=y SLAVE_DIR=sonic-slave-trixie ENABLE_AUTO_TECH_SUPPORT=y BUILD_MULTIASIC_KVM=n ENABLE_ASAN=n SONIC_INCLUDE_BOOTCHART=y SONIC_ENABLE_BOOTCHART=n INCLUDE_FIPS=y ENABLE_FIPS=n SONIC_SLAVE_DOCKER_DRIVER=overlay2 MIRROR_URLS= MIRROR_SECURITY_URLS= MIRROR_SNAPSHOT=n BUILD_PUBLIC_URL=https://packages.trafficmanager.net/public BUILD_SNAPSHOT_URL=http://packages.trafficmanager.net/snapshot SONIC_VERSION_CONTROL_COMPONENTS=py2,py3,web,git,docker ONIE_IMAGE_PART_SIZE= SONIC_OS_VERSION=13 PIP_HTTP_TIMEOUT=60 BUILD_PROCESS_TIMEOUT=0 BUILD_SKIP_TEST=y SONIC_PTF_ENV_PY_VER=py3 ENABLE_MULTIDB= ENABLE_VRF_STRICT= ENABLE_FRR_TCMALLOC=y ENABLE_SBOM=n ENABLE_SOURCE_ARCHIVE=n SBOM_FORMAT=both SBOM_SCAN_TOOL=syft SBOM_INCLUDE_LICENSES=y SBOM_STRICT=y SOURCE_DATE_EPOCH=1788754104 SONIC_VERSION_CACHE=rcache SONIC_VERSION_CACHE_SOURCE=/data/sonic/时间统计/cache/20260901-233744/make-version-cache target/sonic-vs.bin SONIC_BUILD_TARGET=target/sonic-vs.bin; { scripts/collect_build_version_files.sh \$?; }; "
:
Checking sonic-slave-base image: sonic-slave-trixie:ca17477b760
Checking sonic-slave-user image: sonic-slave-trixie-qiuying.xzc:0e69d80ab15
SONiC Build System

Build Configuration
"CONFIGURED_PLATFORM"             : "vs"
"CONFIGURED_ARCH"                 : "amd64"
"SONIC_CONFIG_PRINT_DEPENDENCIES" : ""
"SONIC_BUILD_JOBS"                : "8"
"SONIC_CONFIG_MAKE_JOBS"          : "192"
"USE_NATIVE_DOCKERD_FOR_BUILD"    : ""
"USE_DOCKER_CACHE"               : ""
"SONIC_CONFIG_USE_CCACHE"         : "n"
"USERNAME"                        : "admin"
"PASSWORD"                        : "YourPaSsWoRd"
"CHANGE_DEFAULT_PASSWORD"         : "n"
"SECURE_UPGRADE_MODE"             : "no_sign"
"SECURE_UPGRADE_DEV_SIGNING_KEY"  : ""
"SECURE_UPGRADE_SIGNING_CERT"     : ""
"SECURE_UPGRADE_KERNEL_CAFILE"    : ""
"SECURE_UPGRADE_PROD_SIGNING_TOOL": ""
"SECURE_UPGRADE_PROD_TOOL_ARGS"   : ""
"ONIE_IMAGE_PART_SIZE"            : ""
"SHUTDOWN_BGP_ON_START"           : ""
"ENABLE_PFCWD_ON_START"           : ""
"SONIC_BUFFER_MODEL"              : ""
"INSTALL_DEBUG_TOOLS"             : ""
"ROUTING_STACK"                   : "frr"
"FRR_USER_UID"                    : "300"
"FRR_USER_GID"                    : "300"
"ENABLE_FRR_TCMALLOC"             : "y"
"ENABLE_SYNCD_RPC"                : ""
"SAITHRIFT_V2"                    : ""
"ENABLE_ORGANIZATION_EXTENSIONS"  : "y"
"HTTP_PROXY"                      : "http://127.0.0.1:9"
"HTTPS_PROXY"                     : "http://127.0.0.1:9"
"NO_PROXY"                        : "localhost,127.0.0.1,0.0.0.0"
"ENABLE_ZTP"                      : ""
"INCLUDE_PDE"                     : ""
"SONIC_DEBUGGING_ON"              : ""
"SONIC_PROFILING_ON"              : ""
"KERNEL_PROCURE_METHOD"           : "build"
"BUILD_TIMESTAMP"                 : "20260907.120824"
"BUILD_LOG_TIMESTAMP"             : "none"
"SONIC_IMAGE_VERSION"             : "master.0-dirty-20260907.120824"
"BLDENV"                          : "trixie"
"VS_PREPARE_MEM"                  : "yes"
"INCLUDE_MGMT_FRAMEWORK"          : "y"
"INCLUDE_ICCPD"                   : "n"
"INCLUDE_STP"                     : ""
"INCLUDE_SYSTEM_TELEMETRY"        : "n"
"INCLUDE_SYSTEM_GNMI"             : "y"
"INCLUDE_SYSTEM_BMP"              : "y"
"INCLUDE_SYSTEM_OTEL"             : "y"
"INCLUDE_SYSTEM_EVENTD"           : "y"
"ENABLE_HOST_SERVICE_ON_START"    : "y"
"INCLUDE_RESTAPI"                 : "n"
"INCLUDE_SFLOW"                   : "y"
"INCLUDE_NAT"                     : "y"
"INCLUDE_DHCP_RELAY"              : "y"
"INCLUDE_DHCP_SERVER"             : "n"
"INCLUDE_P4RT"                    : "n"
"INCLUDE_VS_DASH_SAI"             : "y"
"INCLUDE_KUBERNETES"              : "n"
"INCLUDE_KUBERNETES_MASTER"       : "n"
"INCLUDE_MACSEC"                  : "y"
"INCLUDE_MUX"                     : "y"
"INCLUDE_TEAMD"                   : "y"
"INCLUDE_DASH_HA"                 : "y"
"INCLUDE_ROUTER_ADVERTISER"       : "y"
"INCLUDE_SNMP"                    : "y"
"INCLUDE_LLDP"                    : "y"
"INCLUDE_BOOTCHART                : "y"
"ENABLE_BOOTCHART                 : "n"
"INCLUDE_FIPS"                    : "y"
"ENABLE_TRANSLIB_WRITE"           : ""
"ENABLE_NATIVE_WRITE"             : "y"
"ENABLE_DIALOUT"                  : ""
"ENABLE_AUTO_TECH_SUPPORT"        : "y"
"PDDF_SUPPORT"                    : "y"
"MULTIARCH_QEMU_ENVIRON"          : "n"
"SONIC_VERSION_CONTROL_COMPONENTS": "py2,py3,web,git,docker"
"ENABLE_ASAN"                     : "n"
"DEFAULT_CONTAINER_REGISTRY"      : "publicmirror.azurecr.io/"
"BUILD_MULTIASIC_KVM"             : "n"
"CROSS_BUILD_ENVIRON"             : "n"
"INCLUDE_EXTERNAL_PATCHES"        : "n"
"PTF_ENV_PY_VER"                  : "py3"
"ENABLE_MULTIDB"                  : ""
"ENABLE_SBOM"                     : "n"
"SBOM_FORMAT"                     : "both"
"SBOM_SCAN_TOOL"                  : "syft"
"SBOM_INCLUDE_LICENSES"           : "y"
"SBOM_STRICT"                     : "y"

"SONIC_DPKG_CACHE_METHOD"         : "none"

[ building ] [ target/debs/trixie/systemd-sonic-generator_1.0.0_amd64.deb ] 
[ building ] [ target/debs/trixie/sonic-platform-vs_1.0_amd64.deb ] 
[ building ] [ target/debs/trixie/initramfs-tools_0.142_all.deb ] 
[ building ] [ target/debs/trixie/linux-headers-6.12.41+deb13-common-sonic_6.12.41-1_all.deb ] 
[ building ] [ target/debs/trixie/sonic-device-data_1.0-1_all.deb ] 
[ building ] [ target/debs/trixie/ifupdown2_3.0.0-1_all.deb ] 
[ building ] [ target/debs/trixie/makedumpfile_1.7.7-1_amd64.deb ] 
[ building ] [ target/debs/trixie/kdump-tools_1.10.7_amd64.deb ] 
[ finished ] [ target/debs/trixie/initramfs-tools_0.142_all.deb ] 
[ building ] [ target/debs/trixie/libpam-radius-auth_1.4.1-1_amd64.deb ] 
[ finished ] [ target/debs/trixie/sonic-platform-vs_1.0_amd64.deb ] 
[ building ] [ target/debs/trixie/libnss-radius_1.0.1-1_amd64.deb ] 
[ finished ] [ target/debs/trixie/libnss-radius_1.0.1-1_amd64.deb ] 
[ building ] [ target/debs/trixie/libtac2_1.4.1-1_amd64.deb ] 
[ finished ] [ target/debs/trixie/makedumpfile_1.7.7-1_amd64.deb ] 
[ finished ] [ target/debs/trixie/kdump-tools_1.10.7_amd64.deb ] 
[ finished ] [ target/debs/trixie/ifupdown2_3.0.0-1_all.deb ] 
[ building ] [ target/debs/trixie/monit_5.34.3-1_amd64.deb ] 
[ building ] [ target/debs/trixie/libnl-3-200_3.7.0-0.2+b1sonic1_amd64.deb ] 
[ building ] [ target/debs/trixie/libyang3_3.12.2-1_amd64.deb ] 
[ finished ] [ target/debs/trixie/systemd-sonic-generator_1.0.0_amd64.deb ] 
[ building ] [ target/debs/trixie/sonic-nettools_0.0.1-0_amd64.deb ] 
[ finished ] [ target/debs/trixie/libtac2_1.4.1-1_amd64.deb ] 
[ building ] [ target/python-wheels/trixie/redis_dump_load-1.1-py3-none-any.whl ] 
[ finished ] [ target/debs/trixie/sonic-nettools_0.0.1-0_amd64.deb ] 
[ building ] [ target/debs/trixie/sonic-host-services-data_1.0-1_all.deb ] 
[ finished ] [ target/debs/trixie/sonic-host-services-data_1.0-1_all.deb ] 
[ building ] [ target/debs/trixie/socat_1.7.4.1-3_amd64.deb ] 
[ finished ] [ target/python-wheels/trixie/redis_dump_load-1.1-py3-none-any.whl ] 
[ building ] [ target/debs/trixie/bash_5.2.37-2_amd64.deb ] 
[ finished ] [ target/debs/trixie/libyang3_3.12.2-1_amd64.deb ] 
[ building ] [ target/debs/trixie/libtac2_1.4.1-1_amd64.deb-install ] 
[ finished ] [ target/debs/trixie/libtac2_1.4.1-1_amd64.deb-install ] 
[ building ] [ target/debs/trixie/libyang3_3.12.2-1_amd64.deb-install ] 
[ finished ] [ target/debs/trixie/libpam-radius-auth_1.4.1-1_amd64.deb ] 
[ building ] [ target/debs/trixie/sedutil_1.15-5ad84d8_amd64.deb ] 
[ finished ] [ target/debs/trixie/libyang3_3.12.2-1_amd64.deb-install ] 
[ finished ] [ target/debs/trixie/sedutil_1.15-5ad84d8_amd64.deb ] 
[ building ] [ target/debs/trixie/grub2-common_2.06-13+deb13u1_amd64.deb ] 
[ building ] [ target/python-wheels/trixie/redis_dump_load-1.1-py3-none-any.whl-install ] 
[ finished ] [ target/python-wheels/trixie/redis_dump_load-1.1-py3-none-any.whl-install ] 
[ building ] [ target/debs/trixie/iproute2_6.15.0-1+sonic.0_amd64.deb ] 
[ finished ] [ target/debs/trixie/libnl-3-200_3.7.0-0.2+b1sonic1_amd64.deb ] 
[ building ] [ target/debs/trixie/libssl3t64_3.5.4-1+fips_amd64.deb ] 
[ finished ] [ target/debs/trixie/libssl3t64_3.5.4-1+fips_amd64.deb ] 
[ building ] [ target/debs/trixie/libssl-dev_3.5.4-1+fips_amd64.deb ] 
[ finished ] [ target/debs/trixie/libssl-dev_3.5.4-1+fips_amd64.deb ] 
[ building ] [ target/debs/trixie/openssl_3.5.4-1+fips_amd64.deb ] 
[ finished ] [ target/debs/trixie/openssl_3.5.4-1+fips_amd64.deb ] 
[ building ] [ target/debs/trixie/libk5crypto3_1.21.3-5+fips_amd64.deb ] 
[ finished ] [ target/debs/trixie/libk5crypto3_1.21.3-5+fips_amd64.deb ] 
[ building ] [ target/debs/trixie/libkrb5support0_1.21.3-5+fips_amd64.deb ] 
[ finished ] [ target/debs/trixie/libkrb5support0_1.21.3-5+fips_amd64.deb ] 
[ building ] [ target/debs/trixie/libkrb5-3_1.21.3-5+fips_amd64.deb ] 
[ finished ] [ target/debs/trixie/libkrb5-3_1.21.3-5+fips_amd64.deb ] 
[ building ] [ target/debs/trixie/libgssapi-krb5-2_1.21.3-5+fips_amd64.deb ] 
[ finished ] [ target/debs/trixie/libgssapi-krb5-2_1.21.3-5+fips_amd64.deb ] 
sudo sed -i 's/--storage-driver=vfs/--storage-driver=overlay2/' /etc/default/docker
sudo sed -i -e '/http_proxy/d' -e '/https_proxy/d' /etc/default/docker
sudo bash -c "{ echo \"export http_proxy=$http_proxy\"; \
            echo \"export https_proxy=$https_proxy\"; \
            echo \"export no_proxy=$no_proxy\"; } >> /etc/default/docker"
if [ x = x"y" ]; then \
	test -S /var/run/docker.sock && sudo docker ps &> /dev/null || ./scripts/wait_for_docker.sh 60; \
else \
	sudo service docker status &> /dev/null || ( sudo service docker start &> /dev/null && ./scripts/wait_for_docker.sh 60 ); \
fi
[ building ] [ target/debs/trixie/libnl-3-200_3.7.0-0.2+b1sonic1_amd64.deb-install ] 
[ finished ] [ target/debs/trixie/libnl-3-200_3.7.0-0.2+b1sonic1_amd64.deb-install ] 
[ building ] [ target/debs/trixie/p4lang-pi_0.1.1-1_amd64.deb ] 
[ finished ] [ target/debs/trixie/monit_5.34.3-1_amd64.deb ] 
[ building ] [ target/debs/trixie/libnexthopgroup_1.0.0_amd64.deb ] 
[ finished ] [ target/debs/trixie/socat_1.7.4.1-3_amd64.deb ] 
[ building ] [ target/debs/trixie/libdashapi_1.0.0_amd64.deb ] 
[ finished ] [ target/debs/trixie/iproute2_6.15.0-1+sonic.0_amd64.deb ] 
[ building ] [ target/debs/trixie/lldpd_1.0.16-1+deb12u1_amd64.deb ] 
[ finished ] [ target/debs/trixie/libnexthopgroup_1.0.0_amd64.deb ] 
[ building ] [ target/python-wheels/trixie/scapy-2.6.1.dev0-py3-none-any.whl ] 
[ finished ] [ target/debs/trixie/lldpd_1.0.16-1+deb12u1_amd64.deb ] 
[ finished ] [ target/python-wheels/trixie/scapy-2.6.1.dev0-py3-none-any.whl ] 
[ building ] [ target/debs/trixie/lm-sensors_3.6.0-7.1_amd64.deb ] 
[ building ] [ target/python-wheels/trixie/sonic_platform_pddf_common-1.0-py3-none-any.whl ] 
[ finished ] [ target/debs/trixie/libdashapi_1.0.0_amd64.deb ] 
[ building ] [ target/debs/trixie/hsflowd_2.0.51-26_amd64.deb ] 
[ finished ] [ target/debs/trixie/lm-sensors_3.6.0-7.1_amd64.deb ] 
[ building ] [ target/debs/trixie/sflowtool_5.04_amd64.deb ] 
[ finished ] [ target/python-wheels/trixie/sonic_platform_pddf_common-1.0-py3-none-any.whl ] 
[ building ] [ target/debs/trixie/psample_1.1-1_amd64.deb ] 
[ finished ] [ target/debs/trixie/psample_1.1-1_amd64.deb ] 
[ building ] [ target/docker-dash-engine.gz ] 
[ finished ] [ target/debs/trixie/bash_5.2.37-2_amd64.deb ] 
[ building ] [ target/debs/trixie/isc-dhcp-relay_4.4.3-P1-2_amd64.deb ] 
[ finished ] [ target/debs/trixie/sflowtool_5.04_amd64.deb ] 
[ building ] [ target/debs/trixie/rasdaemon_0.6.8-1_amd64.deb ] 
[ finished ] [ target/debs/trixie/sonic-device-data_1.0-1_all.deb ] 
[ building ] [ target/debs/trixie/libpam-tacplus_1.4.1-1_amd64.deb ] 
[ finished ] [ target/debs/trixie/libpam-tacplus_1.4.1-1_amd64.deb ] 
[ building ] [ target/debs/trixie/libtac-dev_1.4.1-1_amd64.deb ] 
[ finished ] [ target/debs/trixie/libtac-dev_1.4.1-1_amd64.deb ] 
[ building ] [ target/debs/trixie/libnl-3-dev_3.7.0-0.2+b1sonic1_amd64.deb ] 
[ finished ] [ target/debs/trixie/libnl-3-dev_3.7.0-0.2+b1sonic1_amd64.deb ] 
[ building ] [ target/debs/trixie/libnl-route-3-200_3.7.0-0.2+b1sonic1_amd64.deb ] 
[ finished ] [ target/debs/trixie/libnl-route-3-200_3.7.0-0.2+b1sonic1_amd64.deb ] 
[ building ] [ target/debs/trixie/libnl-3-dev_3.7.0-0.2+b1sonic1_amd64.deb-install ] 
[ finished ] [ target/debs/trixie/hsflowd_2.0.51-26_amd64.deb ] 
[ building ] [ target/debs/trixie/libnl-route-3-200_3.7.0-0.2+b1sonic1_amd64.deb-install ] 
[ finished ] [ target/debs/trixie/libnl-3-dev_3.7.0-0.2+b1sonic1_amd64.deb-install ] 
[ building ] [ target/debs/trixie/libyang-dev_3.12.2-1_amd64.deb ] 
[ finished ] [ target/debs/trixie/libyang-dev_3.12.2-1_amd64.deb ] 
[ building ] [ target/debs/trixie/libnl-genl-3-200_3.7.0-0.2+b1sonic1_amd64.deb ] 
[ finished ] [ target/debs/trixie/libnl-genl-3-200_3.7.0-0.2+b1sonic1_amd64.deb ] 
[ building ] [ target/debs/trixie/libyang-dev_3.12.2-1_amd64.deb-install ] 
[ finished ] [ target/debs/trixie/libnl-route-3-200_3.7.0-0.2+b1sonic1_amd64.deb-install ] 
[ building ] [ target/debs/trixie/libnl-genl-3-200_3.7.0-0.2+b1sonic1_amd64.deb-install ] 
[ finished ] [ target/debs/trixie/libyang-dev_3.12.2-1_amd64.deb-install ] 
[ building ] [ target/python-wheels/trixie/swsssdk-2.0.1-py3-none-any.whl ] 
[ finished ] [ target/debs/trixie/libnl-genl-3-200_3.7.0-0.2+b1sonic1_amd64.deb-install ] 
[ building ] [ target/debs/trixie/libtac-dev_1.4.1-1_amd64.deb-install ] 
[ finished ] [ target/debs/trixie/libtac-dev_1.4.1-1_amd64.deb-install ] 
[ building ] [ target/docker-base-trixie.gz ] 
[ finished ] [ target/debs/trixie/rasdaemon_0.6.8-1_amd64.deb ] 
[ building ] [ target/debs/trixie/libnexthopgroup-dev_1.0.0_amd64.deb ] 
[ finished ] [ target/debs/trixie/libnexthopgroup-dev_1.0.0_amd64.deb ] 
[ building ] [ target/debs/trixie/libnexthopgroup_1.0.0_amd64.deb-install ] 
[ finished ] [ target/debs/trixie/libnexthopgroup_1.0.0_amd64.deb-install ] 
[ building ] [ target/debs/trixie/libdashapi_1.0.0_amd64.deb-install ] 
[ finished ] [ target/python-wheels/trixie/swsssdk-2.0.1-py3-none-any.whl ] 
[ building ] [ target/debs/trixie/libnexthopgroup-dev_1.0.0_amd64.deb-install ] 
[ finished ] [ target/debs/trixie/libdashapi_1.0.0_amd64.deb-install ] 
[ building ] [ target/python-wheels/trixie/swsssdk-2.0.1-py3-none-any.whl-install ] 
[ finished ] [ target/debs/trixie/libnexthopgroup-dev_1.0.0_amd64.deb-install ] 
[ building ] [ target/debs/trixie/libsensors5_3.6.0-7.1_amd64.deb ] 
[ finished ] [ target/debs/trixie/libsensors5_3.6.0-7.1_amd64.deb ] 
[ building ] [ target/debs/trixie/fancontrol_3.6.0-7.1_all.deb ] 
[ finished ] [ target/debs/trixie/fancontrol_3.6.0-7.1_all.deb ] 
[ building ] [ target/debs/trixie/sensord_3.6.0-7.1_amd64.deb ] 
[ finished ] [ target/debs/trixie/sensord_3.6.0-7.1_amd64.deb ] 
[ building ] [ target/debs/trixie/libnss-tacplus_1.0.4-1_amd64.deb ] 
[ finished ] [ target/python-wheels/trixie/swsssdk-2.0.1-py3-none-any.whl-install ] 
[ building ] [ target/debs/trixie/libnl-route-3-dev_3.7.0-0.2+b1sonic1_amd64.deb ] 
[ finished ] [ target/debs/trixie/libnl-route-3-dev_3.7.0-0.2+b1sonic1_amd64.deb ] 
[ building ] [ target/debs/trixie/python3-libyang_3.1.0-1_amd64.deb ] 
[ finished ] [ target/debs/trixie/python3-libyang_3.1.0-1_amd64.deb ] 
[ finished ] [ target/debs/trixie/p4lang-pi_0.1.1-1_amd64.deb ] 
[ building ] [ target/debs/trixie/libnl-genl-3-dev_3.7.0-0.2+b1sonic1_amd64.deb ] 
[ finished ] [ target/debs/trixie/libnl-genl-3-dev_3.7.0-0.2+b1sonic1_amd64.deb ] 
[ building ] [ target/debs/trixie/libnl-nf-3-200_3.7.0-0.2+b1sonic1_amd64.deb ] 
[ finished ] [ target/debs/trixie/libnl-nf-3-200_3.7.0-0.2+b1sonic1_amd64.deb ] 
[ building ] [ target/debs/trixie/python3-libyang_3.1.0-1_amd64.deb-install ] 
[ building ] [ target/debs/trixie/libnl-genl-3-dev_3.7.0-0.2+b1sonic1_amd64.deb-install ] 
[ finished ] [ target/debs/trixie/python3-libyang_3.1.0-1_amd64.deb-install ] 
[ building ] [ target/debs/trixie/libnl-route-3-dev_3.7.0-0.2+b1sonic1_amd64.deb-install ] 
[ finished ] [ target/debs/trixie/libnl-genl-3-dev_3.7.0-0.2+b1sonic1_amd64.deb-install ] 
[ building ] [ target/debs/trixie/bash-tacplus_1.0.0_amd64.deb ] 
[ finished ] [ target/debs/trixie/libnl-route-3-dev_3.7.0-0.2+b1sonic1_amd64.deb-install ] 
[ building ] [ target/debs/trixie/audisp-tacplus_1.0.2_amd64.deb ] 
[ finished ] [ target/debs/trixie/libnss-tacplus_1.0.4-1_amd64.deb ] 
[ building ] [ target/debs/trixie/libnl-nf-3-200_3.7.0-0.2+b1sonic1_amd64.deb-install ] 
[ finished ] [ target/debs/trixie/libnl-nf-3-200_3.7.0-0.2+b1sonic1_amd64.deb-install ] 
[ building ] [ target/debs/trixie/p4lang-pi_0.1.1-1_amd64.deb-install ] 
[ finished ] [ target/debs/trixie/p4lang-pi_0.1.1-1_amd64.deb-install ] 
[ building ] [ target/debs/trixie/frr_10.5.4-sonic-0_amd64.deb ] 
[ finished ] [ target/debs/trixie/bash-tacplus_1.0.0_amd64.deb ] 
[ building ] [ target/debs/trixie/openssh-server_10.0p1-7_amd64.deb ] 
[ finished ] [ target/debs/trixie/audisp-tacplus_1.0.2_amd64.deb ] 
[ building ] [ target/python-wheels/trixie/sonic_yang_models-1.0-py3-none-any.whl ] 
[ finished ] [ target/python-wheels/trixie/sonic_yang_models-1.0-py3-none-any.whl ] 
[ building ] [ target/debs/trixie/libnl-nf-3-dev_3.7.0-0.2+b1sonic1_amd64.deb ] 
[ finished ] [ target/debs/trixie/libnl-nf-3-dev_3.7.0-0.2+b1sonic1_amd64.deb ] 
[ building ] [ target/python-wheels/trixie/sonic_yang_models-1.0-py3-none-any.whl-install ] 
[ finished ] [ target/python-wheels/trixie/sonic_yang_models-1.0-py3-none-any.whl-install ] 
[ building ] [ target/debs/trixie/libnl-nf-3-dev_3.7.0-0.2+b1sonic1_amd64.deb-install ] 
[ finished ] [ target/debs/trixie/libnl-nf-3-dev_3.7.0-0.2+b1sonic1_amd64.deb-install ] 
[ building ] [ target/debs/trixie/p4lang-bmv2_1.15.0-9_amd64.deb ] 
[ finished ] [ target/debs/trixie/frr_10.5.4-sonic-0_amd64.deb ] 
[ building ] [ target/debs/trixie/sonic-mgmt-common_1.0.0_amd64.deb ] 
[ finished ] [ target/debs/trixie/linux-headers-6.12.41+deb13-common-sonic_6.12.41-1_all.deb ] 
[ building ] [ target/python-wheels/trixie/sonic_yang_mgmt-1.0-py3-none-any.whl ] 
[ finished ] [ target/python-wheels/trixie/sonic_yang_mgmt-1.0-py3-none-any.whl ] 
[ building ] [ target/debs/trixie/libnl-cli-3-200_3.7.0-0.2+b1sonic1_amd64.deb ] 
[ finished ] [ target/debs/trixie/libnl-cli-3-200_3.7.0-0.2+b1sonic1_amd64.deb ] 
[ building ] [ target/python-wheels/trixie/sonic_yang_mgmt-1.0-py3-none-any.whl-install ] 
[ finished ] [ target/python-wheels/trixie/sonic_yang_mgmt-1.0-py3-none-any.whl-install ] 
[ building ] [ target/debs/trixie/libnl-cli-3-200_3.7.0-0.2+b1sonic1_amd64.deb-install ] 
[ finished ] [ target/debs/trixie/libnl-cli-3-200_3.7.0-0.2+b1sonic1_amd64.deb-install ] 
[ building ] [ target/debs/trixie/frr-snmp_10.5.4-sonic-0_amd64.deb ] 
[ finished ] [ target/debs/trixie/frr-snmp_10.5.4-sonic-0_amd64.deb ] 
[ building ] [ target/debs/trixie/linux-headers-6.12.41+deb13-common-sonic_6.12.41-1_all.deb-install ] 
[ finished ] [ target/debs/trixie/linux-headers-6.12.41+deb13-common-sonic_6.12.41-1_all.deb-install ] 
[ building ] [ target/debs/trixie/linux-image-6.12.41+deb13-sonic-amd64-unsigned_6.12.41-1_amd64.deb ] 
[ finished ] [ target/debs/trixie/linux-image-6.12.41+deb13-sonic-amd64-unsigned_6.12.41-1_amd64.deb ] 
[ building ] [ target/debs/trixie/linux-kbuild-6.12.41+deb13_6.12.41-1_amd64.deb ] 
[ finished ] [ target/debs/trixie/linux-kbuild-6.12.41+deb13_6.12.41-1_amd64.deb ] 
[ building ] [ target/debs/trixie/libnl-cli-3-dev_3.7.0-0.2+b1sonic1_amd64.deb ] 
[ finished ] [ target/debs/trixie/libnl-cli-3-dev_3.7.0-0.2+b1sonic1_amd64.deb ] 
[ building ] [ target/debs/trixie/linux-kbuild-6.12.41+deb13_6.12.41-1_amd64.deb-install ] 
[ finished ] [ target/debs/trixie/linux-kbuild-6.12.41+deb13_6.12.41-1_amd64.deb-install ] 
[ building ] [ target/debs/trixie/libnl-cli-3-dev_3.7.0-0.2+b1sonic1_amd64.deb-install ] 
[ finished ] [ target/debs/trixie/libnl-cli-3-dev_3.7.0-0.2+b1sonic1_amd64.deb-install ] 
[ building ] [ target/debs/trixie/libswsscommon_1.0.0_amd64.deb ] 
[ finished ] [ target/docker-dash-engine.gz ] 
[ building ] [ target/debs/trixie/libteam5_1.31-1_amd64.deb ] 
[ finished ] [ target/debs/trixie/sonic-mgmt-common_1.0.0_amd64.deb ] 
[ building ] [ target/debs/trixie/sonic-mgmt-common-codegen_1.0.0_amd64.deb ] 
[ finished ] [ target/debs/trixie/sonic-mgmt-common-codegen_1.0.0_amd64.deb ] 
[ building ] [ target/debs/trixie/sonic-mgmt-common_1.0.0_amd64.deb-install ] 
[ finished ] [ target/debs/trixie/sonic-mgmt-common_1.0.0_amd64.deb-install ] 
[ building ] [ target/debs/trixie/sonic-mgmt-common-codegen_1.0.0_amd64.deb-install ] 
[ finished ] [ target/debs/trixie/sonic-mgmt-common-codegen_1.0.0_amd64.deb-install ] 
[ building ] [ target/debs/trixie/sonic-mgmt-framework_1.0-01_amd64.deb ] 
[ finished ] [ target/debs/trixie/openssh-server_10.0p1-7_amd64.deb ] 
[ finished ] [ target/debs/trixie/libteam5_1.31-1_amd64.deb ] 
[ building ] [ target/debs/trixie/libteamdctl0_1.31-1_amd64.deb ] 
[ finished ] [ target/debs/trixie/libteamdctl0_1.31-1_amd64.deb ] 
[ building ] [ target/debs/trixie/libteam5_1.31-1_amd64.deb-install ] 
[ building ] [ target/debs/trixie/libteam-dev_1.31-1_amd64.deb ] 
[ finished ] [ target/debs/trixie/libteam-dev_1.31-1_amd64.deb ] 
[ building ] [ target/debs/trixie/libteam-utils_1.31-1_amd64.deb ] 
[ finished ] [ target/debs/trixie/libteam-utils_1.31-1_amd64.deb ] 
[ finished ] [ target/debs/trixie/libteam5_1.31-1_amd64.deb-install ] 
[ building ] [ target/debs/trixie/libteamdctl0_1.31-1_amd64.deb-install ] 
[ finished ] [ target/debs/trixie/libteamdctl0_1.31-1_amd64.deb-install ] 
[ building ] [ target/debs/trixie/libteam-dev_1.31-1_amd64.deb-install ] 
[ building ] [ target/debs/trixie/libteam-utils_1.31-1_amd64.deb-install ] 
[ finished ] [ target/debs/trixie/libteam-dev_1.31-1_amd64.deb-install ] 
[ finished ] [ target/debs/trixie/libteam-utils_1.31-1_amd64.deb-install ] 
[ finished ] [ target/docker-base-trixie.gz ] 
[ building ] [ target/docker-base-trixie.gz-load ] 
[ finished ] [ target/docker-base-trixie.gz-load ] 
[ finished ] [ target/debs/trixie/sonic-mgmt-framework_1.0-01_amd64.deb ] 
[ finished ] [ target/debs/trixie/libswsscommon_1.0.0_amd64.deb ] 
[ building ] [ target/debs/trixie/python3-swsscommon_1.0.0_amd64.deb ] 
[ finished ] [ target/debs/trixie/python3-swsscommon_1.0.0_amd64.deb ] 
[ building ] [ target/debs/trixie/sonic-db-cli_1.0.0_amd64.deb ] 
[ finished ] [ target/debs/trixie/sonic-db-cli_1.0.0_amd64.deb ] 
[ building ] [ target/debs/trixie/libswsscommon-dev_1.0.0_amd64.deb ] 
[ finished ] [ target/debs/trixie/libswsscommon-dev_1.0.0_amd64.deb ] 
[ building ] [ target/debs/trixie/libswsscommon_1.0.0_amd64.deb-install ] 
[ finished ] [ target/debs/trixie/libswsscommon_1.0.0_amd64.deb-install ] 
[ building ] [ target/debs/trixie/libswsscommon-dev_1.0.0_amd64.deb-install ] 
[ building ] [ target/debs/trixie/python3-swsscommon_1.0.0_amd64.deb-install ] 
[ finished ] [ target/debs/trixie/libswsscommon-dev_1.0.0_amd64.deb-install ] 
[ building ] [ target/debs/trixie/sonic-eventd_1.0.0-0_amd64.deb ] 
[ building ] [ target/debs/trixie/sonic-ctrmgrd-rs_1.0.0_amd64.deb ] 
[ finished ] [ target/debs/trixie/python3-swsscommon_1.0.0_amd64.deb-install ] 
[ building ] [ target/debs/trixie/sonic-host-services-rs_1.0.0_amd64.deb ] 
[ building ] [ target/debs/trixie/syslog-counter_1.0.0_amd64.deb ] 
[ building ] [ target/debs/trixie/sonic-supervisord-utilities-rs_1.0.0_amd64.deb ] 
[ finished ] [ target/debs/trixie/sonic-eventd_1.0.0-0_amd64.deb ] 
[ finished ] [ target/debs/trixie/grub2-common_2.06-13+deb13u1_amd64.deb ] 
[ building ] [ target/debs/trixie/sonic-bmp_0.1_amd64.deb ] 
[ finished ] [ target/debs/trixie/sonic-supervisord-utilities-rs_1.0.0_amd64.deb ] 
[ building ] [ target/debs/trixie/dash-ha_1.0.0_amd64.deb ] 
[ finished ] [ target/debs/trixie/sonic-host-services-rs_1.0.0_amd64.deb ] 
[ finished ] [ target/debs/trixie/syslog-counter_1.0.0_amd64.deb ] 
[ building ] [ target/debs/trixie/stp_1.0.0_amd64.deb ] 
[ building ] [ target/debs/trixie/sonic-gnmi_0.1_amd64.deb ] 
[ finished ] [ target/debs/trixie/stp_1.0.0_amd64.deb ] 
[ building ] [ target/debs/trixie/sonic-linkmgrd_1.0.0-1_amd64.deb ] 
[ finished ] [ target/debs/trixie/sonic-ctrmgrd-rs_1.0.0_amd64.deb ] 
[ finished ] [ target/debs/trixie/isc-dhcp-relay_4.4.3-P1-2_amd64.deb ] 
[ building ] [ target/debs/trixie/sysmgr_1.0.0_amd64.deb ] 
[ finished ] [ target/debs/trixie/sonic-linkmgrd_1.0.0-1_amd64.deb ] 
[ building ] [ target/debs/trixie/sonic-dhcpmon_1.0.0-0_amd64.deb ] 
[ finished ] [ target/debs/trixie/sonic-bmp_0.1_amd64.deb ] 
[ finished ] [ target/debs/trixie/sonic-dhcpmon_1.0.0-0_amd64.deb ] 
[ finished ] [ target/debs/trixie/sonic-gnmi_0.1_amd64.deb ] 
[ building ] [ target/debs/trixie/sonic-dhcp4relay_1.0.0-0_amd64.deb ] 
[ building ] [ target/debs/trixie/sonic-dhcp6relay_1.0.0-0_amd64.deb ] 
[ building ] [ target/debs/trixie/wpasupplicant_2.9.0-14_amd64.deb ] 
[ building ] [ target/sonic-vs.bin__vs__rfs.squashfs ] 
[ finished ] [ target/debs/trixie/sonic-dhcp4relay_1.0.0-0_amd64.deb ] 
[ finished ] [ target/debs/trixie/sysmgr_1.0.0_amd64.deb ] 
[ finished ] [ target/debs/trixie/wpasupplicant_2.9.0-14_amd64.deb ] 
[ finished ] [ target/debs/trixie/sonic-dhcp6relay_1.0.0-0_amd64.deb ] 
[ building ] [ target/debs/trixie/sonic-rsyslog-plugin_1.0.0-0_amd64.deb ] 
[ finished ] [ target/debs/trixie/sonic-rsyslog-plugin_1.0.0-0_amd64.deb ] 
[ building ] [ target/python-wheels/trixie/sonic_py_common-1.0-py3-none-any.whl ] 
[ building ] [ target/debs/trixie/sonic-bmp_0.1_amd64.deb-install ] 
[ building ] [ target/debs/trixie/stp_1.0.0_amd64.deb-install ] 
[ finished ] [ target/debs/trixie/sonic-bmp_0.1_amd64.deb-install ] 
[ finished ] [ target/debs/trixie/stp_1.0.0_amd64.deb-install ] 
[ finished ] [ target/python-wheels/trixie/sonic_py_common-1.0-py3-none-any.whl ] 
[ building ] [ target/python-wheels/trixie/sonic_py_common-1.0-py3-none-any.whl-install ] 
[ finished ] [ target/python-wheels/trixie/sonic_py_common-1.0-py3-none-any.whl-install ] 
[ building ] [ target/python-wheels/trixie/sonic_config_engine-1.0-py3-none-any.whl ] 
[ building ] [ target/python-wheels/trixie/sonic_containercfgd-1.0-py3-none-any.whl ] 
[ building ] [ target/python-wheels/trixie/sonic_supervisord_utilities-1.0-py3-none-any.whl ] 
[ building ] [ target/python-wheels/trixie/sonic_d-2.0.0-py3-none-any.whl ] 
[ building ] [ target/python-wheels/trixie/sonic_ledd-1.1-py3-none-any.whl ] 
/sonic/src/sonic-dash-ha /sonic
Removing patch ../sonic-dash-ha.patch/0001-build-use-relative-path-when-building-cargo-dependen.patch
Restoring Cargo.toml

No patches applied
/sonic
[ finished ] [ target/debs/trixie/dash-ha_1.0.0_amd64.deb ] 
[ building ] [ target/python-wheels/trixie/sonic_pcied-1.0-py3-none-any.whl ] 
[ finished ] [ target/python-wheels/trixie/sonic_d-2.0.0-py3-none-any.whl ] 
[ building ] [ target/python-wheels/trixie/sonic_stormond-1.0-py3-none-any.whl ] 
[ finished ] [ target/python-wheels/trixie/sonic_containercfgd-1.0-py3-none-any.whl ] 
[ building ] [ target/python-wheels/trixie/sonic_dhcp_utilities-1.0-py3-none-any.whl ] 
[ finished ] [ target/python-wheels/trixie/sonic_ledd-1.1-py3-none-any.whl ] 
[ building ] [ target/python-wheels/trixie/sonic_ctrmgrd-1.0.0-py3-none-any.whl ] 
[ finished ] [ target/python-wheels/trixie/sonic_pcied-1.0-py3-none-any.whl ] 
[ finished ] [ target/python-wheels/trixie/sonic_config_engine-1.0-py3-none-any.whl ] 
[ building ] [ target/python-wheels/trixie/sonic_config_engine-1.0-py3-none-any.whl-install ] 
[ finished ] [ target/python-wheels/trixie/sonic_supervisord_utilities-1.0-py3-none-any.whl ] 
[ building ] [ target/docker-config-engine-trixie.gz ] 
[ finished ] [ target/python-wheels/trixie/sonic_config_engine-1.0-py3-none-any.whl-install ] 
[ building ] [ target/python-wheels/trixie/sonic_platform_common-1.0-py3-none-any.whl ] 
[ building ] [ target/python-wheels/trixie/sonic_bgpcfgd-1.0-py3-none-any.whl ] 
[ finished ] [ target/python-wheels/trixie/sonic_stormond-1.0-py3-none-any.whl ] 
[ building ] [ target/python-wheels/trixie/sonic_frr_mgmt_framework-1.0-py3-none-any.whl ] 
[ finished ] [ target/python-wheels/trixie/sonic_dhcp_utilities-1.0-py3-none-any.whl ] 
[ building ] [ target/python-wheels/trixie/system_health-1.0-py3-none-any.whl ] 
[ finished ] [ target/debs/trixie/p4lang-bmv2_1.15.0-9_amd64.deb ] 
[ finished ] [ target/python-wheels/trixie/sonic_ctrmgrd-1.0.0-py3-none-any.whl ] 
[ building ] [ target/debs/trixie/p4lang-bmv2_1.15.0-9_amd64.deb-install ] 
[ finished ] [ target/debs/trixie/p4lang-bmv2_1.15.0-9_amd64.deb-install ] 
[ building ] [ target/debs/trixie/p4lang-p4c_1.2.4.2-2_amd64.deb ] 
[ finished ] [ target/python-wheels/trixie/sonic_platform_common-1.0-py3-none-any.whl ] 
[ building ] [ target/python-wheels/trixie/sonic_platform_common-1.0-py3-none-any.whl-install ] 
[ finished ] [ target/python-wheels/trixie/sonic_bgpcfgd-1.0-py3-none-any.whl ] 
[ finished ] [ target/python-wheels/trixie/sonic_frr_mgmt_framework-1.0-py3-none-any.whl ] 
[ finished ] [ target/python-wheels/trixie/sonic_platform_common-1.0-py3-none-any.whl-install ] 
[ building ] [ target/python-wheels/trixie/sonic_utilities-1.2-py3-none-any.whl ] 
[ building ] [ target/python-wheels/trixie/sonic_psud-1.0-py3-none-any.whl ] 
[ building ] [ target/python-wheels/trixie/sonic_syseepromd-1.0-py3-none-any.whl ] 
[ building ] [ target/python-wheels/trixie/sonic_thermalctld-1.0-py3-none-any.whl ] 
[ finished ] [ target/python-wheels/trixie/system_health-1.0-py3-none-any.whl ] 
[ building ] [ target/python-wheels/trixie/sonic_sensormond-1.0-py3-none-any.whl ] 
[ finished ] [ target/python-wheels/trixie/sonic_psud-1.0-py3-none-any.whl ] 
[ building ] [ target/python-wheels/trixie/sonic_xcvrd-1.0-py3-none-any.whl ] 
[ finished ] [ target/python-wheels/trixie/sonic_syseepromd-1.0-py3-none-any.whl ] 
[ building ] [ target/python-wheels/trixie/sonic_ycabled-1.0-py3-none-any.whl ] 
[ finished ] [ target/python-wheels/trixie/sonic_thermalctld-1.0-py3-none-any.whl ] 
[ building ] [ target/python-wheels/trixie/sonic_chassisd-1.0-py3-none-any.whl ] 
[ finished ] [ target/python-wheels/trixie/sonic_sensormond-1.0-py3-none-any.whl ] 
[ building ] [ target/python-wheels/trixie/sonic_bmcctld-1.0-py3-none-any.whl ] 
[ finished ] [ target/python-wheels/trixie/sonic_utilities-1.2-py3-none-any.whl ] 
[ building ] [ target/python-wheels/trixie/asyncsnmp-2.1.0-py3-none-any.whl ] 
[ finished ] [ target/python-wheels/trixie/sonic_xcvrd-1.0-py3-none-any.whl ] 
[ building ] [ target/python-wheels/trixie/sonic_utilities-1.2-py3-none-any.whl-install ] 
[ finished ] [ target/python-wheels/trixie/sonic_ycabled-1.0-py3-none-any.whl ] 
[ finished ] [ target/python-wheels/trixie/sonic_chassisd-1.0-py3-none-any.whl ] 
[ finished ] [ target/python-wheels/trixie/sonic_utilities-1.2-py3-none-any.whl-install ] 
[ building ] [ target/debs/trixie/sonic-utilities-data_1.0-1_all.deb ] 
[ building ] [ target/python-wheels/trixie/sonic_bmpcfgd_services-1.0-py3-none-any.whl ] 
[ building ] [ target/python-wheels/trixie/sonic_host_services-1.0-py3-none-any.whl ] 
[ finished ] [ target/python-wheels/trixie/sonic_bmcctld-1.0-py3-none-any.whl ] 
[ finished ] [ target/python-wheels/trixie/asyncsnmp-2.1.0-py3-none-any.whl ] 
[ finished ] [ target/debs/trixie/sonic-utilities-data_1.0-1_all.deb ] 
[ finished ] [ target/python-wheels/trixie/sonic_bmpcfgd_services-1.0-py3-none-any.whl ] 
[ finished ] [ target/python-wheels/trixie/sonic_host_services-1.0-py3-none-any.whl ] 
[ finished ] [ target/sonic-vs.bin__vs__rfs.squashfs ] 
[ finished ] [ target/docker-config-engine-trixie.gz ] 
[ building ] [ target/docker-config-engine-trixie.gz-load ] 
[ finished ] [ target/docker-config-engine-trixie.gz-load ] 
[ building ] [ target/docker-bmp-watchdog.gz ] 
[ building ] [ target/docker-sonic-bmp.gz ] 
[ building ] [ target/docker-database.gz ] 
[ building ] [ target/docker-eventd.gz ] 
[ building ] [ target/docker-gnmi-sidecar.gz ] 
[ building ] [ target/docker-gnmi-watchdog.gz ] 
[ building ] [ target/docker-sonic-gnmi.gz ] 
[ finished ] [ target/docker-gnmi-sidecar.gz ] 
[ building ] [ target/docker-lldp.gz ] 
[ finished ] [ target/docker-sonic-bmp.gz ] 
[ building ] [ target/docker-mux.gz ] 
[ finished ] [ target/docker-gnmi-watchdog.gz ] 
[ building ] [ target/docker-sonic-otel.gz ] 
[ finished ] [ target/docker-eventd.gz ] 
[ finished ] [ target/docker-sonic-gnmi.gz ] 
[ building ] [ target/docker-platform-monitor.gz ] 
[ building ] [ target/docker-restapi-sidecar.gz ] 
[ finished ] [ target/docker-bmp-watchdog.gz ] 
[ building ] [ target/docker-router-advertiser.gz ] 
[ finished ] [ target/docker-database.gz ] 
[ building ] [ target/docker-snmp.gz ] 
[ finished ] [ target/docker-mux.gz ] 
[ building ] [ target/docker-sonic-mgmt-framework.gz ] 
[ finished ] [ target/docker-lldp.gz ] 
[ building ] [ target/docker-sysmgr.gz ] 
[ finished ] [ target/docker-restapi-sidecar.gz ] 
[ building ] [ target/docker-dhcp-relay.gz ] 
[ finished ] [ target/docker-router-advertiser.gz ] 
[ finished ] [ target/docker-sonic-otel.gz ] 
[ finished ] [ target/docker-sysmgr.gz ] 
[ finished ] [ target/docker-snmp.gz ] 
[ finished ] [ target/docker-sonic-mgmt-framework.gz ] 
[ finished ] [ target/docker-dhcp-relay.gz ] 
[ finished ] [ target/docker-platform-monitor.gz ] 
[ finished ] [ target/debs/trixie/p4lang-p4c_1.2.4.2-2_amd64.deb ] 
[ building ] [ target/debs/trixie/p4lang-p4c_1.2.4.2-2_amd64.deb-install ] 
[ finished ] [ target/debs/trixie/p4lang-p4c_1.2.4.2-2_amd64.deb-install ] 
[ building ] [ target/debs/trixie/libsai_1.0.0_amd64.deb ] 
[ finished ] [ target/debs/trixie/libsai_1.0.0_amd64.deb ] 
[ building ] [ target/debs/trixie/libsai_1.0.0_amd64.deb-install ] 
[ finished ] [ target/debs/trixie/libsai_1.0.0_amd64.deb-install ] 
[ building ] [ target/debs/trixie/libsairedis_1.0.0_amd64.deb ] 
[ finished ] [ target/debs/trixie/libsairedis_1.0.0_amd64.deb ] 
[ building ] [ target/debs/trixie/libsairedis-dev_1.0.0_amd64.deb ] 
[ finished ] [ target/debs/trixie/libsairedis-dev_1.0.0_amd64.deb ] 
[ building ] [ target/debs/trixie/libsaimetadata_1.0.0_amd64.deb ] 
[ finished ] [ target/debs/trixie/libsaimetadata_1.0.0_amd64.deb ] 
[ building ] [ target/debs/trixie/libsairedis_1.0.0_amd64.deb-install ] 
[ building ] [ target/debs/trixie/syncd-vs_1.0.0_amd64.deb ] 
[ finished ] [ target/debs/trixie/syncd-vs_1.0.0_amd64.deb ] 
[ building ] [ target/debs/trixie/libsaimetadata-dev_1.0.0_amd64.deb ] 
[ finished ] [ target/debs/trixie/libsaimetadata-dev_1.0.0_amd64.deb ] 
[ building ] [ target/debs/trixie/libsaivs_1.0.0_amd64.deb ] 
[ finished ] [ target/debs/trixie/libsaivs_1.0.0_amd64.deb ] 
[ finished ] [ target/debs/trixie/libsairedis_1.0.0_amd64.deb-install ] 
[ building ] [ target/docker-syncd-vs.gz ] 
[ building ] [ target/docker-gbsyncd-vs.gz ] 
[ building ] [ target/debs/trixie/libsaivs-dev_1.0.0_amd64.deb ] 
[ finished ] [ target/debs/trixie/libsaivs-dev_1.0.0_amd64.deb ] 
[ building ] [ target/debs/trixie/libsairedis-dev_1.0.0_amd64.deb-install ] 
[ building ] [ target/debs/trixie/libsaimetadata_1.0.0_amd64.deb-install ] 
[ finished ] [ target/debs/trixie/libsairedis-dev_1.0.0_amd64.deb-install ] 
[ finished ] [ target/debs/trixie/libsaimetadata_1.0.0_amd64.deb-install ] 
[ building ] [ target/debs/trixie/libsaimetadata-dev_1.0.0_amd64.deb-install ] 
[ building ] [ target/debs/trixie/libsaivs_1.0.0_amd64.deb-install ] 
[ finished ] [ target/debs/trixie/libsaimetadata-dev_1.0.0_amd64.deb-install ] 
[ finished ] [ target/debs/trixie/libsaivs_1.0.0_amd64.deb-install ] 
[ building ] [ target/debs/trixie/libsaivs-dev_1.0.0_amd64.deb-install ] 
[ finished ] [ target/debs/trixie/libsaivs-dev_1.0.0_amd64.deb-install ] 
[ building ] [ target/debs/trixie/swss_1.0.0_amd64.deb ] 
[ finished ] [ target/docker-syncd-vs.gz ] 
[ finished ] [ target/docker-gbsyncd-vs.gz ] 
/sonic/src/sonic-swss /sonic
Removing patch ../sonic-swss.patch/0002-Remove-lock-option-when-cargo-build.patch
Restoring debian/rules

Removing patch ../sonic-swss.patch/0001-build-use-relative-path-when-building-cargo-dependen.patch
Restoring Cargo.toml

No patches applied
/sonic
[ finished ] [ target/debs/trixie/swss_1.0.0_amd64.deb ] 
[ building ] [ target/docker-swss-layer-trixie.gz ] 
[ finished ] [ target/docker-swss-layer-trixie.gz ] 
[ building ] [ target/docker-swss-layer-trixie.gz-load ] 
[ finished ] [ target/docker-swss-layer-trixie.gz-load ] 
[ building ] [ target/docker-dash-ha.gz ] 
[ building ] [ target/docker-fpm-frr.gz ] 
[ building ] [ target/docker-nat.gz ] 
[ building ] [ target/docker-orchagent.gz ] 
[ building ] [ target/docker-sflow.gz ] 
[ building ] [ target/docker-teamd.gz ] 
[ building ] [ target/docker-macsec.gz ] 
[ finished ] [ target/docker-dash-ha.gz ] 
[ finished ] [ target/docker-nat.gz ] 
[ finished ] [ target/docker-sflow.gz ] 
[ finished ] [ target/docker-teamd.gz ] 
[ finished ] [ target/docker-fpm-frr.gz ] 
[ finished ] [ target/docker-macsec.gz ] 
[ finished ] [ target/docker-orchagent.gz ] 
basename: missing operand
Try 'basename --help' for more information.
[ building ] [ target/sonic-vs.bin ] 
[ finished ] [ target/sonic-vs.bin ] 
