ID						RECLAIMABLE	SIZE		LAST ACCESSED
o7y8n4alyb0svyre5h2chjon4*              	true 		8.192kB   	About an hour ago
u71zl9jxxrykher75n1xs7d52*              	true 	4.096kB   	About an hour ago
jel63x1rzi1trjga0fp61rko2*              	true 	340kB     	About an hour ago
hx4gza8icwl85zbk56j240rwx*              	true 	8.192kB   	About an hour ago
70olkc800oqta30slhqou8lu5               	true 	17.4kB    	About an hour ago
pyxg4miuek6tl1b7vn3ln0dw1               	true 	24.86kB   	About an hour ago
hpz7y1xgq49dne1940vaqsuao               	true 	24.84kB   	About an hour ago
71ybjxini605vjdbpay26yttd               	true 	29.5kB    	About an hour ago
pkbptadrgcel5letpl9g2i129               	true 	60.43kB   	About an hour ago
oj5o6dv4vodtu35xoyye2or3k               	true 	29.5kB    	About an hour ago
ft622l3rt04j3c8id27q9awa5               	true 	8.271kB   	About an hour ago
m095t7c06ag45lwtmnjh3voy6               	true 	23.67MB   	About an hour ago
n042er85ql7ci6lvvsn85t66z               	true 	162.2kB   	About an hour ago
m3h2dzxzgqaury66uq89p3nsb               	true 	36.9kB    	About an hour ago
t0ybitpct3png3lzosez3elb7               	true 	30.01kB   	About an hour ago
otv0vs6n3inzn9tmtx6zweh2d               	true 	3.712MB   	About an hour ago
zbx4xwkpfmvim4wm4d1f7gisg               	true 	26MB      	About an hour ago
03n974gxc7gzhur3kxbcynods               	true 	238.2MB   	About an hour ago
lsj9yonnztoz8bx1qdcbv9wl3               	true 	1.636GB   	About an hour ago
bdwtj6wdamyt2m6uswyinj9tk               	true 	9.916MB   	About an hour ago
4ucjz4t83ptjbzoxzuhbh2a2s               	true 	13.65MB   	About an hour ago
pgmbwf4izfj6m8xvdso6lp2i4               	true 	340.6kB   	About an hour ago
p0osvw4pdrhd5i0p39v8hg4jf               	true 	222.7kB   	About an hour ago
oozwwi95b4d9awsk5tvymijb3               	true 	12.08MB   	About an hour ago
vp3t6rqnu871ko3ikvxqqcckr               	true 	111.7kB   	About an hour ago
97jxx7sq68wquobwhua0el8jk               	true 	25.17kB   	About an hour ago
iyavc9xlxtbe9n26sb39pzi5c               	true 	626.6MB   	About an hour ago
gwrysk7xj851hnphkwxqvj5mv               	true 	540.6kB   	About an hour ago
y7nkrq1jufwq2fuyngjaa8926               	true 	33.09kB   	About an hour ago
pa6c1qo13awcxz6vajic5z6gn               	true 	33.07kB   	About an hour ago
lv45gv0nrz1m5zr8ax8fdtf5t               	true 	28.97kB   	About an hour ago
6svaubmg2f0xrcdaegi5fdnll               	true 	105.8kB   	About an hour ago
y8grgezttugoqnnmag16r6ws5               	true 	13.59MB   	About an hour ago
2l8fp9h3cnr9rcx6573l3w46n               	true 	210.8MB   	About an hour ago
yck5nxn18q2ojgmnwxkktoxyr               	true 	6.368MB   	About an hour ago
uad9hz8v06boq9ar9ic9f34nv               	true 	17.3MB    	About an hour ago
i6jccca3purmb2202zd2x0wt8               	true 	79.61MB   	About an hour ago
o0ea2hw2vro4pfk7eqxplhgky               	true 	86.05kB   	About an hour ago
rzjp5vxoafpfh2w90dvhnyber               	true 	86.05kB   	About an hour ago
z6apkp6fehqdspwjtvz4om9vk               	true 	1.037MB   	About an hour ago
wxk1dd92ko2m44zu7qagr6mxd               	true 	590.8kB   	About an hour ago
8o49wlpdpjw6dmy9xxisgrwvh               	true 	12.32kB   	About an hour ago
dtfn4jwugfqu4y453m8he5o0f               	true 	2.122MB   	About an hour ago
sei1hhxqh5wpz9g0pea65qatw               	true 	306.7kB   	About an hour ago
vddeqkyvmsx06iclzr4hi5u9d               	true 	12.32kB   	About an hour ago
6jquqwj622p7kbnqdqi0i8jd5               	true 	8.398MB   	About an hour ago
c15itb6q64zx2gw3d97upntdd               	true 	53.49kB   	About an hour ago
46w39zwxtsod66czlqayv8v77               	true 	7.289MB   	About an hour ago
tar276zpfec9dz25cgs9pg750               	true 	1.534MB   	About an hour ago
19aixf10qm3wbpzc0gi8bator               	true 	4.498MB   	About an hour ago
wf5482rw4tdgbqums6ahwp5v4               	true 	12.32kB   	About an hour ago
8e6fb9w3bq4y2iqvqf5k9yt2c               	true 	4.903MB   	About an hour ago
qvxgl7y6qhjmm4tx1b8h9anee               	true 	942.1kB   	About an hour ago
ob6vw25lmr5hwibphxo4avc40               	true 	283.1kB   	About an hour ago
oyeckc2kpis51t1654ybil67u               	true 	75.08MB   	About an hour ago
pao0f7or02ed9o5hd77p7jisr               	true 	4.124MB   	About an hour ago
mawr5obgj24tzgmag9mmz7x6z               	true 	815.2kB   	About an hour ago
b1v7om8groj7qybjr1eje6v60               	true 	395.6MB   	About an hour ago
uvxhbodvn1xa4j61hx5oe1ryq               	true 	392.5MB   	About an hour ago
5svjf7wv00gy0rl52mrq0zotl               	true 	147.8MB   	About an hour ago
uxkexbx6obsfcgl6opjrq0gwt               	true 	33.28kB   	About an hour ago
mub7yyv93xeprs8xlff9wg6ld               	true 	33.27kB   	About an hour ago
9sb40fdm5tt3bobv373hvaa0p               	true 	29.17kB   	About an hour ago
lukchn7k94a5zpn22n4uhb4bs               	true 	59.58MB   	About an hour ago
q58uut5u2jskhp395l9iv4vhh               	true 	446.8MB   	About an hour ago
6g4d3vux3bpt7hkigmbdd4ik4               	true 	9.373GB   	About an hour ago
gxigybxfeapd1lcdgpu7ajyga               	true 	12.46kB   	About an hour ago
crk7dtjlv3bf1li2y6wnlmmp7               	true 	101.2MB   	About an hour ago
jfpfl63t5v4s5hkw380irinw4               	true 	646.7kB   	About an hour ago
izptfwfmr2z7cz1nnhdmhl3ll               	true 	413.8kB   	About an hour ago
t836k80ll2ku3ovvx8k4punr3               	true 	20.65kB   	About an hour ago
5cevpu2sevgaa9mgru1xde5fv               	true 	389.1kB   	About an hour ago
9blywgku3xx0d3ea6hpvbmrgp               	true 	20.83kB   	About an hour ago
43coh2kb5epuziyp4sul8asr2               	true 	29.04kB   	About an hour ago
ghxpyoqr3elwln60488bctvrc               	true 	28.99kB   	About an hour ago
Total:	13.95GB
