Entering 'platform/alpinevs'
Entering 'platform/alpinevs/src/libsai-grpc/lemming'
Entering 'platform/aspeed/sonic-platform-modules-arista'
Entering 'platform/barefoot/sonic-platform-modules-arista'
Entering 'platform/broadcom/saibcm-modules'
Entering 'platform/broadcom/saibcm-modules-dnx'
Entering 'platform/broadcom/sonic-platform-modules-arista'
Entering 'platform/broadcom/sonic-platform-modules-nokia'
Entering 'platform/broadcom/sonic-platform-modules-nokia/mackinac/fmt'
Entering 'platform/marvell-prestera/mrvl-prestera'
Entering 'platform/marvell-prestera/sonic-platform-marvell'
Entering 'platform/marvell-teralynx/mrvl-teralynx'
Entering 'platform/marvell-teralynx/sonic-platform-marvell-teralynx'
Entering 'platform/mellanox/hw-management/hw-mgmt'
Entering 'platform/p4/SAI-P4-BM'
Entering 'platform/p4/SAI-P4-BM/p4-switch/behavioral-model'
Entering 'platform/p4/p4-hlir/p4-hlir'
Entering 'platform/p4/p4-hlir/p4-hlir-v1.1'
Entering 'platform/p4/p4c-bm/p4c-bm'
Entering 'platform/vpp'
Entering 'sonic_rules'
Entering 'src/dhcpmon'
Entering 'src/dhcprelay'
Removing sonic-dhcp4relay_1.0.0-0_amd64.buildinfo
Removing sonic-dhcp4relay_1.0.0-0_amd64.changes
Removing sonic-dhcp6relay_1.0.0-0_amd64.buildinfo
Removing sonic-dhcp6relay_1.0.0-0_amd64.changes
Entering 'src/dhcprelay/gmock_global'
Entering 'src/linkmgrd'
Removing linkmgrd-test-result.css
Removing src/link_prober/LinkProberBase.d
Removing src/link_prober/LinkProberHw.d
Removing src/link_prober/LinkProberSw.d
Entering 'src/ptf'
Entering 'src/ptf-py3'
Entering 'src/redis-dump-load'
Removing build/
Removing dist/
Removing redis_dump_load.egg-info/
Entering 'src/scapy'
Removing build/
Removing dist/
Removing scapy.egg-info/
Removing scapy/__pycache__/
Entering 'src/sonic-bmp'
Removing deb_package/debPackageConfig.cmake
Removing deb_package/debPackageSourceConfig.cmake
Entering 'src/sonic-dash-api'
Removing misc/pypkg/dash_api/_utils.so
Removing misc/pypkg/dash_api/acl_group_pb2.pyi
Removing misc/pypkg/dash_api/acl_in_pb2.pyi
Removing misc/pypkg/dash_api/acl_out_pb2.pyi
Removing misc/pypkg/dash_api/acl_rule_pb2.pyi
Removing misc/pypkg/dash_api/appliance_pb2.pyi
Removing misc/pypkg/dash_api/eni_pb2.pyi
Removing misc/pypkg/dash_api/eni_route_pb2.pyi
Removing misc/pypkg/dash_api/ha_scope_config_pb2.pyi
Removing misc/pypkg/dash_api/ha_scope_pb2.pyi
Removing misc/pypkg/dash_api/ha_scope_state_pb2.pyi
Removing misc/pypkg/dash_api/ha_set_config_pb2.pyi
Removing misc/pypkg/dash_api/ha_set_pb2.pyi
Removing misc/pypkg/dash_api/ha_set_state_pb2.pyi
Removing misc/pypkg/dash_api/meter_pb2.pyi
Removing misc/pypkg/dash_api/meter_policy_pb2.pyi
Removing misc/pypkg/dash_api/meter_rule_pb2.pyi
Removing misc/pypkg/dash_api/outbound_port_map_pb2.pyi
Removing misc/pypkg/dash_api/outbound_port_map_range_pb2.pyi
Removing misc/pypkg/dash_api/pa_validation_pb2.pyi
Removing misc/pypkg/dash_api/prefix_tag_pb2.pyi
Removing misc/pypkg/dash_api/qos_pb2.pyi
Removing misc/pypkg/dash_api/route_group_pb2.pyi
Removing misc/pypkg/dash_api/route_pb2.pyi
Removing misc/pypkg/dash_api/route_rule_pb2.pyi
Removing misc/pypkg/dash_api/route_type_pb2.pyi
Removing misc/pypkg/dash_api/routing_appliance_pb2.pyi
Removing misc/pypkg/dash_api/tunnel_pb2.pyi
Removing misc/pypkg/dash_api/types_pb2.pyi
Removing misc/pypkg/dash_api/utils.py
Removing misc/pypkg/dash_api/vnet_mapping_pb2.pyi
Removing misc/pypkg/dash_api/vnet_pb2.pyi
Removing misc/tests/test
Entering 'src/sonic-dash-ha'
Removing target/
Entering 'src/sonic-dash-ha/crates/sonic-dash-api-proto/sonic-dash-api'
Entering 'src/sonic-dbsyncd'
Removing .coverage
Removing .pytest_cache/
Removing build/
Removing coverage.xml
Removing dist/
Removing htmlcov/
Removing sonic_d.egg-info/
Removing src/lldp_syncd/__pycache__/
Removing src/sonic_syncd/__pycache__/
Removing test-results.xml
Removing tests/__pycache__/
Removing tests/mock_tables/__pycache__/
Entering 'src/sonic-frr/frr'
Removing Makefile.in
Removing aclocal.m4
Removing autom4te.cache/
Removing build/
Removing config.h.in
Removing configure
Removing debian/.debhelper/
Removing debian/autoreconf.after
Removing debian/autoreconf.before
Removing debian/debhelper-build-stamp
Removing debian/files
Removing debian/frr-doc.debhelper.log
Removing debian/frr-doc.substvars
Removing debian/frr-doc/
Removing debian/frr-pythontools.debhelper.log
Removing debian/frr-pythontools.substvars
Removing debian/frr-pythontools/
Removing debian/frr-snmp.debhelper.log
Removing debian/frr-snmp.substvars
Removing debian/frr-snmp/
Removing debian/frr-test-tools.debhelper.log
Removing debian/frr-test-tools.substvars
Removing debian/frr-test-tools/
Removing debian/frr.debhelper.log
Removing debian/frr.init
Removing debian/frr.postinst.debhelper
Removing debian/frr.postrm.debhelper
Removing debian/frr.service
Removing debian/frr.substvars
Removing debian/frr/
Removing debian/frr@.service
Removing debian/tmp/
Removing m4/ac/
Removing m4/libtool.m4
Removing m4/ltoptions.m4
Removing m4/ltsugar.m4
Removing m4/ltversion.m4
Removing m4/lt~obsolete.m4
Removing python/__pycache__/
Removing python/clippy/__pycache__/
Removing zebra/dplane_fpm_sonic.c
Entering 'src/sonic-genl-packet'
Entering 'src/sonic-gnmi'
Removing swsscommon/swsscommon.go
Removing swsscommon/swsscommon.i
Removing swsscommon/swsscommon_wrap.cxx
Removing swsscommon/swsscommon_wrap.h
Entering 'src/sonic-host-services'
Removing sonic-host-services-data_1.0-1_amd64.buildinfo
Removing sonic-host-services-data_1.0-1_amd64.changes
Removing target/
Entering 'src/sonic-linux-kernel'
Removing linux-6.12.41/
Removing linux-image-6.12.41+deb13-sonic-amd64-dbg_6.12.41-1_amd64.deb
Removing linux-image-amd64-signed-template_6.12.41-1_amd64.deb
Removing linux-image-sonic-amd64-dbg_6.12.41-1_amd64.deb
Removing linux-kbuild-6.12.41+deb13-dbgsym_6.12.41-1_amd64.deb
Removing linux-libc-dev_6.12.41-1_all.deb
Removing linux-support-6.12.41+deb13_6.12.41-1_all.deb
Removing linux_6.12.41-1.debian.tar.xz
Removing linux_6.12.41-1.dsc
Removing linux_6.12.41-1_amd64.buildinfo
Removing linux_6.12.41-1_amd64.changes
Removing linux_6.12.41.orig.tar.xz
Entering 'src/sonic-mgmt-common'
Removing build/
Removing models/yang/allyangs.tree
Removing models/yang/allyangs_tree.html
Removing models/yang/sonic_allyangs.tree
Removing models/yang/sonic_allyangs_tree.html
Removing translib/ocbinds/ocbinds.go
Entering 'src/sonic-mgmt-framework'
Removing tools/swagger_codegen/openapi-generator-cli-4.2.3.jar
Entering 'src/sonic-p4rt/sonic-pins'
Entering 'src/sonic-platform-common'
Removing .coverage
Removing .pytest_cache/
Removing __pycache__/
Removing build/
Removing coverage.xml
Removing dist/
Removing htmlcov/
Removing sonic_platform_base/__pycache__/
Removing sonic_platform_base/sonic_eeprom/__pycache__/
Removing sonic_platform_base/sonic_pcie/__pycache__/
Removing sonic_platform_base/sonic_sfp/__pycache__/
Removing sonic_platform_base/sonic_storage/__pycache__/
Removing sonic_platform_base/sonic_thermal_control/__pycache__/
Removing sonic_platform_base/sonic_xcvr/__pycache__/
Removing sonic_platform_base/sonic_xcvr/api/__pycache__/
Removing sonic_platform_base/sonic_xcvr/api/amphenol/__pycache__/
Removing sonic_platform_base/sonic_xcvr/api/bailly/__pycache__/
Removing sonic_platform_base/sonic_xcvr/api/broadcom/__pycache__/
Removing sonic_platform_base/sonic_xcvr/api/credo/__pycache__/
Removing sonic_platform_base/sonic_xcvr/api/hisense/__pycache__/
Removing sonic_platform_base/sonic_xcvr/api/innolight/__pycache__/
Removing sonic_platform_base/sonic_xcvr/api/public/__pycache__/
Removing sonic_platform_base/sonic_xcvr/cdb/__pycache__/
Removing sonic_platform_base/sonic_xcvr/codes/__pycache__/
Removing sonic_platform_base/sonic_xcvr/codes/amphenol/__pycache__/
Removing sonic_platform_base/sonic_xcvr/codes/bailly/__pycache__/
Removing sonic_platform_base/sonic_xcvr/codes/credo/__pycache__/
Removing sonic_platform_base/sonic_xcvr/codes/public/__pycache__/
Removing sonic_platform_base/sonic_xcvr/cpo/__pycache__/
Removing sonic_platform_base/sonic_xcvr/fields/__pycache__/
Removing sonic_platform_base/sonic_xcvr/fields/bailly/__pycache__/
Removing sonic_platform_base/sonic_xcvr/fields/public/__pycache__/
Removing sonic_platform_base/sonic_xcvr/mem_maps/__pycache__/
Removing sonic_platform_base/sonic_xcvr/mem_maps/amphenol/__pycache__/
Removing sonic_platform_base/sonic_xcvr/mem_maps/bailly/__pycache__/
Removing sonic_platform_base/sonic_xcvr/mem_maps/broadcom/__pycache__/
Removing sonic_platform_base/sonic_xcvr/mem_maps/credo/__pycache__/
Removing sonic_platform_base/sonic_xcvr/mem_maps/public/__pycache__/
Removing sonic_platform_base/sonic_xcvr/mem_maps/public/cmis/__pycache__/
Removing sonic_platform_base/sonic_xcvr/mem_maps/public/cmis/elsfp/__pycache__/
Removing sonic_platform_base/sonic_xcvr/mem_maps/public/cmis/elsfp/pages/__pycache__/
Removing sonic_platform_base/sonic_xcvr/mem_maps/public/cmis/pages/__pycache__/
Removing sonic_platform_base/sonic_xcvr/utils/__pycache__/
Removing sonic_platform_common.egg-info/
Removing test-results.xml
Removing tests/__pycache__/
Removing tests/mocked_libs/__pycache__/
Removing tests/sonic_xcvr/__pycache__/
Entering 'src/sonic-platform-daemons'
Removing sonic-bmcctld/.coverage
Removing sonic-bmcctld/.pytest_cache/
Removing sonic-bmcctld/build/
Removing sonic-bmcctld/coverage.xml
Removing sonic-bmcctld/dist/
Removing sonic-bmcctld/htmlcov/
Removing sonic-bmcctld/scripts/__pycache__/
Removing sonic-bmcctld/sonic_bmcctld.egg-info/
Removing sonic-bmcctld/test-results.xml
Removing sonic-bmcctld/tests/__pycache__/
Removing sonic-bmcctld/tests/mocked_libs/sonic_platform/__pycache__/
Removing sonic-bmcctld/tests/mocked_libs/sonic_py_common/__pycache__/
Removing sonic-bmcctld/tests/mocked_libs/swsscommon/__pycache__/
Removing sonic-chassisd/build/
Removing sonic-chassisd/dist/
Removing sonic-chassisd/sonic_chassisd.egg-info/
Removing sonic-ledd/.coverage
Removing sonic-ledd/.pytest_cache/
Removing sonic-ledd/build/
Removing sonic-ledd/coverage.xml
Removing sonic-ledd/dist/
Removing sonic-ledd/htmlcov/
Removing sonic-ledd/scripts/__pycache__/
Removing sonic-ledd/sonic_ledd.egg-info/
Removing sonic-ledd/test-results.xml
Removing sonic-ledd/tests/__pycache__/
Removing sonic-pcied/.coverage
Removing sonic-pcied/.pytest_cache/
Removing sonic-pcied/build/
Removing sonic-pcied/coverage.xml
Removing sonic-pcied/dist/
Removing sonic-pcied/htmlcov/
Removing sonic-pcied/scripts/__pycache__/
Removing sonic-pcied/sonic_pcied.egg-info/
Removing sonic-pcied/test-results.xml
Removing sonic-pcied/tests/__pycache__/
Removing sonic-pcied/tests/mocked_libs/sonic_platform/__pycache__/
Removing sonic-pcied/tests/mocked_libs/sonic_platform_base/__pycache__/
Removing sonic-pcied/tests/mocked_libs/sonic_platform_base/sonic_pcie/__pycache__/
Removing sonic-pcied/tests/mocked_libs/swsscommon/__pycache__/
Removing sonic-psud/.coverage
Removing sonic-psud/.pytest_cache/
Removing sonic-psud/build/
Removing sonic-psud/coverage.xml
Removing sonic-psud/dist/
Removing sonic-psud/htmlcov/
Removing sonic-psud/scripts/__pycache__/
Removing sonic-psud/sonic_psud.egg-info/
Removing sonic-psud/test-results.xml
Removing sonic-psud/tests/__pycache__/
Removing sonic-psud/tests/mocked_libs/sonic_platform/__pycache__/
Removing sonic-psud/tests/mocked_libs/swsscommon/__pycache__/
Removing sonic-sensormond/.coverage
Removing sonic-sensormond/.pytest_cache/
Removing sonic-sensormond/build/
Removing sonic-sensormond/coverage.xml
Removing sonic-sensormond/dist/
Removing sonic-sensormond/htmlcov/
Removing sonic-sensormond/scripts/__pycache__/
Removing sonic-sensormond/sonic_sensormond.egg-info/
Removing sonic-sensormond/test-results.xml
Removing sonic-sensormond/tests/__pycache__/
Removing sonic-sensormond/tests/mocked_libs/sonic_platform/__pycache__/
Removing sonic-stormond/.coverage
Removing sonic-stormond/.pytest_cache/
Removing sonic-stormond/build/
Removing sonic-stormond/coverage.xml
Removing sonic-stormond/dist/
Removing sonic-stormond/htmlcov/
Removing sonic-stormond/scripts/__pycache__/
Removing sonic-stormond/sonic_stormond.egg-info/
Removing sonic-stormond/test-results.xml
Removing sonic-stormond/tests/__pycache__/
Removing sonic-stormond/tests/mocked_libs/sonic_platform_base/__pycache__/
Removing sonic-stormond/tests/mocked_libs/sonic_platform_base/sonic_storage/__pycache__/
Removing sonic-stormond/tests/mocked_libs/swsscommon/__pycache__/
Removing sonic-syseepromd/.coverage
Removing sonic-syseepromd/.pytest_cache/
Removing sonic-syseepromd/build/
Removing sonic-syseepromd/coverage.xml
Removing sonic-syseepromd/dist/
Removing sonic-syseepromd/htmlcov/
Removing sonic-syseepromd/scripts/__pycache__/
Removing sonic-syseepromd/sonic_syseepromd.egg-info/
Removing sonic-syseepromd/test-results.xml
Removing sonic-syseepromd/tests/__pycache__/
Removing sonic-syseepromd/tests/mocked_libs/sonic_platform/__pycache__/
Removing sonic-syseepromd/tests/mocked_libs/swsscommon/__pycache__/
Removing sonic-thermalctld/.coverage
Removing sonic-thermalctld/.pytest_cache/
Removing sonic-thermalctld/build/
Removing sonic-thermalctld/coverage.xml
Removing sonic-thermalctld/dist/
Removing sonic-thermalctld/htmlcov/
Removing sonic-thermalctld/scripts/__pycache__/
Removing sonic-thermalctld/sonic_thermalctld.egg-info/
Removing sonic-thermalctld/test-results.xml
Removing sonic-thermalctld/tests/__pycache__/
Removing sonic-thermalctld/tests/mocked_libs/sonic_platform/__pycache__/
Removing sonic-thermalctld/tests/mocked_libs/swsscommon/__pycache__/
Removing sonic-xcvrd/.coverage
Removing sonic-xcvrd/.pytest_cache/
Removing sonic-xcvrd/build/
Removing sonic-xcvrd/coverage.xml
Removing sonic-xcvrd/dist/
Removing sonic-xcvrd/htmlcov/
Removing sonic-xcvrd/sonic_xcvrd.egg-info/
Removing sonic-xcvrd/test-results.xml
Removing sonic-xcvrd/tests/__pycache__/
Removing sonic-xcvrd/xcvrd/__pycache__/
Removing sonic-xcvrd/xcvrd/cmis/__pycache__/
Removing sonic-xcvrd/xcvrd/dom/__pycache__/
Removing sonic-xcvrd/xcvrd/dom/utilities/__pycache__/
Removing sonic-xcvrd/xcvrd/dom/utilities/db/__pycache__/
Removing sonic-xcvrd/xcvrd/dom/utilities/dom_sensor/__pycache__/
Removing sonic-xcvrd/xcvrd/dom/utilities/status/__pycache__/
Removing sonic-xcvrd/xcvrd/dom/utilities/vdm/__pycache__/
Removing sonic-xcvrd/xcvrd/xcvrd_utilities/__pycache__/
Removing sonic-ycabled/.coverage
Removing sonic-ycabled/.pytest_cache/
Removing sonic-ycabled/build/
Removing sonic-ycabled/coverage.xml
Removing sonic-ycabled/dist/
Removing sonic-ycabled/htmlcov/
Removing sonic-ycabled/proto_out/__pycache__/
Removing sonic-ycabled/proto_out/linkmgr_grpc_driver_pb2.py
Removing sonic-ycabled/proto_out/linkmgr_grpc_driver_pb2_grpc.py
Removing sonic-ycabled/sonic_ycabled.egg-info/
Removing sonic-ycabled/test-results.xml
Removing sonic-ycabled/tests/__pycache__/
Removing sonic-ycabled/ycable/__pycache__/
Removing sonic-ycabled/ycable/ycable_utilities/__pycache__/
Entering 'src/sonic-platform-pde'
Entering 'src/sonic-py-swsssdk'
Removing .coverage
Removing .pytest_cache/
Removing build/
Removing coverage.xml
Removing dist/
Removing htmlcov/
Removing src/swsssdk/__pycache__/
Removing swsssdk.egg-info/
Removing test-results.xml
Removing test/__pycache__/
Entering 'src/sonic-redfish'
Entering 'src/sonic-restapi'
Entering 'src/sonic-sairedis'
Entering 'src/sonic-sairedis/SAI'
Entering 'src/sonic-sairedis/SAI/test/ptf'
Entering 'src/sonic-sairedis/SAI/test/saithrift/ctypesgen'
Entering 'src/sonic-snmpagent'
Removing .coverage
Removing .pytest_cache/
Removing __pycache__/
Removing asyncsnmp.egg-info/
Removing build/
Removing coverage.xml
Removing dist/
Removing htmlcov/
Removing src/ax_interface/__pycache__/
Removing src/sonic_ax_impl/__pycache__/
Removing src/sonic_ax_impl/mibs/__pycache__/
Removing src/sonic_ax_impl/mibs/ietf/__pycache__/
Removing src/sonic_ax_impl/mibs/vendor/__pycache__/
Removing src/sonic_ax_impl/mibs/vendor/cisco/__pycache__/
Removing src/sonic_ax_impl/mibs/vendor/dell/__pycache__/
Removing src/sonic_ax_impl/utils/__pycache__/
Removing test-results.xml
Removing tests/__pycache__/
Removing tests/mock_tables/__pycache__/
Removing tests/namespace/__pycache__/
Entering 'src/sonic-stp'
Removing Makefile.in
Removing aclocal.m4
Removing config.h.in
Removing config/
Removing configure
Removing include/Makefile.in
Removing lib/Makefile.in
Removing stpctl/Makefile.in
Entering 'src/sonic-swss'
Entering 'src/sonic-swss-common'
Removing Makefile.in
Removing aclocal.m4
Removing common/.deps/
Removing common/c-api/.deps/
Removing common/cfg_schema.h
Removing config.h.in
Removing config/
Removing configure
Removing m4/libtool.m4
Removing m4/ltoptions.m4
Removing m4/ltsugar.m4
Removing m4/ltversion.m4
Removing m4/lt~obsolete.m4
Removing pyext/py3/.deps/
Removing sonic-db-cli/.deps/
Removing target/
Removing tests/.deps/
Entering 'src/sonic-sysmgr/gnoi'
Entering 'src/sonic-utilities'
Removing .coverage
Removing .pytest_cache/
Removing __pycache__/
Removing acl_loader/__pycache__/
Removing build/
Removing clear/__pycache__/
Removing clear/plugins/__pycache__/
Removing clear/plugins/auto/__pycache__/
Removing config/__pycache__/
Removing config/plugins/__pycache__/
Removing config/plugins/auto/__pycache__/
Removing consutil/__pycache__/
Removing counterpoll/__pycache__/
Removing coverage.xml
Removing crm/__pycache__/
Removing debug/__pycache__/
Removing dist/
Removing dump/__pycache__/
Removing dump/plugins/__pycache__/
Removing fdbutil/__pycache__/
Removing flow_counter_util/__pycache__/
Removing fw_printenv
Removing fw_setenv
Removing fwutil/__pycache__/
Removing generic_config_updater/__pycache__/
Removing htmlcov/
Removing mock-uboot-env.txt
Removing new_port_config.json
Removing newfile
Removing pcieutil/__pycache__/
Removing pddf_thermalutil/__pycache__/
Removing pfc/__pycache__/
Removing pfcwd/__pycache__/
Removing psuutil/__pycache__/
Removing rcli/__pycache__/
Removing scripts/__pycache__/
Removing sfputil/__pycache__/
Removing show/__pycache__/
Removing show/interfaces/__pycache__/
Removing show/plugins/__pycache__/
Removing show/plugins/auto/__pycache__/
Removing sonic_cli_gen/__pycache__/
Removing sonic_installer/__pycache__/
Removing sonic_installer/bootloader/__pycache__/
Removing sonic_package_manager/__pycache__/
Removing sonic_package_manager/service_creator/__pycache__/
Removing sonic_utilities.egg-info/
Removing ssdutil/__pycache__/
Removing syslog_util/__pycache__/
Removing test-results.xml
Removing tests/__pycache__/
Removing tests/bfd_input/__pycache__/
Removing tests/bgp_commands_input/__pycache__/
Removing tests/bgp_input/__pycache__/
Removing tests/buffer_input/__pycache__/
Removing tests/cli_autogen_input/__pycache__/
Removing tests/cli_autogen_input/autogen_test/__pycache__/
Removing tests/cli_autogen_input/yang_parser_test/__pycache__/
Removing tests/dump_tests/__pycache__/
Removing tests/dump_tests/module_tests/__pycache__/
Removing tests/ecn_input/__pycache__/
Removing tests/fdbshow_input/__pycache__/
Removing tests/filter_fdb_input/__pycache__/
Removing tests/fine_grained_ecmp_input/__pycache__/
Removing tests/generic_config_updater/__pycache__/
Removing tests/hash_input/__pycache__/
Removing tests/ldap_input/__pycache__/
Removing tests/mmuconfig_input/__pycache__/
Removing tests/mock_platform_sfputil/__pycache__/
Removing tests/mock_tables/__pycache__/
Removing tests/mocked_libs/__pycache__/
Removing tests/nvgre_tunnel_input/__pycache__/
Removing tests/passw_hardening_input/__pycache__/
Removing tests/pbh_input/__pycache__/
Removing tests/pfc_input/__pycache__/
Removing tests/pfcstat_input/__pycache__/
Removing tests/pfcwd_input/__pycache__/
Removing tests/portstat_input/__pycache__/
Removing tests/queuestat_input/__pycache__/
Removing tests/sku_create_input/2700_files/Mellanox-SN2700-C28D8/
Removing tests/sku_create_input/2700_files/Mellanox-SN2700-D48C8_NEW/
Removing tests/sku_create_input/3800_files/Mellanox-SN3800-D28C50_NEW/
Removing tests/sku_create_input/7050_files/Arista-7050CX3-32S-D48C8_NEW/
Removing tests/sku_create_input/7260_files/Arista-7260CX3-D108C8_NEW/
Removing tests/sku_create_input/port_split_files/config_db.json
Removing tests/sku_create_input/port_split_files/config_db.json.bak
Removing tests/sku_create_input/port_split_files/config_db.json.new
Removing tests/sku_create_input/port_split_files/port_config.ini
Removing tests/sku_create_input/port_split_files/port_config.ini.bak
Removing tests/sku_create_input/port_split_files/port_config.ini.new
Removing tests/sku_create_input/port_unsplit_files/config_db.json
Removing tests/sku_create_input/port_unsplit_files/config_db.json.bak
Removing tests/sku_create_input/port_unsplit_files/config_db.json.new
Removing tests/sku_create_input/port_unsplit_files/port_config.ini
Removing tests/sku_create_input/port_unsplit_files/port_config.ini.bak
Removing tests/sku_create_input/port_unsplit_files/port_config.ini.new
Removing tests/sonic_package_manager/__pycache__/
Removing tests/switchstat_input/__pycache__/
Removing tests/syslog_input/__pycache__/
Removing tests/trimming_input/__pycache__/
Removing tests/wm_input/__pycache__/
Removing uboot-env.txt
Removing undebug/__pycache__/
Removing utilities_common/__pycache__/
Removing watchdogutil/__pycache__/
Entering 'src/sonic-ztp'
Entering 'src/supervisor'
Entering 'src/wpasupplicant/sonic-wpa-supplicant'
Removing build/
Removing debian/.debhelper/
Removing debian/debhelper-build-stamp
Removing debian/eapoltest.debhelper.log
Removing debian/eapoltest.substvars
Removing debian/eapoltest/
Removing debian/files
Removing debian/hostapd.debhelper.log
Removing debian/hostapd.postrm.debhelper
Removing debian/hostapd.substvars
Removing debian/hostapd/
Removing debian/libwpa-client-dev.debhelper.log
Removing debian/libwpa-client-dev.substvars
Removing debian/libwpa-client-dev/
Removing debian/tmp/
Removing debian/wpagui.debhelper.log
Removing debian/wpagui.substvars
Removing debian/wpagui/
Removing debian/wpasupplicant-udeb.debhelper.log
Removing debian/wpasupplicant-udeb.substvars
Removing debian/wpasupplicant-udeb/
Removing debian/wpasupplicant.debhelper.log
Removing debian/wpasupplicant.postrm.debhelper
Removing debian/wpasupplicant.substvars
Removing debian/wpasupplicant/
Removing hostapd/.config
Removing hostapd/hostapd
Removing hostapd/hostapd_cli
Removing wpa_supplicant/.config
Removing wpa_supplicant/dbus/fi.w1.wpa_supplicant1.service
Removing wpa_supplicant/doc/docbook/eapol_test.8
Removing wpa_supplicant/doc/docbook/manpage.links
Removing wpa_supplicant/doc/docbook/manpage.refs
Removing wpa_supplicant/doc/docbook/wpa_background.8
Removing wpa_supplicant/doc/docbook/wpa_cli.8
Removing wpa_supplicant/doc/docbook/wpa_gui.8
Removing wpa_supplicant/doc/docbook/wpa_passphrase.8
Removing wpa_supplicant/doc/docbook/wpa_priv.8
Removing wpa_supplicant/doc/docbook/wpa_supplicant.8
Removing wpa_supplicant/doc/docbook/wpa_supplicant.conf.5
Removing wpa_supplicant/eapol_test
Removing wpa_supplicant/libwpa_client.a
Removing wpa_supplicant/systemd/wpa_supplicant-nl80211@.service
Removing wpa_supplicant/systemd/wpa_supplicant-wired@.service
Removing wpa_supplicant/systemd/wpa_supplicant.service
Removing wpa_supplicant/systemd/wpa_supplicant@.service
Removing wpa_supplicant/wpa_cli
Removing wpa_supplicant/wpa_gui-qt4/.moc/
Removing wpa_supplicant/wpa_gui-qt4/.obj/
Removing wpa_supplicant/wpa_gui-qt4/.qmake.stash
Removing wpa_supplicant/wpa_gui-qt4/.ui/
Removing wpa_supplicant/wpa_gui-qt4/Makefile
Removing wpa_supplicant/wpa_gui-qt4/qrc_icons.cpp
Removing wpa_supplicant/wpa_gui-qt4/wpa_gui
Removing wpa_supplicant/wpa_passphrase
Removing wpa_supplicant/wpa_supplicant
Removing wpa_supplicant/wpa_supplicant-udeb
