+++ --- Making target/sonic-vs.bin --- +++
./scripts/run_with_retry make BLDENV=trixie -f Makefile.work target/sonic-vs.bin
make[1]: Entering directory '/data/sonic/sonic-dzf-time-measure'
sudo: A terminal is required to authenticate
"SECURE_UPGRADE_PROD_SIGNING_TOOL": ""
/data/sonic/sonic-dzf-time-measure/src/sonic-build-hooks /data/sonic/sonic-dzf-time-measure
make[2]: Entering directory '/data/sonic/sonic-dzf-time-measure/src/sonic-build-hooks'
dpkg-deb: warning: root directory tmp/sonic-build-hooks has unusual owner or group 17388989:983
dpkg-deb: hint: you might need to pass --root-owner-group, see <https://wiki.debian.org/Teams/Dpkg/RootlessBuilds> for further details
dpkg-deb: warning: ignoring 1 warning about the control file(s)
dpkg-deb: building package 'sonic-build-hooks' in 'buildinfo/sonic-build-hooks_1.0_all.deb'.
make[2]: Leaving directory '/data/sonic/sonic-dzf-time-measure/src/sonic-build-hooks'
/data/sonic/sonic-dzf-time-measure
Checking sonic-slave-base image: sonic-slave-trixie:ca17477b760
Checking sonic-slave-user image: sonic-slave-trixie-qiuying.xzc:0e69d80ab15
SONiC Build System

Build Configuration
"CONFIGURED_PLATFORM"             : "vs"
"CONFIGURED_ARCH"                 : "amd64"
"SONIC_CONFIG_PRINT_DEPENDENCIES" : ""
"SONIC_BUILD_JOBS"                : "8"
"SONIC_CONFIG_MAKE_JOBS"          : "192"
"USE_NATIVE_DOCKERD_FOR_BUILD"    : ""
"USE_DOCKER_CACHE"               : ""
"SONIC_CONFIG_USE_CCACHE"         : "n"
"USERNAME"                        : "admin"
"PASSWORD"                        : "YourPaSsWoRd"
"CHANGE_DEFAULT_PASSWORD"         : "n"
"SECURE_UPGRADE_MODE"             : "no_sign"
"SECURE_UPGRADE_DEV_SIGNING_KEY"  : ""
"SECURE_UPGRADE_SIGNING_CERT"     : ""
"SECURE_UPGRADE_KERNEL_CAFILE"    : ""
"SECURE_UPGRADE_PROD_SIGNING_TOOL": ""
"SECURE_UPGRADE_PROD_TOOL_ARGS"   : ""
"ONIE_IMAGE_PART_SIZE"            : ""
"SHUTDOWN_BGP_ON_START"           : ""
"ENABLE_PFCWD_ON_START"           : ""
"SONIC_BUFFER_MODEL"              : ""
"INSTALL_DEBUG_TOOLS"             : ""
"ROUTING_STACK"                   : "frr"
"FRR_USER_UID"                    : "300"
"FRR_USER_GID"                    : "300"
"ENABLE_FRR_TCMALLOC"             : "y"
"ENABLE_SYNCD_RPC"                : ""
"SAITHRIFT_V2"                    : ""
"ENABLE_ORGANIZATION_EXTENSIONS"  : "y"
"HTTP_PROXY"                      : "http://127.0.0.1:9"
"HTTPS_PROXY"                     : "http://127.0.0.1:9"
"NO_PROXY"                        : "localhost,127.0.0.1,0.0.0.0"
"ENABLE_ZTP"                      : ""
"INCLUDE_PDE"                     : ""
"SONIC_DEBUGGING_ON"              : ""
"SONIC_PROFILING_ON"              : ""
"KERNEL_PROCURE_METHOD"           : "build"
"BUILD_TIMESTAMP"                 : "20260906.031737"
"BUILD_LOG_TIMESTAMP"             : "none"
"SONIC_IMAGE_VERSION"             : "master.0-dirty-20260906.031737"
"BLDENV"                          : "trixie"
"VS_PREPARE_MEM"                  : "yes"
"INCLUDE_MGMT_FRAMEWORK"          : "y"
"INCLUDE_ICCPD"                   : "n"
"INCLUDE_STP"                     : ""
"INCLUDE_SYSTEM_TELEMETRY"        : "n"
"INCLUDE_SYSTEM_GNMI"             : "y"
"INCLUDE_SYSTEM_BMP"              : "y"
"INCLUDE_SYSTEM_OTEL"             : "y"
"INCLUDE_SYSTEM_EVENTD"           : "y"
"ENABLE_HOST_SERVICE_ON_START"    : "y"
"INCLUDE_RESTAPI"                 : "n"
"INCLUDE_SFLOW"                   : "y"
"INCLUDE_NAT"                     : "y"
"INCLUDE_DHCP_RELAY"              : "y"
"INCLUDE_DHCP_SERVER"             : "n"
"INCLUDE_P4RT"                    : "n"
"INCLUDE_VS_DASH_SAI"             : "y"
"INCLUDE_KUBERNETES"              : "n"
"INCLUDE_KUBERNETES_MASTER"       : "n"
"INCLUDE_MACSEC"                  : "y"
"INCLUDE_MUX"                     : "y"
"INCLUDE_TEAMD"                   : "y"
"INCLUDE_DASH_HA"                 : "y"
"INCLUDE_ROUTER_ADVERTISER"       : "y"
"INCLUDE_SNMP"                    : "y"
"INCLUDE_LLDP"                    : "y"
"INCLUDE_BOOTCHART                : "y"
"ENABLE_BOOTCHART                 : "n"
"INCLUDE_FIPS"                    : "y"
"ENABLE_TRANSLIB_WRITE"           : ""
"ENABLE_NATIVE_WRITE"             : "y"
"ENABLE_DIALOUT"                  : ""
"ENABLE_AUTO_TECH_SUPPORT"        : "y"
"PDDF_SUPPORT"                    : "y"
"MULTIARCH_QEMU_ENVIRON"          : "n"
"SONIC_VERSION_CONTROL_COMPONENTS": "py2,py3,web,git,docker"
"ENABLE_ASAN"                     : "n"
"DEFAULT_CONTAINER_REGISTRY"      : "publicmirror.azurecr.io/"
"BUILD_MULTIASIC_KVM"             : "n"
"CROSS_BUILD_ENVIRON"             : "n"
"INCLUDE_EXTERNAL_PATCHES"        : "n"
"PTF_ENV_PY_VER"                  : "py3"
"ENABLE_MULTIDB"                  : ""
"ENABLE_SBOM"                     : "n"
"SBOM_FORMAT"                     : "both"
"SBOM_SCAN_TOOL"                  : "syft"
"SBOM_INCLUDE_LICENSES"           : "y"
"SBOM_STRICT"                     : "y"

"SONIC_DPKG_CACHE_METHOD"         : "none"

[ building ] [ target/debs/trixie/systemd-sonic-generator_1.0.0_amd64.deb ] 
[ building ] [ target/debs/trixie/sonic-platform-vs_1.0_amd64.deb ] 
[ building ] [ target/debs/trixie/initramfs-tools_0.142_all.deb ] 
[ building ] [ target/debs/trixie/linux-headers-6.12.41+deb13-common-sonic_6.12.41-1_all.deb ] 
[ building ] [ target/debs/trixie/sonic-device-data_1.0-1_all.deb ] 
[ building ] [ target/debs/trixie/ifupdown2_3.0.0-1_all.deb ] 
[ building ] [ target/debs/trixie/makedumpfile_1.7.7-1_amd64.deb ] 
[ building ] [ target/debs/trixie/kdump-tools_1.10.7_amd64.deb ] 
[ finished ] [ target/debs/trixie/initramfs-tools_0.142_all.deb ] 
[ building ] [ target/debs/trixie/libpam-radius-auth_1.4.1-1_amd64.deb ] 
[ finished ] [ target/debs/trixie/sonic-platform-vs_1.0_amd64.deb ] 
[ building ] [ target/debs/trixie/libnss-radius_1.0.1-1_amd64.deb ] 
[ finished ] [ target/debs/trixie/libnss-radius_1.0.1-1_amd64.deb ] 
[ building ] [ target/debs/trixie/libtac2_1.4.1-1_amd64.deb ] 
[ finished ] [ target/debs/trixie/makedumpfile_1.7.7-1_amd64.deb ] 
[ finished ] [ target/debs/trixie/kdump-tools_1.10.7_amd64.deb ] 
[ finished ] [ target/debs/trixie/ifupdown2_3.0.0-1_all.deb ] 
[ building ] [ target/debs/trixie/monit_5.34.3-1_amd64.deb ] 
[ building ] [ target/debs/trixie/libnl-3-200_3.7.0-0.2+b1sonic1_amd64.deb ] 
[ building ] [ target/debs/trixie/libyang3_3.12.2-1_amd64.deb ] 
[ finished ] [ target/debs/trixie/systemd-sonic-generator_1.0.0_amd64.deb ] 
[ building ] [ target/debs/trixie/sonic-nettools_0.0.1-0_amd64.deb ] 
[ finished ] [ target/debs/trixie/libtac2_1.4.1-1_amd64.deb ] 
[ building ] [ target/python-wheels/trixie/redis_dump_load-1.1-py3-none-any.whl ] 
[ finished ] [ target/debs/trixie/sonic-nettools_0.0.1-0_amd64.deb ] 
[ building ] [ target/debs/trixie/sonic-host-services-data_1.0-1_all.deb ] 
[ finished ] [ target/debs/trixie/sonic-host-services-data_1.0-1_all.deb ] 
[ building ] [ target/debs/trixie/socat_1.7.4.1-3_amd64.deb ] 
[ finished ] [ target/python-wheels/trixie/redis_dump_load-1.1-py3-none-any.whl ] 
[ building ] [ target/debs/trixie/bash_5.2.37-2_amd64.deb ] 
[ finished ] [ target/debs/trixie/libyang3_3.12.2-1_amd64.deb ] 
[ building ] [ target/debs/trixie/libtac2_1.4.1-1_amd64.deb-install ] 
[ finished ] [ target/debs/trixie/libtac2_1.4.1-1_amd64.deb-install ] 
[ building ] [ target/debs/trixie/libyang3_3.12.2-1_amd64.deb-install ] 
[ finished ] [ target/debs/trixie/libpam-radius-auth_1.4.1-1_amd64.deb ] 
[ building ] [ target/debs/trixie/sedutil_1.15-5ad84d8_amd64.deb ] 
[ finished ] [ target/debs/trixie/libyang3_3.12.2-1_amd64.deb-install ] 
[ building ] [ target/debs/trixie/grub2-common_2.06-13+deb13u1_amd64.deb ] 
[ finished ] [ target/debs/trixie/sedutil_1.15-5ad84d8_amd64.deb ] 
[ building ] [ target/files/trixie/swss_vars.j2 ] 
[ finished ] [ target/files/trixie/swss_vars.j2 ] 
[ building ] [ target/files/trixie/rsyslog_plugin.conf.j2 ] 
[ finished ] [ target/files/trixie/rsyslog_plugin.conf.j2 ] 
[ building ] [ target/files/trixie/container ] 
[ finished ] [ target/files/trixie/container ] 
[ building ] [ target/files/trixie/readiness_probe.sh ] 
[ finished ] [ target/files/trixie/readiness_probe.sh ] 
[ building ] [ target/files/trixie/container_startup.py ] 
[ finished ] [ target/files/trixie/container_startup.py ] 
[ building ] [ target/python-wheels/trixie/redis_dump_load-1.1-py3-none-any.whl-install ] 
[ finished ] [ target/python-wheels/trixie/redis_dump_load-1.1-py3-none-any.whl-install ] 
[ building ] [ target/debs/trixie/iproute2_6.15.0-1+sonic.0_amd64.deb ] 
[ finished ] [ target/debs/trixie/libnl-3-200_3.7.0-0.2+b1sonic1_amd64.deb ] 
[ building ] [ target/debs/trixie/libssl3t64_3.5.4-1+fips_amd64.deb ] 
[ finished ] [ target/debs/trixie/libssl3t64_3.5.4-1+fips_amd64.deb ] 
[ building ] [ target/debs/trixie/libssl-dev_3.5.4-1+fips_amd64.deb ] 
[ finished ] [ target/debs/trixie/libssl-dev_3.5.4-1+fips_amd64.deb ] 
[ building ] [ target/debs/trixie/openssl_3.5.4-1+fips_amd64.deb ] 
[ finished ] [ target/debs/trixie/openssl_3.5.4-1+fips_amd64.deb ] 
[ building ] [ target/debs/trixie/libk5crypto3_1.21.3-5+fips_amd64.deb ] 
[ finished ] [ target/debs/trixie/libk5crypto3_1.21.3-5+fips_amd64.deb ] 
[ building ] [ target/debs/trixie/libkrb5support0_1.21.3-5+fips_amd64.deb ] 
[ finished ] [ target/debs/trixie/libkrb5support0_1.21.3-5+fips_amd64.deb ] 
[ building ] [ target/debs/trixie/libkrb5-3_1.21.3-5+fips_amd64.deb ] 
[ finished ] [ target/debs/trixie/libkrb5-3_1.21.3-5+fips_amd64.deb ] 
[ building ] [ target/debs/trixie/libgssapi-krb5-2_1.21.3-5+fips_amd64.deb ] 
[ finished ] [ target/debs/trixie/libgssapi-krb5-2_1.21.3-5+fips_amd64.deb ] 
[ building ] [ target/debs/trixie/libnl-3-200_3.7.0-0.2+b1sonic1_amd64.deb-install ] 
[ finished ] [ target/debs/trixie/libnl-3-200_3.7.0-0.2+b1sonic1_amd64.deb-install ] 
[ building ] [ target/debs/trixie/p4lang-pi_0.1.1-1_amd64.deb ] 
[ finished ] [ target/debs/trixie/monit_5.34.3-1_amd64.deb ] 
[ building ] [ target/debs/trixie/libnexthopgroup_1.0.0_amd64.deb ] 
[ finished ] [ target/debs/trixie/socat_1.7.4.1-3_amd64.deb ] 
[ building ] [ target/debs/trixie/libdashapi_1.0.0_amd64.deb ] 
[ finished ] [ target/debs/trixie/iproute2_6.15.0-1+sonic.0_amd64.deb ] 
[ building ] [ target/files/trixie/90-sonic.conf ] 
[ finished ] [ target/files/trixie/90-sonic.conf ] 
[ finished ] [ target/debs/trixie/libnexthopgroup_1.0.0_amd64.deb ] 
[ building ] [ target/files/trixie/update_chassisdb_config ] 
[ finished ] [ target/files/trixie/update_chassisdb_config ] 
[ building ] [ target/files/trixie/container_checker ] 
[ finished ] [ target/files/trixie/container_checker ] 
[ building ] [ target/files/trixie/gnmi.sh ] 
[ finished ] [ target/files/trixie/gnmi.sh ] 
[ building ] [ target/files/trixie/k8s_pod_control.sh ] 
[ finished ] [ target/files/trixie/k8s_pod_control.sh ] 
[ building ] [ target/debs/trixie/lldpd_1.0.16-1+deb12u1_amd64.deb ] 
[ finished ] [ target/debs/trixie/libdashapi_1.0.0_amd64.deb ] 
[ building ] [ target/files/trixie/arp_update ] 
[ finished ] [ target/files/trixie/arp_update ] 
[ building ] [ target/files/trixie/arp_update_vars.j2 ] 
[ finished ] [ target/files/trixie/arp_update_vars.j2 ] 
[ building ] [ target/python-wheels/trixie/scapy-2.6.1.dev0-py3-none-any.whl ] 
[ building ] [ target/debs/trixie/lm-sensors_3.6.0-7.1_amd64.deb ] 
[ finished ] [ target/python-wheels/trixie/scapy-2.6.1.dev0-py3-none-any.whl ] 
[ building ] [ target/python-wheels/trixie/sonic_platform_pddf_common-1.0-py3-none-any.whl ] 
[ finished ] [ target/debs/trixie/lm-sensors_3.6.0-7.1_amd64.deb ] 
[ building ] [ target/files/trixie/restapi.sh ] 
[ finished ] [ target/files/trixie/restapi.sh ] 
[ building ] [ target/debs/trixie/hsflowd_2.0.51-26_amd64.deb ] 
[ finished ] [ target/python-wheels/trixie/sonic_platform_pddf_common-1.0-py3-none-any.whl ] 
[ building ] [ target/debs/trixie/sflowtool_5.04_amd64.deb ] 
[ finished ] [ target/debs/trixie/lldpd_1.0.16-1+deb12u1_amd64.deb ] 
[ building ] [ target/debs/trixie/psample_1.1-1_amd64.deb ] 
[ finished ] [ target/debs/trixie/bash_5.2.37-2_amd64.deb ] 
[ building ] [ target/docker-dash-engine.gz ] 
[ finished ] [ target/debs/trixie/psample_1.1-1_amd64.deb ] 
[ building ] [ target/debs/trixie/isc-dhcp-relay_4.4.3-P1-2_amd64.deb ] 
[ finished ] [ target/debs/trixie/sflowtool_5.04_amd64.deb ] 
[ building ] [ target/debs/trixie/rasdaemon_0.6.8-1_amd64.deb ] 
[ finished ] [ target/debs/trixie/sonic-device-data_1.0-1_all.deb ] 
[ building ] [ target/files/trixie/remote_ctr.config.json ] 
[ finished ] [ target/files/trixie/remote_ctr.config.json ] 
[ building ] [ target/files/trixie/ctrmgrd.service ] 
[ finished ] [ target/files/trixie/ctrmgrd.service ] 
[ building ] [ target/debs/trixie/libpam-tacplus_1.4.1-1_amd64.deb ] 
[ finished ] [ target/debs/trixie/libpam-tacplus_1.4.1-1_amd64.deb ] 
[ building ] [ target/debs/trixie/libtac-dev_1.4.1-1_amd64.deb ] 
[ finished ] [ target/debs/trixie/libtac-dev_1.4.1-1_amd64.deb ] 
[ building ] [ target/debs/trixie/libnl-3-dev_3.7.0-0.2+b1sonic1_amd64.deb ] 
[ finished ] [ target/debs/trixie/libnl-3-dev_3.7.0-0.2+b1sonic1_amd64.deb ] 
[ building ] [ target/debs/trixie/libnl-route-3-200_3.7.0-0.2+b1sonic1_amd64.deb ] 
[ finished ] [ target/debs/trixie/libnl-route-3-200_3.7.0-0.2+b1sonic1_amd64.deb ] 
[ building ] [ target/debs/trixie/libnl-3-dev_3.7.0-0.2+b1sonic1_amd64.deb-install ] 
[ finished ] [ target/debs/trixie/libnl-3-dev_3.7.0-0.2+b1sonic1_amd64.deb-install ] 
[ building ] [ target/debs/trixie/libnl-route-3-200_3.7.0-0.2+b1sonic1_amd64.deb-install ] 
[ finished ] [ target/debs/trixie/libnl-route-3-200_3.7.0-0.2+b1sonic1_amd64.deb-install ] 
[ building ] [ target/debs/trixie/libyang-dev_3.12.2-1_amd64.deb ] 
[ finished ] [ target/debs/trixie/libyang-dev_3.12.2-1_amd64.deb ] 
[ building ] [ target/debs/trixie/libnl-genl-3-200_3.7.0-0.2+b1sonic1_amd64.deb ] 
[ finished ] [ target/debs/trixie/libnl-genl-3-200_3.7.0-0.2+b1sonic1_amd64.deb ] 
[ building ] [ target/debs/trixie/libyang-dev_3.12.2-1_amd64.deb-install ] 
[ finished ] [ target/debs/trixie/libyang-dev_3.12.2-1_amd64.deb-install ] 
[ building ] [ target/debs/trixie/libnl-genl-3-200_3.7.0-0.2+b1sonic1_amd64.deb-install ] 
[ finished ] [ target/debs/trixie/libnl-genl-3-200_3.7.0-0.2+b1sonic1_amd64.deb-install ] 
[ building ] [ target/python-wheels/trixie/swsssdk-2.0.1-py3-none-any.whl ] 
[ finished ] [ target/python-wheels/trixie/swsssdk-2.0.1-py3-none-any.whl ] 
[ building ] [ target/debs/trixie/libtac-dev_1.4.1-1_amd64.deb-install ] 
[ finished ] [ target/debs/trixie/libtac-dev_1.4.1-1_amd64.deb-install ] 
[ building ] [ target/python-wheels/trixie/swsssdk-2.0.1-py3-none-any.whl-install ] 
[ finished ] [ target/python-wheels/trixie/swsssdk-2.0.1-py3-none-any.whl-install ] 
[ building ] [ target/docker-base-trixie.gz ] 
[ finished ] [ target/debs/trixie/hsflowd_2.0.51-26_amd64.deb ] 
[ building ] [ target/debs/trixie/libnexthopgroup-dev_1.0.0_amd64.deb ] 
[ finished ] [ target/debs/trixie/libnexthopgroup-dev_1.0.0_amd64.deb ] 
[ building ] [ target/debs/trixie/libnexthopgroup_1.0.0_amd64.deb-install ] 
[ finished ] [ target/debs/trixie/libnexthopgroup_1.0.0_amd64.deb-install ] 
[ building ] [ target/debs/trixie/libdashapi_1.0.0_amd64.deb-install ] 
[ finished ] [ target/debs/trixie/libdashapi_1.0.0_amd64.deb-install ] 
[ building ] [ target/debs/trixie/libnexthopgroup-dev_1.0.0_amd64.deb-install ] 
[ finished ] [ target/debs/trixie/libnexthopgroup-dev_1.0.0_amd64.deb-install ] 
[ building ] [ target/debs/trixie/libsensors5_3.6.0-7.1_amd64.deb ] 
[ finished ] [ target/debs/trixie/libsensors5_3.6.0-7.1_amd64.deb ] 
[ building ] [ target/debs/trixie/fancontrol_3.6.0-7.1_all.deb ] 
[ finished ] [ target/debs/trixie/fancontrol_3.6.0-7.1_all.deb ] 
[ building ] [ target/debs/trixie/sensord_3.6.0-7.1_amd64.deb ] 
[ finished ] [ target/debs/trixie/sensord_3.6.0-7.1_amd64.deb ] 
[ building ] [ target/debs/trixie/libnss-tacplus_1.0.4-1_amd64.deb ] 
[ finished ] [ target/debs/trixie/rasdaemon_0.6.8-1_amd64.deb ] 
[ building ] [ target/debs/trixie/libnl-route-3-dev_3.7.0-0.2+b1sonic1_amd64.deb ] 
[ finished ] [ target/debs/trixie/libnl-route-3-dev_3.7.0-0.2+b1sonic1_amd64.deb ] 
[ building ] [ target/debs/trixie/python3-libyang_3.1.0-1_amd64.deb ] 
[ finished ] [ target/debs/trixie/python3-libyang_3.1.0-1_amd64.deb ] 
[ finished ] [ target/debs/trixie/p4lang-pi_0.1.1-1_amd64.deb ] 
[ building ] [ target/debs/trixie/libnl-genl-3-dev_3.7.0-0.2+b1sonic1_amd64.deb ] 
[ finished ] [ target/debs/trixie/libnl-genl-3-dev_3.7.0-0.2+b1sonic1_amd64.deb ] 
[ building ] [ target/debs/trixie/libnl-nf-3-200_3.7.0-0.2+b1sonic1_amd64.deb ] 
[ finished ] [ target/debs/trixie/libnl-nf-3-200_3.7.0-0.2+b1sonic1_amd64.deb ] 
[ building ] [ target/debs/trixie/python3-libyang_3.1.0-1_amd64.deb-install ] 
[ building ] [ target/debs/trixie/libnl-genl-3-dev_3.7.0-0.2+b1sonic1_amd64.deb-install ] 
[ finished ] [ target/docker-dash-engine.gz ] 
[ FAIL LOG START ] [ target/docker-dash-engine.gz ]
Build start time: Sat Sep 5 19:20:25 UTC 2026
[ REASON ] :      target/docker-dash-engine.gz does not exist   NON-EXISTENT PREREQUISITES: docker-start 
[ FLAGS  FILE    ] : [] 
[ FLAGS  DEPENDS ] : [] 
[ FLAGS  DIFF    ] : [] 
Client: Docker Engine - Community
 Version:    28.5.2
 Context:    default
 Debug Mode: false
 Plugins:
  buildx: Docker Buildx (Docker Inc.)
    Version:  v0.26.1
    Path:     /usr/libexec/docker/cli-plugins/docker-buildx
  compose: Docker Compose (Docker Inc.)
    Version:  v2.39.1
    Path:     /usr/libexec/docker/cli-plugins/docker-compose

Server:
 Containers: 0
  Running: 0
  Paused: 0
  Stopped: 0
 Images: 370
 Server Version: 28.5.2
 Storage Driver: overlay2
  Backing Filesystem: extfs
  Supports d_type: true
  Using metacopy: false
  Native Overlay Diff: true
  userxattr: false
 Logging Driver: json-file
 Cgroup Driver: cgroupfs
 Cgroup Version: 2
 Plugins:
  Volume: local
  Network: bridge host ipvlan macvlan null overlay
  Log: awslogs fluentd gcplogs gelf journald json-file local splunk syslog
 CDI spec directories:
  /etc/cdi
  /var/run/cdi
 Swarm: inactive
 Runtimes: io.containerd.runc.v2 runc
 Default Runtime: runc
 Init Binary: docker-init
 containerd version: b98a3aace656320842a23f4a392a33f46af97866
 runc version: v1.3.3-0-gd842d771
 init version: de40ad0
 Security Options:
  seccomp
   Profile: builtin
  cgroupns
 Kernel Version: 7.0.0-22-generic
 Operating System: Debian GNU/Linux 13 (trixie)
 OSType: linux
 Architecture: x86_64
 CPUs: 192
 Total Memory: 743GiB
 Name: f96d8c3db155
 ID: 9050de27-efa9-406a-855d-9324d28b5135
 Docker Root Dir: /var/lib/docker
 Debug Mode: false
 HTTP Proxy: http://127.0.0.1:9
 HTTPS Proxy: http://127.0.0.1:9
 No Proxy: localhost,127.0.0.1,0.0.0.0
 Experimental: true
 Insecure Registries:
  ::1/128
  127.0.0.0/8
 Live Restore Enabled: false

#0 building with "default" instance using docker driver

#1 [internal] load build definition from Dockerfile
#1 transferring dockerfile: 1.45kB done
#1 DONE 0.0s

#2 [internal] load metadata for publicmirror.azurecr.io/p4lang/behavioral-model:latest
#2 DONE 0.0s

#3 [internal] load .dockerignore
#3 transferring context: 2B done
#3 DONE 0.0s

#4 [base  1/12] FROM publicmirror.azurecr.io/p4lang/behavioral-model:latest
#4 CACHED

#5 [internal] load build context
#5 transferring context: 34.16kB done
#5 DONE 0.0s

#6 [base  2/12] COPY [buildinfo, /usr/local/share/buildinfo]
#6 DONE 0.0s

#7 [base  3/12] COPY vcache/ /sonic/target/vcache/docker-dash-engine
#7 DONE 0.0s

#8 [base  4/12] RUN dpkg -i /usr/local/share/buildinfo/sonic-build-hooks_1.0_all.deb
#8 0.125 Selecting previously unselected package sonic-build-hooks.
#8 0.135 (Reading database ... 38345 files and directories currently installed.)
#8 0.136 Preparing to unpack .../sonic-build-hooks_1.0_all.deb ...
#8 0.137 Unpacking sonic-build-hooks (1.0) ...
#8 0.149 Setting up sonic-build-hooks (1.0) ...
#8 DONE 0.3s

#9 [base  5/12] RUN pre_run_buildinfo docker-dash-engine
#9 3.311 Ign:1 http://security.ubuntu.com/ubuntu noble-security InRelease
#9 3.312 Ign:2 http://archive.ubuntu.com/ubuntu noble InRelease
#9 3.312 Ign:3 http://archive.ubuntu.com/ubuntu noble-updates InRelease
#9 3.312 Ign:4 http://archive.ubuntu.com/ubuntu noble-backports InRelease
#9 4.312 Ign:1 http://security.ubuntu.com/ubuntu noble-security InRelease
#9 4.313 Ign:2 http://archive.ubuntu.com/ubuntu noble InRelease
#9 4.313 Ign:3 http://archive.ubuntu.com/ubuntu noble-updates InRelease
#9 4.313 Ign:4 http://archive.ubuntu.com/ubuntu noble-backports InRelease
#9 6.314 Ign:1 http://security.ubuntu.com/ubuntu noble-security InRelease
#9 6.314 Ign:2 http://archive.ubuntu.com/ubuntu noble InRelease
#9 6.314 Ign:3 http://archive.ubuntu.com/ubuntu noble-updates InRelease
#9 6.314 Ign:4 http://archive.ubuntu.com/ubuntu noble-backports InRelease
#9 10.31 Err:1 http://security.ubuntu.com/ubuntu noble-security InRelease
#9 10.31   Could not connect to 127.0.0.1:9 (127.0.0.1). - connect (111: Connection refused)
#9 10.31 Err:2 http://archive.ubuntu.com/ubuntu noble InRelease
#9 10.31   Could not connect to 127.0.0.1:9 (127.0.0.1). - connect (111: Connection refused)
#9 10.31 Err:3 http://archive.ubuntu.com/ubuntu noble-updates InRelease
#9 10.31   Unable to connect to 127.0.0.1:9:
#9 10.31 Err:4 http://archive.ubuntu.com/ubuntu noble-backports InRelease
#9 10.31   Unable to connect to 127.0.0.1:9:
#9 10.32 Reading package lists...
#9 10.33 W: Failed to fetch http://archive.ubuntu.com/ubuntu/dists/noble/InRelease  Could not connect to 127.0.0.1:9 (127.0.0.1). - connect (111: Connection refused)
#9 10.33 W: Failed to fetch http://archive.ubuntu.com/ubuntu/dists/noble-updates/InRelease  Unable to connect to 127.0.0.1:9:
#9 10.33 W: Failed to fetch http://archive.ubuntu.com/ubuntu/dists/noble-backports/InRelease  Unable to connect to 127.0.0.1:9:
#9 10.33 W: Failed to fetch http://security.ubuntu.com/ubuntu/dists/noble-security/InRelease  Could not connect to 127.0.0.1:9 (127.0.0.1). - connect (111: Connection refused)
#9 10.33 W: Some index files failed to download. They have been ignored, or old ones used instead.
#9 10.36 Reading package lists...
#9 10.36 Building dependency tree...
#9 10.36 Reading state information...
#9 10.36 E: Unable to locate package rsync
#9 DONE 26.5s

#10 [base  6/12] RUN sed -i 's|http://.*.ubuntu.com|http://azure.archive.ubuntu.com|g' /etc/apt/sources.list
#10 DONE 0.2s

#11 [base  7/12] RUN apt-get update
#11 0.246 Ign:1 http://archive.ubuntu.com/ubuntu noble InRelease
#11 0.246 Ign:2 http://security.ubuntu.com/ubuntu noble-security InRelease
#11 0.246 Ign:3 http://archive.ubuntu.com/ubuntu noble-updates InRelease
#11 0.246 Ign:4 http://archive.ubuntu.com/ubuntu noble-backports InRelease
#11 1.247 Ign:1 http://archive.ubuntu.com/ubuntu noble InRelease
#11 1.247 Ign:2 http://security.ubuntu.com/ubuntu noble-security InRelease
#11 1.247 Ign:3 http://archive.ubuntu.com/ubuntu noble-updates InRelease
#11 1.247 Ign:4 http://archive.ubuntu.com/ubuntu noble-backports InRelease
#11 3.248 Ign:1 http://archive.ubuntu.com/ubuntu noble InRelease
#11 3.248 Ign:2 http://security.ubuntu.com/ubuntu noble-security InRelease
#11 3.248 Ign:3 http://archive.ubuntu.com/ubuntu noble-updates InRelease
#11 3.248 Ign:4 http://archive.ubuntu.com/ubuntu noble-backports InRelease
#11 7.249 Err:1 http://archive.ubuntu.com/ubuntu noble InRelease
#11 7.249   Could not connect to 127.0.0.1:9 (127.0.0.1). - connect (111: Connection refused)
#11 7.249 Err:2 http://security.ubuntu.com/ubuntu noble-security InRelease
#11 7.249   Could not connect to 127.0.0.1:9 (127.0.0.1). - connect (111: Connection refused)
#11 7.249 Err:3 http://archive.ubuntu.com/ubuntu noble-updates InRelease
#11 7.249   Unable to connect to 127.0.0.1:9:
#11 7.249 Err:4 http://archive.ubuntu.com/ubuntu noble-backports InRelease
#11 7.249   Unable to connect to 127.0.0.1:9:
#11 7.252 Reading package lists...
#11 7.262 W: Failed to fetch http://archive.ubuntu.com/ubuntu/dists/noble/InRelease  Could not connect to 127.0.0.1:9 (127.0.0.1). - connect (111: Connection refused)
#11 7.262 W: Failed to fetch http://archive.ubuntu.com/ubuntu/dists/noble-updates/InRelease  Unable to connect to 127.0.0.1:9:
#11 7.262 W: Failed to fetch http://archive.ubuntu.com/ubuntu/dists/noble-backports/InRelease  Unable to connect to 127.0.0.1:9:
#11 7.262 W: Failed to fetch http://security.ubuntu.com/ubuntu/dists/noble-security/InRelease  Could not connect to 127.0.0.1:9 (127.0.0.1). - connect (111: Connection refused)
#11 7.262 W: Some index files failed to download. They have been ignored, or old ones used instead.
#11 DONE 20.0s

#12 [base  8/12] RUN apt-get install -f -y net-tools supervisor rsyslog  python3-pip
#12 0.167 Reading package lists...
#12 0.171 Building dependency tree...
#12 0.171 Reading state information...
#12 0.172 E: Unable to locate package net-tools
#12 0.172 E: Unable to locate package supervisor
#12 0.172 E: Unable to locate package rsyslog
#12 0.172 E: Unable to locate package python3-pip
#12 ERROR: process "/bin/sh -c apt-get install -f -y net-tools supervisor rsyslog  python3-pip" did not complete successfully: exit code: 100
------
 > [base  8/12] RUN apt-get install -f -y net-tools supervisor rsyslog  python3-pip:

0.171 Building dependency tree...
0.171 Reading state information...
0.172 E: Unable to locate package net-tools
0.172 E: Unable to locate package supervisor
0.172 E: Unable to locate package rsyslog
0.172 E: Unable to locate package python3-pip
------
Dockerfile:27
--------------------
  25 |     RUN apt-get update
  26 |     
  27 | >>> RUN apt-get install -f -y net-tools supervisor rsyslog  python3-pip
  28 |     RUN pip3 install --break-system-packages supervisord-dependent-startup
  29 |     
--------------------
ERROR: failed to build: failed to solve: process "/bin/sh -c apt-get install -f -y net-tools supervisor rsyslog  python3-pip" did not complete successfully: exit code: 100
[  FAIL LOG END  ] [ target/docker-dash-engine.gz ]
make: *** [slave.mk:1406: target/docker-dash-engine.gz] Error 1
make: *** Waiting for unfinished jobs....
[ finished ] [ target/debs/trixie/libnss-tacplus_1.0.4-1_amd64.deb ] 
[ finished ] [ target/docker-base-trixie.gz ] 
[ FAIL LOG START ] [ target/docker-base-trixie.gz ]
Build start time: Sat Sep 5 19:20:49 UTC 2026
[ REASON ] :      target/docker-base-trixie.gz does not exist   NON-EXISTENT PREREQUISITES: docker-start 
[ FLAGS  FILE    ] : [] 
[ FLAGS  DEPENDS ] : [] 
[ FLAGS  DIFF    ] : [] 
Client: Docker Engine - Community
 Version:    28.5.2
 Context:    default
 Debug Mode: false
 Plugins:
  buildx: Docker Buildx (Docker Inc.)
    Version:  v0.26.1
    Path:     /usr/libexec/docker/cli-plugins/docker-buildx
  compose: Docker Compose (Docker Inc.)
    Version:  v2.39.1
    Path:     /usr/libexec/docker/cli-plugins/docker-compose

Server:
 Containers: 0
  Running: 0
  Paused: 0
  Stopped: 0
 Images: 370
 Server Version: 28.5.2
 Storage Driver: overlay2
  Backing Filesystem: extfs
  Supports d_type: true
  Using metacopy: false
  Native Overlay Diff: true
  userxattr: false
 Logging Driver: json-file
 Cgroup Driver: cgroupfs
 Cgroup Version: 2
 Plugins:
  Volume: local
  Network: bridge host ipvlan macvlan null overlay
  Log: awslogs fluentd gcplogs gelf journald json-file local splunk syslog
 CDI spec directories:
  /etc/cdi
  /var/run/cdi
 Swarm: inactive
 Runtimes: io.containerd.runc.v2 runc
 Default Runtime: runc
 Init Binary: docker-init
 containerd version: b98a3aace656320842a23f4a392a33f46af97866
 runc version: v1.3.3-0-gd842d771
 init version: de40ad0
 Security Options:
  seccomp
   Profile: builtin
  cgroupns
 Kernel Version: 7.0.0-22-generic
 Operating System: Debian GNU/Linux 13 (trixie)
 OSType: linux
 Architecture: x86_64
 CPUs: 192
 Total Memory: 743GiB
 Name: f96d8c3db155
 ID: 9050de27-efa9-406a-855d-9324d28b5135
 Docker Root Dir: /var/lib/docker
 Debug Mode: false
 HTTP Proxy: http://127.0.0.1:9
 HTTPS Proxy: http://127.0.0.1:9
 No Proxy: localhost,127.0.0.1,0.0.0.0
 Experimental: true
 Insecure Registries:
  ::1/128
  127.0.0.0/8
 Live Restore Enabled: false

#0 building with "default" instance using docker driver

#1 [internal] load build definition from Dockerfile
#1 transferring dockerfile: 4.12kB done
#1 DONE 0.0s

#2 [internal] load metadata for publicmirror.azurecr.io/debian:trixie@sha256:d07d1b51c39f51188e60be9b64e6bf769fa94e187f092bc32b91305cfa34ba5a
#2 DONE 0.0s

#3 [internal] load .dockerignore
#3 transferring context: 2B done
#3 DONE 0.0s

#4 [base  1/26] FROM publicmirror.azurecr.io/debian:trixie@sha256:d07d1b51c39f51188e60be9b64e6bf769fa94e187f092bc32b91305cfa34ba5a
#4 CACHED

#5 [internal] load build context
#5 transferring context: 9.33MB 0.1s done
#5 DONE 0.1s

#6 [base  2/26] COPY [dpkg_01_drop, /etc/dpkg/dpkg.cfg.d/01_drop]
#6 DONE 0.0s

#7 [base  3/26] COPY [sources.list.amd64, /etc/apt/sources.list]
#7 DONE 0.0s

#8 [base  4/26] COPY [files/apt/apt.conf.d/, /etc/apt/apt.conf.d/]
#8 DONE 0.0s

#9 [base  5/26] COPY [buildinfo, /usr/local/share/buildinfo]
#9 DONE 0.0s

#10 [base  6/26] COPY vcache/ /sonic/target/vcache/docker-base-trixie
#10 DONE 0.1s

#11 [base  7/26] RUN dpkg -i /usr/local/share/buildinfo/sonic-build-hooks_1.0_all.deb
#11 0.130 Selecting previously unselected package sonic-build-hooks.
#11 0.132 (Reading database ... 4936 files and directories currently installed.)
#11 0.133 Preparing to unpack .../sonic-build-hooks_1.0_all.deb ...
#11 0.134 Unpacking sonic-build-hooks (1.0) ...
#11 0.145 Setting up sonic-build-hooks (1.0) ...
#11 DONE 0.2s

#12 [base  8/26] RUN pre_run_buildinfo docker-base-trixie
#12 1.527 Ign:1 http://debian-archive.trafficmanager.net/debian trixie InRelease
#12 1.527 Ign:2 http://debian-archive.trafficmanager.net/debian trixie-updates InRelease
#12 1.527 Ign:3 http://debian-archive.trafficmanager.net/debian trixie-backports InRelease
#12 1.527 Ign:4 http://debian-archive.trafficmanager.net/debian-security trixie-security InRelease
#12 2.528 Ign:4 http://debian-archive.trafficmanager.net/debian-security trixie-security InRelease
#12 2.528 Ign:3 http://debian-archive.trafficmanager.net/debian trixie-backports InRelease
#12 2.528 Ign:2 http://debian-archive.trafficmanager.net/debian trixie-updates InRelease
#12 2.528 Ign:1 http://debian-archive.trafficmanager.net/debian trixie InRelease
#12 4.529 Ign:1 http://debian-archive.trafficmanager.net/debian trixie InRelease
#12 4.529 Ign:2 http://debian-archive.trafficmanager.net/debian trixie-updates InRelease
#12 4.529 Ign:3 http://debian-archive.trafficmanager.net/debian trixie-backports InRelease
#12 4.529 Ign:4 http://debian-archive.trafficmanager.net/debian-security trixie-security InRelease
#12 8.530 Err:4 http://debian-archive.trafficmanager.net/debian-security trixie-security InRelease
#12 8.530   Unable to connect to 127.0.0.1:9:
#12 8.530 Err:3 http://debian-archive.trafficmanager.net/debian trixie-backports InRelease
#12 8.530   Unable to connect to 127.0.0.1:9:
#12 8.530 Err:2 http://debian-archive.trafficmanager.net/debian trixie-updates InRelease
#12 8.530   Unable to connect to 127.0.0.1:9:
#12 8.530 Err:1 http://debian-archive.trafficmanager.net/debian trixie InRelease
#12 8.530   Could not connect to 127.0.0.1:9 (127.0.0.1). - connect (111: Connection refused)
#12 8.530   Unable to connect to 127.0.0.1:9:
#12 8.534 Reading package lists...
#12 8.540 W: Failed to fetch http://debian-archive.trafficmanager.net/debian/dists/trixie/InRelease  Unable to connect to 127.0.0.1:9:
#12 8.540 W: Failed to fetch http://debian-archive.trafficmanager.net/debian/dists/trixie-updates/InRelease  Unable to connect to 127.0.0.1:9:
#12 8.540 W: Failed to fetch http://debian-archive.trafficmanager.net/debian/dists/trixie-backports/InRelease  Unable to connect to 127.0.0.1:9:
#12 8.540 W: Failed to fetch http://debian-archive.trafficmanager.net/debian-security/dists/trixie-security/InRelease  Unable to connect to 127.0.0.1:9:
#12 8.540 W: Some index files failed to download. They have been ignored, or old ones used instead.
#12 8.562 Reading package lists...
#12 8.567 Building dependency tree...
#12 8.567 Reading state information...
#12 8.568 E: Unable to locate package rsync
#12 DONE 18.5s

#13 [base  9/26] RUN apt -o Acquire::https::Verify-Peer=false update &&     apt -o Acquire::https::Verify-Peer=false install -y ca-certificates
#13 0.174 
#13 0.174 WARNING: apt does not have a stable CLI interface. Use with caution in scripts.
#13 0.174 
#13 0.184 Ign:1 http://debian-archive.trafficmanager.net/debian trixie InRelease
#13 0.184 Ign:2 http://debian-archive.trafficmanager.net/debian trixie-updates InRelease
#13 0.184 Ign:3 http://debian-archive.trafficmanager.net/debian trixie-backports InRelease
#13 0.184 Ign:4 http://debian-archive.trafficmanager.net/debian-security trixie-security InRelease
#13 1.185 Ign:4 http://debian-archive.trafficmanager.net/debian-security trixie-security InRelease
#13 1.185 Ign:3 http://debian-archive.trafficmanager.net/debian trixie-backports InRelease
#13 1.185 Ign:2 http://debian-archive.trafficmanager.net/debian trixie-updates InRelease
#13 1.185 Ign:1 http://debian-archive.trafficmanager.net/debian trixie InRelease
#13 3.185 Ign:1 http://debian-archive.trafficmanager.net/debian trixie InRelease
#13 3.185 Ign:2 http://debian-archive.trafficmanager.net/debian trixie-updates InRelease
#13 3.185 Ign:3 http://debian-archive.trafficmanager.net/debian trixie-backports InRelease
#13 3.185 Ign:4 http://debian-archive.trafficmanager.net/debian-security trixie-security InRelease
#13 7.186 Err:4 http://debian-archive.trafficmanager.net/debian-security trixie-security InRelease
#13 7.186   Unable to connect to 127.0.0.1:9:
#13 7.186 Err:3 http://debian-archive.trafficmanager.net/debian trixie-backports InRelease
#13 7.186   Unable to connect to 127.0.0.1:9:
#13 7.186 Err:2 http://debian-archive.trafficmanager.net/debian trixie-updates InRelease
#13 7.186   Unable to connect to 127.0.0.1:9:
#13 7.186 Err:1 http://debian-archive.trafficmanager.net/debian trixie InRelease
#13 7.186   Could not connect to 127.0.0.1:9 (127.0.0.1). - connect (111: Connection refused)
#13 7.186   Unable to connect to 127.0.0.1:9:
#13 7.191 Reading package lists...
#13 7.197 Building dependency tree...
#13 7.198 Reading state information...
#13 7.198 All packages are up to date.
#13 7.198 Warning: Failed to fetch http://debian-archive.trafficmanager.net/debian/dists/trixie/InRelease  Unable to connect to 127.0.0.1:9:
#13 7.198 Warning: Failed to fetch http://debian-archive.trafficmanager.net/debian/dists/trixie-updates/InRelease  Unable to connect to 127.0.0.1:9:
#13 7.198 Warning: Failed to fetch http://debian-archive.trafficmanager.net/debian/dists/trixie-backports/InRelease  Unable to connect to 127.0.0.1:9:
#13 7.198 Warning: Failed to fetch http://debian-archive.trafficmanager.net/debian-security/dists/trixie-security/InRelease  Unable to connect to 127.0.0.1:9:
#13 7.198 Warning: Some index files failed to download. They have been ignored, or old ones used instead.
#13 7.228 
#13 7.228 WARNING: apt does not have a stable CLI interface. Use with caution in scripts.
#13 7.228 
#13 7.229 Reading package lists...
#13 7.234 Building dependency tree...
#13 7.234 Reading state information...
#13 7.235 Package ca-certificates is not available, but is referred to by another package.
#13 7.235 This may mean that the package is missing, has been obsoleted, or
#13 7.235 is only available from another source
#13 7.235 
#13 7.235 Error: Package 'ca-certificates' has no installation candidate
#13 ERROR: process "/bin/sh -c apt -o Acquire::https::Verify-Peer=false update &&     apt -o Acquire::https::Verify-Peer=false install -y ca-certificates" did not complete successfully: exit code: 100
------
 > [base  9/26] RUN apt -o Acquire::https::Verify-Peer=false update &&     apt -o Acquire::https::Verify-Peer=false install -y ca-certificates:
7.228 WARNING: apt does not have a stable CLI interface. Use with caution in scripts.
7.228 
7.229 Reading package lists...
7.234 Building dependency tree...
7.234 Reading state information...
7.235 Package ca-certificates is not available, but is referred to by another package.
7.235 This may mean that the package is missing, has been obsoleted, or
7.235 is only available from another source
7.235 
7.235 Error: Package 'ca-certificates' has no installation candidate
------
Dockerfile:29
--------------------
  28 |     
  29 | >>> RUN apt -o Acquire::https::Verify-Peer=false update && \
  30 | >>>     apt -o Acquire::https::Verify-Peer=false install -y ca-certificates
  31 |     
--------------------
ERROR: failed to build: failed to solve: process "/bin/sh -c apt -o Acquire::https::Verify-Peer=false update &&     apt -o Acquire::https::Verify-Peer=false install -y ca-certificates" did not complete successfully: exit code: 100
[  FAIL LOG END  ] [ target/docker-base-trixie.gz ]
make: *** [slave.mk:1406: target/docker-base-trixie.gz] Error 1
[ finished ] [ target/debs/trixie/python3-libyang_3.1.0-1_amd64.deb-install ] 
[ finished ] [ target/debs/trixie/libnl-genl-3-dev_3.7.0-0.2+b1sonic1_amd64.deb-install ] 
[ finished ] [ target/debs/trixie/linux-headers-6.12.41+deb13-common-sonic_6.12.41-1_all.deb ] 
[ finished ] [ target/debs/trixie/grub2-common_2.06-13+deb13u1_amd64.deb ] 
[ finished ] [ target/debs/trixie/isc-dhcp-relay_4.4.3-P1-2_amd64.deb ] 
make[1]: *** [Makefile.work:751: target/sonic-vs.bin] Error 2
make[1]: Leaving directory '/data/sonic/sonic-dzf-time-measure'
make: *** [Makefile:50: target/sonic-vs.bin] Error 2
