sudo: A terminal is required to authenticate
"SECURE_UPGRADE_PROD_SIGNING_TOOL": ""
pushd src/sonic-build-hooks; TRUSTED_GPG_URLS= make all; popd
mkdir -p sonic-slave-trixie/buildinfo
cp src/sonic-build-hooks/buildinfo/sonic-build-hooks* sonic-slave-trixie/buildinfo
/data/sonic/sonic-dzf-time-measure/src/sonic-build-hooks /data/sonic/sonic-dzf-time-measure
make[1]: Entering directory '/data/sonic/sonic-dzf-time-measure/src/sonic-build-hooks'
make[1]: Nothing to be done for 'all'.
make[1]: Leaving directory '/data/sonic/sonic-dzf-time-measure/src/sonic-build-hooks'
/data/sonic/sonic-dzf-time-measure
echo -n ""
lsmod | grep -q "^overlay " &>/dev/null || zgrep -q 'CONFIG_OVERLAY_FS=y' /proc/config.gz &>/dev/null || grep -q 'CONFIG_OVERLAY_FS=y' /boot/config-7.0.0-22-generic &>/dev/null || (echo "ERROR: Module 'overlay' not loaded. Try running 'sudo modprobe overlay'."; exit 1)
{ { echo Checking sonic-slave-base image: sonic-slave-trixie:ca17477b760; docker inspect --type image sonic-slave-trixie:ca17477b760 &> /dev/null; }; } || { [ n == y ] && { echo Image sonic-slave-trixie:ca17477b760 not found. Pulling...; docker pull sonicdev-microsoft.azurecr.io:443/sonic-slave-trixie:ca17477b760; } && { docker tag sonicdev-microsoft.azurecr.io:443/sonic-slave-trixie:ca17477b760 sonic-slave-trixie:ca17477b760 && DEFAULT_CONTAINER_REGISTRY=publicmirror.azurecr.io/ SONIC_VERSION_CACHE=cache DBGOPT='' scripts/collect_docker_version_files.sh sonic-slave-trixie target sonic-slave-trixie:ca17477b760 sonic-slave-trixie sonic-slave-trixie/Dockerfile; } ; } || { set -o pipefail ; echo Image sonic-slave-trixie:ca17477b760 not found. Building... ; BUILD_SLAVE=y DEFAULT_CONTAINER_REGISTRY=publicmirror.azurecr.io/ SONIC_VERSION_CACHE=cache DBGOPT='' MIRROR_SNAPSHOT=n BUILD_PUBLIC_URL=https://packages.trafficmanager.net/public BUILD_SNAPSHOT_URL=http://packages.trafficmanager.net/snapshot ENABLE_SBOM=n scripts/prepare_docker_buildinfo.sh sonic-slave-trixie sonic-slave-trixie/Dockerfile amd64 "" trixie ; docker build --no-cache -t sonic-slave-trixie:ca17477b760 --build-arg http_proxy=http://11.161.18.240:3128 --build-arg https_proxy=http://11.161.18.240:3128 --build-arg no_proxy= --build-arg SONIC_VERSION_CACHE=cache --build-arg SONIC_VERSION_CONTROL_COMPONENTS=py2,py3,web,git,docker --build-arg ENABLE_SBOM=n sonic-slave-trixie 2>&1 | tee sonic-slave-trixie/sonic-slave-trixie_ca17477b760.log ; DEFAULT_CONTAINER_REGISTRY=publicmirror.azurecr.io/ SONIC_VERSION_CACHE=cache DBGOPT='' scripts/collect_docker_version_files.sh sonic-slave-trixie target sonic-slave-trixie:ca17477b760 sonic-slave-trixie sonic-slave-trixie/Dockerfile ; }
{ { echo Checking sonic-slave-user image: sonic-slave-trixie-qiuying.xzc:0e69d80ab15; docker inspect --type image sonic-slave-trixie-qiuying.xzc:0e69d80ab15 &> /dev/null; }; } || { [ n == y ] && { echo Image sonic-slave-trixie-qiuying.xzc:0e69d80ab15 not found. Pulling...; docker pull sonicdev-microsoft.azurecr.io:443/sonic-slave-trixie-qiuying.xzc:0e69d80ab15; } && { docker tag sonicdev-microsoft.azurecr.io:443/sonic-slave-trixie-qiuying.xzc:0e69d80ab15 sonic-slave-trixie-qiuying.xzc:0e69d80ab15 && DEFAULT_CONTAINER_REGISTRY=publicmirror.azurecr.io/ SONIC_VERSION_CACHE=cache DBGOPT='' scripts/collect_docker_version_files.sh sonic-slave-trixie target sonic-slave-trixie:ca17477b760 sonic-slave-trixie sonic-slave-trixie/Dockerfile; } ; } || { set -o pipefail ; echo Image sonic-slave-trixie-qiuying.xzc:0e69d80ab15 not found. Building... ; docker build --no-cache --build-arg user=qiuying.xzc --build-arg uid=17388989 --build-arg guid=983 --build-arg hostname=alinos-oncall215192149218.na131 --build-arg slave_base_tag_ref=ca17477b760 -t sonic-slave-trixie-qiuying.xzc:0e69d80ab15 -f sonic-slave-trixie/Dockerfile.user sonic-slave-trixie 2>&1 | tee sonic-slave-trixie/sonic-slave-trixie-qiuying.xzc_0e69d80ab15.log ; }

docker run --rm=true --privileged --init -v "/data/sonic/sonic-dzf-time-measure:/sonic"  -v "/tmp/docklock:/tmp/docklock" -w "/sonic"  -e "http_proxy=http://11.161.18.240:3128" -e "https_proxy=http://11.161.18.240:3128" -e "no_proxy=" -i --ulimit nofile=524288:524288 -v /data/sonic/时间统计/cache/20260901-233744/make-git-mirrors:/git-mirrors:ro -v /data/sonic/时间统计/cache/20260901-233744/offline.gitconfig:/etc/sonic-offline.gitconfig:ro -v /data/sonic/时间统计/cache/20260901-233744/make-cargo-home:/cargo-home:rw -v /data/sonic/时间统计/cache/20260901-233744/make-rustup-home:/rustup-home:rw -v /data/sonic/时间统计/cache/20260901-233744/make-go-mod-cache:/tmp/go/pkg/mod:rw -v /data/sonic/时间统计/cache/20260901-233744/make-go-sumdb-cache:/tmp/go/pkg/sumdb:rw -v /data/sonic/时间统计/cache/20260901-233744/make-pip-wheelhouse:/pip-wheelhouse:ro -v /data/sonic/时间统计/cache/20260901-233744:/rootfs-cache:rw -e GIT_CONFIG_GLOBAL=/etc/sonic-offline.gitconfig -e GIT_TERMINAL_PROMPT=0 -e CARGO_HOME=/cargo-home -e GOMODCACHE=/tmp/go/pkg/mod -e DEB_BUILD_OPTIONS=nocheck -v /data/sonic/sonic-dzf-time-measure/fsroot.docker.trixie:/var/lib/docker -v "/var/cache/sonic/artifacts:/dpkg_cache:rw" -v "/data/sonic/时间统计/cache/20260901-233744/make-version-cache:/vcache:rw" \
	sonic-slave-trixie-qiuying.xzc:0e69d80ab15 \
	bash -c "make -f slave.mk PLATFORM=vs PLATFORM_ARCH=amd64 MULTIARCH_QEMU_ENVIRON=n TARGET_BOOTLOADER=grub CROSS_BUILD_ENVIRON=n BUILD_NUMBER= BUILD_TIMESTAMP=20260907.111803 SONIC_IMAGE_VERSION= SLAVE_TAG=0e69d80ab15 ENABLE_ZTP= INCLUDE_PDE= SHUTDOWN_BGP_ON_START= INCLUDE_KUBERNETES=n KUBERNETES_VERSION=1.22.2-00 KUBERNETES_CNI_VERSION=0.8.7-00 KUBERNETES_CRI_TOOLS_VERSION=1.26.0-00 K8s_GCR_IO_PAUSE_VERSION=3.5 INCLUDE_KUBERNETES_MASTER=n SONIC_ENABLE_PFCWD_ON_START= SONIC_ENABLE_SYNCD_RPC= SONIC_INSTALL_DEBUG_TOOLS= SONIC_SAITHRIFT_V2= MDEBUG= PASSWORD= USERNAME= CHANGE_DEFAULT_PASSWORD=n SONIC_BUILD_JOBS=8 VS_PREPARE_MEM= KERNEL_PROCURE_METHOD= SONIC_DPKG_CACHE_METHOD=none SONIC_DPKG_CACHE_SOURCE=/var/cache/sonic/artifacts SONIC_DPKG_CACHE_METHOD_OVERRIDE= GOPROXY= HTTP_PROXY=http://11.161.18.240:3128 HTTPS_PROXY=http://11.161.18.240:3128 NO_PROXY= DOCKER_USERNAME=sonic DOCKER_USERTAG=latest DOCKER_LOCKDIR=/tmp/docklock DOCKER_LOCKFILE_SAVE=/tmp/docklock/docker_save.lock SONIC_CONFIG_USE_NATIVE_DOCKERD_FOR_BUILD= SONIC_CONFIG_USE_DOCKER_CACHE= SONIC_INCLUDE_SYSTEM_TELEMETRY=n SONIC_INCLUDE_SYSTEM_GNMI=y SONIC_INCLUDE_SYSTEM_BMP=y SONIC_INCLUDE_SYSTEM_EVENTD=y SONIC_INCLUDE_SYSTEM_OTEL=y INCLUDE_DHCP_RELAY=y INCLUDE_DHCP_SERVER=n INCLUDE_MACSEC=y INCLUDE_STP= INCLUDE_ICCPD=n SONIC_INCLUDE_RESTAPI=n SONIC_INCLUDE_MUX=y ENABLE_TRANSLIB_WRITE= ENABLE_NATIVE_WRITE=y ENABLE_DIALOUT= EXTRA_DOCKER_TARGETS= BUILD_LOG_TIMESTAMP= SONIC_ENABLE_IMAGE_SIGNATURE= SECURE_UPGRADE_MODE="no_sign" SECURE_UPGRADE_DEV_SIGNING_KEY= SECURE_UPGRADE_SIGNING_CERT= SECURE_UPGRADE_KERNEL_CAFILE= SECURE_UPGRADE_PROD_SIGNING_TOOL= SONIC_DEFAULT_CONTAINER_REGISTRY=publicmirror.azurecr.io/ ENABLE_HOST_SERVICE_ON_START=y SLAVE_DIR=sonic-slave-trixie ENABLE_AUTO_TECH_SUPPORT=y BUILD_MULTIASIC_KVM=n ENABLE_ASAN=n SONIC_INCLUDE_BOOTCHART=y SONIC_ENABLE_BOOTCHART=n INCLUDE_FIPS=y ENABLE_FIPS=n SONIC_SLAVE_DOCKER_DRIVER=overlay2 MIRROR_URLS= MIRROR_SECURITY_URLS= MIRROR_SNAPSHOT=n BUILD_PUBLIC_URL=https://packages.trafficmanager.net/public BUILD_SNAPSHOT_URL=http://packages.trafficmanager.net/snapshot SONIC_VERSION_CONTROL_COMPONENTS=py2,py3,web,git,docker ONIE_IMAGE_PART_SIZE= SONIC_OS_VERSION=13 PIP_HTTP_TIMEOUT=60 BUILD_PROCESS_TIMEOUT=0 BUILD_SKIP_TEST=y SONIC_PTF_ENV_PY_VER=py3 ENABLE_MULTIDB= ENABLE_VRF_STRICT= ENABLE_FRR_TCMALLOC=y ENABLE_SBOM=n ENABLE_SOURCE_ARCHIVE=n SBOM_FORMAT=both SBOM_SCAN_TOOL=syft SBOM_INCLUDE_LICENSES=y SBOM_STRICT=y SOURCE_DATE_EPOCH=1788751083 SONIC_VERSION_CACHE=cache SONIC_VERSION_CACHE_SOURCE=/data/sonic/时间统计/cache/20260901-233744/make-version-cache target/docker-dash-engine.gz SONIC_BUILD_TARGET=target/docker-dash-engine.gz; { scripts/collect_build_version_files.sh \$?; }; "
:
Checking sonic-slave-base image: sonic-slave-trixie:ca17477b760
Checking sonic-slave-user image: sonic-slave-trixie-qiuying.xzc:0e69d80ab15
SONiC Build System

Build Configuration
"CONFIGURED_PLATFORM"             : "vs"
"CONFIGURED_ARCH"                 : "amd64"
"SONIC_CONFIG_PRINT_DEPENDENCIES" : ""
"SONIC_BUILD_JOBS"                : "8"
"SONIC_CONFIG_MAKE_JOBS"          : "192"
"USE_NATIVE_DOCKERD_FOR_BUILD"    : ""
"USE_DOCKER_CACHE"               : ""
"SONIC_CONFIG_USE_CCACHE"         : "n"
"USERNAME"                        : "admin"
"PASSWORD"                        : "YourPaSsWoRd"
"CHANGE_DEFAULT_PASSWORD"         : "n"
"SECURE_UPGRADE_MODE"             : "no_sign"
"SECURE_UPGRADE_DEV_SIGNING_KEY"  : ""
"SECURE_UPGRADE_SIGNING_CERT"     : ""
"SECURE_UPGRADE_KERNEL_CAFILE"    : ""
"SECURE_UPGRADE_PROD_SIGNING_TOOL": ""
"SECURE_UPGRADE_PROD_TOOL_ARGS"   : ""
"ONIE_IMAGE_PART_SIZE"            : ""
"SHUTDOWN_BGP_ON_START"           : ""
"ENABLE_PFCWD_ON_START"           : ""
"SONIC_BUFFER_MODEL"              : ""
"INSTALL_DEBUG_TOOLS"             : ""
"ROUTING_STACK"                   : "frr"
"FRR_USER_UID"                    : "300"
"FRR_USER_GID"                    : "300"
"ENABLE_FRR_TCMALLOC"             : "y"
"ENABLE_SYNCD_RPC"                : ""
"SAITHRIFT_V2"                    : ""
"ENABLE_ORGANIZATION_EXTENSIONS"  : "y"
"HTTP_PROXY"                      : "http://11.161.18.240:3128"
"HTTPS_PROXY"                     : "http://11.161.18.240:3128"
"NO_PROXY"                        : ""
"ENABLE_ZTP"                      : ""
"INCLUDE_PDE"                     : ""
"SONIC_DEBUGGING_ON"              : ""
"SONIC_PROFILING_ON"              : ""
"KERNEL_PROCURE_METHOD"           : "build"
"BUILD_TIMESTAMP"                 : "20260907.111803"
"BUILD_LOG_TIMESTAMP"             : "none"
"SONIC_IMAGE_VERSION"             : "master.0-dirty-20260907.111803"
"BLDENV"                          : "trixie"
"VS_PREPARE_MEM"                  : "yes"
"INCLUDE_MGMT_FRAMEWORK"          : "y"
"INCLUDE_ICCPD"                   : "n"
"INCLUDE_STP"                     : ""
"INCLUDE_SYSTEM_TELEMETRY"        : "n"
"INCLUDE_SYSTEM_GNMI"             : "y"
"INCLUDE_SYSTEM_BMP"              : "y"
"INCLUDE_SYSTEM_OTEL"             : "y"
"INCLUDE_SYSTEM_EVENTD"           : "y"
"ENABLE_HOST_SERVICE_ON_START"    : "y"
"INCLUDE_RESTAPI"                 : "n"
"INCLUDE_SFLOW"                   : "y"
"INCLUDE_NAT"                     : "y"
"INCLUDE_DHCP_RELAY"              : "y"
"INCLUDE_DHCP_SERVER"             : "n"
"INCLUDE_P4RT"                    : "n"
"INCLUDE_VS_DASH_SAI"             : "y"
"INCLUDE_KUBERNETES"              : "n"
"INCLUDE_KUBERNETES_MASTER"       : "n"
"INCLUDE_MACSEC"                  : "y"
"INCLUDE_MUX"                     : "y"
"INCLUDE_TEAMD"                   : "y"
"INCLUDE_DASH_HA"                 : "y"
"INCLUDE_ROUTER_ADVERTISER"       : "y"
"INCLUDE_SNMP"                    : "y"
"INCLUDE_LLDP"                    : "y"
"INCLUDE_BOOTCHART                : "y"
"ENABLE_BOOTCHART                 : "n"
"INCLUDE_FIPS"                    : "y"
"ENABLE_TRANSLIB_WRITE"           : ""
"ENABLE_NATIVE_WRITE"             : "y"
"ENABLE_DIALOUT"                  : ""
"ENABLE_AUTO_TECH_SUPPORT"        : "y"
"PDDF_SUPPORT"                    : "y"
"MULTIARCH_QEMU_ENVIRON"          : "n"
"SONIC_VERSION_CONTROL_COMPONENTS": "py2,py3,web,git,docker"
"ENABLE_ASAN"                     : "n"
"DEFAULT_CONTAINER_REGISTRY"      : "publicmirror.azurecr.io/"
"BUILD_MULTIASIC_KVM"             : "n"
"CROSS_BUILD_ENVIRON"             : "n"
"INCLUDE_EXTERNAL_PATCHES"        : "n"
"PTF_ENV_PY_VER"                  : "py3"
"ENABLE_MULTIDB"                  : ""
"ENABLE_SBOM"                     : "n"
"SBOM_FORMAT"                     : "both"
"SBOM_SCAN_TOOL"                  : "syft"
"SBOM_INCLUDE_LICENSES"           : "y"
"SBOM_STRICT"                     : "y"

"SONIC_DPKG_CACHE_METHOD"         : "none"

sudo sed -i 's/--storage-driver=vfs/--storage-driver=overlay2/' /etc/default/docker
sudo sed -i -e '/http_proxy/d' -e '/https_proxy/d' /etc/default/docker
sudo bash -c "{ echo \"export http_proxy=$http_proxy\"; \
            echo \"export https_proxy=$https_proxy\"; \
            echo \"export no_proxy=$no_proxy\"; } >> /etc/default/docker"
if [ x = x"y" ]; then \
	test -S /var/run/docker.sock && sudo docker ps &> /dev/null || ./scripts/wait_for_docker.sh 60; \
else \
	sudo service docker status &> /dev/null || ( sudo service docker start &> /dev/null && ./scripts/wait_for_docker.sh 60 ); \
fi
[ building ] [ target/docker-dash-engine.gz ] 
[ finished ] [ target/docker-dash-engine.gz ] 
