sudo: A terminal is required to authenticate
"SECURE_UPGRADE_PROD_SIGNING_TOOL": ""
pushd src/sonic-build-hooks; TRUSTED_GPG_URLS= make all; popd
mkdir -p sonic-slave-trixie/buildinfo
cp src/sonic-build-hooks/buildinfo/sonic-build-hooks* sonic-slave-trixie/buildinfo
/data/sonic/sonic-dzf-time-measure/src/sonic-build-hooks /data/sonic/sonic-dzf-time-measure
make[1]: Entering directory '/data/sonic/sonic-dzf-time-measure/src/sonic-build-hooks'
dpkg-deb: warning: root directory tmp/sonic-build-hooks has unusual owner or group 17388989:983
dpkg-deb: hint: you might need to pass --root-owner-group, see <https://wiki.debian.org/Teams/Dpkg/RootlessBuilds> for further details
dpkg-deb: warning: ignoring 1 warning about the control file(s)
dpkg-deb: building package 'sonic-build-hooks' in 'buildinfo/sonic-build-hooks_1.0_all.deb'.
make[1]: Leaving directory '/data/sonic/sonic-dzf-time-measure/src/sonic-build-hooks'
/data/sonic/sonic-dzf-time-measure
echo -n ""
lsmod | grep -q "^overlay " &>/dev/null || zgrep -q 'CONFIG_OVERLAY_FS=y' /proc/config.gz &>/dev/null || grep -q 'CONFIG_OVERLAY_FS=y' /boot/config-7.0.0-22-generic &>/dev/null || (echo "ERROR: Module 'overlay' not loaded. Try running 'sudo modprobe overlay'."; exit 1)
{ { echo Checking sonic-slave-base image: sonic-slave-trixie:ca17477b760; docker inspect --type image sonic-slave-trixie:ca17477b760 &> /dev/null; }; } || { [ n == y ] && { echo Image sonic-slave-trixie:ca17477b760 not found. Pulling...; docker pull sonicdev-microsoft.azurecr.io:443/sonic-slave-trixie:ca17477b760; } && { docker tag sonicdev-microsoft.azurecr.io:443/sonic-slave-trixie:ca17477b760 sonic-slave-trixie:ca17477b760 && DEFAULT_CONTAINER_REGISTRY=publicmirror.azurecr.io/ SONIC_VERSION_CACHE=rcache DBGOPT='' scripts/collect_docker_version_files.sh sonic-slave-trixie target sonic-slave-trixie:ca17477b760 sonic-slave-trixie sonic-slave-trixie/Dockerfile; } ; } || { set -o pipefail ; echo Image sonic-slave-trixie:ca17477b760 not found. Building... ; BUILD_SLAVE=y DEFAULT_CONTAINER_REGISTRY=publicmirror.azurecr.io/ SONIC_VERSION_CACHE=rcache DBGOPT='' MIRROR_SNAPSHOT=n BUILD_PUBLIC_URL=https://packages.trafficmanager.net/public BUILD_SNAPSHOT_URL=http://packages.trafficmanager.net/snapshot ENABLE_SBOM=n scripts/prepare_docker_buildinfo.sh sonic-slave-trixie sonic-slave-trixie/Dockerfile amd64 "" trixie ; docker build --no-cache -t sonic-slave-trixie:ca17477b760 --build-arg http_proxy=http://127.0.0.1:9 --build-arg https_proxy=http://127.0.0.1:9 --build-arg no_proxy=localhost,127.0.0.1,0.0.0.0 --build-arg SONIC_VERSION_CACHE=rcache --build-arg SONIC_VERSION_CONTROL_COMPONENTS=py2,py3,web,git,docker --build-arg ENABLE_SBOM=n sonic-slave-trixie 2>&1 | tee sonic-slave-trixie/sonic-slave-trixie_ca17477b760.log ; DEFAULT_CONTAINER_REGISTRY=publicmirror.azurecr.io/ SONIC_VERSION_CACHE=rcache DBGOPT='' scripts/collect_docker_version_files.sh sonic-slave-trixie target sonic-slave-trixie:ca17477b760 sonic-slave-trixie sonic-slave-trixie/Dockerfile ; }
{ { echo Checking sonic-slave-user image: sonic-slave-trixie-qiuying.xzc:0e69d80ab15; docker inspect --type image sonic-slave-trixie-qiuying.xzc:0e69d80ab15 &> /dev/null; }; } || { [ n == y ] && { echo Image sonic-slave-trixie-qiuying.xzc:0e69d80ab15 not found. Pulling...; docker pull sonicdev-microsoft.azurecr.io:443/sonic-slave-trixie-qiuying.xzc:0e69d80ab15; } && { docker tag sonicdev-microsoft.azurecr.io:443/sonic-slave-trixie-qiuying.xzc:0e69d80ab15 sonic-slave-trixie-qiuying.xzc:0e69d80ab15 && DEFAULT_CONTAINER_REGISTRY=publicmirror.azurecr.io/ SONIC_VERSION_CACHE=rcache DBGOPT='' scripts/collect_docker_version_files.sh sonic-slave-trixie target sonic-slave-trixie:ca17477b760 sonic-slave-trixie sonic-slave-trixie/Dockerfile; } ; } || { set -o pipefail ; echo Image sonic-slave-trixie-qiuying.xzc:0e69d80ab15 not found. Building... ; docker build --no-cache --build-arg user=qiuying.xzc --build-arg uid=17388989 --build-arg guid=983 --build-arg hostname=alinos-oncall215192149218.na131 --build-arg slave_base_tag_ref=ca17477b760 -t sonic-slave-trixie-qiuying.xzc:0e69d80ab15 -f sonic-slave-trixie/Dockerfile.user sonic-slave-trixie 2>&1 | tee sonic-slave-trixie/sonic-slave-trixie-qiuying.xzc_0e69d80ab15.log ; }

docker run --rm=true --privileged --init -v "/data/sonic/sonic-dzf-time-measure:/sonic"  -v "/tmp/docklock:/tmp/docklock" -w "/sonic"  -e "http_proxy=http://127.0.0.1:9" -e "https_proxy=http://127.0.0.1:9" -e "no_proxy=localhost,127.0.0.1,0.0.0.0" -i --ulimit nofile=524288:524288 -v /data/sonic/时间统计/cache/20260901-233744/make-git-mirrors:/git-mirrors:ro -v /data/sonic/时间统计/cache/20260901-233744/offline.gitconfig:/etc/sonic-offline.gitconfig:ro -v /data/sonic/时间统计/cache/20260901-233744/make-cargo-home:/cargo-home:rw -v /data/sonic/时间统计/cache/20260901-233744/make-pip-wheelhouse:/pip-wheelhouse:ro -e GIT_CONFIG_GLOBAL=/etc/sonic-offline.gitconfig -e GIT_TERMINAL_PROMPT=0 -e CARGO_HOME=/cargo-home -e CARGO_NET_OFFLINE=true -e DEB_BUILD_OPTIONS=nocheck -e PIP_NO_INDEX=1 -e PIP_FIND_LINKS=/pip-wheelhouse -v /data/sonic/sonic-dzf-time-measure/fsroot.docker.trixie:/var/lib/docker -v "/var/cache/sonic/artifacts:/dpkg_cache:rw" -v "/data/sonic/时间统计/cache/20260901-233744/make-version-cache:/vcache:rw" \
	sonic-slave-trixie-qiuying.xzc:0e69d80ab15 \
	bash -c "make -f slave.mk PLATFORM=vs PLATFORM_ARCH=amd64 MULTIARCH_QEMU_ENVIRON=n TARGET_BOOTLOADER=grub CROSS_BUILD_ENVIRON=n BUILD_NUMBER= BUILD_TIMESTAMP=20260906.033324 SONIC_IMAGE_VERSION= SLAVE_TAG=0e69d80ab15 ENABLE_ZTP= INCLUDE_PDE= SHUTDOWN_BGP_ON_START= INCLUDE_KUBERNETES=n KUBERNETES_VERSION=1.22.2-00 KUBERNETES_CNI_VERSION=0.8.7-00 KUBERNETES_CRI_TOOLS_VERSION=1.26.0-00 K8s_GCR_IO_PAUSE_VERSION=3.5 INCLUDE_KUBERNETES_MASTER=n SONIC_ENABLE_PFCWD_ON_START= SONIC_ENABLE_SYNCD_RPC= SONIC_INSTALL_DEBUG_TOOLS= SONIC_SAITHRIFT_V2= MDEBUG= PASSWORD= USERNAME= CHANGE_DEFAULT_PASSWORD=n SONIC_BUILD_JOBS=8 VS_PREPARE_MEM= KERNEL_PROCURE_METHOD= SONIC_DPKG_CACHE_METHOD=none SONIC_DPKG_CACHE_SOURCE=/var/cache/sonic/artifacts SONIC_DPKG_CACHE_METHOD_OVERRIDE= GOPROXY=off HTTP_PROXY=http://127.0.0.1:9 HTTPS_PROXY=http://127.0.0.1:9 NO_PROXY=localhost,127.0.0.1,0.0.0.0 DOCKER_USERNAME=sonic DOCKER_USERTAG=latest DOCKER_LOCKDIR=/tmp/docklock DOCKER_LOCKFILE_SAVE=/tmp/docklock/docker_save.lock SONIC_CONFIG_USE_NATIVE_DOCKERD_FOR_BUILD= SONIC_CONFIG_USE_DOCKER_CACHE= SONIC_INCLUDE_SYSTEM_TELEMETRY=n SONIC_INCLUDE_SYSTEM_GNMI=y SONIC_INCLUDE_SYSTEM_BMP=y SONIC_INCLUDE_SYSTEM_EVENTD=y SONIC_INCLUDE_SYSTEM_OTEL=y INCLUDE_DHCP_RELAY=y INCLUDE_DHCP_SERVER=n INCLUDE_MACSEC=y INCLUDE_STP= INCLUDE_ICCPD=n SONIC_INCLUDE_RESTAPI=n SONIC_INCLUDE_MUX=y ENABLE_TRANSLIB_WRITE= ENABLE_NATIVE_WRITE=y ENABLE_DIALOUT= EXTRA_DOCKER_TARGETS= BUILD_LOG_TIMESTAMP= SONIC_ENABLE_IMAGE_SIGNATURE= SECURE_UPGRADE_MODE="no_sign" SECURE_UPGRADE_DEV_SIGNING_KEY= SECURE_UPGRADE_SIGNING_CERT= SECURE_UPGRADE_KERNEL_CAFILE= SECURE_UPGRADE_PROD_SIGNING_TOOL= SONIC_DEFAULT_CONTAINER_REGISTRY=publicmirror.azurecr.io/ ENABLE_HOST_SERVICE_ON_START=y SLAVE_DIR=sonic-slave-trixie ENABLE_AUTO_TECH_SUPPORT=y BUILD_MULTIASIC_KVM=n ENABLE_ASAN=n SONIC_INCLUDE_BOOTCHART=y SONIC_ENABLE_BOOTCHART=n INCLUDE_FIPS=y ENABLE_FIPS=n SONIC_SLAVE_DOCKER_DRIVER=overlay2 MIRROR_URLS= MIRROR_SECURITY_URLS= MIRROR_SNAPSHOT=n BUILD_PUBLIC_URL=https://packages.trafficmanager.net/public BUILD_SNAPSHOT_URL=http://packages.trafficmanager.net/snapshot SONIC_VERSION_CONTROL_COMPONENTS=py2,py3,web,git,docker ONIE_IMAGE_PART_SIZE= SONIC_OS_VERSION=13 PIP_HTTP_TIMEOUT=60 BUILD_PROCESS_TIMEOUT=0 BUILD_SKIP_TEST=y SONIC_PTF_ENV_PY_VER=py3 ENABLE_MULTIDB= ENABLE_VRF_STRICT= ENABLE_FRR_TCMALLOC=y ENABLE_SBOM=n ENABLE_SOURCE_ARCHIVE=n SBOM_FORMAT=both SBOM_SCAN_TOOL=syft SBOM_INCLUDE_LICENSES=y SBOM_STRICT=y SOURCE_DATE_EPOCH=1788636804 SONIC_VERSION_CACHE=rcache SONIC_VERSION_CACHE_SOURCE=/data/sonic/时间统计/cache/20260901-233744/make-version-cache clean SONIC_BUILD_TARGET=clean; { scripts/collect_build_version_files.sh \$?; }; "
:
Checking sonic-slave-base image: sonic-slave-trixie:ca17477b760
Checking sonic-slave-user image: sonic-slave-trixie-qiuying.xzc:0e69d80ab15
SONiC Build System

Build Configuration
"CONFIGURED_PLATFORM"             : "vs"
"CONFIGURED_ARCH"                 : "amd64"
"SONIC_CONFIG_PRINT_DEPENDENCIES" : ""
"SONIC_BUILD_JOBS"                : "8"
"SONIC_CONFIG_MAKE_JOBS"          : "192"
"USE_NATIVE_DOCKERD_FOR_BUILD"    : ""
"USE_DOCKER_CACHE"               : ""
"SONIC_CONFIG_USE_CCACHE"         : "n"
"USERNAME"                        : "admin"
"PASSWORD"                        : "YourPaSsWoRd"
"CHANGE_DEFAULT_PASSWORD"         : "n"
"SECURE_UPGRADE_MODE"             : "no_sign"
"SECURE_UPGRADE_DEV_SIGNING_KEY"  : ""
"SECURE_UPGRADE_SIGNING_CERT"     : ""
"SECURE_UPGRADE_KERNEL_CAFILE"    : ""
"SECURE_UPGRADE_PROD_SIGNING_TOOL": ""
"SECURE_UPGRADE_PROD_TOOL_ARGS"   : ""
"ONIE_IMAGE_PART_SIZE"            : ""
"SHUTDOWN_BGP_ON_START"           : ""
"ENABLE_PFCWD_ON_START"           : ""
"SONIC_BUFFER_MODEL"              : ""
"INSTALL_DEBUG_TOOLS"             : ""
"ROUTING_STACK"                   : "frr"
"FRR_USER_UID"                    : "300"
"FRR_USER_GID"                    : "300"
"ENABLE_FRR_TCMALLOC"             : "y"
"ENABLE_SYNCD_RPC"                : ""
"SAITHRIFT_V2"                    : ""
"ENABLE_ORGANIZATION_EXTENSIONS"  : "y"
"HTTP_PROXY"                      : "http://127.0.0.1:9"
"HTTPS_PROXY"                     : "http://127.0.0.1:9"
"NO_PROXY"                        : "localhost,127.0.0.1,0.0.0.0"
"ENABLE_ZTP"                      : ""
"INCLUDE_PDE"                     : ""
"SONIC_DEBUGGING_ON"              : ""
"SONIC_PROFILING_ON"              : ""
"KERNEL_PROCURE_METHOD"           : "build"
"BUILD_TIMESTAMP"                 : "20260906.033324"
"BUILD_LOG_TIMESTAMP"             : "none"
"SONIC_IMAGE_VERSION"             : "master.0-dirty-20260906.033324"
"BLDENV"                          : "trixie"
"VS_PREPARE_MEM"                  : "yes"
"INCLUDE_MGMT_FRAMEWORK"          : "y"
"INCLUDE_ICCPD"                   : "n"
"INCLUDE_STP"                     : ""
"INCLUDE_SYSTEM_TELEMETRY"        : "n"
"INCLUDE_SYSTEM_GNMI"             : "y"
"INCLUDE_SYSTEM_BMP"              : "y"
"INCLUDE_SYSTEM_OTEL"             : "y"
"INCLUDE_SYSTEM_EVENTD"           : "y"
"ENABLE_HOST_SERVICE_ON_START"    : "y"
"INCLUDE_RESTAPI"                 : "n"
"INCLUDE_SFLOW"                   : "y"
"INCLUDE_NAT"                     : "y"
"INCLUDE_DHCP_RELAY"              : "y"
"INCLUDE_DHCP_SERVER"             : "n"
"INCLUDE_P4RT"                    : "n"
"INCLUDE_VS_DASH_SAI"             : "y"
"INCLUDE_KUBERNETES"              : "n"
"INCLUDE_KUBERNETES_MASTER"       : "n"
"INCLUDE_MACSEC"                  : "y"
"INCLUDE_MUX"                     : "y"
"INCLUDE_TEAMD"                   : "y"
"INCLUDE_DASH_HA"                 : "y"
"INCLUDE_ROUTER_ADVERTISER"       : "y"
"INCLUDE_SNMP"                    : "y"
"INCLUDE_LLDP"                    : "y"
"INCLUDE_BOOTCHART                : "y"
"ENABLE_BOOTCHART                 : "n"
"INCLUDE_FIPS"                    : "y"
"ENABLE_TRANSLIB_WRITE"           : ""
"ENABLE_NATIVE_WRITE"             : "y"
"ENABLE_DIALOUT"                  : ""
"ENABLE_AUTO_TECH_SUPPORT"        : "y"
"PDDF_SUPPORT"                    : "y"
"MULTIARCH_QEMU_ENVIRON"          : "n"
"SONIC_VERSION_CONTROL_COMPONENTS": "py2,py3,web,git,docker"
"ENABLE_ASAN"                     : "n"
"DEFAULT_CONTAINER_REGISTRY"      : "publicmirror.azurecr.io/"
"BUILD_MULTIASIC_KVM"             : "n"
"CROSS_BUILD_ENVIRON"             : "n"
"INCLUDE_EXTERNAL_PATCHES"        : "n"
"PTF_ENV_PY_VER"                  : "py3"
"ENABLE_MULTIDB"                  : ""
"ENABLE_SBOM"                     : "n"
"SBOM_FORMAT"                     : "both"
"SBOM_SCAN_TOOL"                  : "syft"
"SBOM_INCLUDE_LICENSES"           : "y"
"SBOM_STRICT"                     : "y"

"SONIC_DPKG_CACHE_METHOD"         : "none"

# remove derived or extra targets if main one is removed, because we treat them
# as part of one package
rm -f target/debs/trixie/phy-credo_1.0_amd64.deb
# remove derived or extra targets if main one is removed, because we treat them
# as part of one package
rm -f target/debs/trixie/bash_5.2.37-2_amd64.deb target/debs/trixie/bash-dbgsym_5.2.37-2_amd64.deb
# remove derived or extra targets if main one is removed, because we treat them
# as part of one package
rm -f target/debs/trixie/libsai_1.0.0_amd64.deb target/debs/trixie/libsai-dev_1.0.0_amd64.deb
# remove derived or extra targets if main one is removed, because we treat them
# as part of one package
rm -f target/debs/trixie/flashrom_0.9.7_amd64.deb target/debs/trixie/flashrom-dbgsym_0.9.7_amd64.deb
# remove derived or extra targets if main one is removed, because we treat them
# as part of one package
rm -f target/debs/trixie/frr_10.5.4-sonic-0_amd64.deb target/debs/trixie/frr-pythontools_10.5.4-sonic-0_all.deb target/debs/trixie/frr-dbgsym_10.5.4-sonic-0_amd64.deb target/debs/trixie/frr-snmp_10.5.4-sonic-0_amd64.deb target/debs/trixie/frr-snmp-dbgsym_10.5.4-sonic-0_amd64.deb
# remove derived or extra targets if main one is removed, because we treat them
# as part of one package
rm -f target/debs/trixie/grub2-common_2.06-13+deb13u1_amd64.deb target/debs/trixie/grub-common_2.06-13+deb13u1_amd64.deb target/debs/trixie/grub-efi_2.06-13+deb13u1_amd64.deb target/debs/trixie/grub-pc-bin_2.06-13+deb13u1_amd64.deb target/debs/trixie/grub-efi-amd64_2.06-13+deb13u1_amd64.deb target/debs/trixie/grub-efi-amd64-bin_2.06-13+deb13u1_amd64.deb
# remove derived or extra targets if main one is removed, because we treat them
# as part of one package
rm -f target/debs/trixie/ifupdown2_3.0.0-1_all.deb
# remove derived or extra targets if main one is removed, because we treat them
# as part of one package
rm -f target/debs/trixie/initramfs-tools_0.142_all.deb target/debs/trixie/initramfs-tools-core_0.142_all.deb
# remove derived or extra targets if main one is removed, because we treat them
# as part of one package
rm -f target/debs/trixie/iproute2_6.15.0-1+sonic.0_amd64.deb target/debs/trixie/iproute2-dbgsym_6.15.0-1+sonic.0_amd64.deb
# remove derived or extra targets if main one is removed, because we treat them
# as part of one package
rm -f target/debs/trixie/iptables_1.8.9-2_amd64.deb target/debs/trixie/iptables-dbgsym_1.8.9-2_amd64.deb target/debs/trixie/libip4tc2_1.8.9-2_amd64.deb target/debs/trixie/libip4tc2-dbgsym_1.8.9-2_amd64.deb target/debs/trixie/libip6tc2_1.8.9-2_amd64.deb target/debs/trixie/libip6tc2-dbgsym_1.8.9-2_amd64.deb target/debs/trixie/libiptc0_1.8.9-2_amd64.deb target/debs/trixie/libxtables12_1.8.9-2_amd64.deb target/debs/trixie/libxtables12-dbgsym_1.8.9-2_amd64.deb
# remove derived or extra targets if main one is removed, because we treat them
# as part of one package
rm -f target/debs/trixie/isc-dhcp-relay_4.4.3-P1-2_amd64.deb target/debs/trixie/isc-dhcp-relay-dbgsym_4.4.3-P1-2_amd64.deb
# remove derived or extra targets if main one is removed, because we treat them
# as part of one package
rm -f target/debs/trixie/kdump-tools_1.10.7_amd64.deb
# remove derived or extra targets if main one is removed, because we treat them
# as part of one package
rm -f target/debs/trixie/libnl-3-200_3.7.0-0.2+b1sonic1_amd64.deb target/debs/trixie/libnl-3-200-dbgsym_3.7.0-0.2+b1sonic1_amd64.deb target/debs/trixie/libnl-3-dev_3.7.0-0.2+b1sonic1_amd64.deb target/debs/trixie/libnl-genl-3-200_3.7.0-0.2+b1sonic1_amd64.deb target/debs/trixie/libnl-genl-3-200-dbgsym_3.7.0-0.2+b1sonic1_amd64.deb target/debs/trixie/libnl-genl-3-dev_3.7.0-0.2+b1sonic1_amd64.deb target/debs/trixie/libnl-route-3-200_3.7.0-0.2+b1sonic1_amd64.deb target/debs/trixie/libnl-route-3-200-dbgsym_3.7.0-0.2+b1sonic1_amd64.deb target/debs/trixie/libnl-route-3-dev_3.7.0-0.2+b1sonic1_amd64.deb target/debs/trixie/libnl-nf-3-200_3.7.0-0.2+b1sonic1_amd64.deb target/debs/trixie/libnl-nf-3-dev_3.7.0-0.2+b1sonic1_amd64.deb target/debs/trixie/libnl-cli-3-200_3.7.0-0.2+b1sonic1_amd64.deb target/debs/trixie/libnl-cli-3-200-dbgsym_3.7.0-0.2+b1sonic1_amd64.deb target/debs/trixie/libnl-cli-3-dev_3.7.0-0.2+b1sonic1_amd64.deb
# remove derived or extra targets if main one is removed, because we treat them
# as part of one package
rm -f target/debs/trixie/libteam5_1.31-1_amd64.deb target/debs/trixie/libteam5-dbgsym_1.31-1_amd64.deb target/debs/trixie/libteam-dev_1.31-1_amd64.deb target/debs/trixie/libteamdctl0_1.31-1_amd64.deb target/debs/trixie/libteamdctl0-dbgsym_1.31-1_amd64.deb target/debs/trixie/libteam-utils_1.31-1_amd64.deb target/debs/trixie/libteam-utils-dbgsym_1.31-1_amd64.deb
# remove derived or extra targets if main one is removed, because we treat them
# as part of one package
rm -f target/debs/trixie/python3-libyang_3.1.0-1_amd64.deb
# remove derived or extra targets if main one is removed, because we treat them
# as part of one package
rm -f target/debs/trixie/libyang3_3.12.2-1_amd64.deb target/debs/trixie/libyang-dev_3.12.2-1_amd64.deb target/debs/trixie/libyang3-tools_3.12.2-1_amd64.deb target/debs/trixie/libyang3-dbgsym_3.12.2-1_amd64.deb target/debs/trixie/libyang3-tools-dbgsym_3.12.2-1_amd64.deb
# remove derived or extra targets if main one is removed, because we treat them
# as part of one package
rm -f target/debs/trixie/linux-headers-6.12.41+deb13-common-sonic_6.12.41-1_all.deb target/debs/trixie/linux-kbuild-6.12.41+deb13_6.12.41-1_amd64.deb target/debs/trixie/linux-image-6.12.41+deb13-sonic-amd64-unsigned_6.12.41-1_amd64.deb target/debs/trixie/linux-headers-6.12.41+deb13-sonic-amd64_6.12.41-1_amd64.deb
# remove derived or extra targets if main one is removed, because we treat them
# as part of one package
rm -f target/debs/trixie/lldpd_1.0.16-1+deb12u1_amd64.deb target/debs/trixie/liblldpctl-dev_1.0.16-1+deb12u1_amd64.deb target/debs/trixie/lldpd-dbgsym_1.0.16-1+deb12u1_amd64.deb
# remove derived or extra targets if main one is removed, because we treat them
# as part of one package
rm -f target/debs/trixie/lm-sensors_3.6.0-7.1_amd64.deb target/debs/trixie/lm-sensors-dbgsym_3.6.0-7.1_amd64.deb target/debs/trixie/fancontrol_3.6.0-7.1_all.deb target/debs/trixie/libsensors5_3.6.0-7.1_amd64.deb target/debs/trixie/libsensors5-dbgsym_3.6.0-7.1_amd64.deb target/debs/trixie/sensord_3.6.0-7.1_amd64.deb target/debs/trixie/sensord-dbgsym_3.6.0-7.1_amd64.deb
# remove derived or extra targets if main one is removed, because we treat them
# as part of one package
rm -f target/debs/trixie/makedumpfile_1.7.7-1_amd64.deb
# remove derived or extra targets if main one is removed, because we treat them
# as part of one package
rm -f target/debs/trixie/monit_5.34.3-1_amd64.deb target/debs/trixie/monit-dbgsym_5.34.3-1_amd64.deb
# remove derived or extra targets if main one is removed, because we treat them
# as part of one package
rm -f target/debs/trixie/libmpdec2_2.4.2-2_amd64.deb target/debs/trixie/libmpdec-dev_2.4.2-2_amd64.deb
# remove derived or extra targets if main one is removed, because we treat them
# as part of one package
rm -f target/debs/trixie/openssh-server_10.0p1-7_amd64.deb target/debs/trixie/openssh-client_10.0p1-7_amd64.deb target/debs/trixie/openssh-sftp-server_10.0p1-7_amd64.deb
# remove derived or extra targets if main one is removed, because we treat them
# as part of one package
rm -f target/debs/trixie/p4lang-pi_0.1.1-1_amd64.deb
# remove derived or extra targets if main one is removed, because we treat them
# as part of one package
rm -f target/debs/trixie/p4lang-bmv2_1.15.0-9_amd64.deb
# remove derived or extra targets if main one is removed, because we treat them
# as part of one package
rm -f target/debs/trixie/p4lang-p4c_1.2.4.2-2_amd64.deb
# remove derived or extra targets if main one is removed, because we treat them
# as part of one package
rm -f target/debs/trixie/sonic-p4rt_0.0.1_amd64.deb target/debs/trixie/sonic-p4rt-dbgsym_0.0.1_amd64.deb
# remove derived or extra targets if main one is removed, because we treat them
# as part of one package
rm -f target/debs/trixie/libpam-radius-auth_1.4.1-1_amd64.deb target/debs/trixie/libpam-radius-auth-dbgsym_1.4.1-1_amd64.deb
# remove derived or extra targets if main one is removed, because we treat them
# as part of one package
rm -f target/debs/trixie/libnss-radius_1.0.1-1_amd64.deb target/debs/trixie/libnss-radius-dbgsym_1.0.1-1_amd64.deb
# remove derived or extra targets if main one is removed, because we treat them
# as part of one package
rm -f target/debs/trixie/rasdaemon_0.6.8-1_amd64.deb target/debs/trixie/rasdaemon-dbgsym_0.6.8-1_amd64.deb
# remove derived or extra targets if main one is removed, because we treat them
# as part of one package
rm -f target/debs/trixie/redis-tools_5.0.3-3~bpo9+2_amd64.deb target/debs/trixie/redis-tools-dbgsym_5.0.3-3~bpo9+2_amd64.deb target/debs/trixie/redis-server_5.0.3-3~bpo9+2_amd64.deb target/debs/trixie/redis-sentinel_5.0.3-3~bpo9+2_amd64.deb
# remove derived or extra targets if main one is removed, because we treat them
# as part of one package
rm -f target/debs/trixie/sedutil_1.15-5ad84d8_amd64.deb
# remove derived or extra targets if main one is removed, because we treat them
# as part of one package
rm -f target/debs/trixie/hsflowd_2.0.51-26_amd64.deb target/debs/trixie/hsflowd-dbgsym_2.0.51-26_amd64.deb
# remove derived or extra targets if main one is removed, because we treat them
# as part of one package
rm -f target/debs/trixie/sflowtool_5.04_amd64.deb
# remove derived or extra targets if main one is removed, because we treat them
# as part of one package
rm -f target/debs/trixie/psample_1.1-1_amd64.deb target/debs/trixie/psample-dbgsym_1.1-1_amd64.deb
# remove derived or extra targets if main one is removed, because we treat them
# as part of one package
rm -f target/debs/trixie/socat_1.7.4.1-3_amd64.deb target/debs/trixie/socat-dbgsym_1.7.4.1-3_amd64.deb
# remove derived or extra targets if main one is removed, because we treat them
# as part of one package
rm -f target/debs/trixie/sonic-device-data_1.0-1_all.deb
# remove derived or extra targets if main one is removed, because we treat them
# as part of one package
rm -f target/debs/trixie/symcrypt-openssl_1.9.4_amd64.deb target/debs/trixie/openssl_3.5.4-1+fips_amd64.deb target/debs/trixie/libssl3t64_3.5.4-1+fips_amd64.deb target/debs/trixie/libssl-dev_3.5.4-1+fips_amd64.deb target/debs/trixie/libssl-doc_3.5.4-1+fips_all.deb target/debs/trixie/openssh-client_10.0p1-7+fips_amd64.deb target/debs/trixie/openssh-sftp-server_10.0p1-7+fips_amd64.deb target/debs/trixie/openssh-server_10.0p1-7+fips_amd64.deb target/debs/trixie/ssh_10.0p1-7+fips_all.deb target/debs/trixie/golang-1.24_1.24.4-1+fips_all.deb target/debs/trixie/golang-1.24-go_1.24.4-1+fips_amd64.deb target/debs/trixie/golang-1.24-src_1.24.4-1+fips_all.deb target/debs/trixie/golang-1.24-doc_1.24.4-1+fips_all.deb target/debs/trixie/python3.13_3.13.5-2+fips_amd64.deb target/debs/trixie/python3.13-minimal_3.13.5-2+fips_amd64.deb target/debs/trixie/libpython3.13_3.13.5-2+fips_amd64.deb target/debs/trixie/libpython3.13-minimal_3.13.5-2+fips_amd64.deb target/debs/trixie/libpython3.13-stdlib_3.13.5-2+fips_amd64.deb target/debs/trixie/libk5crypto3_1.21.3-5+fips_amd64.deb target/debs/trixie/libkrb5support0_1.21.3-5+fips_amd64.deb target/debs/trixie/libkrb5-3_1.21.3-5+fips_amd64.deb target/debs/trixie/libgssapi-krb5-2_1.21.3-5+fips_amd64.deb target/debs/trixie/libkadm5clnt-mit12_1.21.3-5+fips_amd64.deb target/debs/trixie/libkadm5srv-mit12_1.21.3-5+fips_amd64.deb target/debs/trixie/libgssrpc4t64_1.21.3-5+fips_amd64.deb target/debs/trixie/krb5-multidev_1.21.3-5+fips_amd64.deb target/debs/trixie/libkrb5-dev_1.21.3-5+fips_amd64.deb
# remove derived or extra targets if main one is removed, because we treat them
# as part of one package
rm -f target/debs/trixie/bmcweb_1.0.0_amd64.deb target/debs/trixie/bmcweb-dbg_1.0.0_amd64.deb
# remove derived or extra targets if main one is removed, because we treat them
# as part of one package
rm -f target/debs/trixie/libtac2_1.4.1-1_amd64.deb target/debs/trixie/libtac2-dbgsym_1.4.1-1_amd64.deb target/debs/trixie/libpam-tacplus-dbgsym_1.4.1-1_amd64.deb target/debs/trixie/libtac-dev_1.4.1-1_amd64.deb target/debs/trixie/libpam-tacplus_1.4.1-1_amd64.deb
# remove derived or extra targets if main one is removed, because we treat them
# as part of one package
rm -f target/debs/trixie/libnss-tacplus_1.0.4-1_amd64.deb target/debs/trixie/libnss-tacplus-dbgsym_1.0.4-1_amd64.deb
# remove derived or extra targets if main one is removed, because we treat them
# as part of one package
rm -f target/debs/trixie/audisp-tacplus_1.0.2_amd64.deb target/debs/trixie/audisp-tacplus-dbgsym_1.0.2_amd64.deb
# remove derived or extra targets if main one is removed, because we treat them
# as part of one package
rm -f target/debs/trixie/libthrift-0.11.0_0.11.0-4_amd64.deb target/debs/trixie/libthrift-dev_0.11.0-4_amd64.deb target/debs/trixie/python-thrift_0.11.0-4_amd64.deb target/debs/trixie/thrift-compiler_0.11.0-4_amd64.deb
# remove derived or extra targets if main one is removed, because we treat them
# as part of one package
rm -f target/debs/trixie/libthrift0_0.14.1_amd64.deb target/debs/trixie/libthrift-dev_0.14.1_amd64.deb target/debs/trixie/python3-thrift_0.14.1_amd64.deb target/debs/trixie/python-thrift_0.14.1_amd64.deb target/debs/trixie/thrift-compiler_0.14.1_amd64.deb
# remove derived or extra targets if main one is removed, because we treat them
# as part of one package
rm -f target/debs/trixie/wpasupplicant_2.9.0-14_amd64.deb target/debs/trixie/wpasupplicant-dbgsym_2.9.0-14_amd64.deb
# remove derived or extra targets if main one is removed, because we treat them
# as part of one package
rm -f target/debs/trixie/dash-ha_1.0.0_amd64.deb target/debs/trixie/dash-ha-dbgsym_1.0.0_amd64.deb
# remove derived or extra targets if main one is removed, because we treat them
# as part of one package
rm -f target/debs/trixie/sonic-dhcp4relay_1.0.0-0_amd64.deb target/debs/trixie/sonic-dhcp4relay-dbgsym_1.0.0-0_amd64.deb
# remove derived or extra targets if main one is removed, because we treat them
# as part of one package
rm -f target/debs/trixie/sonic-dhcpmon_1.0.0-0_amd64.deb target/debs/trixie/sonic-dhcpmon-dbgsym_1.0.0-0_amd64.deb
# remove derived or extra targets if main one is removed, because we treat them
# as part of one package
rm -f target/debs/trixie/sonic-dhcp6relay_1.0.0-0_amd64.deb target/debs/trixie/sonic-dhcp6relay-dbgsym_1.0.0-0_amd64.deb
# remove derived or extra targets if main one is removed, because we treat them
# as part of one package
rm -f target/debs/trixie/sonic-eventd_1.0.0-0_amd64.deb target/debs/trixie/sonic-eventd-dbgsym_1.0.0-0_amd64.deb target/debs/trixie/sonic-rsyslog-plugin_1.0.0-0_amd64.deb target/debs/trixie/sonic-rsyslog-plugin-dbgsym_1.0.0-0_amd64.deb
# remove derived or extra targets if main one is removed, because we treat them
# as part of one package
rm -f target/debs/trixie/gobgp_1.16-01_amd64.deb
# remove derived or extra targets if main one is removed, because we treat them
# as part of one package
rm -f target/debs/trixie/iccpd_0.0.5_amd64.deb target/debs/trixie/iccpd-dbg_0.0.5_amd64.deb
# remove derived or extra targets if main one is removed, because we treat them
# as part of one package
rm -f target/debs/trixie/sonic-linkmgrd_1.0.0-1_amd64.deb target/debs/trixie/sonic-linkmgrd-dbgsym_1.0.0-1_amd64.deb
# remove derived or extra targets if main one is removed, because we treat them
# as part of one package
rm -f target/debs/trixie/python-ptf_0.9-1_all.deb
# remove derived or extra targets if main one is removed, because we treat them
# as part of one package
rm -f target/debs/trixie/sonic-rest-api_1.0.1_amd64.deb target/debs/trixie/sonic-rest-api-dbgsym_1.0.1_amd64.deb
# remove derived or extra targets if main one is removed, because we treat them
# as part of one package
rm -f target/debs/trixie/libsairedis_1.0.0_amd64.deb target/debs/trixie/libsairedis-dev_1.0.0_amd64.deb target/debs/trixie/libsaivs_1.0.0_amd64.deb target/debs/trixie/libsaivs-dev_1.0.0_amd64.deb target/debs/trixie/libsaimetadata_1.0.0_amd64.deb target/debs/trixie/libsaimetadata-dev_1.0.0_amd64.deb target/debs/trixie/libsairedis-dbgsym_1.0.0_amd64.deb target/debs/trixie/libsaivs-dbgsym_1.0.0_amd64.deb target/debs/trixie/libsaimetadata-dbgsym_1.0.0_amd64.deb target/debs/trixie/python3-pysairedis_1.0.0_amd64.deb target/debs/trixie/python3-pysairedis-dbgsym_1.0.0_amd64.deb target/debs/trixie/syncd-vs_1.0.0_amd64.deb target/debs/trixie/syncd-vs-dbgsym_1.0.0_amd64.deb
# remove derived or extra targets if main one is removed, because we treat them
# as part of one package
rm -f target/debs/trixie/sonic-bmp_0.1_amd64.deb target/debs/trixie/sonic-bmp-dbgsym_0.1_amd64.deb
# remove derived or extra targets if main one is removed, because we treat them
# as part of one package
rm -f target/debs/trixie/sonic-ctrmgrd-rs_1.0.0_amd64.deb target/debs/trixie/sonic-ctrmgrd-rs-dbgsym_1.0.0_amd64.deb
# remove derived or extra targets if main one is removed, because we treat them
# as part of one package
rm -f target/debs/trixie/libdashapi_1.0.0_amd64.deb target/debs/trixie/libdashapi-dbgsym_1.0.0_amd64.deb
# remove derived or extra targets if main one is removed, because we treat them
# as part of one package
rm -f target/debs/trixie/libnexthopgroup_1.0.0_amd64.deb target/debs/trixie/libnexthopgroup-dev_1.0.0_amd64.deb
# remove derived or extra targets if main one is removed, because we treat them
# as part of one package
rm -f target/debs/trixie/genl-packet-module_1.0-1_amd64.deb
# remove derived or extra targets if main one is removed, because we treat them
# as part of one package
rm -f target/debs/trixie/genl-packet-tools_1.0-1_amd64.deb
# remove derived or extra targets if main one is removed, because we treat them
# as part of one package
rm -f target/debs/trixie/sonic-host-services-data_1.0-1_all.deb
# remove derived or extra targets if main one is removed, because we treat them
# as part of one package
rm -f target/debs/trixie/sonic-host-services-rs_1.0.0_amd64.deb target/debs/trixie/sonic-host-services-rs-dbgsym_1.0.0_amd64.deb
# remove derived or extra targets if main one is removed, because we treat them
# as part of one package
rm -f target/debs/trixie/libgenl-packet_1.0-1_amd64.deb target/debs/trixie/libgenl-packet-dev_1.0-1_amd64.deb
# remove derived or extra targets if main one is removed, because we treat them
# as part of one package
rm -f target/debs/trixie/sonic-mgmt-common_1.0.0_amd64.deb target/debs/trixie/sonic-mgmt-common-codegen_1.0.0_amd64.deb
# remove derived or extra targets if main one is removed, because we treat them
# as part of one package
rm -f target/debs/trixie/sonic-mgmt-framework_1.0-01_amd64.deb target/debs/trixie/sonic-mgmt-framework-dbg_1.0-01_amd64.deb
# remove derived or extra targets if main one is removed, because we treat them
# as part of one package
rm -f target/debs/trixie/sonic-nettools_0.0.1-0_amd64.deb target/debs/trixie/sonic-nettools-dbgsym_0.0.1-0_amd64.deb
# remove derived or extra targets if main one is removed, because we treat them
# as part of one package
rm -f target/debs/trixie/sonic-dbus-bridge_1.0.0_amd64.deb target/debs/trixie/sonic-dbus-bridge-dbgsym_1.0.0_amd64.deb
# remove derived or extra targets if main one is removed, because we treat them
# as part of one package
rm -f target/debs/trixie/stp_1.0.0_amd64.deb target/debs/trixie/stp-dbg_1.0.0_amd64.deb
# remove derived or extra targets if main one is removed, because we treat them
# as part of one package
rm -f target/debs/trixie/sonic-supervisord-utilities-rs_1.0.0_amd64.deb target/debs/trixie/sonic-supervisord-utilities-rs-dbgsym_1.0.0_amd64.deb
# remove derived or extra targets if main one is removed, because we treat them
# as part of one package
rm -f target/debs/trixie/sonic-utilities-data_1.0-1_all.deb
# remove derived or extra targets if main one is removed, because we treat them
# as part of one package
rm -f target/debs/trixie/sonic-ztp_1.0.0_all.deb
# remove derived or extra targets if main one is removed, because we treat them
# as part of one package
rm -f target/debs/trixie/libswsscommon_1.0.0_amd64.deb target/debs/trixie/libswsscommon-dev_1.0.0_amd64.deb target/debs/trixie/python3-swsscommon_1.0.0_amd64.deb target/debs/trixie/python3-swsscommon-dbgsym_1.0.0_amd64.deb target/debs/trixie/libswsscommon-dbgsym_1.0.0_amd64.deb target/debs/trixie/sonic-db-cli_1.0.0_amd64.deb target/debs/trixie/sonic-db-cli-dbgsym_1.0.0_amd64.deb
# remove derived or extra targets if main one is removed, because we treat them
# as part of one package
rm -f target/debs/trixie/swss_1.0.0_amd64.deb target/debs/trixie/swss-dbg_1.0.0_amd64.deb
# remove derived or extra targets if main one is removed, because we treat them
# as part of one package
rm -f target/debs/trixie/syslog-counter_1.0.0_amd64.deb
# remove derived or extra targets if main one is removed, because we treat them
# as part of one package
rm -f target/debs/trixie/sysmgr_1.0.0_amd64.deb target/debs/trixie/sysmgr-dbg_1.0.0_amd64.deb
# remove derived or extra targets if main one is removed, because we treat them
# as part of one package
rm -f target/debs/trixie/systemd-sonic-generator_1.0.0_amd64.deb target/debs/trixie/systemd-sonic-generator-dbgsym_1.0.0_amd64.deb
# remove derived or extra targets if main one is removed, because we treat them
# as part of one package
rm -f target/debs/trixie/bash-tacplus_1.0.0_amd64.deb target/debs/trixie/bash-tacplus-dbgsym_1.0.0_amd64.deb
# remove derived or extra targets if main one is removed, because we treat them
# as part of one package
rm -f target/debs/trixie/sonic-gnmi_0.1_amd64.deb target/debs/trixie/sonic-gnmi-dbgsym_0.1_amd64.deb
# remove derived or extra targets if main one is removed, because we treat them
# as part of one package
rm -f target/debs/trixie/sonic-platform-pddf_1.1_amd64.deb target/debs/trixie/sonic-platform-pddf-sym_1.1_amd64.deb
# remove derived or extra targets if main one is removed, because we treat them
# as part of one package
rm -f target/debs/trixie/libsaithrift-dev_0.9.4_amd64.deb target/debs/trixie/python-saithrift_0.9.4_amd64.deb target/debs/trixie/saiserver_0.9.4_amd64.deb target/debs/trixie/saiserver-dbg_0.9.4_amd64.deb
# remove derived or extra targets if main one is removed, because we treat them
# as part of one package
rm -f target/debs/trixie/sonic-platform-vs_1.0_amd64.deb
# remove derived or extra targets if main one is removed, because we treat them
# as part of one package
rm -f target/debs/trixie/bash-dbgsym_5.2.37-2_amd64.deb
# remove derived or extra targets if main one is removed, because we treat them
# as part of one package
rm -f target/debs/trixie/dash-ha-dbgsym_1.0.0_amd64.deb
# remove derived or extra targets if main one is removed, because we treat them
# as part of one package
rm -f target/debs/trixie/libsai-dev_1.0.0_amd64.deb
# remove derived or extra targets if main one is removed, because we treat them
# as part of one package
rm -f target/debs/trixie/sonic-dhcp4relay-dbgsym_1.0.0-0_amd64.deb
# remove derived or extra targets if main one is removed, because we treat them
# as part of one package
rm -f target/debs/trixie/sonic-dhcpmon-dbgsym_1.0.0-0_amd64.deb
# remove derived or extra targets if main one is removed, because we treat them
# as part of one package
rm -f target/debs/trixie/sonic-dhcp6relay-dbgsym_1.0.0-0_amd64.deb
# remove derived or extra targets if main one is removed, because we treat them
# as part of one package
rm -f target/debs/trixie/sonic-eventd-dbgsym_1.0.0-0_amd64.deb
# remove derived or extra targets if main one is removed, because we treat them
# as part of one package
rm -f target/debs/trixie/sonic-rsyslog-plugin_1.0.0-0_amd64.deb
# remove derived or extra targets if main one is removed, because we treat them
# as part of one package
rm -f target/debs/trixie/sonic-rsyslog-plugin-dbgsym_1.0.0-0_amd64.deb
# remove derived or extra targets if main one is removed, because we treat them
# as part of one package
rm -f target/debs/trixie/flashrom-dbgsym_0.9.7_amd64.deb
# remove derived or extra targets if main one is removed, because we treat them
# as part of one package
rm -f target/debs/trixie/grub-common_2.06-13+deb13u1_amd64.deb
# remove derived or extra targets if main one is removed, because we treat them
# as part of one package
rm -f target/debs/trixie/grub-efi_2.06-13+deb13u1_amd64.deb
# remove derived or extra targets if main one is removed, because we treat them
# as part of one package
rm -f target/debs/trixie/grub-pc-bin_2.06-13+deb13u1_amd64.deb
# remove derived or extra targets if main one is removed, because we treat them
# as part of one package
rm -f target/debs/trixie/grub-efi-amd64_2.06-13+deb13u1_amd64.deb
# remove derived or extra targets if main one is removed, because we treat them
# as part of one package
rm -f target/debs/trixie/grub-efi-amd64-bin_2.06-13+deb13u1_amd64.deb
# remove derived or extra targets if main one is removed, because we treat them
# as part of one package
rm -f target/debs/trixie/iccpd-dbg_0.0.5_amd64.deb
# remove derived or extra targets if main one is removed, because we treat them
# as part of one package
rm -f target/debs/trixie/iproute2-dbgsym_6.15.0-1+sonic.0_amd64.deb
# remove derived or extra targets if main one is removed, because we treat them
# as part of one package
rm -f target/debs/trixie/iptables-dbgsym_1.8.9-2_amd64.deb
# remove derived or extra targets if main one is removed, because we treat them
# as part of one package
rm -f target/debs/trixie/libip4tc2_1.8.9-2_amd64.deb
# remove derived or extra targets if main one is removed, because we treat them
# as part of one package
rm -f target/debs/trixie/libip4tc2-dbgsym_1.8.9-2_amd64.deb
# remove derived or extra targets if main one is removed, because we treat them
# as part of one package
rm -f target/debs/trixie/libip6tc2_1.8.9-2_amd64.deb
# remove derived or extra targets if main one is removed, because we treat them
# as part of one package
rm -f target/debs/trixie/libip6tc2-dbgsym_1.8.9-2_amd64.deb
# remove derived or extra targets if main one is removed, because we treat them
# as part of one package
rm -f target/debs/trixie/libiptc0_1.8.9-2_amd64.deb
# remove derived or extra targets if main one is removed, because we treat them
# as part of one package
rm -f target/debs/trixie/libxtables12_1.8.9-2_amd64.deb
# remove derived or extra targets if main one is removed, because we treat them
# as part of one package
rm -f target/debs/trixie/libxtables12-dbgsym_1.8.9-2_amd64.deb
# remove derived or extra targets if main one is removed, because we treat them
# as part of one package
rm -f target/debs/trixie/isc-dhcp-relay-dbgsym_4.4.3-P1-2_amd64.deb
# remove derived or extra targets if main one is removed, because we treat them
# as part of one package
rm -f target/debs/trixie/libnl-3-200-dbgsym_3.7.0-0.2+b1sonic1_amd64.deb
# remove derived or extra targets if main one is removed, because we treat them
# as part of one package
rm -f target/debs/trixie/libnl-3-dev_3.7.0-0.2+b1sonic1_amd64.deb
# remove derived or extra targets if main one is removed, because we treat them
# as part of one package
rm -f target/debs/trixie/libnl-genl-3-200_3.7.0-0.2+b1sonic1_amd64.deb
# remove derived or extra targets if main one is removed, because we treat them
# as part of one package
rm -f target/debs/trixie/libnl-genl-3-200-dbgsym_3.7.0-0.2+b1sonic1_amd64.deb
# remove derived or extra targets if main one is removed, because we treat them
# as part of one package
rm -f target/debs/trixie/libnl-genl-3-dev_3.7.0-0.2+b1sonic1_amd64.deb
# remove derived or extra targets if main one is removed, because we treat them
# as part of one package
rm -f target/debs/trixie/libnl-route-3-200_3.7.0-0.2+b1sonic1_amd64.deb
# remove derived or extra targets if main one is removed, because we treat them
# as part of one package
rm -f target/debs/trixie/libnl-route-3-200-dbgsym_3.7.0-0.2+b1sonic1_amd64.deb
# remove derived or extra targets if main one is removed, because we treat them
# as part of one package
rm -f target/debs/trixie/libnl-route-3-dev_3.7.0-0.2+b1sonic1_amd64.deb
# remove derived or extra targets if main one is removed, because we treat them
# as part of one package
rm -f target/debs/trixie/libnl-nf-3-200_3.7.0-0.2+b1sonic1_amd64.deb target/debs/trixie/libnl-nf-3-200-dbgsym_3.7.0-0.2+b1sonic1_amd64.deb
# remove derived or extra targets if main one is removed, because we treat them
# as part of one package
rm -f target/debs/trixie/libnl-nf-3-dev_3.7.0-0.2+b1sonic1_amd64.deb
# remove derived or extra targets if main one is removed, because we treat them
# as part of one package
rm -f target/debs/trixie/libnl-cli-3-200_3.7.0-0.2+b1sonic1_amd64.deb
# remove derived or extra targets if main one is removed, because we treat them
# as part of one package
rm -f target/debs/trixie/libnl-cli-3-200-dbgsym_3.7.0-0.2+b1sonic1_amd64.deb
# remove derived or extra targets if main one is removed, because we treat them
# as part of one package
rm -f target/debs/trixie/libnl-cli-3-dev_3.7.0-0.2+b1sonic1_amd64.deb
# remove derived or extra targets if main one is removed, because we treat them
# as part of one package
rm -f target/debs/trixie/libteam5-dbgsym_1.31-1_amd64.deb
# remove derived or extra targets if main one is removed, because we treat them
# as part of one package
rm -f target/debs/trixie/libteam-dev_1.31-1_amd64.deb
# remove derived or extra targets if main one is removed, because we treat them
# as part of one package
rm -f target/debs/trixie/libteamdctl0_1.31-1_amd64.deb
# remove derived or extra targets if main one is removed, because we treat them
# as part of one package
rm -f target/debs/trixie/libteamdctl0-dbgsym_1.31-1_amd64.deb
# remove derived or extra targets if main one is removed, because we treat them
# as part of one package
rm -f target/debs/trixie/libteam-utils_1.31-1_amd64.deb
# remove derived or extra targets if main one is removed, because we treat them
# as part of one package
rm -f target/debs/trixie/libteam-utils-dbgsym_1.31-1_amd64.deb
# remove derived or extra targets if main one is removed, because we treat them
# as part of one package
rm -f target/debs/trixie/libyang-dev_3.12.2-1_amd64.deb
# remove derived or extra targets if main one is removed, because we treat them
# as part of one package
rm -f target/debs/trixie/libyang3-tools_3.12.2-1_amd64.deb
# remove derived or extra targets if main one is removed, because we treat them
# as part of one package
rm -f target/debs/trixie/libyang3-dbgsym_3.12.2-1_amd64.deb
# remove derived or extra targets if main one is removed, because we treat them
# as part of one package
rm -f target/debs/trixie/libyang3-tools-dbgsym_3.12.2-1_amd64.deb
# remove derived or extra targets if main one is removed, because we treat them
# as part of one package
rm -f target/debs/trixie/sonic-linkmgrd-dbgsym_1.0.0-1_amd64.deb
# remove derived or extra targets if main one is removed, because we treat them
# as part of one package
rm -f target/debs/trixie/linux-kbuild-6.12.41+deb13_6.12.41-1_amd64.deb
# remove derived or extra targets if main one is removed, because we treat them
# as part of one package
rm -f target/debs/trixie/linux-image-6.12.41+deb13-sonic-amd64-unsigned_6.12.41-1_amd64.deb
# remove derived or extra targets if main one is removed, because we treat them
# as part of one package
rm -f target/debs/trixie/linux-headers-6.12.41+deb13-sonic-amd64_6.12.41-1_amd64.deb
# remove derived or extra targets if main one is removed, because we treat them
# as part of one package
rm -f target/debs/trixie/liblldpctl-dev_1.0.16-1+deb12u1_amd64.deb
# remove derived or extra targets if main one is removed, because we treat them
# as part of one package
rm -f target/debs/trixie/lldpd-dbgsym_1.0.16-1+deb12u1_amd64.deb
# remove derived or extra targets if main one is removed, because we treat them
# as part of one package
rm -f target/debs/trixie/lm-sensors-dbgsym_3.6.0-7.1_amd64.deb
# remove derived or extra targets if main one is removed, because we treat them
# as part of one package
rm -f target/debs/trixie/fancontrol_3.6.0-7.1_all.deb
# remove derived or extra targets if main one is removed, because we treat them
# as part of one package
rm -f target/debs/trixie/libsensors5_3.6.0-7.1_amd64.deb
# remove derived or extra targets if main one is removed, because we treat them
# as part of one package
rm -f target/debs/trixie/libsensors5-dbgsym_3.6.0-7.1_amd64.deb
# remove derived or extra targets if main one is removed, because we treat them
# as part of one package
rm -f target/debs/trixie/sensord_3.6.0-7.1_amd64.deb
# remove derived or extra targets if main one is removed, because we treat them
# as part of one package
rm -f target/debs/trixie/sensord-dbgsym_3.6.0-7.1_amd64.deb
# remove derived or extra targets if main one is removed, because we treat them
# as part of one package
rm -f target/debs/trixie/monit-dbgsym_5.34.3-1_amd64.deb
# remove derived or extra targets if main one is removed, because we treat them
# as part of one package
rm -f target/debs/trixie/libmpdec-dev_2.4.2-2_amd64.deb
# remove derived or extra targets if main one is removed, because we treat them
# as part of one package
rm -f target/debs/trixie/openssh-client_10.0p1-7_amd64.deb
# remove derived or extra targets if main one is removed, because we treat them
# as part of one package
rm -f target/debs/trixie/openssh-sftp-server_10.0p1-7_amd64.deb
# remove derived or extra targets if main one is removed, because we treat them
# as part of one package
rm -f target/debs/trixie/sonic-p4rt-dbgsym_0.0.1_amd64.deb
# remove derived or extra targets if main one is removed, because we treat them
# as part of one package
rm -f target/debs/trixie/libpam-radius-auth-dbgsym_1.4.1-1_amd64.deb
# remove derived or extra targets if main one is removed, because we treat them
# as part of one package
rm -f target/debs/trixie/libnss-radius-dbgsym_1.0.1-1_amd64.deb
# remove derived or extra targets if main one is removed, because we treat them
# as part of one package
rm -f target/debs/trixie/rasdaemon-dbgsym_0.6.8-1_amd64.deb
# remove derived or extra targets if main one is removed, because we treat them
# as part of one package
rm -f target/debs/trixie/redis-tools-dbgsym_5.0.3-3~bpo9+2_amd64.deb
# remove derived or extra targets if main one is removed, because we treat them
# as part of one package
rm -f target/debs/trixie/redis-server_5.0.3-3~bpo9+2_amd64.deb
# remove derived or extra targets if main one is removed, because we treat them
# as part of one package
rm -f target/debs/trixie/redis-sentinel_5.0.3-3~bpo9+2_amd64.deb
# remove derived or extra targets if main one is removed, because we treat them
# as part of one package
rm -f target/debs/trixie/sonic-rest-api-dbgsym_1.0.1_amd64.deb
# remove derived or extra targets if main one is removed, because we treat them
# as part of one package
rm -f target/debs/trixie/libsairedis-dev_1.0.0_amd64.deb
# remove derived or extra targets if main one is removed, because we treat them
# as part of one package
rm -f target/debs/trixie/libsaivs_1.0.0_amd64.deb
# remove derived or extra targets if main one is removed, because we treat them
# as part of one package
rm -f target/debs/trixie/libsaivs-dev_1.0.0_amd64.deb
# remove derived or extra targets if main one is removed, because we treat them
# as part of one package
rm -f target/debs/trixie/libsaimetadata_1.0.0_amd64.deb
# remove derived or extra targets if main one is removed, because we treat them
# as part of one package
rm -f target/debs/trixie/libsaimetadata-dev_1.0.0_amd64.deb
# remove derived or extra targets if main one is removed, because we treat them
# as part of one package
rm -f target/debs/trixie/libsairedis-dbgsym_1.0.0_amd64.deb
# remove derived or extra targets if main one is removed, because we treat them
# as part of one package
rm -f target/debs/trixie/libsaivs-dbgsym_1.0.0_amd64.deb
# remove derived or extra targets if main one is removed, because we treat them
# as part of one package
rm -f target/debs/trixie/libsaimetadata-dbgsym_1.0.0_amd64.deb
# remove derived or extra targets if main one is removed, because we treat them
# as part of one package
rm -f target/debs/trixie/python3-pysairedis_1.0.0_amd64.deb
# remove derived or extra targets if main one is removed, because we treat them
# as part of one package
rm -f target/debs/trixie/python3-pysairedis-dbgsym_1.0.0_amd64.deb
# remove derived or extra targets if main one is removed, because we treat them
# as part of one package
rm -f target/debs/trixie/hsflowd-dbgsym_2.0.51-26_amd64.deb
# remove derived or extra targets if main one is removed, because we treat them
# as part of one package
rm -f target/debs/trixie/psample-dbgsym_1.1-1_amd64.deb
# remove derived or extra targets if main one is removed, because we treat them
# as part of one package
rm -f target/debs/trixie/socat-dbgsym_1.7.4.1-3_amd64.deb
# remove derived or extra targets if main one is removed, because we treat them
# as part of one package
rm -f target/debs/trixie/sonic-bmp-dbgsym_0.1_amd64.deb
# remove derived or extra targets if main one is removed, because we treat them
# as part of one package
rm -f target/debs/trixie/sonic-ctrmgrd-rs-dbgsym_1.0.0_amd64.deb
# remove derived or extra targets if main one is removed, because we treat them
# as part of one package
rm -f target/debs/trixie/libdashapi-dbgsym_1.0.0_amd64.deb
# remove derived or extra targets if main one is removed, because we treat them
# as part of one package
rm -f target/debs/trixie/libnexthopgroup-dev_1.0.0_amd64.deb
# remove derived or extra targets if main one is removed, because we treat them
# as part of one package
rm -f target/debs/trixie/sonic-host-services-rs-dbgsym_1.0.0_amd64.deb
# remove derived or extra targets if main one is removed, because we treat them
# as part of one package
rm -f target/debs/trixie/libgenl-packet-dev_1.0-1_amd64.deb
# remove derived or extra targets if main one is removed, because we treat them
# as part of one package
rm -f target/debs/trixie/sonic-mgmt-common-codegen_1.0.0_amd64.deb
# remove derived or extra targets if main one is removed, because we treat them
# as part of one package
rm -f target/debs/trixie/sonic-mgmt-framework-dbg_1.0-01_amd64.deb
# remove derived or extra targets if main one is removed, because we treat them
# as part of one package
rm -f target/debs/trixie/sonic-nettools-dbgsym_0.0.1-0_amd64.deb
# remove derived or extra targets if main one is removed, because we treat them
# as part of one package
rm -f target/debs/trixie/bmcweb-dbg_1.0.0_amd64.deb
# remove derived or extra targets if main one is removed, because we treat them
# as part of one package
rm -f target/debs/trixie/sonic-dbus-bridge-dbgsym_1.0.0_amd64.deb
# remove derived or extra targets if main one is removed, because we treat them
# as part of one package
rm -f target/debs/trixie/stp-dbg_1.0.0_amd64.deb
# remove derived or extra targets if main one is removed, because we treat them
# as part of one package
rm -f target/debs/trixie/sonic-supervisord-utilities-rs-dbgsym_1.0.0_amd64.deb
# remove derived or extra targets if main one is removed, because we treat them
# as part of one package
rm -f target/debs/trixie/libswsscommon-dev_1.0.0_amd64.deb
# remove derived or extra targets if main one is removed, because we treat them
# as part of one package
rm -f target/debs/trixie/python3-swsscommon_1.0.0_amd64.deb
# remove derived or extra targets if main one is removed, because we treat them
# as part of one package
rm -f target/debs/trixie/python3-swsscommon-dbgsym_1.0.0_amd64.deb
# remove derived or extra targets if main one is removed, because we treat them
# as part of one package
rm -f target/debs/trixie/libswsscommon-dbgsym_1.0.0_amd64.deb
# remove derived or extra targets if main one is removed, because we treat them
# as part of one package
rm -f target/debs/trixie/sonic-db-cli_1.0.0_amd64.deb
# remove derived or extra targets if main one is removed, because we treat them
# as part of one package
rm -f target/debs/trixie/sonic-db-cli-dbgsym_1.0.0_amd64.deb
# remove derived or extra targets if main one is removed, because we treat them
# as part of one package
rm -f target/debs/trixie/swss-dbg_1.0.0_amd64.deb
# remove derived or extra targets if main one is removed, because we treat them
# as part of one package
rm -f target/debs/trixie/sysmgr-dbg_1.0.0_amd64.deb
# remove derived or extra targets if main one is removed, because we treat them
# as part of one package
rm -f target/debs/trixie/systemd-sonic-generator-dbgsym_1.0.0_amd64.deb
# remove derived or extra targets if main one is removed, because we treat them
# as part of one package
rm -f target/debs/trixie/libtac2-dbgsym_1.4.1-1_amd64.deb
# remove derived or extra targets if main one is removed, because we treat them
# as part of one package
rm -f target/debs/trixie/libpam-tacplus-dbgsym_1.4.1-1_amd64.deb
# remove derived or extra targets if main one is removed, because we treat them
# as part of one package
rm -f target/debs/trixie/libtac-dev_1.4.1-1_amd64.deb
# remove derived or extra targets if main one is removed, because we treat them
# as part of one package
rm -f target/debs/trixie/libnss-tacplus-dbgsym_1.0.4-1_amd64.deb
# remove derived or extra targets if main one is removed, because we treat them
# as part of one package
rm -f target/debs/trixie/audisp-tacplus-dbgsym_1.0.2_amd64.deb
# remove derived or extra targets if main one is removed, because we treat them
# as part of one package
rm -f target/debs/trixie/bash-tacplus-dbgsym_1.0.0_amd64.deb
# remove derived or extra targets if main one is removed, because we treat them
# as part of one package
rm -f target/debs/trixie/sonic-gnmi-dbgsym_0.1_amd64.deb
# remove derived or extra targets if main one is removed, because we treat them
# as part of one package
rm -f target/debs/trixie/libthrift-dev_0.11.0-4_amd64.deb
# remove derived or extra targets if main one is removed, because we treat them
# as part of one package
rm -f target/debs/trixie/python-thrift_0.11.0-4_amd64.deb
# remove derived or extra targets if main one is removed, because we treat them
# as part of one package
rm -f target/debs/trixie/thrift-compiler_0.11.0-4_amd64.deb
# remove derived or extra targets if main one is removed, because we treat them
# as part of one package
rm -f target/debs/trixie/libthrift-dev_0.14.1_amd64.deb
# remove derived or extra targets if main one is removed, because we treat them
# as part of one package
rm -f target/debs/trixie/python3-thrift_0.14.1_amd64.deb
# remove derived or extra targets if main one is removed, because we treat them
# as part of one package
rm -f target/debs/trixie/python-thrift_0.14.1_amd64.deb
# remove derived or extra targets if main one is removed, because we treat them
# as part of one package
rm -f target/debs/trixie/thrift-compiler_0.14.1_amd64.deb
# remove derived or extra targets if main one is removed, because we treat them
# as part of one package
rm -f target/debs/trixie/wpasupplicant-dbgsym_2.9.0-14_amd64.deb
# remove derived or extra targets if main one is removed, because we treat them
# as part of one package
rm -f target/debs/trixie/sonic-platform-pddf-sym_1.1_amd64.deb
# remove derived or extra targets if main one is removed, because we treat them
# as part of one package
rm -f target/debs/trixie/syncd-vs_1.0.0_amd64.deb
# remove derived or extra targets if main one is removed, because we treat them
# as part of one package
rm -f target/debs/trixie/syncd-vs-dbgsym_1.0.0_amd64.deb
# remove derived or extra targets if main one is removed, because we treat them
# as part of one package
rm -f target/debs/trixie/frr-pythontools_10.5.4-sonic-0_all.deb
# remove derived or extra targets if main one is removed, because we treat them
# as part of one package
rm -f target/debs/trixie/frr-dbgsym_10.5.4-sonic-0_amd64.deb
# remove derived or extra targets if main one is removed, because we treat them
# as part of one package
rm -f target/debs/trixie/frr-snmp_10.5.4-sonic-0_amd64.deb
# remove derived or extra targets if main one is removed, because we treat them
# as part of one package
rm -f target/debs/trixie/frr-snmp-dbgsym_10.5.4-sonic-0_amd64.deb
# remove derived or extra targets if main one is removed, because we treat them
# as part of one package
rm -f target/debs/trixie/initramfs-tools-core_0.142_all.deb
# remove derived or extra targets if main one is removed, because we treat them
# as part of one package
rm -f target/debs/trixie/openssl_3.5.4-1+fips_amd64.deb
# remove derived or extra targets if main one is removed, because we treat them
# as part of one package
rm -f target/debs/trixie/libssl3t64_3.5.4-1+fips_amd64.deb
# remove derived or extra targets if main one is removed, because we treat them
# as part of one package
rm -f target/debs/trixie/libssl-dev_3.5.4-1+fips_amd64.deb
# remove derived or extra targets if main one is removed, because we treat them
# as part of one package
rm -f target/debs/trixie/libssl-doc_3.5.4-1+fips_all.deb
# remove derived or extra targets if main one is removed, because we treat them
# as part of one package
rm -f target/debs/trixie/openssh-client_10.0p1-7+fips_amd64.deb
# remove derived or extra targets if main one is removed, because we treat them
# as part of one package
rm -f target/debs/trixie/openssh-sftp-server_10.0p1-7+fips_amd64.deb
# remove derived or extra targets if main one is removed, because we treat them
# as part of one package
rm -f target/debs/trixie/openssh-server_10.0p1-7+fips_amd64.deb
# remove derived or extra targets if main one is removed, because we treat them
# as part of one package
rm -f target/debs/trixie/ssh_10.0p1-7+fips_all.deb
# remove derived or extra targets if main one is removed, because we treat them
# as part of one package
rm -f target/debs/trixie/golang-1.24_1.24.4-1+fips_all.deb
# remove derived or extra targets if main one is removed, because we treat them
# as part of one package
rm -f target/debs/trixie/golang-1.24-go_1.24.4-1+fips_amd64.deb
# remove derived or extra targets if main one is removed, because we treat them
# as part of one package
rm -f target/debs/trixie/golang-1.24-src_1.24.4-1+fips_all.deb
# remove derived or extra targets if main one is removed, because we treat them
# as part of one package
rm -f target/debs/trixie/golang-1.24-doc_1.24.4-1+fips_all.deb
# remove derived or extra targets if main one is removed, because we treat them
# as part of one package
rm -f target/debs/trixie/python3.13_3.13.5-2+fips_amd64.deb
# remove derived or extra targets if main one is removed, because we treat them
# as part of one package
rm -f target/debs/trixie/python3.13-minimal_3.13.5-2+fips_amd64.deb
# remove derived or extra targets if main one is removed, because we treat them
# as part of one package
rm -f target/debs/trixie/libpython3.13_3.13.5-2+fips_amd64.deb
# remove derived or extra targets if main one is removed, because we treat them
# as part of one package
rm -f target/debs/trixie/libpython3.13-minimal_3.13.5-2+fips_amd64.deb
# remove derived or extra targets if main one is removed, because we treat them
# as part of one package
rm -f target/debs/trixie/libpython3.13-stdlib_3.13.5-2+fips_amd64.deb
# remove derived or extra targets if main one is removed, because we treat them
# as part of one package
rm -f target/debs/trixie/libk5crypto3_1.21.3-5+fips_amd64.deb
# remove derived or extra targets if main one is removed, because we treat them
# as part of one package
rm -f target/debs/trixie/libkrb5support0_1.21.3-5+fips_amd64.deb
# remove derived or extra targets if main one is removed, because we treat them
# as part of one package
rm -f target/debs/trixie/libkrb5-3_1.21.3-5+fips_amd64.deb
# remove derived or extra targets if main one is removed, because we treat them
# as part of one package
rm -f target/debs/trixie/libgssapi-krb5-2_1.21.3-5+fips_amd64.deb
# remove derived or extra targets if main one is removed, because we treat them
# as part of one package
rm -f target/debs/trixie/libkadm5clnt-mit12_1.21.3-5+fips_amd64.deb
# remove derived or extra targets if main one is removed, because we treat them
# as part of one package
rm -f target/debs/trixie/libkadm5srv-mit12_1.21.3-5+fips_amd64.deb
# remove derived or extra targets if main one is removed, because we treat them
# as part of one package
rm -f target/debs/trixie/libgssrpc4t64_1.21.3-5+fips_amd64.deb
# remove derived or extra targets if main one is removed, because we treat them
# as part of one package
rm -f target/debs/trixie/krb5-multidev_1.21.3-5+fips_amd64.deb
# remove derived or extra targets if main one is removed, because we treat them
# as part of one package
rm -f target/debs/trixie/libkrb5-dev_1.21.3-5+fips_amd64.deb
# remove derived or extra targets if main one is removed, because we treat them
# as part of one package
rm -f target/debs/trixie/libpam-tacplus_1.4.1-1_amd64.deb
# remove derived or extra targets if main one is removed, because we treat them
# as part of one package
rm -f target/debs/trixie/python-saithrift_0.9.4_amd64.deb
# remove derived or extra targets if main one is removed, because we treat them
# as part of one package
rm -f target/debs/trixie/saiserver_0.9.4_amd64.deb
# remove derived or extra targets if main one is removed, because we treat them
# as part of one package
rm -f target/debs/trixie/saiserver-dbg_0.9.4_amd64.deb
rm -f target/files/trixie/onie-recovery-x86_64-kvm_x86_64-r0.iso
rm -f target/files/trixie/onie-recovery-x86_64-kvm_x86_64_4_asic-r0.iso
rm -f target/files/trixie/onie-recovery-x86_64-kvm_x86_64_6_asic-r0.iso
rm -f target/files/trixie/configdb-load.sh
rm -f target/files/trixie/arp_update
rm -f target/files/trixie/arp_update_vars.j2
rm -f target/files/trixie/buffers_config.j2
rm -f target/files/trixie/qos_config.j2
rm -f target/files/trixie/cbf_config.j2
rm -f target/files/trixie/90-sonic.conf
rm -f target/files/trixie/container_checker
rm -f target/files/trixie/telemetry.sh
rm -f target/files/trixie/service_checker.py
rm -f target/files/trixie/gnmi.sh
rm -f target/files/trixie/restapi.sh
rm -f target/files/trixie/k8s_pod_control.sh
rm -f target/files/trixie/update_chassisdb_config
rm -f target/files/trixie/swss_vars.j2
rm -f target/files/trixie/rsyslog_plugin.conf.j2
rm -f target/files/trixie/github_get.py
rm -f target/files/trixie/copp_cfg.j2
rm -f target/files/trixie/container
rm -f target/files/trixie/container_startup.py
rm -f target/files/trixie/remote_ctr.config.json
rm -f target/files/trixie/ctrmgrd.service
rm -f target/files/trixie/readiness_probe.sh
rm -f target/files/trixie/ixgbe.ko
rm -f target/files/trixie/rdb-cli
rm -f target/files/trixie/sonic_version.yml
rm -rf target/docker-base-bookworm.gz target/versions/dockers/docker-base-bookworm
rm -rf target/docker-base-bullseye.gz target/versions/dockers/docker-base-bullseye
rm -rf target/docker-base-buster.gz target/versions/dockers/docker-base-buster
rm -rf target/docker-base-stretch.gz target/versions/dockers/docker-base-stretch
rm -rf target/docker-base-trixie.gz target/versions/dockers/docker-base-trixie
rm -rf target/docker-base.gz target/versions/dockers/docker-base
rm -rf target/docker-bmp-watchdog.gz target/versions/dockers/docker-bmp-watchdog
rm -rf target/docker-sonic-bmp.gz target/versions/dockers/docker-sonic-bmp
rm -rf target/docker-config-engine-bookworm.gz target/versions/dockers/docker-config-engine-bookworm
rm -rf target/docker-config-engine-bullseye.gz target/versions/dockers/docker-config-engine-bullseye
rm -rf target/docker-config-engine-buster.gz target/versions/dockers/docker-config-engine-buster
rm -rf target/docker-config-engine-stretch.gz target/versions/dockers/docker-config-engine-stretch
rm -rf target/docker-config-engine-trixie.gz target/versions/dockers/docker-config-engine-trixie
rm -rf target/docker-config-engine.gz target/versions/dockers/docker-config-engine
rm -rf target/docker-dash-ha.gz target/versions/dockers/docker-dash-ha
rm -rf target/docker-database.gz target/versions/dockers/docker-database
rm -rf target/docker-dhcp-relay.gz target/versions/dockers/docker-dhcp-relay
rm -rf target/docker-dhcp-server.gz target/versions/dockers/docker-dhcp-server
rm -rf target/docker-eventd.gz target/versions/dockers/docker-eventd
rm -rf target/docker-fpm-frr.gz target/versions/dockers/docker-fpm-frr
rm -rf target/docker-gnmi-sidecar.gz target/versions/dockers/docker-gnmi-sidecar
rm -rf target/docker-gnmi-watchdog.gz target/versions/dockers/docker-gnmi-watchdog
rm -rf target/docker-sonic-gnmi.gz target/versions/dockers/docker-sonic-gnmi
rm -rf target/docker-lldp.gz target/versions/dockers/docker-lldp
rm -rf target/docker-macsec.gz target/versions/dockers/docker-macsec
rm -rf target/docker-mux.gz target/versions/dockers/docker-mux
rm -rf target/docker-nat.gz target/versions/dockers/docker-nat
rm -rf target/docker-orchagent.gz target/versions/dockers/docker-orchagent
rm -rf target/docker-sonic-otel.gz target/versions/dockers/docker-sonic-otel
rm -rf target/docker-sonic-p4rt.gz target/versions/dockers/docker-sonic-p4rt
rm -rf target/docker-platform-monitor.gz target/versions/dockers/docker-platform-monitor
rm -rf target/docker-restapi-sidecar.gz target/versions/dockers/docker-restapi-sidecar
rm -rf target/docker-restapi-watchdog.gz target/versions/dockers/docker-restapi-watchdog
rm -rf target/docker-sonic-restapi.gz target/versions/dockers/docker-sonic-restapi
rm -rf target/docker-router-advertiser.gz target/versions/dockers/docker-router-advertiser
rm -rf target/docker-sflow.gz target/versions/dockers/docker-sflow
rm -rf target/docker-snmp.gz target/versions/dockers/docker-snmp
rm -rf target/docker-sonic-mgmt-framework.gz target/versions/dockers/docker-sonic-mgmt-framework
rm -rf target/docker-sonic-mgmt.gz target/versions/dockers/docker-sonic-mgmt
rm -rf target/docker-sonic-redfish.gz target/versions/dockers/docker-sonic-redfish
rm -rf target/sonic-sdk-buildenv.gz target/versions/dockers/sonic-sdk-buildenv
rm -rf target/sonic-sdk.gz target/versions/dockers/sonic-sdk
rm -rf target/docker-swss-layer-bookworm.gz target/versions/dockers/docker-swss-layer-bookworm
rm -rf target/docker-swss-layer-bullseye.gz target/versions/dockers/docker-swss-layer-bullseye
rm -rf target/docker-swss-layer-buster.gz target/versions/dockers/docker-swss-layer-buster
rm -rf target/docker-swss-layer-trixie.gz target/versions/dockers/docker-swss-layer-trixie
rm -rf target/docker-sysmgr.gz target/versions/dockers/docker-sysmgr
rm -rf target/docker-teamd.gz target/versions/dockers/docker-teamd
rm -rf target/docker-telemetry-sidecar.gz target/versions/dockers/docker-telemetry-sidecar
rm -rf target/docker-telemetry-watchdog.gz target/versions/dockers/docker-telemetry-watchdog
rm -rf target/docker-sonic-telemetry.gz target/versions/dockers/docker-sonic-telemetry
rm -rf target/docker-sonic-vs.gz target/versions/dockers/docker-sonic-vs
rm -rf target/docker-syncd-vs.gz target/versions/dockers/docker-syncd-vs
rm -rf target/docker-gbsyncd-vs.gz target/versions/dockers/docker-gbsyncd-vs
rm -rf target/docker-ptf.gz target/versions/dockers/docker-ptf
rm -rf target/docker-ptf-sai.gz target/versions/dockers/docker-ptf-sai
rm -rf target/docker-dash-engine.gz target/versions/dockers/docker-dash-engine
rm -rf target/docker-bmp-watchdog-dbg.gz target/versions/dockers/docker-bmp-watchdog-dbg
rm -rf target/docker-sonic-bmp-dbg.gz target/versions/dockers/docker-sonic-bmp-dbg
rm -rf target/docker-dash-ha-dbg.gz target/versions/dockers/docker-dash-ha-dbg
rm -rf target/docker-database-dbg.gz target/versions/dockers/docker-database-dbg
rm -rf target/docker-dhcp-relay-dbg.gz target/versions/dockers/docker-dhcp-relay-dbg
rm -rf target/docker-dhcp-server-dbg.gz target/versions/dockers/docker-dhcp-server-dbg
rm -rf target/docker-eventd-dbg.gz target/versions/dockers/docker-eventd-dbg
rm -rf target/docker-fpm-frr-dbg.gz target/versions/dockers/docker-fpm-frr-dbg
rm -rf target/docker-gnmi-sidecar-dbg.gz target/versions/dockers/docker-gnmi-sidecar-dbg
rm -rf target/docker-gnmi-watchdog-dbg.gz target/versions/dockers/docker-gnmi-watchdog-dbg
rm -rf target/docker-sonic-gnmi-dbg.gz target/versions/dockers/docker-sonic-gnmi-dbg
rm -rf target/docker-lldp-dbg.gz target/versions/dockers/docker-lldp-dbg
rm -rf target/docker-macsec-dbg.gz target/versions/dockers/docker-macsec-dbg
rm -rf target/docker-mux-dbg.gz target/versions/dockers/docker-mux-dbg
rm -rf target/docker-nat-dbg.gz target/versions/dockers/docker-nat-dbg
rm -rf target/docker-orchagent-dbg.gz target/versions/dockers/docker-orchagent-dbg
rm -rf target/docker-sonic-otel-dbg.gz target/versions/dockers/docker-sonic-otel-dbg
rm -rf target/docker-sonic-p4rt-dbg.gz target/versions/dockers/docker-sonic-p4rt-dbg
rm -rf target/docker-platform-monitor-dbg.gz target/versions/dockers/docker-platform-monitor-dbg
rm -rf target/docker-restapi-sidecar-dbg.gz target/versions/dockers/docker-restapi-sidecar-dbg
rm -rf target/docker-restapi-watchdog-dbg.gz target/versions/dockers/docker-restapi-watchdog-dbg
rm -rf target/docker-sonic-restapi-dbg.gz target/versions/dockers/docker-sonic-restapi-dbg
rm -rf target/docker-router-advertiser-dbg.gz target/versions/dockers/docker-router-advertiser-dbg
rm -rf target/docker-sflow-dbg.gz target/versions/dockers/docker-sflow-dbg
rm -rf target/docker-snmp-dbg.gz target/versions/dockers/docker-snmp-dbg
rm -rf target/docker-sonic-mgmt-framework-dbg.gz target/versions/dockers/docker-sonic-mgmt-framework-dbg
rm -rf target/docker-sonic-redfish-dbg.gz target/versions/dockers/docker-sonic-redfish-dbg
rm -rf target/sonic-sdk-buildenv-dbg.gz target/versions/dockers/sonic-sdk-buildenv-dbg
rm -rf target/sonic-sdk-dbg.gz target/versions/dockers/sonic-sdk-dbg
rm -rf target/docker-sysmgr-dbg.gz target/versions/dockers/docker-sysmgr-dbg
rm -rf target/docker-teamd-dbg.gz target/versions/dockers/docker-teamd-dbg
rm -rf target/docker-telemetry-sidecar-dbg.gz target/versions/dockers/docker-telemetry-sidecar-dbg
rm -rf target/docker-telemetry-watchdog-dbg.gz target/versions/dockers/docker-telemetry-watchdog-dbg
rm -rf target/docker-sonic-telemetry-dbg.gz target/versions/dockers/docker-sonic-telemetry-dbg
rm -rf target/docker-syncd-vs-dbg.gz target/versions/dockers/docker-syncd-vs-dbg
rm -rf target/docker-gbsyncd-vs-dbg.gz target/versions/dockers/docker-gbsyncd-vs-dbg
rm -rf target/sonic-vs.bin__vs__rfs.squashfs target/versions/dockers/sonic-vs.bin__vs__rfs.squashfs
rm -rf target/sonic-vs.img.gz__vs__rfs.squashfs target/versions/dockers/sonic-vs.img__vs__rfs.squashfs
rm -rf target/sonic-vs.raw__vs__rfs.squashfs target/versions/dockers/sonic-vs.raw__vs__rfs.squashfs
rm -rf target/sonic-vs.bin target/versions/dockers/sonic-vs.bin
rm -rf target/sonic-vs.img.gz target/versions/dockers/sonic-vs.img
rm -rf target/sonic-vs.raw target/versions/dockers/sonic-vs.raw
rm -f target/python-wheels/trixie/asyncsnmp-2.1.0-py3-none-any.whl
rm -f target/python-wheels/trixie/sonic_d-2.0.0-py3-none-any.whl
rm -f target/python-wheels/trixie/ptf-0.10.0.post0-py3-none-any.whl
rm -f target/python-wheels/trixie/redis_dump_load-1.1-py3-none-any.whl
rm -f target/python-wheels/trixie/scapy-2.6.1.dev0-py3-none-any.whl
rm -f target/python-wheels/trixie/sonic_bmcctld-1.0-py3-none-any.whl
rm -f target/python-wheels/trixie/sonic_chassisd-1.0-py3-none-any.whl
rm -f target/python-wheels/trixie/sonic_config_engine-1.0-py3-none-any.whl
rm -f target/python-wheels/trixie/sonic_containercfgd-1.0-py3-none-any.whl
rm -f target/python-wheels/trixie/sonic_ctrmgrd-1.0.0-py3-none-any.whl
rm -f target/python-wheels/trixie/sonic_dhcp_utilities-1.0-py3-none-any.whl
rm -f target/python-wheels/trixie/sonic_frr_mgmt_framework-1.0-py3-none-any.whl
rm -f target/python-wheels/trixie/sonic_host_services-1.0-py3-none-any.whl
rm -f target/python-wheels/trixie/sonic_ledd-1.1-py2-none-any.whl
rm -f target/python-wheels/trixie/sonic_ledd-1.1-py3-none-any.whl
rm -f target/python-wheels/trixie/sonic_pcied-1.0-py3-none-any.whl
rm -f target/python-wheels/trixie/sonic_platform_common-1.0-py3-none-any.whl
rm -f target/python-wheels/trixie/sonic_psud-1.0-py2-none-any.whl
rm -f target/python-wheels/trixie/sonic_psud-1.0-py3-none-any.whl
rm -f target/python-wheels/trixie/sonic_py_common-1.0-py3-none-any.whl
rm -f target/python-wheels/trixie/sonic_sensormond-1.0-py3-none-any.whl
rm -f target/python-wheels/trixie/sonic_stormond-1.0-py3-none-any.whl
rm -f target/python-wheels/trixie/sonic_supervisord_utilities-1.0-py3-none-any.whl
rm -f target/python-wheels/trixie/sonic_syseepromd-1.0-py2-none-any.whl
rm -f target/python-wheels/trixie/sonic_syseepromd-1.0-py3-none-any.whl
rm -f target/python-wheels/trixie/sonic_thermalctld-1.0-py2-none-any.whl
rm -f target/python-wheels/trixie/sonic_thermalctld-1.0-py3-none-any.whl
rm -f target/python-wheels/trixie/sonic_utilities-1.2-py3-none-any.whl
rm -f target/python-wheels/trixie/sonic_xcvrd-1.0-py2-none-any.whl
rm -f target/python-wheels/trixie/sonic_xcvrd-1.0-py3-none-any.whl
rm -f target/python-wheels/trixie/sonic_yang_mgmt-1.0-py3-none-any.whl
rm -f target/python-wheels/trixie/sonic_yang_models-1.0-py3-none-any.whl
rm -f target/python-wheels/trixie/sonic_ycabled-1.0-py3-none-any.whl
rm -f target/python-wheels/trixie/sonic_bgpcfgd-1.0-py3-none-any.whl
rm -f target/python-wheels/trixie/sonic_bmpcfgd_services-1.0-py3-none-any.whl
rm -f target/python-wheels/trixie/supervisor-4.3.0-py2.py3-none-any.whl
rm -f target/python-wheels/trixie/swsssdk-2.0.1-py3-none-any.whl
rm -f target/python-wheels/trixie/system_health-1.0-py3-none-any.whl
rm -f target/python-wheels/trixie/sonic_platform_pddf_common-1.0-py3-none-any.whl
# remove derived or extra targets if main one is removed, because we treat them
# as part of one package
rm -f target/debs/trixie/libnl-nf-3-200-dbgsym_3.7.0-0.2+b1sonic1_amd64.deb
rm -f target/*.log target/debs/trixie/*.log target/files/trixie/*.log target/python-debs/trixie/*.log target/python-wheels/trixie/*.log
