ID						RECLAIMABLE	SIZE		LAST ACCESSED
pu89a26yca2v9qvx9cplyp77x               	true 		17.4kB    	26 minutes ago
w7tc3ytmcjli4sm5b7wef88vg*              	true 	8.192kB   	26 minutes ago
2mr3bl2am369jntb3znzdte77*              	true 	4.096kB   	26 minutes ago
a2y0m6grv84jb55epa3ei71j1*              	true 	8.192kB   	26 minutes ago
5ybxsre1kqrepl36r8lolyfrx*              	true 	340kB     	26 minutes ago
fv8c227rnpxqcvb4e1ju23g5c               	true 	24.86kB   	26 minutes ago
nvc8ojxvy5j7jfip9rq9fr1el               	true 	24.84kB   	26 minutes ago
pdkf74ts5ay76op9pqjc3s4jn               	true 	29.5kB    	26 minutes ago
w7sp1ghawxtyr2qs36qr3df2y               	true 	60.43kB   	26 minutes ago
hvyk2sdpkjkisbpmwaxozd5ck               	true 	29.5kB    	26 minutes ago
qnoavpvokwh7sfkxu8c5dljio               	true 	8.271kB   	26 minutes ago
9tuiq785hmpozqxhy4s4n9gp3               	true 	23.67MB   	26 minutes ago
6iw7nxehhysoaejxgs60hghb6               	true 	162.2kB   	26 minutes ago
xgyy6cgtfzvz1xblqknkyrnsq               	true 	36.9kB    	26 minutes ago
6gkwggf2pmun0dsqo8tap0svd               	true 	30.01kB   	26 minutes ago
rb4e8m8bdhnk6rlkg61vom9hc               	true 	3.712MB   	26 minutes ago
toj57l83jz62jjkijrvhysm64               	true 	26MB      	26 minutes ago
83pi9yjkjgp9j1kmhs8g62sx8               	true 	238.2MB   	26 minutes ago
w9v6uy7joqyqvzewmfgtslsyg               	true 	1.636GB   	26 minutes ago
6eyiz9f61evse64b6yqve1kc9               	true 	9.916MB   	26 minutes ago
rdt13bpdnpud8rvhzs1l02j2k               	true 	13.65MB   	26 minutes ago
bvlp75mwxyf5eogva1wkrkqrg               	true 	340.6kB   	26 minutes ago
0xz8y6djtgoqafhiqhgamnwx8               	true 	222.7kB   	26 minutes ago
kgfjau9wt3yta49q0plmegm0b               	true 	12.08MB   	26 minutes ago
x2ag7m5pfqminuqmdd41mj026               	true 	111.6kB   	26 minutes ago
sdsm99jec8wukdc50zf062ha3               	true 	25.18kB   	26 minutes ago
igf8p4ttbsajsc4v49oj2jo8k               	true 	626.6MB   	26 minutes ago
thbscridy2s7uvdt0yhql1ebu               	true 	540.6kB   	26 minutes ago
8g5dr6za2u7s74vw1y9uu31b1               	true 	33.08kB   	26 minutes ago
almseasv08ks9e2yqe2986urh               	true 	33.07kB   	26 minutes ago
jp04jx3ojbnkczfna33r69u9c               	true 	28.97kB   	26 minutes ago
eu3804u0x4q8mdyp3jcs2zxcs               	true 	105.8kB   	26 minutes ago
pkilllcvf8rm6llz3yiqozavo               	true 	13.59MB   	26 minutes ago
i110t7bf42n0s2rzzslumzex8               	true 	210.8MB   	26 minutes ago
jn4nlwa658lpnykt2v52y9rvw               	true 	6.368MB   	26 minutes ago
6nelfu84r3hyb6gwjbzr1k6mj               	true 	17.3MB    	26 minutes ago
rzab4eg2frsen9z5c4oas42s2               	true 	79.6MB    	26 minutes ago
e59ffwfr4fovwq9shw7h3huc7               	true 	86.05kB   	26 minutes ago
qervrynlnzitltyb144q4x702               	true 	86.05kB   	26 minutes ago
j3i0q70gm1npyr034aru4qqdq               	true 	1.037MB   	26 minutes ago
2hi8dfx4gw2odkld4p6x59tu0               	true 	590.8kB   	26 minutes ago
je5pwoesjfmyt1gmq6db0z59x               	true 	12.32kB   	26 minutes ago
d8z63q6rufishxoc8h2kc1t4x               	true 	2.122MB   	26 minutes ago
oft3voo7gm13jrutnqtpxpzwe               	true 	306.7kB   	26 minutes ago
juwbtvujjg41bc64vp6u9nvkl               	true 	12.32kB   	26 minutes ago
q52jomoggwg63vbi1phr6q1yw               	true 	8.398MB   	26 minutes ago
tz62s8cm1ed7bhg5tz8bndlqj               	true 	53.49kB   	26 minutes ago
1jyzbjwjac7w45uds9rux690i               	true 	7.289MB   	26 minutes ago
rqbtfodbmlbqlskqe5tpo7yml               	true 	1.534MB   	26 minutes ago
vnxrvxssgitupz2x8e6ua2z0k               	true 	4.498MB   	26 minutes ago
tzeb0t2gqsz3sho2kyag359bf               	true 	12.32kB   	26 minutes ago
qw40464p9o87dwl3s7w1q1a31               	true 	4.903MB   	26 minutes ago
7ihgqkx69qxjmf08zvnw0r781               	true 	942.1kB   	26 minutes ago
rprrjxwfcty15ma1j438tm9kq               	true 	283.1kB   	26 minutes ago
pus6dgnehwhvy62jppkotypc1               	true 	75.08MB   	26 minutes ago
5ex6nkft7ize04bhgk5c1clh8               	true 	4.124MB   	26 minutes ago
3b1rom9jhlugmyts0ndh1x9pv               	true 	815.2kB   	26 minutes ago
y139k1mgoadj67izrt87g93i0               	true 	395.6MB   	26 minutes ago
kkugn288kqr8yzrtgz20u25ta               	true 	392.5MB   	26 minutes ago
cs1pcxd69vdqhjhxk99liofzw               	true 	147.8MB   	26 minutes ago
eyi2xxu317cr78m6cdyk8cfa9               	true 	33.28kB   	26 minutes ago
qgzyq56miairek480ahvdrd5o               	true 	33.27kB   	26 minutes ago
cc0stthc5n7uk8qc7jgygzurt               	true 	29.17kB   	26 minutes ago
7zz6i7ek3fowt0fcggnbnaiso               	true 	59.58MB   	26 minutes ago
ndvrb7hli9zsh9s9b2jnsuue1               	true 	446.8MB   	26 minutes ago
8b0hxabajtzs2q4ghpk2sau03               	true 	9.373GB   	26 minutes ago
kxtzfhamzhx0ihdw5awiwv6nn               	true 	12.47kB   	26 minutes ago
vzezu84x7nl71t25dya536e4j               	true 	101.2MB   	26 minutes ago
op4xp90mkpylm1eqrdnidgyy3               	true 	646.7kB   	26 minutes ago
v9xldgwxrp4tw2hhqi1y2ig5d               	true 	413.8kB   	26 minutes ago
ljyn23zj4n0n5p6yksehgrtcb               	true 	20.65kB   	26 minutes ago
vgbt3uldxhows3tuippf0hs50               	true 	389.1kB   	26 minutes ago
t6yzdz0lexcpvycsbf2qyib1u               	true 	20.83kB   	26 minutes ago
uspbb214yh1rnvchpzyniav9i               	true 	29.04kB   	26 minutes ago
sdz6ht4i7h5eq62iznfyyixfz               	true 	29kB      	26 minutes ago
Total:	13.95GB
