Computing main repo mapping: 
Computing main repo mapping: 
WARNING: For repository 'protobuf', the root module requires module version protobuf@29.0, but got protobuf@31.1 in the resolved dependency graph. Please update the version in your MODULE.bazel or set --check_direct_dependencies=off
WARNING: For repository 'rules_rust', the root module requires module version rules_rust@0.61.0, but got rules_rust@0.66.0 in the resolved dependency graph. Please update the version in your MODULE.bazel or set --check_direct_dependencies=off
Loading: 
Loading: 0 packages loaded
Analyzing: target //platform/vs:sonic-vs-bin (4 packages loaded, 7 targets configured)
WARNING: /data/sonic/sonic-dzf-time-measure/.measure/20260901-233744/bazel-fully-cold-attempt3/output-base/external/grpc+/src/compiler/BUILD:87:18: target 'grpc_cpp_plugin' is both a rule and a file; please choose another name for the rule
WARNING: /data/sonic/sonic-dzf-time-measure/.measure/20260901-233744/bazel-fully-cold-attempt3/output-base/external/grpc+/src/compiler/BUILD:93:18: target 'grpc_csharp_plugin' is both a rule and a file; please choose another name for the rule
WARNING: /data/sonic/sonic-dzf-time-measure/.measure/20260901-233744/bazel-fully-cold-attempt3/output-base/external/grpc+/src/compiler/BUILD:99:18: target 'grpc_node_plugin' is both a rule and a file; please choose another name for the rule
WARNING: /data/sonic/sonic-dzf-time-measure/.measure/20260901-233744/bazel-fully-cold-attempt3/output-base/external/grpc+/src/compiler/BUILD:105:18: target 'grpc_objective_c_plugin' is both a rule and a file; please choose another name for the rule
WARNING: /data/sonic/sonic-dzf-time-measure/.measure/20260901-233744/bazel-fully-cold-attempt3/output-base/external/grpc+/src/compiler/BUILD:111:18: target 'grpc_php_plugin' is both a rule and a file; please choose another name for the rule
WARNING: /data/sonic/sonic-dzf-time-measure/.measure/20260901-233744/bazel-fully-cold-attempt3/output-base/external/grpc+/src/compiler/BUILD:117:18: target 'grpc_python_plugin' is both a rule and a file; please choose another name for the rule
WARNING: /data/sonic/sonic-dzf-time-measure/.measure/20260901-233744/bazel-fully-cold-attempt3/output-base/external/grpc+/src/compiler/BUILD:123:18: target 'grpc_ruby_plugin' is both a rule and a file; please choose another name for the rule
Analyzing: target //platform/vs:sonic-vs-bin (4587 packages loaded, 103562 targets configured)
Analyzing: target //platform/vs:sonic-vs-bin (4877 packages loaded, 201393 targets configured)
INFO: Analyzed target //platform/vs:sonic-vs-bin (4878 packages loaded, 273663 targets configured).
 no actions running
INFO: Found 1 target...
INFO: Elapsed time: 5.174s, Critical Path: 0.00s
INFO: 0 processes.
INFO: Build completed successfully, 0 total actions
INFO: All external dependencies for the requested targets fetched successfully.
