Untagged: sonic-slave-trixie-qiuying.xzc:0e69d80ab15
Deleted: sha256:decef4dbb0333fd7accf0a1efa451190a2b3f29ed6387f6a45fe9ba3ede6be41
Untagged: sonic-slave-trixie:ca17477b760
Deleted: sha256:85a778c60fd6d226e1826fd06d68838774cb6fa1b210b2e68254b6ae84bcf4ac
ID						RECLAIMABLE	SIZE		LAST ACCESSED
jjnrruek8yh737pl7xxkt352v*              	true 		340kB     	2 days ago
626jfllhm0moffp1p3i9ufwhr*              	true 	8.192kB   	2 days ago
a3oz21kdsx5m5vuuj91gbdqjx*              	true 	8.192kB   	2 days ago
kz4e3juw2zv9pzmusctytkzps*              	true 	4.096kB   	2 days ago
y0oxfz4nyoimmsxb5jehox5uc               	true 	17.4kB    	2 days ago
mgaw5wbunlnv97vl48hpljmeq               	true 	24.86kB   	2 days ago
p3bc01o9hc9g94y15toeh1sf3               	true 	24.84kB   	2 days ago
wuhbjwx2b4zis1fzn7c2bbxmc               	true 	29.5kB    	2 days ago
ykq9mocbkmqe4w7gghrrndim3               	true 	60.43kB   	2 days ago
qrcd0josn0h2ihxzp0cfi8ecw               	true 	29.5kB    	2 days ago
6qpyrr9ifcmkr3bagaty48e0w               	true 	8.271kB   	2 days ago
mwat37rfw86tkfp0i2x5jb0kh               	true 	23.67MB   	2 days ago
wfyzjenu9x8qvgquh13c6yo4t               	true 	162.2kB   	2 days ago
ffixxifgapw5ug5nju6x6fqm8               	true 	36.9kB    	2 days ago
jsqjzpanpc5x9ye8i7675gd0q               	true 	30.01kB   	2 days ago
w89ro25cod1q1kpbvi0dhkec1               	true 	3.712MB   	2 days ago
x7piwuz7g2uumbq9x6h5f5bxj               	true 	26MB      	2 days ago
yymco0v3tffziftq74ojpwtqa               	true 	238.2MB   	2 days ago
p7r0h3ptjhbg5nm1f19jje11x               	true 	1.636GB   	2 days ago
89m956lunawdqhz3okv1ftf28               	true 	9.916MB   	2 days ago
kekxvi4y163dnry1be5y67uyn               	true 	13.65MB   	2 days ago
z55qn2f8fyq7m25lmc1revb3v               	true 	340.6kB   	2 days ago
xndcav8yaeenk3y8n1xvry6ut               	true 	222.7kB   	2 days ago
ucz8yrgoltgwtyi8iy9glcdmr               	true 	12.08MB   	2 days ago
tv00kzwel2rudbxq5h9su6z4m               	true 	111.7kB   	2 days ago
5igbgjbl43ck97z6vvoxpz6e5               	true 	25.17kB   	2 days ago
fc8wl5tokzd0jdhkd2r2x9q8c               	true 	626.6MB   	2 days ago
7ib39ytj1lud7duqfz0n06hjr               	true 	540.6kB   	2 days ago
x17gkodxv3qurldvthmekapfz               	true 	33.08kB   	2 days ago
yi5pkf4jv2mccky4kx2bbgfb5               	true 	33.07kB   	2 days ago
twuwwclvh2tllmcpfqc5898c4               	true 	28.97kB   	2 days ago
paihrpdtq9cyz4w26k59jfe8q               	true 	105.8kB   	2 days ago
b4n04fq0fnfl39g4hyo7vhu75               	true 	13.59MB   	2 days ago
6szud8medmb8ztoyjcga6bjyh               	true 	210.8MB   	2 days ago
kr7u9kwp64ld2fmvtuf5j2gif               	true 	6.368MB   	2 days ago
l8mwlr82jm1xin5e5ws0f4t0c               	true 	17.3MB    	2 days ago
xuzcg6a57edz6mjw9u22fibd8               	true 	79.61MB   	2 days ago
19tw9zxfqu6ukto7m1jkzdki2               	true 	86.05kB   	2 days ago
0lppw1rab8gqm6xt2e309c09h               	true 	86.05kB   	2 days ago
u9vj2idetc0d1gydre4va5vqp               	true 	1.037MB   	2 days ago
qt5gx8nm6gsqdkz39g8rj8q8i               	true 	590.8kB   	2 days ago
qp64auea8jx5sw3y4shby405h               	true 	12.32kB   	2 days ago
aih8vw4jdo8ywqz5t3f3m46eu               	true 	2.122MB   	2 days ago
tx9mkb0hn5t4g1r78ybss0dqd               	true 	306.7kB   	2 days ago
rflpsaghsqfa8smbbip02w9wx               	true 	12.32kB   	2 days ago
cc7ws27mvj6c6vv8ba810mp9v               	true 	8.398MB   	2 days ago
u298e40sjqag8sc0olg1adj60               	true 	53.49kB   	2 days ago
y0lf8cj8ygxxm7mlq82bs3gm3               	true 	7.289MB   	2 days ago
hhk43ktuuc88brdqd05oq73kr               	true 	1.534MB   	2 days ago
9mr9a3a80luk7yi3n90hgmm2p               	true 	4.498MB   	2 days ago
ph9eacyptpnkza9ipnbeg5792               	true 	12.32kB   	2 days ago
n4og3qe133ukvndrn8cfpy5ce               	true 	4.903MB   	2 days ago
toj864cqpufhecqrgnyf7f4no               	true 	942.1kB   	2 days ago
5sxy1zy32i53owdbeexgjl8rp               	true 	283.1kB   	2 days ago
nvg03tb21ofbwdap9jsfg73a8               	true 	75.08MB   	2 days ago
4ukzw55kqyd5azxvbtzrkiqui               	true 	4.124MB   	2 days ago
663gi5fj6ff543bw28pdxg6n8               	true 	815.2kB   	2 days ago
gfn0151kngzmnfpoeo7e9ye5x               	true 	395.6MB   	2 days ago
0q8mq675cficcbd8yewgjgizt               	true 	392.5MB   	2 days ago
5gutztux04hs4m9wlkx72w9gw               	true 	147.8MB   	2 days ago
94r3ctlmclj6ndfedjx11zopk               	true 	33.28kB   	2 days ago
xe6zfpoixzdbfgnapr34id45y               	true 	33.28kB   	2 days ago
qrs4yh16wh6k71e5hir5p9u5p               	true 	29.17kB   	2 days ago
3lq0b4nc0jfwfdta8zwvvwwnz               	true 	59.58MB   	2 days ago
lew5rspno557rfca6kei2xui5               	true 	446.8MB   	2 days ago
tn0ceos062klgkpyznm51maxb               	true 	9.373GB   	2 days ago
nvj2pwfw6bi03l8xm696jx0ci               	true 	12.46kB   	2 days ago
g9aoqr1hku2l5zvk9695l1bfe               	true 	101.2MB   	2 days ago
p6btfq0kjokltksz1jmgiu8iv               	true 	646.7kB   	2 days ago
cvpio1gyv98944xkh8w3g7kki               	true 	413.7kB   	2 days ago
lkjqsiqrwdbt7myx007ihutfn               	true 	20.65kB   	2 days ago
mkgq9hjn0k2nbhrny5mts4h1f               	true 	389.1kB   	2 days ago
jn806c0ur6gbvz06nnwyot0f6               	true 	20.84kB   	2 days ago
pzi8n271vo2u0e0zdoexa6xn2               	true 	29.04kB   	2 days ago
72j0kchs1pegjlnpykzf5l9u9               	true 	29kB      	2 days ago
Total:	13.95GB
