ID						RECLAIMABLE	SIZE		LAST ACCESSED
yeae4xq9c8jsr85hg4y2gyw6i               	true 		17.4kB    	32 minutes ago
l6f9ukyzn528bvdk7dtxmfzes*              	true 	4.096kB   	32 minutes ago
a64aqetoo9xtxp6zdbrvog4rw*              	true 	340kB     	32 minutes ago
qova6zmla120nvm9ljx9c9rnm*              	true 	8.192kB   	32 minutes ago
iktkwi43bymgissh0outp5prn*              	true 	8.192kB   	32 minutes ago
v3k4iiviksjy3keovghlke5e6               	true 	24.86kB   	32 minutes ago
xcm486ptn59z1j23w95ylwpf4               	true 	24.85kB   	32 minutes ago
3lhnezhifl7jsphj635gc41fo               	true 	29.5kB    	32 minutes ago
kq12mcm0c2gld2k62idc2r5d9               	true 	60.43kB   	32 minutes ago
jl4yxnlwbdbjhgrdxm0nwmhtt               	true 	29.5kB    	32 minutes ago
ryfsdpmbz1fkrzkwhcr03sxiz               	true 	8.271kB   	32 minutes ago
obfkoupufp42b2x8vhzelwvxu               	true 	23.67MB   	32 minutes ago
r5a5pi86mp3mpf7lgebfw27cq               	true 	162.1kB   	32 minutes ago
p5zptz959fz855zu75whkq12o               	true 	36.9kB    	32 minutes ago
5wmszqy0p4dxy0k1vemdv1hh5               	true 	30.01kB   	32 minutes ago
mc32nq88fr36fzs4p20rrrowd               	true 	3.712MB   	32 minutes ago
6tmu5qwe7n8usw2vwz3rt0tlb               	true 	26MB      	32 minutes ago
k7sux90ndqxlp6jc24q48pjud               	true 	238.2MB   	32 minutes ago
sexmetdsl42by3etrcarpqf2j               	true 	1.636GB   	32 minutes ago
uf6fugona6k68hqn96iefqgzm               	true 	9.916MB   	32 minutes ago
mkalpspd8fr3k4v4o805otobk               	true 	13.65MB   	32 minutes ago
vjmppk3jn512r0zgxchntj5kd               	true 	328.2kB   	32 minutes ago
0i3l1cdmrqmu6oor2jhbotse2               	true 	222.7kB   	32 minutes ago
qgdk8e99svwucg3pbdeeajlv8               	true 	12.08MB   	32 minutes ago
mywxoyybps1mn5b22mkv3fonu               	true 	111.6kB   	32 minutes ago
mica6jm0fvibmt8wv77lhg4on               	true 	25.17kB   	32 minutes ago
pdm08g1c5ua0ebdg7ga52qo38               	true 	626.6MB   	32 minutes ago
xo0ovop1v6o4l1z34kxv4vyrh               	true 	540.3kB   	32 minutes ago
otneueoraibyjbunylaou3jd9               	true 	33.08kB   	32 minutes ago
fkqme3mszwv0vrcqe52osympf               	true 	33.07kB   	32 minutes ago
pqff71cjylj2r13wu619pk76m               	true 	28.97kB   	32 minutes ago
f8yyr92phko11bnjsgl5lwvqm               	true 	105.8kB   	32 minutes ago
itd3lyysjfovtroe04ghwl2ll               	true 	13.59MB   	32 minutes ago
7g7wbjn15h4l6un9p1g1kgwu3               	true 	210.8MB   	32 minutes ago
t9zty6p552visiz0upp8hqxwy               	true 	6.368MB   	32 minutes ago
fy50f8ziq2uxnwsagxqnlo3rd               	true 	17.3MB    	32 minutes ago
a04bb1gu3h7j32j9rvth94g6g               	true 	79.61MB   	32 minutes ago
6kirb0bcnu16oryak8fzjm2tc               	true 	86.05kB   	32 minutes ago
swdujm84jjzt2d6pcn5jjjfil               	true 	86.05kB   	32 minutes ago
sp2s7i4a13uc53m8cmxzez55x               	true 	1.037MB   	32 minutes ago
p7jtu3xztflb29ogeadoo6zcv               	true 	590.8kB   	32 minutes ago
liyagiyr2d4fjjf6hr3es0q10               	true 	12.32kB   	32 minutes ago
tcou67ta6xivq8ku9jc0k100t               	true 	2.122MB   	32 minutes ago
xdopdg2qfm8w66aao52ba01bw               	true 	306.8kB   	32 minutes ago
qcn0b5rds8s7et0f1tawrilxe               	true 	12.32kB   	32 minutes ago
t71t7gyupmair81x3jtblfmf6               	true 	8.398MB   	32 minutes ago
l9tjrscfr58vtojnflozbl530               	true 	53.49kB   	32 minutes ago
te4ktrov3h9x6cy6hj394x60y               	true 	7.289MB   	32 minutes ago
wnjya078l8qeh8t6gtxhemq4f               	true 	1.534MB   	32 minutes ago
sx55yyd4m3yke6ohqbwgf5w0m               	true 	4.498MB   	32 minutes ago
1ps8h5fkp2qrx640dhhg2hqjp               	true 	12.32kB   	32 minutes ago
r12d8h3rplkdqxbwwobylipiy               	true 	4.903MB   	32 minutes ago
h3tvmjgh4rjtrggxqfbxufc2z               	true 	942.1kB   	32 minutes ago
s975eq4vib6epo0qxn72ozyx4               	true 	283.1kB   	32 minutes ago
4hi4sggihg5cnrbkk8cy5x96j               	true 	75.08MB   	32 minutes ago
da5zekrmiphejcira8vawy52e               	true 	4.124MB   	32 minutes ago
g5ipcspg9ig56tryeo72vrsc8               	true 	815.2kB   	32 minutes ago
eje1lp63skdr90hofo26o5dqk               	true 	395.6MB   	32 minutes ago
peu4kmdn436xxwfz6be2yksjz               	true 	392.5MB   	32 minutes ago
m5tldqy778f8aw5naoagey6wd               	true 	147.8MB   	32 minutes ago
qzh3n20883ieytlvrv4u64aq7               	true 	33.28kB   	32 minutes ago
fcbdd0coiakqif10b3sg33t39               	true 	33.28kB   	32 minutes ago
eo5gtysv08xub7ltjdakvf61p               	true 	29.17kB   	32 minutes ago
swvjjg8vu5hdhqiospttjkuin               	true 	59.58MB   	32 minutes ago
t0vdlgdct04eanll82yvi7bug               	true 	446.8MB   	32 minutes ago
hz68voi2941m9gyud33jw84yq               	true 	9.373GB   	32 minutes ago
sz3dj3majru1eohuqdn6nl20t               	true 	12.47kB   	32 minutes ago
v56kuqwctbzk4ehle3xw7mqzr               	true 	101.2MB   	32 minutes ago
v8eunzxbn2pmgpnn0m73pm0q6               	true 	646.7kB   	32 minutes ago
yms3pi197f4xioj5z3pw73wfl               	true 	413.7kB   	32 minutes ago
qiis29ppyhuu75haw8wrxh9ja               	true 	20.65kB   	32 minutes ago
lsahd1g6fnzw1yizom39b6buo               	true 	389.1kB   	32 minutes ago
50n9xhsucrwj65xqb6jk8j6ht               	true 	20.83kB   	32 minutes ago
6ofxbdv64nbnwujgmccpbt0vy               	true 	29.04kB   	32 minutes ago
rywm1dohxlqjb4g19r1gl8mop               	true 	29kB      	32 minutes ago
Total:	13.95GB
