+++ --- Making target/sonic-vs.bin --- +++
./scripts/run_with_retry make BLDENV=trixie -f Makefile.work target/sonic-vs.bin
make[1]: Entering directory '/data/sonic/sonic-dzf-time-measure'
sudo: A terminal is required to authenticate
"SECURE_UPGRADE_PROD_SIGNING_TOOL": ""
/data/sonic/sonic-dzf-time-measure/src/sonic-build-hooks /data/sonic/sonic-dzf-time-measure
make[2]: Entering directory '/data/sonic/sonic-dzf-time-measure/src/sonic-build-hooks'
dpkg-deb: warning: root directory tmp/sonic-build-hooks has unusual owner or group 17388989:983
dpkg-deb: hint: you might need to pass --root-owner-group, see <https://wiki.debian.org/Teams/Dpkg/RootlessBuilds> for further details
dpkg-deb: warning: ignoring 1 warning about the control file(s)
dpkg-deb: building package 'sonic-build-hooks' in 'buildinfo/sonic-build-hooks_1.0_all.deb'.
make[2]: Leaving directory '/data/sonic/sonic-dzf-time-measure/src/sonic-build-hooks'
/data/sonic/sonic-dzf-time-measure
Checking sonic-slave-base image: sonic-slave-trixie:ca17477b760
Checking sonic-slave-user image: sonic-slave-trixie-qiuying.xzc:0e69d80ab15
SONiC Build System

Build Configuration
"CONFIGURED_PLATFORM"             : "vs"
"CONFIGURED_ARCH"                 : "amd64"
"SONIC_CONFIG_PRINT_DEPENDENCIES" : ""
"SONIC_BUILD_JOBS"                : "8"
"SONIC_CONFIG_MAKE_JOBS"          : "192"
"USE_NATIVE_DOCKERD_FOR_BUILD"    : ""
"USE_DOCKER_CACHE"               : ""
"SONIC_CONFIG_USE_CCACHE"         : "n"
"USERNAME"                        : "admin"
"PASSWORD"                        : "YourPaSsWoRd"
"CHANGE_DEFAULT_PASSWORD"         : "n"
"SECURE_UPGRADE_MODE"             : "no_sign"
"SECURE_UPGRADE_DEV_SIGNING_KEY"  : ""
"SECURE_UPGRADE_SIGNING_CERT"     : ""
"SECURE_UPGRADE_KERNEL_CAFILE"    : ""
"SECURE_UPGRADE_PROD_SIGNING_TOOL": ""
"SECURE_UPGRADE_PROD_TOOL_ARGS"   : ""
"ONIE_IMAGE_PART_SIZE"            : ""
"SHUTDOWN_BGP_ON_START"           : ""
"ENABLE_PFCWD_ON_START"           : ""
"SONIC_BUFFER_MODEL"              : ""
"INSTALL_DEBUG_TOOLS"             : ""
"ROUTING_STACK"                   : "frr"
"FRR_USER_UID"                    : "300"
"FRR_USER_GID"                    : "300"
"ENABLE_FRR_TCMALLOC"             : "y"
"ENABLE_SYNCD_RPC"                : ""
"SAITHRIFT_V2"                    : ""
"ENABLE_ORGANIZATION_EXTENSIONS"  : "y"
"HTTP_PROXY"                      : "http://11.161.18.240:3128"
"HTTPS_PROXY"                     : "http://11.161.18.240:3128"
"NO_PROXY"                        : ""
"ENABLE_ZTP"                      : ""
"INCLUDE_PDE"                     : ""
"SONIC_DEBUGGING_ON"              : ""
"SONIC_PROFILING_ON"              : ""
"KERNEL_PROCURE_METHOD"           : "build"
"BUILD_TIMESTAMP"                 : "20260906.043848"
"BUILD_LOG_TIMESTAMP"             : "none"
"SONIC_IMAGE_VERSION"             : "master.0-dirty-20260906.043848"
"BLDENV"                          : "trixie"
"VS_PREPARE_MEM"                  : "yes"
"INCLUDE_MGMT_FRAMEWORK"          : "y"
"INCLUDE_ICCPD"                   : "n"
"INCLUDE_STP"                     : ""
"INCLUDE_SYSTEM_TELEMETRY"        : "n"
"INCLUDE_SYSTEM_GNMI"             : "y"
"INCLUDE_SYSTEM_BMP"              : "y"
"INCLUDE_SYSTEM_OTEL"             : "y"
"INCLUDE_SYSTEM_EVENTD"           : "y"
"ENABLE_HOST_SERVICE_ON_START"    : "y"
"INCLUDE_RESTAPI"                 : "n"
"INCLUDE_SFLOW"                   : "y"
"INCLUDE_NAT"                     : "y"
"INCLUDE_DHCP_RELAY"              : "y"
"INCLUDE_DHCP_SERVER"             : "n"
"INCLUDE_P4RT"                    : "n"
"INCLUDE_VS_DASH_SAI"             : "y"
"INCLUDE_KUBERNETES"              : "n"
"INCLUDE_KUBERNETES_MASTER"       : "n"
"INCLUDE_MACSEC"                  : "y"
"INCLUDE_MUX"                     : "y"
"INCLUDE_TEAMD"                   : "y"
"INCLUDE_DASH_HA"                 : "y"
"INCLUDE_ROUTER_ADVERTISER"       : "y"
"INCLUDE_SNMP"                    : "y"
"INCLUDE_LLDP"                    : "y"
"INCLUDE_BOOTCHART                : "y"
"ENABLE_BOOTCHART                 : "n"
"INCLUDE_FIPS"                    : "y"
"ENABLE_TRANSLIB_WRITE"           : ""
"ENABLE_NATIVE_WRITE"             : "y"
"ENABLE_DIALOUT"                  : ""
"ENABLE_AUTO_TECH_SUPPORT"        : "y"
"PDDF_SUPPORT"                    : "y"
"MULTIARCH_QEMU_ENVIRON"          : "n"
"SONIC_VERSION_CONTROL_COMPONENTS": "py2,py3,web,git,docker"
"ENABLE_ASAN"                     : "n"
"DEFAULT_CONTAINER_REGISTRY"      : "publicmirror.azurecr.io/"
"BUILD_MULTIASIC_KVM"             : "n"
"CROSS_BUILD_ENVIRON"             : "n"
"INCLUDE_EXTERNAL_PATCHES"        : "n"
"PTF_ENV_PY_VER"                  : "py3"
"ENABLE_MULTIDB"                  : ""
"ENABLE_SBOM"                     : "n"
"SBOM_FORMAT"                     : "both"
"SBOM_SCAN_TOOL"                  : "syft"
"SBOM_INCLUDE_LICENSES"           : "y"
"SBOM_STRICT"                     : "y"

"SONIC_DPKG_CACHE_METHOD"         : "none"

[ building ] [ target/debs/trixie/systemd-sonic-generator_1.0.0_amd64.deb ] 
[ building ] [ target/debs/trixie/sonic-platform-vs_1.0_amd64.deb ] 
[ building ] [ target/debs/trixie/initramfs-tools_0.142_all.deb ] 
[ building ] [ target/debs/trixie/linux-headers-6.12.41+deb13-common-sonic_6.12.41-1_all.deb ] 
[ building ] [ target/debs/trixie/sonic-device-data_1.0-1_all.deb ] 
[ building ] [ target/debs/trixie/ifupdown2_3.0.0-1_all.deb ] 
[ building ] [ target/debs/trixie/makedumpfile_1.7.7-1_amd64.deb ] 
[ building ] [ target/debs/trixie/kdump-tools_1.10.7_amd64.deb ] 
[ finished ] [ target/debs/trixie/initramfs-tools_0.142_all.deb ] 
[ building ] [ target/debs/trixie/libpam-radius-auth_1.4.1-1_amd64.deb ] 
[ finished ] [ target/debs/trixie/sonic-platform-vs_1.0_amd64.deb ] 
[ building ] [ target/debs/trixie/libnss-radius_1.0.1-1_amd64.deb ] 
[ finished ] [ target/debs/trixie/libnss-radius_1.0.1-1_amd64.deb ] 
[ building ] [ target/debs/trixie/libtac2_1.4.1-1_amd64.deb ] 
[ finished ] [ target/debs/trixie/makedumpfile_1.7.7-1_amd64.deb ] 
[ finished ] [ target/debs/trixie/kdump-tools_1.10.7_amd64.deb ] 
[ finished ] [ target/debs/trixie/ifupdown2_3.0.0-1_all.deb ] 
[ building ] [ target/debs/trixie/monit_5.34.3-1_amd64.deb ] 
[ building ] [ target/debs/trixie/libnl-3-200_3.7.0-0.2+b1sonic1_amd64.deb ] 
[ building ] [ target/debs/trixie/libyang3_3.12.2-1_amd64.deb ] 
[ finished ] [ target/debs/trixie/systemd-sonic-generator_1.0.0_amd64.deb ] 
[ building ] [ target/debs/trixie/sonic-nettools_0.0.1-0_amd64.deb ] 
[ finished ] [ target/debs/trixie/libtac2_1.4.1-1_amd64.deb ] 
[ building ] [ target/python-wheels/trixie/redis_dump_load-1.1-py3-none-any.whl ] 
[ finished ] [ target/debs/trixie/sonic-nettools_0.0.1-0_amd64.deb ] 
[ building ] [ target/debs/trixie/sonic-host-services-data_1.0-1_all.deb ] 
[ finished ] [ target/debs/trixie/sonic-host-services-data_1.0-1_all.deb ] 
[ building ] [ target/debs/trixie/socat_1.7.4.1-3_amd64.deb ] 
[ finished ] [ target/python-wheels/trixie/redis_dump_load-1.1-py3-none-any.whl ] 
[ building ] [ target/debs/trixie/bash_5.2.37-2_amd64.deb ] 
[ finished ] [ target/debs/trixie/libyang3_3.12.2-1_amd64.deb ] 
[ finished ] [ target/debs/trixie/libpam-radius-auth_1.4.1-1_amd64.deb ] 
[ building ] [ target/debs/trixie/libtac2_1.4.1-1_amd64.deb-install ] 
[ building ] [ target/debs/trixie/libyang3_3.12.2-1_amd64.deb-install ] 
[ finished ] [ target/debs/trixie/libtac2_1.4.1-1_amd64.deb-install ] 
[ building ] [ target/debs/trixie/sedutil_1.15-5ad84d8_amd64.deb ] 
[ finished ] [ target/debs/trixie/sedutil_1.15-5ad84d8_amd64.deb ] 
[ building ] [ target/debs/trixie/grub2-common_2.06-13+deb13u1_amd64.deb ] 
[ finished ] [ target/debs/trixie/libyang3_3.12.2-1_amd64.deb-install ] 
[ building ] [ target/files/trixie/swss_vars.j2 ] 
[ finished ] [ target/files/trixie/swss_vars.j2 ] 
[ building ] [ target/files/trixie/rsyslog_plugin.conf.j2 ] 
[ finished ] [ target/files/trixie/rsyslog_plugin.conf.j2 ] 
[ building ] [ target/files/trixie/container ] 
[ finished ] [ target/files/trixie/container ] 
[ building ] [ target/files/trixie/readiness_probe.sh ] 
[ finished ] [ target/files/trixie/readiness_probe.sh ] 
[ building ] [ target/files/trixie/container_startup.py ] 
[ finished ] [ target/files/trixie/container_startup.py ] 
[ building ] [ target/python-wheels/trixie/redis_dump_load-1.1-py3-none-any.whl-install ] 
[ finished ] [ target/python-wheels/trixie/redis_dump_load-1.1-py3-none-any.whl-install ] 
[ building ] [ target/debs/trixie/iproute2_6.15.0-1+sonic.0_amd64.deb ] 
[ finished ] [ target/debs/trixie/libnl-3-200_3.7.0-0.2+b1sonic1_amd64.deb ] 
[ building ] [ target/debs/trixie/symcrypt-openssl_1.9.4_amd64.deb ] 
[ finished ] [ target/debs/trixie/monit_5.34.3-1_amd64.deb ] 
[ building ] [ target/debs/trixie/libnl-3-200_3.7.0-0.2+b1sonic1_amd64.deb-install ] 
[ finished ] [ target/debs/trixie/libnl-3-200_3.7.0-0.2+b1sonic1_amd64.deb-install ] 
[ building ] [ target/debs/trixie/p4lang-pi_0.1.1-1_amd64.deb ] 
[ finished ] [ target/debs/trixie/socat_1.7.4.1-3_amd64.deb ] 
[ building ] [ target/debs/trixie/libnexthopgroup_1.0.0_amd64.deb ] 
[ finished ] [ target/debs/trixie/iproute2_6.15.0-1+sonic.0_amd64.deb ] 
[ building ] [ target/debs/trixie/libdashapi_1.0.0_amd64.deb ] 
[ finished ] [ target/debs/trixie/libnexthopgroup_1.0.0_amd64.deb ] 
[ finished ] [ target/debs/trixie/symcrypt-openssl_1.9.4_amd64.deb ] 
[ building ] [ target/files/trixie/90-sonic.conf ] 
[ finished ] [ target/files/trixie/90-sonic.conf ] 
[ building ] [ target/files/trixie/update_chassisdb_config ] 
[ finished ] [ target/files/trixie/update_chassisdb_config ] 
[ building ] [ target/debs/trixie/libnexthopgroup_1.0.0_amd64.deb-install ] 
[ finished ] [ target/debs/trixie/libnexthopgroup_1.0.0_amd64.deb-install ] 
[ building ] [ target/files/trixie/container_checker ] 
[ finished ] [ target/files/trixie/container_checker ] 
[ building ] [ target/files/trixie/gnmi.sh ] 
[ finished ] [ target/files/trixie/gnmi.sh ] 
[ building ] [ target/files/trixie/k8s_pod_control.sh ] 
[ finished ] [ target/files/trixie/k8s_pod_control.sh ] 
[ building ] [ target/debs/trixie/lldpd_1.0.16-1+deb12u1_amd64.deb ] 
[ building ] [ target/files/trixie/arp_update ] 
[ finished ] [ target/files/trixie/arp_update ] 
[ building ] [ target/files/trixie/arp_update_vars.j2 ] 
[ finished ] [ target/files/trixie/arp_update_vars.j2 ] 
[ building ] [ target/python-wheels/trixie/scapy-2.6.1.dev0-py3-none-any.whl ] 
[ finished ] [ target/python-wheels/trixie/scapy-2.6.1.dev0-py3-none-any.whl ] 
[ building ] [ target/debs/trixie/lm-sensors_3.6.0-7.1_amd64.deb ] 
[ finished ] [ target/debs/trixie/bash_5.2.37-2_amd64.deb ] 
[ building ] [ target/python-wheels/trixie/sonic_platform_pddf_common-1.0-py3-none-any.whl ] 
[ finished ] [ target/debs/trixie/libdashapi_1.0.0_amd64.deb ] 
[ building ] [ target/files/trixie/restapi.sh ] 
[ finished ] [ target/files/trixie/restapi.sh ] 
[ building ] [ target/debs/trixie/hsflowd_2.0.51-26_amd64.deb ] 
[ finished ] [ target/debs/trixie/sonic-device-data_1.0-1_all.deb ] 
[ building ] [ target/debs/trixie/sflowtool_5.04_amd64.deb ] 
[ finished ] [ target/debs/trixie/lm-sensors_3.6.0-7.1_amd64.deb ] 
[ building ] [ target/debs/trixie/psample_1.1-1_amd64.deb ] 
[ finished ] [ target/python-wheels/trixie/sonic_platform_pddf_common-1.0-py3-none-any.whl ] 
[ building ] [ target/docker-dash-engine.gz ] 
[ finished ] [ target/debs/trixie/sflowtool_5.04_amd64.deb ] 
[ finished ] [ target/debs/trixie/psample_1.1-1_amd64.deb ] 
[ building ] [ target/debs/trixie/isc-dhcp-relay_4.4.3-P1-2_amd64.deb ] 
[ building ] [ target/debs/trixie/rasdaemon_0.6.8-1_amd64.deb ] 
[ finished ] [ target/debs/trixie/hsflowd_2.0.51-26_amd64.deb ] 
[ building ] [ target/files/trixie/remote_ctr.config.json ] 
[ finished ] [ target/files/trixie/remote_ctr.config.json ] 
[ building ] [ target/files/trixie/ctrmgrd.service ] 
[ finished ] [ target/files/trixie/ctrmgrd.service ] 
[ building ] [ target/debs/trixie/libpam-tacplus_1.4.1-1_amd64.deb ] 
[ finished ] [ target/debs/trixie/libpam-tacplus_1.4.1-1_amd64.deb ] 
[ building ] [ target/debs/trixie/libtac-dev_1.4.1-1_amd64.deb ] 
[ finished ] [ target/debs/trixie/libtac-dev_1.4.1-1_amd64.deb ] 
[ building ] [ target/debs/trixie/libnl-3-dev_3.7.0-0.2+b1sonic1_amd64.deb ] 
[ finished ] [ target/debs/trixie/libnl-3-dev_3.7.0-0.2+b1sonic1_amd64.deb ] 
[ building ] [ target/debs/trixie/libnl-route-3-200_3.7.0-0.2+b1sonic1_amd64.deb ] 
[ finished ] [ target/debs/trixie/libnl-route-3-200_3.7.0-0.2+b1sonic1_amd64.deb ] 
[ building ] [ target/debs/trixie/libnl-3-dev_3.7.0-0.2+b1sonic1_amd64.deb-install ] 
[ finished ] [ target/debs/trixie/libnl-3-dev_3.7.0-0.2+b1sonic1_amd64.deb-install ] 
[ building ] [ target/debs/trixie/libnl-route-3-200_3.7.0-0.2+b1sonic1_amd64.deb-install ] 
[ finished ] [ target/debs/trixie/libnl-route-3-200_3.7.0-0.2+b1sonic1_amd64.deb-install ] 
[ building ] [ target/debs/trixie/libyang-dev_3.12.2-1_amd64.deb ] 
[ finished ] [ target/debs/trixie/libyang-dev_3.12.2-1_amd64.deb ] 
[ building ] [ target/debs/trixie/libnl-genl-3-200_3.7.0-0.2+b1sonic1_amd64.deb ] 
[ finished ] [ target/debs/trixie/libnl-genl-3-200_3.7.0-0.2+b1sonic1_amd64.deb ] 
[ building ] [ target/debs/trixie/libyang-dev_3.12.2-1_amd64.deb-install ] 
[ finished ] [ target/debs/trixie/libyang-dev_3.12.2-1_amd64.deb-install ] 
[ building ] [ target/debs/trixie/libnl-genl-3-200_3.7.0-0.2+b1sonic1_amd64.deb-install ] 
[ finished ] [ target/debs/trixie/libnl-genl-3-200_3.7.0-0.2+b1sonic1_amd64.deb-install ] 
[ building ] [ target/python-wheels/trixie/swsssdk-2.0.1-py3-none-any.whl ] 
[ finished ] [ target/python-wheels/trixie/swsssdk-2.0.1-py3-none-any.whl ] 
[ building ] [ target/debs/trixie/libtac-dev_1.4.1-1_amd64.deb-install ] 
[ finished ] [ target/debs/trixie/libtac-dev_1.4.1-1_amd64.deb-install ] 
[ building ] [ target/python-wheels/trixie/swsssdk-2.0.1-py3-none-any.whl-install ] 
[ finished ] [ target/python-wheels/trixie/swsssdk-2.0.1-py3-none-any.whl-install ] 
[ building ] [ target/debs/trixie/libssl3t64_3.5.4-1+fips_amd64.deb ] 
[ finished ] [ target/debs/trixie/libssl3t64_3.5.4-1+fips_amd64.deb ] 
[ building ] [ target/debs/trixie/libssl-dev_3.5.4-1+fips_amd64.deb ] 
[ finished ] [ target/debs/trixie/libssl-dev_3.5.4-1+fips_amd64.deb ] 
[ building ] [ target/debs/trixie/openssl_3.5.4-1+fips_amd64.deb ] 
[ finished ] [ target/debs/trixie/openssl_3.5.4-1+fips_amd64.deb ] 
[ building ] [ target/debs/trixie/libk5crypto3_1.21.3-5+fips_amd64.deb ] 
[ finished ] [ target/debs/trixie/libk5crypto3_1.21.3-5+fips_amd64.deb ] 
[ building ] [ target/debs/trixie/libkrb5support0_1.21.3-5+fips_amd64.deb ] 
[ finished ] [ target/debs/trixie/libkrb5support0_1.21.3-5+fips_amd64.deb ] 
[ building ] [ target/debs/trixie/libkrb5-3_1.21.3-5+fips_amd64.deb ] 
[ finished ] [ target/debs/trixie/libkrb5-3_1.21.3-5+fips_amd64.deb ] 
[ building ] [ target/debs/trixie/libgssapi-krb5-2_1.21.3-5+fips_amd64.deb ] 
[ finished ] [ target/debs/trixie/libgssapi-krb5-2_1.21.3-5+fips_amd64.deb ] 
[ building ] [ target/debs/trixie/libnexthopgroup-dev_1.0.0_amd64.deb ] 
[ finished ] [ target/debs/trixie/libnexthopgroup-dev_1.0.0_amd64.deb ] 
[ building ] [ target/debs/trixie/libdashapi_1.0.0_amd64.deb-install ] 
[ finished ] [ target/debs/trixie/libdashapi_1.0.0_amd64.deb-install ] 
[ building ] [ target/debs/trixie/libnexthopgroup-dev_1.0.0_amd64.deb-install ] 
[ finished ] [ target/debs/trixie/lldpd_1.0.16-1+deb12u1_amd64.deb ] 
[ finished ] [ target/debs/trixie/libnexthopgroup-dev_1.0.0_amd64.deb-install ] 
[ building ] [ target/debs/trixie/libsensors5_3.6.0-7.1_amd64.deb ] 
[ finished ] [ target/debs/trixie/libsensors5_3.6.0-7.1_amd64.deb ] 
[ building ] [ target/debs/trixie/fancontrol_3.6.0-7.1_all.deb ] 
[ finished ] [ target/debs/trixie/fancontrol_3.6.0-7.1_all.deb ] 
[ building ] [ target/debs/trixie/sensord_3.6.0-7.1_amd64.deb ] 
[ finished ] [ target/debs/trixie/sensord_3.6.0-7.1_amd64.deb ] 
[ building ] [ target/debs/trixie/libnss-tacplus_1.0.4-1_amd64.deb ] 
[ finished ] [ target/debs/trixie/rasdaemon_0.6.8-1_amd64.deb ] 
[ building ] [ target/debs/trixie/libnl-route-3-dev_3.7.0-0.2+b1sonic1_amd64.deb ] 
[ finished ] [ target/debs/trixie/libnl-route-3-dev_3.7.0-0.2+b1sonic1_amd64.deb ] 
[ building ] [ target/debs/trixie/python3-libyang_3.1.0-1_amd64.deb ] 
[ building ] [ target/debs/trixie/libnl-genl-3-dev_3.7.0-0.2+b1sonic1_amd64.deb ] 
[ finished ] [ target/debs/trixie/libnl-genl-3-dev_3.7.0-0.2+b1sonic1_amd64.deb ] 
[ building ] [ target/debs/trixie/libnl-nf-3-200_3.7.0-0.2+b1sonic1_amd64.deb ] 
[ finished ] [ target/debs/trixie/libnl-nf-3-200_3.7.0-0.2+b1sonic1_amd64.deb ] 
[ building ] [ target/debs/trixie/libnl-genl-3-dev_3.7.0-0.2+b1sonic1_amd64.deb-install ] 
[ finished ] [ target/debs/trixie/libnl-genl-3-dev_3.7.0-0.2+b1sonic1_amd64.deb-install ] 
[ building ] [ target/debs/trixie/libnl-route-3-dev_3.7.0-0.2+b1sonic1_amd64.deb-install ] 
[ finished ] [ target/debs/trixie/libnl-route-3-dev_3.7.0-0.2+b1sonic1_amd64.deb-install ] 
[ building ] [ target/debs/trixie/bash-tacplus_1.0.0_amd64.deb ] 
[ finished ] [ target/debs/trixie/p4lang-pi_0.1.1-1_amd64.deb ] 
[ building ] [ target/debs/trixie/audisp-tacplus_1.0.2_amd64.deb ] 
[ finished ] [ target/debs/trixie/python3-libyang_3.1.0-1_amd64.deb ] 
[ building ] [ target/debs/trixie/libnl-nf-3-200_3.7.0-0.2+b1sonic1_amd64.deb-install ] 
[ finished ] [ target/debs/trixie/libnl-nf-3-200_3.7.0-0.2+b1sonic1_amd64.deb-install ] 
[ building ] [ target/debs/trixie/python3-libyang_3.1.0-1_amd64.deb-install ] 
[ finished ] [ target/debs/trixie/python3-libyang_3.1.0-1_amd64.deb-install ] 
[ building ] [ target/docker-base-trixie.gz ] 
[ finished ] [ target/debs/trixie/bash-tacplus_1.0.0_amd64.deb ] 
[ building ] [ target/debs/trixie/p4lang-pi_0.1.1-1_amd64.deb-install ] 
[ finished ] [ target/debs/trixie/p4lang-pi_0.1.1-1_amd64.deb-install ] 
[ building ] [ target/debs/trixie/frr_10.5.4-sonic-0_amd64.deb ] 
[ finished ] [ target/debs/trixie/libnss-tacplus_1.0.4-1_amd64.deb ] 
[ building ] [ target/debs/trixie/openssh-server_10.0p1-7_amd64.deb ] 
[ finished ] [ target/debs/trixie/audisp-tacplus_1.0.2_amd64.deb ] 
[ building ] [ target/python-wheels/trixie/sonic_yang_models-1.0-py3-none-any.whl ] 
[ finished ] [ target/python-wheels/trixie/sonic_yang_models-1.0-py3-none-any.whl ] 
[ building ] [ target/debs/trixie/libnl-nf-3-dev_3.7.0-0.2+b1sonic1_amd64.deb ] 
[ finished ] [ target/debs/trixie/libnl-nf-3-dev_3.7.0-0.2+b1sonic1_amd64.deb ] 
[ building ] [ target/python-wheels/trixie/sonic_yang_models-1.0-py3-none-any.whl-install ] 
[ finished ] [ target/python-wheels/trixie/sonic_yang_models-1.0-py3-none-any.whl-install ] 
[ building ] [ target/debs/trixie/libnl-nf-3-dev_3.7.0-0.2+b1sonic1_amd64.deb-install ] 
[ finished ] [ target/debs/trixie/libnl-nf-3-dev_3.7.0-0.2+b1sonic1_amd64.deb-install ] 
[ building ] [ target/debs/trixie/p4lang-bmv2_1.15.0-9_amd64.deb ] 
[ finished ] [ target/docker-dash-engine.gz ] 
[ building ] [ target/debs/trixie/sonic-mgmt-common_1.0.0_amd64.deb ] 
[ finished ] [ target/debs/trixie/linux-headers-6.12.41+deb13-common-sonic_6.12.41-1_all.deb ] 
[ building ] [ target/python-wheels/trixie/sonic_yang_mgmt-1.0-py3-none-any.whl ] 
[ finished ] [ target/docker-base-trixie.gz ] 
[ building ] [ target/debs/trixie/libnl-cli-3-200_3.7.0-0.2+b1sonic1_amd64.deb ] 
[ finished ] [ target/debs/trixie/libnl-cli-3-200_3.7.0-0.2+b1sonic1_amd64.deb ] 
[ building ] [ target/docker-base-trixie.gz-load ] 
[ finished ] [ target/docker-base-trixie.gz-load ] 
[ building ] [ target/debs/trixie/libnl-cli-3-200_3.7.0-0.2+b1sonic1_amd64.deb-install ] 
[ finished ] [ target/debs/trixie/libnl-cli-3-200_3.7.0-0.2+b1sonic1_amd64.deb-install ] 
[ building ] [ target/debs/trixie/linux-headers-6.12.41+deb13-common-sonic_6.12.41-1_all.deb-install ] 
[ finished ] [ target/debs/trixie/linux-headers-6.12.41+deb13-common-sonic_6.12.41-1_all.deb-install ] 
[ building ] [ target/debs/trixie/linux-image-6.12.41+deb13-sonic-amd64-unsigned_6.12.41-1_amd64.deb ] 
[ finished ] [ target/debs/trixie/linux-image-6.12.41+deb13-sonic-amd64-unsigned_6.12.41-1_amd64.deb ] 
[ building ] [ target/debs/trixie/linux-kbuild-6.12.41+deb13_6.12.41-1_amd64.deb ] 
[ finished ] [ target/debs/trixie/linux-kbuild-6.12.41+deb13_6.12.41-1_amd64.deb ] 
[ building ] [ target/debs/trixie/libnl-cli-3-dev_3.7.0-0.2+b1sonic1_amd64.deb ] 
[ finished ] [ target/debs/trixie/libnl-cli-3-dev_3.7.0-0.2+b1sonic1_amd64.deb ] 
[ building ] [ target/debs/trixie/linux-kbuild-6.12.41+deb13_6.12.41-1_amd64.deb-install ] 
[ finished ] [ target/python-wheels/trixie/sonic_yang_mgmt-1.0-py3-none-any.whl ] 
[ building ] [ target/debs/trixie/libnl-cli-3-dev_3.7.0-0.2+b1sonic1_amd64.deb-install ] 
[ finished ] [ target/debs/trixie/linux-kbuild-6.12.41+deb13_6.12.41-1_amd64.deb-install ] 
[ building ] [ target/python-wheels/trixie/sonic_yang_mgmt-1.0-py3-none-any.whl-install ] 
[ finished ] [ target/debs/trixie/libnl-cli-3-dev_3.7.0-0.2+b1sonic1_amd64.deb-install ] 
[ building ] [ target/debs/trixie/libteam5_1.31-1_amd64.deb ] 
[ finished ] [ target/python-wheels/trixie/sonic_yang_mgmt-1.0-py3-none-any.whl-install ] 
[ building ] [ target/debs/trixie/libswsscommon_1.0.0_amd64.deb ] 
[ finished ] [ target/debs/trixie/frr_10.5.4-sonic-0_amd64.deb ] 
[ building ] [ target/debs/trixie/frr-snmp_10.5.4-sonic-0_amd64.deb ] 
[ finished ] [ target/debs/trixie/frr-snmp_10.5.4-sonic-0_amd64.deb ] 
[ finished ] [ target/debs/trixie/sonic-mgmt-common_1.0.0_amd64.deb ] 
[ building ] [ target/debs/trixie/sonic-mgmt-common-codegen_1.0.0_amd64.deb ] 
[ finished ] [ target/debs/trixie/sonic-mgmt-common-codegen_1.0.0_amd64.deb ] 
[ building ] [ target/debs/trixie/sonic-mgmt-common_1.0.0_amd64.deb-install ] 
[ finished ] [ target/debs/trixie/sonic-mgmt-common_1.0.0_amd64.deb-install ] 
[ building ] [ target/debs/trixie/sonic-mgmt-common-codegen_1.0.0_amd64.deb-install ] 
[ finished ] [ target/debs/trixie/sonic-mgmt-common-codegen_1.0.0_amd64.deb-install ] 
[ building ] [ target/debs/trixie/sonic-mgmt-framework_1.0-01_amd64.deb ] 
[ finished ] [ target/debs/trixie/libteam5_1.31-1_amd64.deb ] 
[ finished ] [ target/debs/trixie/openssh-server_10.0p1-7_amd64.deb ] 
[ building ] [ target/debs/trixie/libteamdctl0_1.31-1_amd64.deb ] 
[ finished ] [ target/debs/trixie/libteamdctl0_1.31-1_amd64.deb ] 
[ building ] [ target/debs/trixie/libteam5_1.31-1_amd64.deb-install ] 
[ building ] [ target/debs/trixie/libteam-dev_1.31-1_amd64.deb ] 
[ finished ] [ target/debs/trixie/libteam-dev_1.31-1_amd64.deb ] 
[ building ] [ target/debs/trixie/libteam-utils_1.31-1_amd64.deb ] 
[ finished ] [ target/debs/trixie/libteam-utils_1.31-1_amd64.deb ] 
[ finished ] [ target/debs/trixie/libteam5_1.31-1_amd64.deb-install ] 
[ building ] [ target/debs/trixie/libteamdctl0_1.31-1_amd64.deb-install ] 
[ finished ] [ target/debs/trixie/libteamdctl0_1.31-1_amd64.deb-install ] 
[ building ] [ target/debs/trixie/libteam-dev_1.31-1_amd64.deb-install ] 
[ building ] [ target/debs/trixie/libteam-utils_1.31-1_amd64.deb-install ] 
[ finished ] [ target/debs/trixie/libteam-dev_1.31-1_amd64.deb-install ] 
[ finished ] [ target/debs/trixie/libteam-utils_1.31-1_amd64.deb-install ] 
[ finished ] [ target/debs/trixie/sonic-mgmt-framework_1.0-01_amd64.deb ] 
[ finished ] [ target/debs/trixie/libswsscommon_1.0.0_amd64.deb ] 
[ building ] [ target/debs/trixie/python3-swsscommon_1.0.0_amd64.deb ] 
[ finished ] [ target/debs/trixie/python3-swsscommon_1.0.0_amd64.deb ] 
[ building ] [ target/debs/trixie/sonic-db-cli_1.0.0_amd64.deb ] 
[ finished ] [ target/debs/trixie/sonic-db-cli_1.0.0_amd64.deb ] 
[ building ] [ target/debs/trixie/libswsscommon-dev_1.0.0_amd64.deb ] 
[ finished ] [ target/debs/trixie/libswsscommon-dev_1.0.0_amd64.deb ] 
[ building ] [ target/debs/trixie/libswsscommon_1.0.0_amd64.deb-install ] 
[ finished ] [ target/debs/trixie/libswsscommon_1.0.0_amd64.deb-install ] 
[ building ] [ target/debs/trixie/libswsscommon-dev_1.0.0_amd64.deb-install ] 
[ building ] [ target/debs/trixie/python3-swsscommon_1.0.0_amd64.deb-install ] 
[ finished ] [ target/debs/trixie/libswsscommon-dev_1.0.0_amd64.deb-install ] 
[ building ] [ target/debs/trixie/sonic-eventd_1.0.0-0_amd64.deb ] 
[ building ] [ target/debs/trixie/sonic-ctrmgrd-rs_1.0.0_amd64.deb ] 
[ finished ] [ target/debs/trixie/python3-swsscommon_1.0.0_amd64.deb-install ] 
[ building ] [ target/debs/trixie/sonic-host-services-rs_1.0.0_amd64.deb ] 
[ building ] [ target/debs/trixie/syslog-counter_1.0.0_amd64.deb ] 
[ building ] [ target/debs/trixie/sonic-supervisord-utilities-rs_1.0.0_amd64.deb ] 
[ finished ] [ target/debs/trixie/sonic-eventd_1.0.0-0_amd64.deb ] 
[ building ] [ target/debs/trixie/sonic-bmp_0.1_amd64.deb ] 
[ finished ] [ target/debs/trixie/sonic-supervisord-utilities-rs_1.0.0_amd64.deb ] 
[ finished ] [ target/debs/trixie/sonic-host-services-rs_1.0.0_amd64.deb ] 
[ building ] [ target/debs/trixie/dash-ha_1.0.0_amd64.deb ] 
[ finished ] [ target/debs/trixie/grub2-common_2.06-13+deb13u1_amd64.deb ] 
[ building ] [ target/debs/trixie/stp_1.0.0_amd64.deb ] 
[ building ] [ target/debs/trixie/sonic-gnmi_0.1_amd64.deb ] 
[ finished ] [ target/debs/trixie/syslog-counter_1.0.0_amd64.deb ] 
[ building ] [ target/debs/trixie/sonic-linkmgrd_1.0.0-1_amd64.deb ] 
[ finished ] [ target/debs/trixie/stp_1.0.0_amd64.deb ] 
[ finished ] [ target/debs/trixie/sonic-linkmgrd_1.0.0-1_amd64.deb ] 
[ building ] [ target/debs/trixie/sysmgr_1.0.0_amd64.deb ] 
[ finished ] [ target/debs/trixie/sonic-gnmi_0.1_amd64.deb ] 
[ FAIL LOG START ] [ target/debs/trixie/sonic-gnmi_0.1_amd64.deb ]
Build start time: Sat Sep 5 20:46:29 UTC 2026
[ REASON ] :      target/debs/trixie/sonic-gnmi_0.1_amd64.deb does not exist   NON-EXISTENT PREREQUISITES: target/debs/trixie/sonic-mgmt-common_1.0.0_amd64.deb-install target/debs/trixie/sonic-mgmt-common-codegen_1.0.0_amd64.deb-install target/debs/trixie/libswsscommon-dev_1.0.0_amd64.deb-install target/debs/trixie/libswsscommon_1.0.0_amd64.deb-install 
[ FLAGS  FILE    ] : [] 
[ FLAGS  DEPENDS ] : [] 
[ FLAGS  DIFF    ] : [] 
/sonic/src/sonic-gnmi /sonic
dpkg-buildpackage: info: source package sonic-gnmi
dpkg-buildpackage: info: source version 0.1
dpkg-buildpackage: info: source distribution UNRELEASED
dpkg-buildpackage: info: source changed by Jipan Yang <jipan.yang@alibaba-inc.com>
 dpkg-source --before-build .
dpkg-buildpackage: info: host architecture amd64
 debian/rules clean
make[1]: Entering directory '/sonic/src/sonic-gnmi'
dh clean 
dh: warning: Compatibility levels before 10 are deprecated (level 9 in use)
   dh_auto_clean
dh_auto_clean: warning: Compatibility levels before 10 are deprecated (level 9 in use)
	make -j1 clean
make[2]: Entering directory '/sonic/src/sonic-gnmi'
make[2]: warning: -j1 forced in submake: resetting jobserver mode.
rm -f -r build
rm -f -r vendor
rm -f -r backup_crypto
make[2]: Leaving directory '/sonic/src/sonic-gnmi'
   dh_clean
dh_clean: warning: Compatibility levels before 10 are deprecated (level 9 in use)
make[1]: Leaving directory '/sonic/src/sonic-gnmi'
 debian/rules binary
make[1]: Entering directory '/sonic/src/sonic-gnmi'
dh binary 
dh: warning: Compatibility levels before 10 are deprecated (level 9 in use)
   dh_update_autotools_config
   dh_auto_configure
dh_auto_configure: warning: Compatibility levels before 10 are deprecated (level 9 in use)
   dh_auto_build
dh_auto_build: warning: Compatibility levels before 10 are deprecated (level 9 in use)
	make -j1
make[2]: Entering directory '/sonic/src/sonic-gnmi'
make[2]: warning: -j1 forced in submake: resetting jobserver mode.
make -C swsscommon
make[3]: Entering directory '/sonic/src/sonic-gnmi/swsscommon'
cp -f /usr/share/swss/swsscommon.i .
/usr/bin/swig -go -cgo -c++ -intgosize 64 -I/usr/include/swss/ swsscommon.i
/usr/include/swss/dbconnector.h:235: Warning 314: 'select' is a Go keyword, renaming to 'Xselect'
/usr/include/swss/select.h:36: Warning 314: 'select' is a Go keyword, renaming to 'Xselect'
/usr/include/swss/select.h:36: Warning 314: 'select' is a Go keyword, renaming to 'Xselect'
/usr/include/swss/select.h:36: Warning 314: 'select' is a Go keyword, renaming to 'Xselect'
/usr/include/swss/redisreply.h:42: Warning 314: 'type' is a Go keyword, renaming to 'Xtype'
/usr/include/swss/notificationconsumer.h:121: Warning 325: Nested struct not currently supported (Stats ignored)
/usr/include/swss/notificationconsumer.h:218: Warning 325: Nested struct not currently supported (Stats ignored)
/usr/include/swss/logger.h:123: Warning 325: Nested class not currently supported (ScopeLogger ignored)
/usr/include/swss/logger.h:142: Warning 325: Nested class not currently supported (ScopeTimer ignored)
/usr/include/swss/pubsub.h:16: Warning 401: Base class 'RedisSelect' undefined.
/usr/include/swss/redisselect.h:11: Warning 401: 'RedisSelect' must be defined before it is used as a base class.
/usr/include/swss/redisreply.h:15: Warning 401: Nothing known about base class 'std::runtime_error'. Ignored.
/usr/include/swss/zmqconsumerstatetable.h:16: Warning 401: Base class 'TableBase' undefined.
/usr/include/swss/table.h:35: Warning 401: 'TableBase' must be defined before it is used as a base class.
/usr/include/swss/dbinterface.h:14: Warning 401: Nothing known about base class 'std::runtime_error'. Ignored.
/usr/include/swss/dbconnector.h:60: Warning 503: Can't wrap 'operator ==' unless renamed to a valid identifier.
/usr/include/swss/dbconnector.h:84: Warning 503: Can't wrap 'operator ()' unless renamed to a valid identifier.
swsscommon.i:322: Warning 453: Can't apply (std::vector< std::string > &OUTPUT). No typemaps are defined.
swsscommon.i:323: Warning 453: Can't apply (std::vector< std::string > &OUTPUT). No typemaps are defined.
swsscommon.i:324: Warning 453: Can't apply (std::vector< std::vector< std::pair< std::string,std::string > > > &OUTPUT). No typemaps are defined.
swsscommon.i:325: Warning 453: Can't apply (std::vector< std::pair< std::string,std::string > > &OUTPUT). No typemaps are defined.
swsscommon.i:326: Warning 453: Can't apply (std::string &OUTPUT). No typemaps are defined.
swsscommon.i:338: Warning 453: Can't apply (std::vector< std::pair< std::string,std::string > > &OUTPUT). No typemaps are defined.
swsscommon.i:339: Warning 453: Can't apply (std::string &OUTPUT). No typemaps are defined.
/usr/include/swss/countertable.h:105: Warning 470: Thread/reentrant unsafe wrapping, consider returning by value instead.
swsscommon.i:411: Warning 453: Can't apply (std::string &OUTPUT). No typemaps are defined.
swsscommon.i:412: Warning 453: Can't apply (std::string &OUTPUT). No typemaps are defined.
swsscommon.i:413: Warning 453: Can't apply (std::vector< std::pair< std::string,std::string > > &OUTPUT). No typemaps are defined.
swsscommon.i:426: Warning 453: Can't apply (std::string &OUTPUT). No typemaps are defined.
swsscommon.i:427: Warning 453: Can't apply (std::string &OUTPUT). No typemaps are defined.
swsscommon.i:428: Warning 453: Can't apply (std::vector< std::pair< std::string,std::string > > &OUTPUT). No typemaps are defined.
make[3]: Leaving directory '/sonic/src/sonic-gnmi/swsscommon'
+++++ Generating PROTOBUF files for API Yang modules; +++++
pyang \
	-f proto \
	--proto-outdir build/gnoi_yang/proto \
	--plugindir /sonic/src/sonic-gnmi/tools/pyang_plugins \
	--server-rpc-outdir build/gnoi_yang/server \
	--client-rpc-outdir build/gnoi_yang/client \
	-p /sonic/src/sonic-gnmi/../sonic-mgmt-common/build/yang/common:/sonic/src/sonic-gnmi/../sonic-mgmt-common/build/yang/extensions \
	/sonic/src/sonic-gnmi/../sonic-mgmt-common/build/yang/*.yang /sonic/src/sonic-gnmi/../sonic-mgmt-common/build/yang/extensions/*.yang
/sonic/src/sonic-gnmi/../sonic-mgmt-common/build/yang/gnsi-certz.yang:34: warning: the revision statements are not given in reverse chronological order
/sonic/src/sonic-gnmi/../sonic-mgmt-common/build/yang/openconfig-if-ethernet.yang:455: warning: node "openconfig-interfaces::state" is config false and is not part of the accessible tree
writing file: build/gnoi_yang/server/openconfig_register.go
writing file: build/gnoi_yang/server/gnoiyang.go
writing file: build/gnoi_yang/client/gnoi_openconfig_client/main.go
+++++ Generation of protobuf files for API Yang modules completed +++++
touch build/gnoi_yang/proto/.proto_api_done
+++++ Generating PROTOBUF files for SONiC Yang modules; +++++
pyang \
	-f proto \
	--proto-outdir build/gnoi_yang/proto \
	--plugindir /sonic/src/sonic-gnmi/tools/pyang_plugins \
	--server-rpc-outdir build/gnoi_yang/server \
	--client-rpc-outdir build/gnoi_yang/client \
	-p /sonic/src/sonic-gnmi/../sonic-mgmt-common/build/yang/common:/sonic/src/sonic-gnmi/../sonic-mgmt-common/build/yang/sonic/common \
	/sonic/src/sonic-gnmi/../sonic-mgmt-common/build/yang/sonic/*.yang
===> processing sonic-show-techsupport ...
writing file: build/gnoi_yang/proto/sonic_show_techsupport/sonic_show_techsupport.proto
writing file: build/gnoi_yang/server/sonic_register.go
file build/gnoi_yang/server/gnoiyang.go unchanged, skipped writing...
writing file: build/gnoi_yang/client/gnoi_sonic_client/main.go
+++++ Generation of protobuf files for SONiC Yang modules completed +++++
touch build/gnoi_yang/proto/.proto_sonic_done
+++++ Compiling PROTOBUF files; +++++
# Remove the toolchain directive added by newer Go versions
sed -i '/^toolchain/d' go.mod
/usr/local/go/bin/go install github.com/gogo/protobuf/protoc-gen-gofast
go: downloading github.com/gogo/protobuf v1.3.2
PATH=/usr/local/sbin:/usr/local/bin:/usr/sbin:/usr/bin:/sbin:/bin:/usr/.cargo/bin:/tmp/go/bin:/sonic/src/sonic-gnmi/build/bin:/usr/local/go/bin:/sonic/src/sonic-gnmi/build/bin protoc -Ibuild/gnoi_yang/proto -I/usr/local/include -I/usr/include --gofast_out=plugins=grpc,Mgoogle/protobuf/struct.proto=github.com/gogo/protobuf/types:build/gnoi_yang/proto build/gnoi_yang/proto/sonic_show_techsupport/sonic_show_techsupport.proto;
+++++ PROTOBUF completion completed; +++++
touch build/gnoi_yang/proto/.gnoi_yang_done
go: downloading github.com/redis/go-redis/v9 v9.14.1
go: downloading google.golang.org/grpc v1.64.1
go: downloading github.com/openconfig/gnoi v0.3.0
go: downloading github.com/c9s/goprocinfo v0.0.0-20191125144613-4acdd056c72d
go: downloading github.com/stretchr/testify v1.9.0
go: downloading github.com/opencontainers/go-digest v1.0.0
go: downloading oras.land/oras-go/v2 v2.6.0
go: downloading github.com/google/shlex v0.0.0-20191202100458-e7afc7fbc510
go: downloading github.com/openconfig/gnsi v1.9.0
go: downloading github.com/agiledragon/gomonkey/v2 v2.8.0
go: downloading github.com/golang/mock v1.6.0
go: downloading github.com/golang/protobuf v1.5.4
go: downloading google.golang.org/protobuf v1.34.1
go: downloading github.com/go-redis/redismock/v9 v9.2.0
go: downloading google.golang.org/grpc/security/advancedtls v1.0.0
go: downloading github.com/fsnotify/fsnotify v1.4.9
go: downloading github.com/google/gnxi v0.0.0-20181220173256-89f51f0ce1e2
go: downloading github.com/dgrijalva/jwt-go v3.2.1-0.20210802184156-9742bd7fca1c+incompatible
go: downloading github.com/alicebob/miniredis/v2 v2.35.0
go: downloading gopkg.in/yaml.v2 v2.3.0
go: downloading github.com/msteinert/pam v0.0.0-20201130170657-e61372126161
go: downloading mvdan.cc/sh/v3 v3.8.0
go: downloading golang.org/x/text v0.23.0
go: downloading github.com/opencontainers/image-spec v1.1.1
go: downloading golang.org/x/net v0.38.0
go: downloading golang.org/x/crypto v0.24.0
go: downloading github.com/golang/groupcache v0.0.0-20210331224755-41bb18bfe9da
go: downloading github.com/cenkalti/backoff/v4 v4.0.0
go: downloading google.golang.org/genproto/googleapis/rpc v0.0.0-20250106144421-5f5ef82da422
go: downloading github.com/yuin/gopher-lua v1.1.1
go: downloading golang.org/x/sys v0.26.0
go: downloading github.com/bgentry/speakeasy v0.1.0
go: downloading golang.org/x/sync v0.14.0
go: downloading github.com/envoyproxy/go-control-plane v0.12.0
go: downloading github.com/cncf/xds/go v0.0.0-20240318125728-8a4994d93e50
go: downloading golang.org/x/term v0.32.0
go: downloading google.golang.org/genproto/googleapis/api v0.0.0-20240318140521-94a12d6c2237
go: downloading github.com/envoyproxy/protoc-gen-validate v1.0.4
go: downloading gopkg.in/check.v1 v1.0.0-20201130134442-10cb98267c6c
go: downloading github.com/onsi/gomega v1.25.0
go: downloading github.com/onsi/ginkgo v1.16.5
go: downloading github.com/frankban/quicktest v1.14.6
go: downloading google.golang.org/grpc/examples v0.0.0-20201112215255-90f1b3ee835b
go: downloading github.com/kr/pretty v0.3.1
go: downloading github.com/rogpeppe/go-internal v1.14.1
go: downloading github.com/kr/text v0.2.0
go: downloading github.com/nxadm/tail v1.4.8
/usr/local/go/bin/go mod vendor
/usr/local/go/bin/go mod download github.com/google/gnxi@v0.0.0-20181220173256-89f51f0ce1e2
cp -r /tmp/go/pkg/mod/github.com/google/gnxi@v0.0.0-20181220173256-89f51f0ce1e2/* vendor/github.com/google/gnxi/
sed -i 's/patch -d ${DEST_DIR}\/github.com\/golang\/glog/\#patch -d ${DEST_DIR}\/github.com\/golang\/glog/g' /sonic/src/sonic-gnmi/../sonic-mgmt-common/patches/apply.sh
/sonic/src/sonic-gnmi/../sonic-mgmt-common/patches/apply.sh vendor
+ copy github.com/openconfig/ygot v0.7.1 ygen genutil generator
+ for FILE in "${@:3}"
+ rsync -r --chmod=u+w --exclude=testdata '--exclude=*_test.go' /tmp/go/pkg/mod/github.com/openconfig/ygot@v0.7.1/ygen vendor/github.com/openconfig/ygot/
+ for FILE in "${@:3}"
+ rsync -r --chmod=u+w --exclude=testdata '--exclude=*_test.go' /tmp/go/pkg/mod/github.com/openconfig/ygot@v0.7.1/genutil vendor/github.com/openconfig/ygot/
+ for FILE in "${@:3}"
+ rsync -r --chmod=u+w --exclude=testdata '--exclude=*_test.go' /tmp/go/pkg/mod/github.com/openconfig/ygot@v0.7.1/generator vendor/github.com/openconfig/ygot/
+ copy github.com/openconfig/goyang v0.0.0-20200309174518-a00bece872fc .
+ for FILE in "${@:3}"
+ rsync -r --chmod=u+w --exclude=testdata '--exclude=*_test.go' /tmp/go/pkg/mod/github.com/openconfig/goyang@v0.0.0-20200309174518-a00bece872fc/. vendor/github.com/openconfig/goyang/
+ copy github.com/openconfig/gnmi v0.0.0-20200617225440-d2b4e6a45802 .
+ for FILE in "${@:3}"
+ rsync -r --chmod=u+w --exclude=testdata '--exclude=*_test.go' /tmp/go/pkg/mod/github.com/openconfig/gnmi@v0.0.0-20200617225440-d2b4e6a45802/. vendor/github.com/openconfig/gnmi/
+ update_modules_txt
+ local modules_file=vendor/modules.txt
+ grep -q '^github.com/openconfig/gnmi/ctree$' vendor/modules.txt
+ grep -q '^github.com/openconfig/ygot/ygen$' vendor/modules.txt
+ echo ''
+ echo '# github.com/openconfig/ygot v0.7.1'
+ echo '## explicit'
+ echo github.com/openconfig/ygot/genutil
+ echo github.com/openconfig/ygot/generator
+ echo github.com/openconfig/ygot/ygen
+ patch -d vendor/github.com/openconfig/ygot -p1
patching file generator/generator.go
patching file genutil/common.go
patching file util/debug.go
patching file util/path.go
patching file util/reflect.go
patching file ygen/codegen.go
patching file ygen/genstate.go
patching file ygen/schemaparse.go
patching file ygot/render.go
patching file ygot/struct_validation_map.go
patching file ytypes/container.go
patching file ytypes/leaf.go
patching file ytypes/list.go
patching file ytypes/node.go
patching file ytypes/string_type.go
patching file ytypes/unmarshal.go
patching file ytypes/util_types.go
patching file ytypes/validate.go
+ patch -d vendor/github.com/openconfig/goyang -p1
patching file README.md
patching file annotate.go
patching file pkg/yang/ast.go
patching file pkg/yang/entry.go
patching file pkg/yang/types.go
patching file yang.go
+ patch -d vendor/github.com/antchfx/jsonquery -p1
patching file node.go
patching file query.go
+ patch -d vendor/github.com/antchfx/xmlquery -p1
patching file node.go
patching file query.go
+ patch -d vendor/github.com/antchfx/xpath -p1
patching file build.go
patching file func.go
patching file operator.go
patching file query.go
patching file xpath.go
sed -i 's/#patch -d ${DEST_DIR}\/github.com\/golang\/glog/patch -d ${DEST_DIR}\/github.com\/golang\/glog/g' /sonic/src/sonic-gnmi/../sonic-mgmt-common/patches/apply.sh
chmod -R u+w vendor
patch -d vendor -p0 < patches/gnmi_path.patch
(Stripping trailing CRs from patch; use --binary to disable.)
patching file ./github.com/google/gnxi/utils/xpath/path.go
patch -d vendor -p0 < patches/gnmi_xpath.patch
patching file ./github.com/google/gnxi/utils/xpath/xpath.go
touch vendor/.done
Checking Go file formatting...
./testdata/tls/tls_test.go ./testdata/tls/tls.go ./show_client/interface_transceiver_cli.go ./show_client/chassis_module_cli.go ./show_client/show_common.go ./show_client/ipv6_cli.go ./show_client/show_opts.go ./show_client/clock_cli.go ./show_client/watermark_telemetry_interval.go ./show_client/system_health_cli.go ./show_client/show_paths.go ./show_client/reboot_cause_cli.go ./show_client/interface_cli.go ./sonic_data_client/transl_data_client_test.go ./sonic_data_client/transl_subscriber_test.go ./sonic_data_client/super_subscription_test.go ./sonic_data_client/json_client.go ./sonic_data_client/non_db_client.go ./sonic_data_client/db_client.go ./sonic_data_client/trie.go ./sonic_data_client/show_client_types.go ./sonic_data_client/super_subscription.go ./sonic_data_client/dummy_client_test.go ./sonic_data_client/events_client.go ./sonic_data_client/transl_subscriber.go ./sonic_data_client/virtual_db_test.go ./sonic_data_client/show_client_helpers.go ./sonic_data_client/transl_data_client.go ./sonic_data_client/client_test.go ./sonic_data_client/show_client.go ./sonic_data_client/virtual_db.go ./sonic_data_client/mixed_db_client.go ./pkg/server/operational-handler/disk_space.go ./pkg/server/operational-handler/operational_handler.go ./pkg/server/operational-handler/firmware_handler_test.go ./pkg/server/operational-handler/disk_space_test.go ./pkg/server/operational-handler/operational_handler_test.go ./pkg/server/operational-handler/doc.go ./pkg/server/operational-handler/firmware_handler.go ./pkg/exec/example_test.go ./pkg/exec/doc.go ./pkg/exec/command_test.go ./pkg/exec/command.go ./pkg/interceptors/setup_test.go ./pkg/interceptors/dpuproxy/proxy.go ./pkg/interceptors/dpuproxy/resolver_integration_test.go ./pkg/interceptors/dpuproxy/proxy_monkey_test.go ./pkg/interceptors/dpuproxy/proxy_test.go ./pkg/interceptors/dpuproxy/resolver_test.go ./pkg/interceptors/dpuproxy/metadata.go ./pkg/interceptors/dpuproxy/singleton_test.go ./pkg/interceptors/dpuproxy/resolver.go ./pkg/interceptors/dpuproxy/redis.go ./pkg/interceptors/interceptor_test.go ./pkg/interceptors/setup.go ./pkg/interceptors/interceptor.go ./pkg/gnoi/system/system_test.go ./pkg/gnoi/system/system.go ./pkg/gnoi/system/system_monkey_test.go ./pkg/gnoi/oras/oras_test.go ./pkg/gnoi/oras/oras.go ./pkg/gnoi/oras/json.go ./pkg/gnoi/debug/validate.go ./pkg/gnoi/debug/whitelist_test.go ./pkg/gnoi/debug/debug_test.go ./pkg/gnoi/debug/whitelist.go ./pkg/gnoi/debug/debug.go ./pkg/gnoi/debug/validate_test.go ./pkg/gnoi/file/coverage_boost_test.go ./pkg/gnoi/file/file.go ./pkg/gnoi/file/get_test.go ./pkg/gnoi/file/dpu_monkey_test.go ./pkg/gnoi/file/stat_test.go ./pkg/gnoi/file/file_test.go ./pkg/gnoi/file/remove_test.go ./pkg/gnoi/os/os_monkey_test.go ./pkg/gnoi/os/os.go ./pkg/gnoi/os/os_test.go ./pkg/hostfs/hostfs_test.go ./pkg/hostfs/hostfs.go ./pkg/bypass/bypass.go ./pkg/bypass/bypass_test.go ./transl_utils/ygot_diff.go ./transl_utils/ygot_diff_bench_test.go ./transl_utils/transl_utils_test.go ./transl_utils/transl_utils.go ./transl_utils/ygot_diff_test.go ./gnmi_server/cli_options_test.go ./gnmi_server/chassis_state_db_test.go ./gnmi_server/gnoi_debug.go ./gnmi_server/gnoi_file_test.go ./gnmi_server/interface_cli_test.go ./gnmi_server/gnoi_os.go ./gnmi_server/basicAuth.go ./gnmi_server/server.go ./gnmi_server/gnsi_certz.go ./gnmi_server/gnsi_certz_test.go ./gnmi_server/gnsi_authz_test.go ./gnmi_server/gnoi_os_test.go ./gnmi_server/jwtAuth.go ./gnmi_server/interface_errors_cli_test.go ./gnmi_server/gnoi_reset.go ./gnmi_server/gnoi_containerz_test.go ./gnmi_server/connection_manager.go ./gnmi_server/gnsi_authz.go ./gnmi_server/gnoi_system.go ./gnmi_server/server_test.go ./gnmi_server/db_journal_test.go ./gnmi_server/chassis_module_test.go ./gnmi_server/poll_mode_test.go ./gnmi_server/db_journal.go ./gnmi_server/jwtAuth_test.go ./gnmi_server/watermark_telemetry_interval_cli_test.go ./gnmi_server/gnsi_util_test.go ./gnmi_server/clientCertAuth.go ./gnmi_server/gnoi_reset_test.go ./gnmi_server/gnoi_file.go ./gnmi_server/gnsi_pathz.go ./gnmi_server/gnoi_containerz.go ./gnmi_server/gnoi_healthz_test.go ./gnmi_server/gnsi_credentialz_test.go ./gnmi_server/crl_test.go ./gnmi_server/mocks/mock_system_server.go ./gnmi_server/mocks/mock_system_setpackage_server.go ./gnmi_server/pamAuth.go ./gnmi_server/gnsi_credentialz.go ./gnmi_server/gnsi_pathz_test.go ./gnmi_server/system_health_cli_test.go ./gnmi_server/clear_neighbor_dummy_test.go ./gnmi_server/constants_translib_write.go ./gnmi_server/interface_transceiver_cli_test.go ./gnmi_server/cli_helpers_test.go ./gnmi_server/constants_native.go ./gnmi_server/gnsi_util.go ./gnmi_server/virtual_db_test.go ./gnmi_server/interface_fec_status_cli_test.go ./gnmi_server/debug.go ./gnmi_server/constants_translib.go ./gnmi_server/gnoi_system_test.go ./gnmi_server/gnoi.go ./gnmi_server/client_subscribe.go ./gnmi_server/ipv6_cli_test.go ./gnmi_server/gnoi_oras.go ./gnmi_server/transl_sub_test.go ./gnmi_server/reboot_cause_cli_test.go ./gnmi_server/swss_util.go ./gnmi_server/gnoi_healthz.go ./gnmi_server/multi_request_tcp_conn_test.go ./gnmi_server/constants_native_write.go ./gnmi_server/clock_cli_test.go ./test_utils/memcheck_enable.go ./test_utils/memcheck_disable.go ./test_utils/test_utils.go ./sonic_db_config/db_config.go ./sonic_db_config/db_config_test.go ./sonic_service_client/dbus_fake_client_test.go ./sonic_service_client/dbus_client_test.go ./sonic_service_client/dbus_fake_client.go ./sonic_service_client/dbus_client.go ./gnoi_client/config/flag.go ./gnoi_client/system/system_mock_test.go ./gnoi_client/system/system_test.go ./gnoi_client/system/kill_process.go ./gnoi_client/system/time.go ./gnoi_client/system/set_package.go ./gnoi_client/system/reboot.go ./gnoi_client/sonic/jwt.go ./gnoi_client/sonic/sonic.go ./gnoi_client/gnoi_client.go ./gnoi_client/containerz/deploy.go ./gnoi_client/healthz/healthz.go ./gnoi_client/file/file.go ./gnoi_client/factory_reset/factory_reset.go ./gnoi_client/utils/utils_log.go ./gnoi_client/utils/creds.go ./gnoi_client/os/os.go ./common_utils/context.go ./common_utils/notification_producer_test.go ./common_utils/notification_producer.go ./common_utils/constants.go ./common_utils/shareMem.go ./dialout/dialout_client_cli/dialout_client_cli.go ./dialout/dialout_server_cli/dialout_server_cli.go ./dialout/dialout_client/dialout_client.go ./dialout/dialout_client/dialout_client_test.go ./dialout/dialout_server/dialout_server.go ./internal/diskspace/diskspace_test.go ./internal/diskspace/diskspace.go ./internal/download/download_test.go ./internal/download/download.go ./internal/exec/command_test.go ./internal/exec/command.go ./internal/hash/hash_test.go ./internal/hash/hash.go ./internal/firmware/firmware_test.go ./internal/firmware/firmware.go ./telemetry/telemetry_test.go ./telemetry/telemetry.go ./gnmi_dump/gnmi_dump.go ./pathz_authorizer/pathz_authorizer.go ./pathz_authorizer/pathz_authorizer_test.go
mkdir -p build/bin
All files are properly formatted.
touch build/bin/.formatcheck
patch -d vendor -p0 < patches/0002-Fix-advance-tls-build-with-go-119.patch
patching file ./google.golang.org/grpc/security/advancedtls/advancedtls.go
patching file ./google.golang.org/grpc/security/advancedtls/crl.go
patch -d vendor -p0 < patches/0004-CloseWrite-event-support.patch
patching file ./github.com/fsnotify/fsnotify/fsnotify.go
patching file ./github.com/fsnotify/fsnotify/inotify.go
/usr/local/go/bin/go install -mod=vendor -tags "gnmi_native_write" github.com/sonic-net/sonic-gnmi/telemetry
# github.com/sonic-net/sonic-gnmi/sonic_data_client
cgo-gcc-prolog: In function '_cgo_780f3ce1e42c_Cfunc_Py_Finalize':
cgo-gcc-prolog:68:49: warning: unused variable '_cgo_a' [-Wunused-variable]
cgo-gcc-prolog: In function '_cgo_780f3ce1e42c_Cfunc_Py_Initialize':
cgo-gcc-prolog:80:49: warning: unused variable '_cgo_a' [-Wunused-variable]
/usr/local/go/bin/go install -mod=vendor -tags "gnmi_native_write" github.com/sonic-net/sonic-gnmi/dialout/dialout_client_cli
# github.com/sonic-net/sonic-gnmi/sonic_data_client
cgo-gcc-prolog: In function '_cgo_780f3ce1e42c_Cfunc_Py_Finalize':
cgo-gcc-prolog:68:49: warning: unused variable '_cgo_a' [-Wunused-variable]
cgo-gcc-prolog: In function '_cgo_780f3ce1e42c_Cfunc_Py_Initialize':
cgo-gcc-prolog:80:49: warning: unused variable '_cgo_a' [-Wunused-variable]
/usr/local/go/bin/go install -mod=vendor github.com/sonic-net/sonic-gnmi/gnoi_client
/usr/local/go/bin/go install -mod=vendor github.com/sonic-net/sonic-gnmi/gnmi_dump
/usr/local/go/bin/go install -mod=vendor github.com/sonic-net/sonic-gnmi/build/gnoi_yang/client/gnoi_openconfig_client
/usr/local/go/bin/go install -mod=vendor github.com/sonic-net/sonic-gnmi/build/gnoi_yang/client/gnoi_sonic_client
mkdir -p backup_crypto
cp -r vendor/golang.org/x/crypto/* backup_crypto/
/usr/local/go/bin/go mod download golang.org/x/crypto@v0.0.0-20191206172530-e9b2fee46413
go: golang.org/x/crypto@v0.0.0-20191206172530-e9b2fee46413: verifying go.mod: golang.org/x/crypto@v0.0.0-20191206172530-e9b2fee46413/go.mod: open /tmp/go/pkg/sumdb/sum.golang.org/latest: no such file or directory
make[2]: *** [Makefile:110: sonic-gnmi] Error 1
make[2]: Leaving directory '/sonic/src/sonic-gnmi'
dh_auto_build: error: make -j1 returned exit code 2
make[1]: *** [debian/rules:11: binary] Error 255
make[1]: Leaving directory '/sonic/src/sonic-gnmi'
dpkg-buildpackage: error: debian/rules binary subprocess returned exit status 2
[  FAIL LOG END  ] [ target/debs/trixie/sonic-gnmi_0.1_amd64.deb ]
make: *** [slave.mk:967: target/debs/trixie/sonic-gnmi_0.1_amd64.deb] Error 1
make: *** Waiting for unfinished jobs....
[ finished ] [ target/debs/trixie/sonic-ctrmgrd-rs_1.0.0_amd64.deb ] 
[ finished ] [ target/debs/trixie/sonic-bmp_0.1_amd64.deb ] 
[ finished ] [ target/debs/trixie/isc-dhcp-relay_4.4.3-P1-2_amd64.deb ] 
[ finished ] [ target/debs/trixie/sysmgr_1.0.0_amd64.deb ] 
/sonic/src/sonic-dash-ha /sonic
Removing patch ../sonic-dash-ha.patch/0001-build-use-relative-path-when-building-cargo-dependen.patch
Restoring Cargo.toml

No patches applied
/sonic
[ finished ] [ target/debs/trixie/dash-ha_1.0.0_amd64.deb ] 
[ finished ] [ target/debs/trixie/p4lang-bmv2_1.15.0-9_amd64.deb ] 
make[1]: *** [Makefile.work:751: target/sonic-vs.bin] Error 2
make[1]: Leaving directory '/data/sonic/sonic-dzf-time-measure'
make: *** [Makefile:50: target/sonic-vs.bin] Error 2
