ID						RECLAIMABLE	SIZE		LAST ACCESSED
zot6sb0ez51fb2rq1q3xa6zaj*              	true 		8.192kB   	34 minutes ago
pmz9to3rmmu2sowmj98snwati*              	true 	8.192kB   	34 minutes ago
xdk4lzbov10tot6461wnz6mt9*              	true 	4.096kB   	34 minutes ago
ui68og8dhb92brq6qasgd1b7g*              	true 	340kB     	35 minutes ago
8ka4y45ljs89dn5gso563r1of               	true 	17.4kB    	34 minutes ago
pfz9az9vi52xw598huta85n9m               	true 	24.86kB   	34 minutes ago
l61l6mk1d29e4hl2sun8ilcq4               	true 	24.84kB   	34 minutes ago
ujz1rr9m4f6ct3ckpzj2qctb9               	true 	29.5kB    	34 minutes ago
utcmesa84y5uzghopk3ayays1               	true 	60.43kB   	34 minutes ago
pcp3u99hht04jp7f89h6i9s1d               	true 	29.5kB    	34 minutes ago
vpa0f04ipu7n8k7w4zyutmas5               	true 	8.271kB   	34 minutes ago
d81btj1vyxva95wdui05d09ww               	true 	23.67MB   	34 minutes ago
u7ww2c8sc3hjy7z43h7nww3c3               	true 	162.2kB   	34 minutes ago
izuswup3x7p5pj3wa1z1fgl8a               	true 	36.9kB    	34 minutes ago
mlwhmrsgxtaqnewru5343bd5s               	true 	30.01kB   	34 minutes ago
u7rjbnfcs0um5i91qorr29wfx               	true 	3.712MB   	34 minutes ago
96uwq9wcaz7pdrxhg01qlgh4c               	true 	26MB      	34 minutes ago
u93999k9hwzkrwo0pi8by3mhh               	true 	238.2MB   	34 minutes ago
lduslp7nej4apwaz4ntx0o0s3               	true 	1.636GB   	34 minutes ago
f9hr338uwpehuk3qyh5griafi               	true 	9.916MB   	34 minutes ago
qxghah0b3lkfl121eunrelpgt               	true 	13.65MB   	34 minutes ago
jfdg3t2c31w1v9a2ogrbfqlxs               	true 	340.6kB   	34 minutes ago
lu9ra55s5ndre2tzoz7b7kh08               	true 	222.7kB   	34 minutes ago
l0ewtpqcw2dpw7a84z5zt76rx               	true 	12.08MB   	34 minutes ago
bd5rq8n7loku8d4apfhugky3o               	true 	111.7kB   	34 minutes ago
xbrkoqfirpjfebpnlxlammyxg               	true 	25.17kB   	34 minutes ago
ynoqntetqpide0q4ttru3lz2m               	true 	626.6MB   	34 minutes ago
8la7x3pn8lna0h5b71vsr373i               	true 	540.3kB   	34 minutes ago
lmmfzohoe6jtb6lleuooouj6r               	true 	33.08kB   	34 minutes ago
pdxlhkuoyk0hxckr18ipix1ny               	true 	33.07kB   	34 minutes ago
uurqkq2x7rdm9v50xhs0hmahl               	true 	28.97kB   	34 minutes ago
l2y5ry977nzqohbarhoivv7ji               	true 	105.8kB   	34 minutes ago
ycbis31zfj6e007wl27tem6kq               	true 	13.59MB   	34 minutes ago
cn4eshohinw6k1rqvsnjmo9oi               	true 	210.8MB   	34 minutes ago
ihfxvmeeyo5bkdha77we2yx2r               	true 	6.368MB   	34 minutes ago
k8lkte1bt66m3ct9cusx2zqpa               	true 	17.3MB    	34 minutes ago
1x296bx47qdkfh3den4ch1s6y               	true 	79.61MB   	34 minutes ago
ki0r1abs8yyq5bfd6jkd7wf2j               	true 	86.05kB   	34 minutes ago
evhwaswk9t7f7t3ma241oz001               	true 	86.05kB   	34 minutes ago
yahg7kcy87esuwoq998ji6i2t               	true 	1.037MB   	34 minutes ago
2520853an7rbkzwjcekhhju1h               	true 	590.8kB   	34 minutes ago
lguegnux2whulyjzag9gulmya               	true 	12.32kB   	34 minutes ago
ntf2byr85q1j269zwhcujgycl               	true 	2.122MB   	34 minutes ago
7vue460brwxonkxmafuh8cbmv               	true 	306.7kB   	34 minutes ago
riy7c99ouvz19i2zcfa66kqly               	true 	12.32kB   	34 minutes ago
mfp7gg3m9t4g20emvf216unba               	true 	8.398MB   	34 minutes ago
k2czf7r1twhu7hiatorj6sarz               	true 	53.49kB   	34 minutes ago
f2xknmx1zymf2me6fapksw0vn               	true 	7.289MB   	34 minutes ago
gnj1o8bljv7ta93idrca6cc7n               	true 	1.534MB   	34 minutes ago
tebkua6dqrm7sss2k4lld83z7               	true 	4.498MB   	34 minutes ago
tv6kxfiytg6n9gbvpc6q1t0do               	true 	12.32kB   	34 minutes ago
wbnfsb4wxbrsdoph9ffjvqtpc               	true 	4.903MB   	34 minutes ago
vny434x8g03n3fhdppaxzflqe               	true 	942.1kB   	34 minutes ago
bqluct1twxujws7ba5j1qaqeo               	true 	283.1kB   	34 minutes ago
kxzrbpl5znvou583ypy0rp6a6               	true 	75.08MB   	34 minutes ago
tgrj69855lnfjfqm1by3h3psx               	true 	4.124MB   	34 minutes ago
srqnqd6tgnig6r56vpydfvj1n               	true 	815.2kB   	34 minutes ago
zmf9ex007nfdhr2l44i8x7g6j               	true 	395.6MB   	34 minutes ago
2aytc94sbg69rubigscp1koig               	true 	392.5MB   	34 minutes ago
p1p1wao8quflc70z51n68535h               	true 	147.8MB   	34 minutes ago
ppvlov89fhkvc0z3xy6scpveo               	true 	33.28kB   	34 minutes ago
arjr3q3t1vfwklfgtqqp7dsnr               	true 	33.27kB   	34 minutes ago
sx2lz03abb2gwwatzuw7tbjsb               	true 	29.17kB   	34 minutes ago
nktuj1z6yxzqbmg3fqif9bw6r               	true 	59.58MB   	34 minutes ago
z4y6flcjwboqhf9bok1z897g7               	true 	446.8MB   	34 minutes ago
w9r5p3gqlgcahqvdhd7oqmtqp               	true 	9.373GB   	34 minutes ago
vecb2l4ssrcma0sa9r31ohpns               	true 	12.46kB   	34 minutes ago
6soyzd9g74d2vj3mfw8dxk2v6               	true 	101.2MB   	34 minutes ago
uz38ls655okqw960q00l4tx5n               	true 	646.7kB   	34 minutes ago
pwazkjbdqh62yfxp2n53f158s               	true 	413.7kB   	34 minutes ago
w2quluugjhjoeh890615g0ycx               	true 	20.64kB   	34 minutes ago
i6v2lxldidmglx2h7fd750lgq               	true 	389.1kB   	34 minutes ago
jw25mbsvi12820h3fav1pdq5f               	true 	20.83kB   	34 minutes ago
rqo1dg7sxx807w5bgidh929j4               	true 	29.04kB   	34 minutes ago
74bb8exnlzuge5hz9mh4dsgud               	true 	29kB      	34 minutes ago
Total:	13.95GB
