Untagged: sonic-slave-trixie-qiuying.xzc:0e69d80ab15
Deleted: sha256:047b15f9764ef653ffce35ad94b8d964d557e56e534da3627fc86ce902b767b2
Untagged: sonic-slave-trixie:ca17477b760
Deleted: sha256:19235e630f08c7573d86c42e3fb15ec1223c24f347d44ffde9f4cbc63aeb1e77
ID						RECLAIMABLE	SIZE		LAST ACCESSED
u5qi8hmgnlyw8av28aac0awsc*              	true 		8.192kB   	33 minutes ago
xcx0gf806ybdf0f7yc1twoepf*              	true 	340kB     	34 minutes ago
j4z9yjezfuq0nyl05fs26cgkg               	true 	17.4kB    	33 minutes ago
htwrc6t6z85qez0skyr20vfj8*              	true 	4.096kB   	33 minutes ago
ztf5m0gljp9u7sjbifz3szahh*              	true 	8.192kB   	33 minutes ago
mnhg5sqjg2jir57bipbcyytqw               	true 	24.86kB   	33 minutes ago
w9fseq5sjht4mm9p98jz3zr39               	true 	24.85kB   	33 minutes ago
7weavr7mlw5jyorouzq9or1vo               	true 	29.5kB    	33 minutes ago
ljq13e3igqmm5jer52sn6uo32               	true 	60.43kB   	33 minutes ago
hb6sqy7012o91fzj0n2f22x90               	true 	29.5kB    	33 minutes ago
iwsxjeeststeubcs2vcigwuq3               	true 	8.271kB   	33 minutes ago
saojr1gn22652b3yfrnmag0g8               	true 	23.67MB   	33 minutes ago
4vh29blx0quwm8nojo1uqmxeh               	true 	162.1kB   	33 minutes ago
8aytc6s194isqefzgjs2i6rev               	true 	36.9kB    	33 minutes ago
rdvjny52wvogxq09wh6h60d2e               	true 	30.01kB   	33 minutes ago
lc7lxakvv188oovh21era4rb3               	true 	3.712MB   	33 minutes ago
6m8efecew4q2h4afnb3vrz2uk               	true 	26MB      	33 minutes ago
ul2a3d3ye48txsdmtckf0cae3               	true 	238.2MB   	33 minutes ago
tyk1wygrpul25kay83ovqr8d2               	true 	1.636GB   	33 minutes ago
8pfa0m9bm4buyc1pw1tnszva9               	true 	9.916MB   	33 minutes ago
9s9v6pdypktm50zcrpk23186f               	true 	13.65MB   	33 minutes ago
snmo95kbd81a0sthtng6ycydt               	true 	328.2kB   	33 minutes ago
o4p0qq95kq7rxkcdtk331ihii               	true 	222.7kB   	33 minutes ago
iebt54f0qv3b60kw5owua9o92               	true 	12.08MB   	33 minutes ago
dlogbbagkdc535t0p07xqb6do               	true 	111.7kB   	33 minutes ago
6h0e81ul8kez858rxyjlubkwn               	true 	25.17kB   	33 minutes ago
kfn2o9qdpkzu2jn6t6rwjnysz               	true 	626.6MB   	33 minutes ago
sqs05q4maquyumvzf3gos36j1               	true 	540.3kB   	33 minutes ago
7212js004d9joj8k5de1wazqp               	true 	33.08kB   	33 minutes ago
85y9nlkpw9bc0fo97cdogqbqu               	true 	33.07kB   	33 minutes ago
7efxqrwu5g093d59azc2808nx               	true 	28.97kB   	33 minutes ago
yb3qhh2y98kak538w0zsned67               	true 	105.8kB   	33 minutes ago
mmaceu02tcsnpbth2nv0ykry4               	true 	13.59MB   	33 minutes ago
wrk0z8o3h7m74dqtasatvkfce               	true 	210.8MB   	33 minutes ago
3slyeyr2a7nuk0footlssjfff               	true 	6.368MB   	33 minutes ago
h4ff78a8izdztyk75hs7r4fhm               	true 	17.3MB    	33 minutes ago
guy61o2wo87zyrunlnpkgt1c8               	true 	79.61MB   	33 minutes ago
6lzccel1xnm4u1x1bigcu0eyo               	true 	86.05kB   	33 minutes ago
0vh1tidz7aivaqmvliatzmdj4               	true 	86.05kB   	33 minutes ago
3wrm2ytsl0gj72uk83kb6fpy9               	true 	1.037MB   	33 minutes ago
ux8k1c7j4lypoe3hr1zhh1nkj               	true 	590.8kB   	33 minutes ago
xyme76i5p8xwuiebiohkd8qs3               	true 	12.32kB   	33 minutes ago
swyqyheiwiho9nejyksqn0004               	true 	2.122MB   	33 minutes ago
3k3tim9eidze4alkhsbp42qmk               	true 	306.7kB   	33 minutes ago
nbi8ihxeo4yhhpkn7pyuvaea3               	true 	12.32kB   	33 minutes ago
l8ayojrt6u941kcruj6yyxkaw               	true 	8.398MB   	33 minutes ago
jpnhz1spdjmk7se31ejp37l5m               	true 	53.49kB   	33 minutes ago
obuk7bqysbtg64ov5mu14lcbl               	true 	7.289MB   	33 minutes ago
j8ptqulifzl5ospf18s4wq8d8               	true 	1.534MB   	33 minutes ago
dbhaifq6o3zfdt93u9zw6j5h5               	true 	4.498MB   	33 minutes ago
ijtp7cgeqkj80pvawkhq8jvr6               	true 	12.32kB   	33 minutes ago
l9ujthoaouatrp4uwlmlqifhp               	true 	4.903MB   	33 minutes ago
upmm058q1iqop7j4dfjbc2y0i               	true 	942.1kB   	33 minutes ago
ke13023fq4czg1e99wy6aqq1y               	true 	283.1kB   	33 minutes ago
lseoq5vmwgiq8jagiajy1990l               	true 	75.08MB   	33 minutes ago
bk95do1rtk9ye4jt8ngkcr2e9               	true 	4.124MB   	33 minutes ago
07ejxli7mefvmomu92b7tn9dv               	true 	815.2kB   	33 minutes ago
uqmqtq3nuio4ip3erq4godc5z               	true 	395.6MB   	33 minutes ago
0b2144xafxockhm8s5ppzo1wa               	true 	392.5MB   	33 minutes ago
nun05t9wsmq83r7b0e9hhyo4m               	true 	147.8MB   	33 minutes ago
yhxdvfhump4cebtkacg23oev9               	true 	33.28kB   	33 minutes ago
y1kyjdj93xkweo81b7tw2wiur               	true 	33.27kB   	33 minutes ago
nuibti2dx0937xg6qrp6nk6xc               	true 	29.17kB   	33 minutes ago
q66ays7zi8lpixljt64bcmeom               	true 	59.58MB   	33 minutes ago
rzgi0aldcplfegp05gqqhd2bk               	true 	446.8MB   	33 minutes ago
ltz3tu7m8v5rowr8wgqo6fr3p               	true 	9.373GB   	33 minutes ago
lvgec7mhdw3cbr8naxj02nmiw               	true 	12.46kB   	33 minutes ago
rrrxqz0zbez7p21k3tghoqg20               	true 	101.2MB   	33 minutes ago
w5o7m6h4mixy1aps5uyi5z1qm               	true 	646.7kB   	33 minutes ago
nn3zs4mmepphdla6d8k277vmv               	true 	413.8kB   	33 minutes ago
buqkry0o41oyi2ozzqqg5stxd               	true 	20.65kB   	33 minutes ago
rhdfzcfs3nb7kxnl9dg1kzpg2               	true 	389.1kB   	33 minutes ago
5nrtwrg6nhb86yredeye6pxcj               	true 	20.83kB   	33 minutes ago
vm0yzn3zt9no6d4m4r221vte3               	true 	29.04kB   	33 minutes ago
czwbpa5oz2g0wmxvkfczfjhgc               	true 	28.99kB   	33 minutes ago
Total:	13.95GB
