sudo: A terminal is required to authenticate
"SECURE_UPGRADE_PROD_SIGNING_TOOL": ""
pushd src/sonic-build-hooks; TRUSTED_GPG_URLS= make all; popd
mkdir -p sonic-slave-trixie/buildinfo
cp src/sonic-build-hooks/buildinfo/sonic-build-hooks* sonic-slave-trixie/buildinfo
/data/sonic/sonic-dzf-time-measure/src/sonic-build-hooks /data/sonic/sonic-dzf-time-measure
make[1]: Entering directory '/data/sonic/sonic-dzf-time-measure/src/sonic-build-hooks'
make[1]: Nothing to be done for 'all'.
make[1]: Leaving directory '/data/sonic/sonic-dzf-time-measure/src/sonic-build-hooks'
/data/sonic/sonic-dzf-time-measure
echo -n ""
lsmod | grep -q "^overlay " &>/dev/null || zgrep -q 'CONFIG_OVERLAY_FS=y' /proc/config.gz &>/dev/null || grep -q 'CONFIG_OVERLAY_FS=y' /boot/config-7.0.0-22-generic &>/dev/null || (echo "ERROR: Module 'overlay' not loaded. Try running 'sudo modprobe overlay'."; exit 1)
{ { echo Checking sonic-slave-base image: sonic-slave-trixie:ca17477b760; docker inspect --type image sonic-slave-trixie:ca17477b760 &> /dev/null; }; } || { [ n == y ] && { echo Image sonic-slave-trixie:ca17477b760 not found. Pulling...; docker pull sonicdev-microsoft.azurecr.io:443/sonic-slave-trixie:ca17477b760; } && { docker tag sonicdev-microsoft.azurecr.io:443/sonic-slave-trixie:ca17477b760 sonic-slave-trixie:ca17477b760 && DEFAULT_CONTAINER_REGISTRY=publicmirror.azurecr.io/ SONIC_VERSION_CACHE=rcache DBGOPT='' scripts/collect_docker_version_files.sh sonic-slave-trixie target sonic-slave-trixie:ca17477b760 sonic-slave-trixie sonic-slave-trixie/Dockerfile; } ; } || { set -o pipefail ; echo Image sonic-slave-trixie:ca17477b760 not found. Building... ; BUILD_SLAVE=y DEFAULT_CONTAINER_REGISTRY=publicmirror.azurecr.io/ SONIC_VERSION_CACHE=rcache DBGOPT='' MIRROR_SNAPSHOT=n BUILD_PUBLIC_URL=https://packages.trafficmanager.net/public BUILD_SNAPSHOT_URL=http://packages.trafficmanager.net/snapshot ENABLE_SBOM=n scripts/prepare_docker_buildinfo.sh sonic-slave-trixie sonic-slave-trixie/Dockerfile amd64 "" trixie ; docker build --no-cache -t sonic-slave-trixie:ca17477b760 --build-arg http_proxy=http://127.0.0.1:9 --build-arg https_proxy=http://127.0.0.1:9 --build-arg no_proxy=localhost,127.0.0.1,0.0.0.0 --build-arg SONIC_VERSION_CACHE=rcache --build-arg SONIC_VERSION_CONTROL_COMPONENTS=py2,py3,web,git,docker --build-arg ENABLE_SBOM=n sonic-slave-trixie 2>&1 | tee sonic-slave-trixie/sonic-slave-trixie_ca17477b760.log ; DEFAULT_CONTAINER_REGISTRY=publicmirror.azurecr.io/ SONIC_VERSION_CACHE=rcache DBGOPT='' scripts/collect_docker_version_files.sh sonic-slave-trixie target sonic-slave-trixie:ca17477b760 sonic-slave-trixie sonic-slave-trixie/Dockerfile ; }
{ { echo Checking sonic-slave-user image: sonic-slave-trixie-qiuying.xzc:0e69d80ab15; docker inspect --type image sonic-slave-trixie-qiuying.xzc:0e69d80ab15 &> /dev/null; }; } || { [ n == y ] && { echo Image sonic-slave-trixie-qiuying.xzc:0e69d80ab15 not found. Pulling...; docker pull sonicdev-microsoft.azurecr.io:443/sonic-slave-trixie-qiuying.xzc:0e69d80ab15; } && { docker tag sonicdev-microsoft.azurecr.io:443/sonic-slave-trixie-qiuying.xzc:0e69d80ab15 sonic-slave-trixie-qiuying.xzc:0e69d80ab15 && DEFAULT_CONTAINER_REGISTRY=publicmirror.azurecr.io/ SONIC_VERSION_CACHE=rcache DBGOPT='' scripts/collect_docker_version_files.sh sonic-slave-trixie target sonic-slave-trixie:ca17477b760 sonic-slave-trixie sonic-slave-trixie/Dockerfile; } ; } || { set -o pipefail ; echo Image sonic-slave-trixie-qiuying.xzc:0e69d80ab15 not found. Building... ; docker build --no-cache --build-arg user=qiuying.xzc --build-arg uid=17388989 --build-arg guid=983 --build-arg hostname=alinos-oncall215192149218.na131 --build-arg slave_base_tag_ref=ca17477b760 -t sonic-slave-trixie-qiuying.xzc:0e69d80ab15 -f sonic-slave-trixie/Dockerfile.user sonic-slave-trixie 2>&1 | tee sonic-slave-trixie/sonic-slave-trixie-qiuying.xzc_0e69d80ab15.log ; }

docker run --rm=true --privileged --init -v "/data/sonic/sonic-dzf-time-measure:/sonic"  -v "/tmp/docklock:/tmp/docklock" -w "/sonic"  -e "http_proxy=http://127.0.0.1:9" -e "https_proxy=http://127.0.0.1:9" -e "no_proxy=localhost,127.0.0.1,0.0.0.0" -i --ulimit nofile=524288:524288 -v /data/sonic/时间统计/cache/20260901-233744/make-git-mirrors:/git-mirrors:ro -v /data/sonic/时间统计/cache/20260901-233744/offline.gitconfig:/etc/sonic-offline.gitconfig:ro -v /data/sonic/时间统计/cache/20260901-233744/make-cargo-home:/cargo-home:rw -v /data/sonic/时间统计/cache/20260901-233744/make-rustup-home:/rustup-home:ro -v /data/sonic/时间统计/cache/20260901-233744/make-go-mod-cache:/tmp/go/pkg/mod:rw -v /data/sonic/时间统计/cache/20260901-233744/make-go-sumdb-cache:/tmp/go/pkg/sumdb:rw -v /data/sonic/时间统计/cache/20260901-233744/make-pip-wheelhouse:/pip-wheelhouse:ro -v /data/sonic/时间统计/cache/20260901-233744:/rootfs-cache:ro -e GIT_CONFIG_GLOBAL=/etc/sonic-offline.gitconfig -e GIT_TERMINAL_PROMPT=0 -e CARGO_HOME=/cargo-home -e CARGO_NET_OFFLINE=true -e GOMODCACHE=/tmp/go/pkg/mod -e DEB_BUILD_OPTIONS=nocheck -e PIP_NO_INDEX=1 -e PIP_FIND_LINKS=/pip-wheelhouse -e SONIC_DEBOOTSTRAP_TARBALL=/rootfs-cache/make-debootstrap-cache/baseimage-amd64-trixie.tgz -e SONIC_ROOTFS_APT_CACHE=/rootfs-cache/make-rootfs-apt-cache -e SONIC_ROOTFS_DOCKER_GPG_KEY=/rootfs-cache/make-rootfs-apt-cache/docker.asc -e SONIC_ROOTFS_PIP_WHEELHOUSE=/pip-wheelhouse -e SONIC_ROOTFS_OFFLINE=y -v /data/sonic/sonic-dzf-time-measure/fsroot.docker.trixie:/var/lib/docker -v "/var/cache/sonic/artifacts:/dpkg_cache:rw" -v "/data/sonic/时间统计/cache/20260901-233744/make-version-cache:/vcache:rw" \
	sonic-slave-trixie-qiuying.xzc:0e69d80ab15 \
	bash -c "make -f slave.mk PLATFORM=vs PLATFORM_ARCH=amd64 MULTIARCH_QEMU_ENVIRON=n TARGET_BOOTLOADER=grub CROSS_BUILD_ENVIRON=n BUILD_NUMBER= BUILD_TIMESTAMP=20260907.110756 SONIC_IMAGE_VERSION= SLAVE_TAG=0e69d80ab15 ENABLE_ZTP= INCLUDE_PDE= SHUTDOWN_BGP_ON_START= INCLUDE_KUBERNETES=n KUBERNETES_VERSION=1.22.2-00 KUBERNETES_CNI_VERSION=0.8.7-00 KUBERNETES_CRI_TOOLS_VERSION=1.26.0-00 K8s_GCR_IO_PAUSE_VERSION=3.5 INCLUDE_KUBERNETES_MASTER=n SONIC_ENABLE_PFCWD_ON_START= SONIC_ENABLE_SYNCD_RPC= SONIC_INSTALL_DEBUG_TOOLS= SONIC_SAITHRIFT_V2= MDEBUG= PASSWORD= USERNAME= CHANGE_DEFAULT_PASSWORD=n SONIC_BUILD_JOBS=8 VS_PREPARE_MEM= KERNEL_PROCURE_METHOD= SONIC_DPKG_CACHE_METHOD=none SONIC_DPKG_CACHE_SOURCE=/var/cache/sonic/artifacts SONIC_DPKG_CACHE_METHOD_OVERRIDE= GOPROXY=off HTTP_PROXY=http://127.0.0.1:9 HTTPS_PROXY=http://127.0.0.1:9 NO_PROXY=localhost,127.0.0.1,0.0.0.0 DOCKER_USERNAME=sonic DOCKER_USERTAG=latest DOCKER_LOCKDIR=/tmp/docklock DOCKER_LOCKFILE_SAVE=/tmp/docklock/docker_save.lock SONIC_CONFIG_USE_NATIVE_DOCKERD_FOR_BUILD= SONIC_CONFIG_USE_DOCKER_CACHE= SONIC_INCLUDE_SYSTEM_TELEMETRY=n SONIC_INCLUDE_SYSTEM_GNMI=y SONIC_INCLUDE_SYSTEM_BMP=y SONIC_INCLUDE_SYSTEM_EVENTD=y SONIC_INCLUDE_SYSTEM_OTEL=y INCLUDE_DHCP_RELAY=y INCLUDE_DHCP_SERVER=n INCLUDE_MACSEC=y INCLUDE_STP= INCLUDE_ICCPD=n SONIC_INCLUDE_RESTAPI=n SONIC_INCLUDE_MUX=y ENABLE_TRANSLIB_WRITE= ENABLE_NATIVE_WRITE=y ENABLE_DIALOUT= EXTRA_DOCKER_TARGETS= BUILD_LOG_TIMESTAMP= SONIC_ENABLE_IMAGE_SIGNATURE= SECURE_UPGRADE_MODE="no_sign" SECURE_UPGRADE_DEV_SIGNING_KEY= SECURE_UPGRADE_SIGNING_CERT= SECURE_UPGRADE_KERNEL_CAFILE= SECURE_UPGRADE_PROD_SIGNING_TOOL= SONIC_DEFAULT_CONTAINER_REGISTRY=publicmirror.azurecr.io/ ENABLE_HOST_SERVICE_ON_START=y SLAVE_DIR=sonic-slave-trixie ENABLE_AUTO_TECH_SUPPORT=y BUILD_MULTIASIC_KVM=n ENABLE_ASAN=n SONIC_INCLUDE_BOOTCHART=y SONIC_ENABLE_BOOTCHART=n INCLUDE_FIPS=y ENABLE_FIPS=n SONIC_SLAVE_DOCKER_DRIVER=overlay2 MIRROR_URLS= MIRROR_SECURITY_URLS= MIRROR_SNAPSHOT=n BUILD_PUBLIC_URL=https://packages.trafficmanager.net/public BUILD_SNAPSHOT_URL=http://packages.trafficmanager.net/snapshot SONIC_VERSION_CONTROL_COMPONENTS=py2,py3,web,git,docker ONIE_IMAGE_PART_SIZE= SONIC_OS_VERSION=13 PIP_HTTP_TIMEOUT=60 BUILD_PROCESS_TIMEOUT=0 BUILD_SKIP_TEST=y SONIC_PTF_ENV_PY_VER=py3 ENABLE_MULTIDB= ENABLE_VRF_STRICT= ENABLE_FRR_TCMALLOC=y ENABLE_SBOM=n ENABLE_SOURCE_ARCHIVE=n SBOM_FORMAT=both SBOM_SCAN_TOOL=syft SBOM_INCLUDE_LICENSES=y SBOM_STRICT=y SOURCE_DATE_EPOCH=1788750476 SONIC_VERSION_CACHE=rcache SONIC_VERSION_CACHE_SOURCE=/data/sonic/时间统计/cache/20260901-233744/make-version-cache target/sonic-vs.bin SONIC_BUILD_TARGET=target/sonic-vs.bin; { scripts/collect_build_version_files.sh \$?; }; "
:
Checking sonic-slave-base image: sonic-slave-trixie:ca17477b760
Checking sonic-slave-user image: sonic-slave-trixie-qiuying.xzc:0e69d80ab15
SONiC Build System

Build Configuration
"CONFIGURED_PLATFORM"             : "vs"
"CONFIGURED_ARCH"                 : "amd64"
"SONIC_CONFIG_PRINT_DEPENDENCIES" : ""
"SONIC_BUILD_JOBS"                : "8"
"SONIC_CONFIG_MAKE_JOBS"          : "192"
"USE_NATIVE_DOCKERD_FOR_BUILD"    : ""
"USE_DOCKER_CACHE"               : ""
"SONIC_CONFIG_USE_CCACHE"         : "n"
"USERNAME"                        : "admin"
"PASSWORD"                        : "YourPaSsWoRd"
"CHANGE_DEFAULT_PASSWORD"         : "n"
"SECURE_UPGRADE_MODE"             : "no_sign"
"SECURE_UPGRADE_DEV_SIGNING_KEY"  : ""
"SECURE_UPGRADE_SIGNING_CERT"     : ""
"SECURE_UPGRADE_KERNEL_CAFILE"    : ""
"SECURE_UPGRADE_PROD_SIGNING_TOOL": ""
"SECURE_UPGRADE_PROD_TOOL_ARGS"   : ""
"ONIE_IMAGE_PART_SIZE"            : ""
"SHUTDOWN_BGP_ON_START"           : ""
"ENABLE_PFCWD_ON_START"           : ""
"SONIC_BUFFER_MODEL"              : ""
"INSTALL_DEBUG_TOOLS"             : ""
"ROUTING_STACK"                   : "frr"
"FRR_USER_UID"                    : "300"
"FRR_USER_GID"                    : "300"
"ENABLE_FRR_TCMALLOC"             : "y"
"ENABLE_SYNCD_RPC"                : ""
"SAITHRIFT_V2"                    : ""
"ENABLE_ORGANIZATION_EXTENSIONS"  : "y"
"HTTP_PROXY"                      : "http://127.0.0.1:9"
"HTTPS_PROXY"                     : "http://127.0.0.1:9"
"NO_PROXY"                        : "localhost,127.0.0.1,0.0.0.0"
"ENABLE_ZTP"                      : ""
"INCLUDE_PDE"                     : ""
"SONIC_DEBUGGING_ON"              : ""
"SONIC_PROFILING_ON"              : ""
"KERNEL_PROCURE_METHOD"           : "build"
"BUILD_TIMESTAMP"                 : "20260907.110756"
"BUILD_LOG_TIMESTAMP"             : "none"
"SONIC_IMAGE_VERSION"             : "master.0-dirty-20260907.110756"
"BLDENV"                          : "trixie"
"VS_PREPARE_MEM"                  : "yes"
"INCLUDE_MGMT_FRAMEWORK"          : "y"
"INCLUDE_ICCPD"                   : "n"
"INCLUDE_STP"                     : ""
"INCLUDE_SYSTEM_TELEMETRY"        : "n"
"INCLUDE_SYSTEM_GNMI"             : "y"
"INCLUDE_SYSTEM_BMP"              : "y"
"INCLUDE_SYSTEM_OTEL"             : "y"
"INCLUDE_SYSTEM_EVENTD"           : "y"
"ENABLE_HOST_SERVICE_ON_START"    : "y"
"INCLUDE_RESTAPI"                 : "n"
"INCLUDE_SFLOW"                   : "y"
"INCLUDE_NAT"                     : "y"
"INCLUDE_DHCP_RELAY"              : "y"
"INCLUDE_DHCP_SERVER"             : "n"
"INCLUDE_P4RT"                    : "n"
"INCLUDE_VS_DASH_SAI"             : "y"
"INCLUDE_KUBERNETES"              : "n"
"INCLUDE_KUBERNETES_MASTER"       : "n"
"INCLUDE_MACSEC"                  : "y"
"INCLUDE_MUX"                     : "y"
"INCLUDE_TEAMD"                   : "y"
"INCLUDE_DASH_HA"                 : "y"
"INCLUDE_ROUTER_ADVERTISER"       : "y"
"INCLUDE_SNMP"                    : "y"
"INCLUDE_LLDP"                    : "y"
"INCLUDE_BOOTCHART                : "y"
"ENABLE_BOOTCHART                 : "n"
"INCLUDE_FIPS"                    : "y"
"ENABLE_TRANSLIB_WRITE"           : ""
"ENABLE_NATIVE_WRITE"             : "y"
"ENABLE_DIALOUT"                  : ""
"ENABLE_AUTO_TECH_SUPPORT"        : "y"
"PDDF_SUPPORT"                    : "y"
"MULTIARCH_QEMU_ENVIRON"          : "n"
"SONIC_VERSION_CONTROL_COMPONENTS": "py2,py3,web,git,docker"
"ENABLE_ASAN"                     : "n"
"DEFAULT_CONTAINER_REGISTRY"      : "publicmirror.azurecr.io/"
"BUILD_MULTIASIC_KVM"             : "n"
"CROSS_BUILD_ENVIRON"             : "n"
"INCLUDE_EXTERNAL_PATCHES"        : "n"
"PTF_ENV_PY_VER"                  : "py3"
"ENABLE_MULTIDB"                  : ""
"ENABLE_SBOM"                     : "n"
"SBOM_FORMAT"                     : "both"
"SBOM_SCAN_TOOL"                  : "syft"
"SBOM_INCLUDE_LICENSES"           : "y"
"SBOM_STRICT"                     : "y"

"SONIC_DPKG_CACHE_METHOD"         : "none"

[ building ] [ target/debs/trixie/systemd-sonic-generator_1.0.0_amd64.deb ] 
[ building ] [ target/debs/trixie/sonic-platform-vs_1.0_amd64.deb ] 
[ building ] [ target/debs/trixie/initramfs-tools_0.142_all.deb ] 
[ building ] [ target/debs/trixie/linux-headers-6.12.41+deb13-common-sonic_6.12.41-1_all.deb ] 
[ building ] [ target/debs/trixie/sonic-device-data_1.0-1_all.deb ] 
[ building ] [ target/debs/trixie/ifupdown2_3.0.0-1_all.deb ] 
[ building ] [ target/debs/trixie/makedumpfile_1.7.7-1_amd64.deb ] 
[ building ] [ target/debs/trixie/kdump-tools_1.10.7_amd64.deb ] 
[ finished ] [ target/debs/trixie/initramfs-tools_0.142_all.deb ] 
[ building ] [ target/debs/trixie/libpam-radius-auth_1.4.1-1_amd64.deb ] 
[ finished ] [ target/debs/trixie/sonic-platform-vs_1.0_amd64.deb ] 
[ building ] [ target/debs/trixie/libnss-radius_1.0.1-1_amd64.deb ] 
[ finished ] [ target/debs/trixie/libnss-radius_1.0.1-1_amd64.deb ] 
[ building ] [ target/debs/trixie/libtac2_1.4.1-1_amd64.deb ] 
[ finished ] [ target/debs/trixie/makedumpfile_1.7.7-1_amd64.deb ] 
[ finished ] [ target/debs/trixie/kdump-tools_1.10.7_amd64.deb ] 
[ finished ] [ target/debs/trixie/ifupdown2_3.0.0-1_all.deb ] 
[ building ] [ target/debs/trixie/monit_5.34.3-1_amd64.deb ] 
[ building ] [ target/debs/trixie/libnl-3-200_3.7.0-0.2+b1sonic1_amd64.deb ] 
[ building ] [ target/debs/trixie/libyang3_3.12.2-1_amd64.deb ] 
[ finished ] [ target/debs/trixie/systemd-sonic-generator_1.0.0_amd64.deb ] 
[ building ] [ target/debs/trixie/sonic-nettools_0.0.1-0_amd64.deb ] 
[ finished ] [ target/debs/trixie/libtac2_1.4.1-1_amd64.deb ] 
[ building ] [ target/python-wheels/trixie/redis_dump_load-1.1-py3-none-any.whl ] 
[ finished ] [ target/debs/trixie/sonic-nettools_0.0.1-0_amd64.deb ] 
[ building ] [ target/debs/trixie/sonic-host-services-data_1.0-1_all.deb ] 
[ finished ] [ target/debs/trixie/sonic-host-services-data_1.0-1_all.deb ] 
[ building ] [ target/debs/trixie/socat_1.7.4.1-3_amd64.deb ] 
[ finished ] [ target/python-wheels/trixie/redis_dump_load-1.1-py3-none-any.whl ] 
[ building ] [ target/debs/trixie/bash_5.2.37-2_amd64.deb ] 
[ finished ] [ target/debs/trixie/libyang3_3.12.2-1_amd64.deb ] 
[ building ] [ target/debs/trixie/libtac2_1.4.1-1_amd64.deb-install ] 
[ finished ] [ target/debs/trixie/libpam-radius-auth_1.4.1-1_amd64.deb ] 
[ building ] [ target/debs/trixie/libyang3_3.12.2-1_amd64.deb-install ] 
[ finished ] [ target/debs/trixie/libtac2_1.4.1-1_amd64.deb-install ] 
[ building ] [ target/debs/trixie/sedutil_1.15-5ad84d8_amd64.deb ] 
[ finished ] [ target/debs/trixie/sedutil_1.15-5ad84d8_amd64.deb ] 
[ building ] [ target/debs/trixie/grub2-common_2.06-13+deb13u1_amd64.deb ] 
[ finished ] [ target/debs/trixie/libyang3_3.12.2-1_amd64.deb-install ] 
[ building ] [ target/python-wheels/trixie/redis_dump_load-1.1-py3-none-any.whl-install ] 
[ finished ] [ target/python-wheels/trixie/redis_dump_load-1.1-py3-none-any.whl-install ] 
[ building ] [ target/debs/trixie/iproute2_6.15.0-1+sonic.0_amd64.deb ] 
[ finished ] [ target/debs/trixie/libnl-3-200_3.7.0-0.2+b1sonic1_amd64.deb ] 
[ building ] [ target/debs/trixie/libssl3t64_3.5.4-1+fips_amd64.deb ] 
[ finished ] [ target/debs/trixie/libssl3t64_3.5.4-1+fips_amd64.deb ] 
[ building ] [ target/debs/trixie/libssl-dev_3.5.4-1+fips_amd64.deb ] 
[ finished ] [ target/debs/trixie/libssl-dev_3.5.4-1+fips_amd64.deb ] 
[ building ] [ target/debs/trixie/openssl_3.5.4-1+fips_amd64.deb ] 
[ finished ] [ target/debs/trixie/openssl_3.5.4-1+fips_amd64.deb ] 
[ building ] [ target/debs/trixie/libk5crypto3_1.21.3-5+fips_amd64.deb ] 
[ finished ] [ target/debs/trixie/libk5crypto3_1.21.3-5+fips_amd64.deb ] 
[ building ] [ target/debs/trixie/libkrb5support0_1.21.3-5+fips_amd64.deb ] 
[ finished ] [ target/debs/trixie/libkrb5support0_1.21.3-5+fips_amd64.deb ] 
[ building ] [ target/debs/trixie/libkrb5-3_1.21.3-5+fips_amd64.deb ] 
[ finished ] [ target/debs/trixie/libkrb5-3_1.21.3-5+fips_amd64.deb ] 
[ building ] [ target/debs/trixie/libgssapi-krb5-2_1.21.3-5+fips_amd64.deb ] 
[ finished ] [ target/debs/trixie/libgssapi-krb5-2_1.21.3-5+fips_amd64.deb ] 
sudo sed -i 's/--storage-driver=vfs/--storage-driver=overlay2/' /etc/default/docker
sudo sed -i -e '/http_proxy/d' -e '/https_proxy/d' /etc/default/docker
sudo bash -c "{ echo \"export http_proxy=$http_proxy\"; \
            echo \"export https_proxy=$https_proxy\"; \
            echo \"export no_proxy=$no_proxy\"; } >> /etc/default/docker"
if [ x = x"y" ]; then \
	test -S /var/run/docker.sock && sudo docker ps &> /dev/null || ./scripts/wait_for_docker.sh 60; \
else \
	sudo service docker status &> /dev/null || ( sudo service docker start &> /dev/null && ./scripts/wait_for_docker.sh 60 ); \
fi
[ building ] [ target/debs/trixie/libnl-3-200_3.7.0-0.2+b1sonic1_amd64.deb-install ] 
[ finished ] [ target/debs/trixie/libnl-3-200_3.7.0-0.2+b1sonic1_amd64.deb-install ] 
[ building ] [ target/debs/trixie/p4lang-pi_0.1.1-1_amd64.deb ] 
[ finished ] [ target/debs/trixie/monit_5.34.3-1_amd64.deb ] 
[ building ] [ target/debs/trixie/libnexthopgroup_1.0.0_amd64.deb ] 
[ finished ] [ target/debs/trixie/socat_1.7.4.1-3_amd64.deb ] 
[ building ] [ target/debs/trixie/libdashapi_1.0.0_amd64.deb ] 
[ finished ] [ target/debs/trixie/iproute2_6.15.0-1+sonic.0_amd64.deb ] 
[ building ] [ target/debs/trixie/lldpd_1.0.16-1+deb12u1_amd64.deb ] 
[ finished ] [ target/debs/trixie/libnexthopgroup_1.0.0_amd64.deb ] 
[ finished ] [ target/debs/trixie/lldpd_1.0.16-1+deb12u1_amd64.deb ] 
[ building ] [ target/python-wheels/trixie/scapy-2.6.1.dev0-py3-none-any.whl ] 
[ finished ] [ target/python-wheels/trixie/scapy-2.6.1.dev0-py3-none-any.whl ] 
[ building ] [ target/debs/trixie/lm-sensors_3.6.0-7.1_amd64.deb ] 
[ building ] [ target/python-wheels/trixie/sonic_platform_pddf_common-1.0-py3-none-any.whl ] 
[ finished ] [ target/debs/trixie/libdashapi_1.0.0_amd64.deb ] 
[ building ] [ target/debs/trixie/hsflowd_2.0.51-26_amd64.deb ] 
[ finished ] [ target/debs/trixie/lm-sensors_3.6.0-7.1_amd64.deb ] 
[ building ] [ target/debs/trixie/sflowtool_5.04_amd64.deb ] 
[ finished ] [ target/python-wheels/trixie/sonic_platform_pddf_common-1.0-py3-none-any.whl ] 
[ building ] [ target/debs/trixie/psample_1.1-1_amd64.deb ] 
[ finished ] [ target/debs/trixie/psample_1.1-1_amd64.deb ] 
[ building ] [ target/docker-dash-engine.gz ] 
[ finished ] [ target/debs/trixie/sflowtool_5.04_amd64.deb ] 
[ finished ] [ target/debs/trixie/bash_5.2.37-2_amd64.deb ] 
[ building ] [ target/debs/trixie/isc-dhcp-relay_4.4.3-P1-2_amd64.deb ] 
[ building ] [ target/debs/trixie/rasdaemon_0.6.8-1_amd64.deb ] 
[ finished ] [ target/debs/trixie/sonic-device-data_1.0-1_all.deb ] 
[ building ] [ target/debs/trixie/libpam-tacplus_1.4.1-1_amd64.deb ] 
[ finished ] [ target/debs/trixie/libpam-tacplus_1.4.1-1_amd64.deb ] 
[ building ] [ target/debs/trixie/libtac-dev_1.4.1-1_amd64.deb ] 
[ finished ] [ target/debs/trixie/libtac-dev_1.4.1-1_amd64.deb ] 
[ building ] [ target/debs/trixie/libnl-3-dev_3.7.0-0.2+b1sonic1_amd64.deb ] 
[ finished ] [ target/debs/trixie/libnl-3-dev_3.7.0-0.2+b1sonic1_amd64.deb ] 
[ building ] [ target/debs/trixie/libnl-route-3-200_3.7.0-0.2+b1sonic1_amd64.deb ] 
[ finished ] [ target/debs/trixie/libnl-route-3-200_3.7.0-0.2+b1sonic1_amd64.deb ] 
[ building ] [ target/debs/trixie/libnl-3-dev_3.7.0-0.2+b1sonic1_amd64.deb-install ] 
[ finished ] [ target/debs/trixie/libnl-3-dev_3.7.0-0.2+b1sonic1_amd64.deb-install ] 
[ building ] [ target/debs/trixie/libnl-route-3-200_3.7.0-0.2+b1sonic1_amd64.deb-install ] 
[ finished ] [ target/debs/trixie/libnl-route-3-200_3.7.0-0.2+b1sonic1_amd64.deb-install ] 
[ building ] [ target/debs/trixie/libyang-dev_3.12.2-1_amd64.deb ] 
[ finished ] [ target/debs/trixie/libyang-dev_3.12.2-1_amd64.deb ] 
[ building ] [ target/debs/trixie/libnl-genl-3-200_3.7.0-0.2+b1sonic1_amd64.deb ] 
[ finished ] [ target/debs/trixie/libnl-genl-3-200_3.7.0-0.2+b1sonic1_amd64.deb ] 
[ building ] [ target/debs/trixie/libyang-dev_3.12.2-1_amd64.deb-install ] 
[ finished ] [ target/debs/trixie/libyang-dev_3.12.2-1_amd64.deb-install ] 
[ building ] [ target/debs/trixie/libnl-genl-3-200_3.7.0-0.2+b1sonic1_amd64.deb-install ] 
[ finished ] [ target/debs/trixie/libnl-genl-3-200_3.7.0-0.2+b1sonic1_amd64.deb-install ] 
[ building ] [ target/python-wheels/trixie/swsssdk-2.0.1-py3-none-any.whl ] 
[ finished ] [ target/debs/trixie/hsflowd_2.0.51-26_amd64.deb ] 
[ finished ] [ target/python-wheels/trixie/swsssdk-2.0.1-py3-none-any.whl ] 
[ building ] [ target/debs/trixie/libtac-dev_1.4.1-1_amd64.deb-install ] 
[ finished ] [ target/debs/trixie/libtac-dev_1.4.1-1_amd64.deb-install ] 
[ building ] [ target/python-wheels/trixie/swsssdk-2.0.1-py3-none-any.whl-install ] 
[ finished ] [ target/python-wheels/trixie/swsssdk-2.0.1-py3-none-any.whl-install ] 
[ building ] [ target/docker-base-trixie.gz ] 
[ building ] [ target/debs/trixie/libnexthopgroup-dev_1.0.0_amd64.deb ] 
[ finished ] [ target/debs/trixie/libnexthopgroup-dev_1.0.0_amd64.deb ] 
[ building ] [ target/debs/trixie/libnexthopgroup_1.0.0_amd64.deb-install ] 
[ finished ] [ target/debs/trixie/rasdaemon_0.6.8-1_amd64.deb ] 
[ building ] [ target/debs/trixie/libdashapi_1.0.0_amd64.deb-install ] 
[ finished ] [ target/debs/trixie/libnexthopgroup_1.0.0_amd64.deb-install ] 
[ building ] [ target/debs/trixie/libsensors5_3.6.0-7.1_amd64.deb ] 
[ finished ] [ target/debs/trixie/libsensors5_3.6.0-7.1_amd64.deb ] 
[ building ] [ target/debs/trixie/fancontrol_3.6.0-7.1_all.deb ] 
[ finished ] [ target/debs/trixie/fancontrol_3.6.0-7.1_all.deb ] 
[ building ] [ target/debs/trixie/sensord_3.6.0-7.1_amd64.deb ] 
[ finished ] [ target/debs/trixie/sensord_3.6.0-7.1_amd64.deb ] 
[ building ] [ target/debs/trixie/libnss-tacplus_1.0.4-1_amd64.deb ] 
[ finished ] [ target/debs/trixie/libdashapi_1.0.0_amd64.deb-install ] 
[ building ] [ target/debs/trixie/libnl-route-3-dev_3.7.0-0.2+b1sonic1_amd64.deb ] 
[ finished ] [ target/debs/trixie/libnl-route-3-dev_3.7.0-0.2+b1sonic1_amd64.deb ] 
[ building ] [ target/debs/trixie/python3-libyang_3.1.0-1_amd64.deb ] 
[ finished ] [ target/debs/trixie/python3-libyang_3.1.0-1_amd64.deb ] 
[ finished ] [ target/debs/trixie/p4lang-pi_0.1.1-1_amd64.deb ] 
[ building ] [ target/debs/trixie/libnl-genl-3-dev_3.7.0-0.2+b1sonic1_amd64.deb ] 
[ finished ] [ target/docker-dash-engine.gz ] 
[ FAIL LOG START ] [ target/docker-dash-engine.gz ]
Build start time: Mon Sep 7 03:10:44 UTC 2026
[ REASON ] :      target/docker-dash-engine.gz does not exist   NON-EXISTENT PREREQUISITES: docker-start 
[ FLAGS  FILE    ] : [] 
[ FLAGS  DEPENDS ] : [] 
[ FLAGS  DIFF    ] : [] 
cat: 'files/build/versions/dockers/docker-dash-engine/versions-*-noble-amd64': No such file or directory
ls: cannot access 'files/build/versions/dockers/docker-dash-engine/versions-*-noble-amd64': No such file or directory
fatal: path 'files/build/versions/default/versions-docker' exists on disk, but not in 'HEAD'
ls: cannot access 'files/build/versions/dockers/docker-dash-engine/versions-*-noble-amd64': No such file or directory
fatal: path 'files/build/versions/default/versions-docker' exists on disk, but not in 'HEAD~1'
ls: cannot access 'files/build/versions/dockers/docker-dash-engine/versions-*-noble-amd64': No such file or directory
fatal: path 'files/build/versions/default/versions-docker' exists on disk, but not in 'HEAD~2'
Client: Docker Engine - Community
 Version:    28.5.2
 Context:    default
 Debug Mode: false
 Plugins:
  buildx: Docker Buildx (Docker Inc.)
    Version:  v0.26.1
    Path:     /usr/libexec/docker/cli-plugins/docker-buildx
  compose: Docker Compose (Docker Inc.)
    Version:  v2.39.1
    Path:     /usr/libexec/docker/cli-plugins/docker-compose

Server:
 Containers: 0
  Running: 0
  Paused: 0
  Stopped: 0
 Images: 1258
 Server Version: 28.5.2
 Storage Driver: overlay2
  Backing Filesystem: extfs
  Supports d_type: true
  Using metacopy: false
  Native Overlay Diff: true
  userxattr: false
 Logging Driver: json-file
 Cgroup Driver: cgroupfs
 Cgroup Version: 2
 Plugins:
  Volume: local
  Network: bridge host ipvlan macvlan null overlay
  Log: awslogs fluentd gcplogs gelf journald json-file local splunk syslog
 CDI spec directories:
  /etc/cdi
  /var/run/cdi
 Swarm: inactive
 Runtimes: runc io.containerd.runc.v2
 Default Runtime: runc
 Init Binary: docker-init
 containerd version: b98a3aace656320842a23f4a392a33f46af97866
 runc version: v1.3.3-0-gd842d771
 init version: de40ad0
 Security Options:
  seccomp
   Profile: builtin
  cgroupns
 Kernel Version: 7.0.0-22-generic
 Operating System: Debian GNU/Linux 13 (trixie)
 OSType: linux
 Architecture: x86_64
 CPUs: 192
 Total Memory: 743GiB
 Name: 8ff5fa9948bd
 ID: 9050de27-efa9-406a-855d-9324d28b5135
 Docker Root Dir: /var/lib/docker
 Debug Mode: false
 HTTP Proxy: http://127.0.0.1:9
 HTTPS Proxy: http://127.0.0.1:9
 No Proxy: localhost,127.0.0.1,0.0.0.0
 Experimental: true
 Insecure Registries:
  ::1/128
  127.0.0.0/8
 Live Restore Enabled: false

#0 building with "default" instance using docker driver

#1 [internal] load build definition from Dockerfile
#1 transferring dockerfile: 1.52kB done
#1 DONE 0.0s

#2 [internal] load metadata for publicmirror.azurecr.io/p4lang/behavioral-model:latest
#2 DONE 0.0s

#3 [internal] load .dockerignore
#3 transferring context: 2B done
#3 DONE 0.0s

#4 [base  1/12] FROM publicmirror.azurecr.io/p4lang/behavioral-model:latest
#4 CACHED

#5 [internal] load build context
#5 transferring context: 131.02MB 0.4s done
#5 DONE 0.4s

#6 [base  2/12] COPY [buildinfo, /usr/local/share/buildinfo]
#6 DONE 2.0s

#7 [base  3/12] COPY vcache/ /sonic/target/vcache/docker-dash-engine
#7 DONE 0.5s

#8 [base  4/12] RUN dpkg -i /usr/local/share/buildinfo/sonic-build-hooks_1.0_all.deb
#8 0.131 Selecting previously unselected package sonic-build-hooks.
#8 0.141 (Reading database ... 38345 files and directories currently installed.)
#8 0.142 Preparing to unpack .../sonic-build-hooks_1.0_all.deb ...
#8 0.144 Unpacking sonic-build-hooks (1.0) ...
#8 0.157 Setting up sonic-build-hooks (1.0) ...
#8 DONE 0.2s

#9 [base  5/12] RUN pre_run_buildinfo docker-dash-engine
#9 2.878 ./
#9 2.878 ./apt-lists/
#9 2.878 ./apt-lists/archive.ubuntu.com_ubuntu_dists_noble-backports_InRelease
#9 2.879 ./apt-lists/archive.ubuntu.com_ubuntu_dists_noble-updates_main_binary-amd64_Packages.lz4
#9 2.913 ./apt-lists/archive.ubuntu.com_ubuntu_dists_noble_universe_binary-amd64_Packages.lz4
#9 3.311 ./apt-lists/archive.ubuntu.com_ubuntu_dists_noble-updates_restricted_binary-amd64_Packages.lz4
#9 3.353 ./apt-lists/security.ubuntu.com_ubuntu_dists_noble-security_multiverse_binary-amd64_Packages.lz4
#9 3.355 ./apt-lists/archive.ubuntu.com_ubuntu_dists_noble_main_binary-amd64_Packages.lz4
#9 3.397 ./apt-lists/archive.ubuntu.com_ubuntu_dists_noble_InRelease
#9 3.399 ./apt-lists/archive.ubuntu.com_ubuntu_dists_noble-updates_multiverse_binary-amd64_Packages.lz4
#9 3.400 ./apt-lists/archive.ubuntu.com_ubuntu_dists_noble-backports_main_binary-amd64_Packages.lz4
#9 3.401 ./apt-lists/archive.ubuntu.com_ubuntu_dists_noble-backports_multiverse_binary-amd64_Packages.lz4
#9 3.401 ./apt-lists/auxfiles/
#9 3.401 ./apt-lists/security.ubuntu.com_ubuntu_dists_noble-security_InRelease
#9 3.403 ./apt-lists/security.ubuntu.com_ubuntu_dists_noble-security_main_binary-amd64_Packages.lz4
#9 3.433 ./apt-lists/archive.ubuntu.com_ubuntu_dists_noble_restricted_binary-amd64_Packages.lz4
#9 3.437 ./apt-lists/archive.ubuntu.com_ubuntu_dists_noble-updates_universe_binary-amd64_Packages.lz4
#9 3.484 ./apt-lists/security.ubuntu.com_ubuntu_dists_noble-security_universe_binary-amd64_Packages.lz4
#9 3.516 ./apt-lists/security.ubuntu.com_ubuntu_dists_noble-security_restricted_binary-amd64_Packages.lz4
#9 3.557 ./apt-lists/archive.ubuntu.com_ubuntu_dists_noble_multiverse_binary-amd64_Packages.lz4
#9 3.564 ./apt-lists/archive.ubuntu.com_ubuntu_dists_noble-backports_universe_binary-amd64_Packages.lz4
#9 3.565 ./apt-lists/archive.ubuntu.com_ubuntu_dists_noble-updates_InRelease
#9 3.566 ./pip/
#9 3.566 ./deb/
#9 3.573 restored_deb_count=0
#9 DONE 4.3s

#10 [base  6/12] RUN sed -i 's|http://.*.ubuntu.com|http://azure.archive.ubuntu.com|g' /etc/apt/sources.list
#10 DONE 0.3s

#11 [base  7/12] RUN apt-get update
#11 0.261 Ign:1 http://archive.ubuntu.com/ubuntu noble InRelease
#11 0.262 Ign:2 http://archive.ubuntu.com/ubuntu noble-updates InRelease
#11 0.262 Ign:3 http://archive.ubuntu.com/ubuntu noble-backports InRelease
#11 0.262 Ign:4 http://security.ubuntu.com/ubuntu noble-security InRelease
#11 1.262 Ign:4 http://security.ubuntu.com/ubuntu noble-security InRelease
#11 1.263 Ign:1 http://archive.ubuntu.com/ubuntu noble InRelease
#11 1.263 Ign:2 http://archive.ubuntu.com/ubuntu noble-updates InRelease
#11 1.263 Ign:3 http://archive.ubuntu.com/ubuntu noble-backports InRelease
#11 3.264 Ign:4 http://security.ubuntu.com/ubuntu noble-security InRelease
#11 3.264 Ign:1 http://archive.ubuntu.com/ubuntu noble InRelease
#11 3.264 Ign:2 http://archive.ubuntu.com/ubuntu noble-updates InRelease
#11 3.264 Ign:3 http://archive.ubuntu.com/ubuntu noble-backports InRelease
#11 7.264 Err:1 http://archive.ubuntu.com/ubuntu noble InRelease
#11 7.264   Could not connect to 127.0.0.1:9 (127.0.0.1). - connect (111: Connection refused)
#11 7.264 Err:4 http://security.ubuntu.com/ubuntu noble-security InRelease
#11 7.264   Could not connect to 127.0.0.1:9 (127.0.0.1). - connect (111: Connection refused)
#11 7.264 Err:2 http://archive.ubuntu.com/ubuntu noble-updates InRelease
#11 7.264   Unable to connect to 127.0.0.1:9:
#11 7.264 Err:3 http://archive.ubuntu.com/ubuntu noble-backports InRelease
#11 7.264   Unable to connect to 127.0.0.1:9:
#11 7.268 Reading package lists...
#11 7.947 W: Failed to fetch http://archive.ubuntu.com/ubuntu/dists/noble/InRelease  Could not connect to 127.0.0.1:9 (127.0.0.1). - connect (111: Connection refused)
#11 7.947 W: Failed to fetch http://archive.ubuntu.com/ubuntu/dists/noble-updates/InRelease  Unable to connect to 127.0.0.1:9:
#11 7.947 W: Failed to fetch http://archive.ubuntu.com/ubuntu/dists/noble-backports/InRelease  Unable to connect to 127.0.0.1:9:
#11 7.947 W: Failed to fetch http://security.ubuntu.com/ubuntu/dists/noble-security/InRelease  Could not connect to 127.0.0.1:9 (127.0.0.1). - connect (111: Connection refused)
#11 7.947 W: Some index files failed to download. They have been ignored, or old ones used instead.
#11 DONE 23.0s

#12 [base  8/12] RUN apt-get install -f -y net-tools supervisor rsyslog  python3-pip
#12 0.155 Reading package lists...
#12 0.170 Building dependency tree...
#12 0.322 Reading state information...
#12 0.537 The following additional packages will be installed:
#12 0.537   bsdutils ca-certificates cron cron-daemon-common dbus dbus-bin dbus-daemon
#12 0.537   dbus-session-bus-common dbus-system-bus-common dmsetup
#12 0.538   gir1.2-girepository-2.0 gir1.2-glib-2.0 javascript-common libapparmor1
#12 0.538   libargon2-1 libblkid1 libcryptsetup12 libdevmapper1.02.1 libestr0
#12 0.538   libexpat1-dev libfastjson4 libfdisk1 libgirepository-1.0-1 libglib2.0-0t64
#12 0.538   libglib2.0-data libjs-jquery libjs-sphinxdoc libjs-underscore libjson-c5
#12 0.538   libkmod2 libmount1 libpopt0 libpython3-dev libpython3.12-dev
#12 0.538   libpython3.12-minimal libpython3.12-stdlib libpython3.12t64 libsmartcols1
#12 0.538   libssl-dev libssl3t64 libsystemd-shared libsystemd0 libudev1 libuuid1
#12 0.538   logrotate mount networkd-dispatcher openssl python3-dbus python3-dev
#12 0.538   python3-gi python3-pkg-resources python3-setuptools python3-wheel python3.12
#12 0.538   python3.12-dev python3.12-minimal shared-mime-info systemd systemd-dev
#12 0.539   systemd-resolved systemd-timesyncd ucf util-linux xdg-user-dirs zlib1g
#12 0.539   zlib1g-dev
#12 0.539 Suggested packages:
#12 0.539   anacron checksecurity supercat default-mta | mail-transport-agent
#12 0.539   default-dbus-session-bus | dbus-session-bus apache2 | lighttpd | httpd
#12 0.539   low-memory-monitor cryptsetup-bin libssl-doc bsd-mailx | mailx nfs-common iw
#12 0.539   | wireless-tools python-dbus-doc python-setuptools-doc python3.12-venv
#12 0.539   python3.12-doc binfmt-support rsyslog-mysql | rsyslog-pgsql rsyslog-mongodb
#12 0.539   rsyslog-doc rsyslog-openssl | rsyslog-gnutls rsyslog-gssapi rsyslog-relp
#12 0.539   apparmor supervisor-doc systemd-container systemd-homed systemd-userdbd
#12 0.539   systemd-boot libfido2-1 libip4tc2 libqrencode4 libtss2-esys-3.0.2-0
#12 0.539   libtss2-mu-4.0.1-0 libtss2-rc0 libtss2-tcti-device0 polkitd dosfstools kbd
#12 0.539   util-linux-extra util-linux-locales
#12 0.539 Recommended packages:
#12 0.539   bsdextrautils uuid-runtime
#12 0.650 The following NEW packages will be installed:
#12 0.650   ca-certificates cron cron-daemon-common dbus dbus-bin dbus-daemon
#12 0.650   dbus-session-bus-common dbus-system-bus-common dmsetup
#12 0.651   gir1.2-girepository-2.0 gir1.2-glib-2.0 javascript-common libapparmor1
#12 0.651   libargon2-1 libcryptsetup12 libdevmapper1.02.1 libestr0 libexpat1-dev
#12 0.651   libfastjson4 libfdisk1 libgirepository-1.0-1 libglib2.0-0t64 libglib2.0-data
#12 0.651   libjs-jquery libjs-sphinxdoc libjs-underscore libjson-c5 libkmod2 libpopt0
#12 0.651   libpython3-dev libpython3.12-dev libpython3.12t64 libsystemd-shared
#12 0.651   logrotate net-tools networkd-dispatcher openssl python3-dbus python3-dev
#12 0.651   python3-gi python3-pip python3-pkg-resources python3-setuptools
#12 0.652   python3-wheel python3.12-dev rsyslog shared-mime-info supervisor systemd
#12 0.652   systemd-dev systemd-resolved systemd-timesyncd ucf xdg-user-dirs zlib1g-dev
#12 0.652 The following packages will be upgraded:
#12 0.653   bsdutils libblkid1 libmount1 libpython3.12-minimal libpython3.12-stdlib
#12 0.653   libsmartcols1 libssl-dev libssl3t64 libsystemd0 libudev1 libuuid1 mount
#12 0.653   python3.12 python3.12-minimal util-linux zlib1g
#12 0.668 16 upgraded, 55 newly installed, 0 to remove and 17 not upgraded.
#12 0.668 Need to get 37.0 MB of archives.
#12 0.668 After this operation, 93.9 MB of additional disk space will be used.
#12 0.668 Ign:1 http://archive.ubuntu.com/ubuntu noble-updates/main amd64 bsdutils amd64 1:2.39.3-9ubuntu6.6
#12 0.668 Ign:2 http://archive.ubuntu.com/ubuntu noble-updates/main amd64 util-linux amd64 2.39.3-9ubuntu6.6
#12 0.668 Ign:3 http://archive.ubuntu.com/ubuntu noble-updates/main amd64 mount amd64 2.39.3-9ubuntu6.6
#12 0.668 Ign:4 http://archive.ubuntu.com/ubuntu noble-updates/main amd64 libssl-dev amd64 3.0.13-0ubuntu3.15
#12 0.668 Ign:5 http://archive.ubuntu.com/ubuntu noble-updates/main amd64 libssl3t64 amd64 3.0.13-0ubuntu3.15
#12 0.668 Ign:6 http://archive.ubuntu.com/ubuntu noble-updates/main amd64 python3.12 amd64 3.12.3-1ubuntu0.16
#12 0.668 Ign:7 http://archive.ubuntu.com/ubuntu noble-updates/main amd64 libpython3.12-stdlib amd64 3.12.3-1ubuntu0.16
#12 0.668 Ign:8 http://archive.ubuntu.com/ubuntu noble-updates/main amd64 python3.12-minimal amd64 3.12.3-1ubuntu0.16
#12 0.668 Ign:9 http://archive.ubuntu.com/ubuntu noble-updates/main amd64 libpython3.12-minimal amd64 3.12.3-1ubuntu0.16
#12 0.668 Ign:10 http://archive.ubuntu.com/ubuntu noble-updates/main amd64 zlib1g amd64 1:1.3.dfsg-3.1ubuntu2.2
#12 0.668 Ign:11 http://archive.ubuntu.com/ubuntu noble-updates/main amd64 libapparmor1 amd64 4.0.1really4.0.1-0ubuntu0.24.04.7
#12 0.668 Ign:12 http://archive.ubuntu.com/ubuntu noble/main amd64 libargon2-1 amd64 0~20190702+dfsg-4build1
#12 0.668 Ign:13 http://archive.ubuntu.com/ubuntu noble-updates/main amd64 libblkid1 amd64 2.39.3-9ubuntu6.6
#12 0.668 Ign:14 http://archive.ubuntu.com/ubuntu noble-updates/main amd64 libudev1 amd64 255.4-1ubuntu8.17
#12 0.668 Ign:15 http://archive.ubuntu.com/ubuntu noble-updates/main amd64 libdevmapper1.02.1 amd64 2:1.02.185-3ubuntu3.2
#12 0.668 Ign:16 http://archive.ubuntu.com/ubuntu noble/main amd64 libjson-c5 amd64 0.17-1build1
#12 0.668 Ign:17 http://archive.ubuntu.com/ubuntu noble-updates/main amd64 libuuid1 amd64 2.39.3-9ubuntu6.6
#12 0.668 Ign:18 http://archive.ubuntu.com/ubuntu noble-updates/main amd64 libcryptsetup12 amd64 2:2.7.0-1ubuntu4.2
#12 0.668 Ign:19 http://archive.ubuntu.com/ubuntu noble-updates/main amd64 libfdisk1 amd64 2.39.3-9ubuntu6.6
#12 0.668 Ign:20 http://archive.ubuntu.com/ubuntu noble-updates/main amd64 libkmod2 amd64 31+20240202-2ubuntu7.2
#12 0.668 Ign:21 http://archive.ubuntu.com/ubuntu noble-updates/main amd64 libmount1 amd64 2.39.3-9ubuntu6.6
#12 0.668 Ign:22 http://archive.ubuntu.com/ubuntu noble-updates/main amd64 libsystemd-shared amd64 255.4-1ubuntu8.17
#12 0.668 Ign:23 http://archive.ubuntu.com/ubuntu noble-updates/main amd64 libsystemd0 amd64 255.4-1ubuntu8.17
#12 0.668 Ign:24 http://archive.ubuntu.com/ubuntu noble-updates/main amd64 systemd-dev all 255.4-1ubuntu8.17
#12 0.668 Ign:25 http://archive.ubuntu.com/ubuntu noble-updates/main amd64 systemd amd64 255.4-1ubuntu8.17
#12 0.668 Ign:26 http://archive.ubuntu.com/ubuntu noble/main amd64 cron-daemon-common all 3.0pl1-184ubuntu2
#12 0.668 Ign:27 http://archive.ubuntu.com/ubuntu noble/main amd64 cron amd64 3.0pl1-184ubuntu2
#12 0.668 Ign:28 http://archive.ubuntu.com/ubuntu noble-updates/main amd64 python3-pkg-resources all 68.1.2-2ubuntu1.2
#12 0.668 Ign:29 http://archive.ubuntu.com/ubuntu noble-updates/universe amd64 supervisor all 4.2.5-1ubuntu0.1
#12 0.669 Ign:30 http://archive.ubuntu.com/ubuntu noble-updates/main amd64 libsmartcols1 amd64 2.39.3-9ubuntu6.6
#12 0.669 Ign:31 http://archive.ubuntu.com/ubuntu noble-updates/main amd64 openssl amd64 3.0.13-0ubuntu3.15
#12 0.669 Ign:32 http://archive.ubuntu.com/ubuntu noble-updates/main amd64 ca-certificates all 20260601~24.04.1
#12 0.669 Ign:33 http://archive.ubuntu.com/ubuntu noble-updates/main amd64 dbus-bin amd64 1.14.10-4ubuntu4.1
#12 0.669 Ign:34 http://archive.ubuntu.com/ubuntu noble-updates/main amd64 dbus-session-bus-common all 1.14.10-4ubuntu4.1
#12 0.669 Ign:35 http://archive.ubuntu.com/ubuntu noble-updates/main amd64 dbus-daemon amd64 1.14.10-4ubuntu4.1
#12 0.669 Ign:36 http://archive.ubuntu.com/ubuntu noble-updates/main amd64 dbus-system-bus-common all 1.14.10-4ubuntu4.1
#12 0.669 Ign:37 http://archive.ubuntu.com/ubuntu noble-updates/main amd64 dbus amd64 1.14.10-4ubuntu4.1
#12 0.669 Ign:38 http://archive.ubuntu.com/ubuntu noble-updates/main amd64 dmsetup amd64 2:1.02.185-3ubuntu3.2
#12 0.669 Ign:39 http://archive.ubuntu.com/ubuntu noble-updates/main amd64 libglib2.0-0t64 amd64 2.80.0-6ubuntu3.8
#12 0.669 Ign:40 http://archive.ubuntu.com/ubuntu noble-updates/main amd64 gir1.2-glib-2.0 amd64 2.80.0-6ubuntu3.8
#12 0.669 Ign:41 http://archive.ubuntu.com/ubuntu noble/main amd64 libgirepository-1.0-1 amd64 1.80.1-1
#12 0.669 Ign:42 http://archive.ubuntu.com/ubuntu noble/main amd64 gir1.2-girepository-2.0 amd64 1.80.1-1
#12 0.669 Ign:43 http://archive.ubuntu.com/ubuntu noble/main amd64 libestr0 amd64 0.1.11-1build1
#12 0.669 Ign:44 http://archive.ubuntu.com/ubuntu noble/main amd64 libfastjson4 amd64 1.2304.0-1build1
#12 0.669 Ign:45 http://archive.ubuntu.com/ubuntu noble-updates/main amd64 libglib2.0-data all 2.80.0-6ubuntu3.8
#12 0.669 Ign:46 http://archive.ubuntu.com/ubuntu noble/main amd64 libpopt0 amd64 1.19+dfsg-1build1
#12 0.669 Ign:47 http://archive.ubuntu.com/ubuntu noble/main amd64 logrotate amd64 3.21.0-2build1
#12 0.669 Ign:48 http://archive.ubuntu.com/ubuntu noble/main amd64 python3-dbus amd64 1.3.2-5build3
#12 0.669 Ign:49 http://archive.ubuntu.com/ubuntu noble/main amd64 python3-gi amd64 3.48.2-1
#12 0.669 Ign:50 http://archive.ubuntu.com/ubuntu noble/main amd64 networkd-dispatcher all 2.2.4-1
#12 0.669 Ign:51 http://archive.ubuntu.com/ubuntu noble/main amd64 ucf all 3.0043+nmu1
#12 0.669 Ign:52 http://archive.ubuntu.com/ubuntu noble-updates/main amd64 rsyslog amd64 8.2312.0-3ubuntu9.3
#12 0.669 Ign:53 http://archive.ubuntu.com/ubuntu noble/main amd64 shared-mime-info amd64 2.4-4
#12 0.669 Ign:54 http://archive.ubuntu.com/ubuntu noble-updates/main amd64 systemd-resolved amd64 255.4-1ubuntu8.17
#12 0.669 Ign:55 http://archive.ubuntu.com/ubuntu noble-updates/main amd64 systemd-timesyncd amd64 255.4-1ubuntu8.17
#12 0.669 Ign:56 http://archive.ubuntu.com/ubuntu noble/main amd64 xdg-user-dirs amd64 0.18-1build1
#12 0.669 Ign:57 http://archive.ubuntu.com/ubuntu noble/main amd64 javascript-common all 11+nmu1
#12 0.669 Ign:58 http://archive.ubuntu.com/ubuntu noble-updates/main amd64 libexpat1-dev amd64 2.6.1-2ubuntu0.4
#12 0.669 Ign:59 http://archive.ubuntu.com/ubuntu noble/main amd64 libjs-jquery all 3.6.1+dfsg+~3.5.14-1
#12 0.669 Ign:60 http://archive.ubuntu.com/ubuntu noble/main amd64 libjs-underscore all 1.13.4~dfsg+~1.11.4-3
#12 0.669 Ign:61 http://archive.ubuntu.com/ubuntu noble/main amd64 libjs-sphinxdoc all 7.2.6-6
#12 0.669 Ign:62 http://archive.ubuntu.com/ubuntu noble-updates/main amd64 libpython3.12t64 amd64 3.12.3-1ubuntu0.16
#12 0.669 Ign:63 http://archive.ubuntu.com/ubuntu noble-updates/main amd64 zlib1g-dev amd64 1:1.3.dfsg-3.1ubuntu2.2
#12 0.669 Ign:64 http://archive.ubuntu.com/ubuntu noble-updates/main amd64 libpython3.12-dev amd64 3.12.3-1ubuntu0.16
#12 0.669 Ign:65 http://archive.ubuntu.com/ubuntu noble-updates/main amd64 libpython3-dev amd64 3.12.3-0ubuntu2.1
#12 0.669 Ign:66 http://archive.ubuntu.com/ubuntu noble-updates/main amd64 net-tools amd64 2.10-0.1ubuntu4.4
#12 0.669 Ign:67 http://archive.ubuntu.com/ubuntu noble-updates/main amd64 python3.12-dev amd64 3.12.3-1ubuntu0.16
#12 0.669 Ign:68 http://archive.ubuntu.com/ubuntu noble-updates/main amd64 python3-dev amd64 3.12.3-0ubuntu2.1
#12 0.669 Ign:69 http://archive.ubuntu.com/ubuntu noble-updates/main amd64 python3-setuptools all 68.1.2-2ubuntu1.2
#12 0.669 Ign:70 http://archive.ubuntu.com/ubuntu noble/universe amd64 python3-wheel all 0.42.0-2
#12 0.669 Ign:71 http://archive.ubuntu.com/ubuntu noble-updates/universe amd64 python3-pip all 24.0+dfsg-1ubuntu1.3
#12 1.669 Ign:1 http://archive.ubuntu.com/ubuntu noble-updates/main amd64 bsdutils amd64 1:2.39.3-9ubuntu6.6
#12 1.669 Ign:2 http://archive.ubuntu.com/ubuntu noble-updates/main amd64 util-linux amd64 2.39.3-9ubuntu6.6
#12 1.669 Ign:3 http://archive.ubuntu.com/ubuntu noble-updates/main amd64 mount amd64 2.39.3-9ubuntu6.6
#12 1.669 Ign:4 http://archive.ubuntu.com/ubuntu noble-updates/main amd64 libssl-dev amd64 3.0.13-0ubuntu3.15
#12 1.669 Ign:5 http://archive.ubuntu.com/ubuntu noble-updates/main amd64 libssl3t64 amd64 3.0.13-0ubuntu3.15
#12 1.669 Ign:6 http://archive.ubuntu.com/ubuntu noble-updates/main amd64 python3.12 amd64 3.12.3-1ubuntu0.16
#12 1.669 Ign:7 http://archive.ubuntu.com/ubuntu noble-updates/main amd64 libpython3.12-stdlib amd64 3.12.3-1ubuntu0.16
#12 1.669 Ign:8 http://archive.ubuntu.com/ubuntu noble-updates/main amd64 python3.12-minimal amd64 3.12.3-1ubuntu0.16
#12 1.669 Ign:9 http://archive.ubuntu.com/ubuntu noble-updates/main amd64 libpython3.12-minimal amd64 3.12.3-1ubuntu0.16
#12 1.669 Ign:10 http://archive.ubuntu.com/ubuntu noble-updates/main amd64 zlib1g amd64 1:1.3.dfsg-3.1ubuntu2.2
#12 1.669 Ign:11 http://archive.ubuntu.com/ubuntu noble-updates/main amd64 libapparmor1 amd64 4.0.1really4.0.1-0ubuntu0.24.04.7
#12 1.669 Ign:12 http://archive.ubuntu.com/ubuntu noble/main amd64 libargon2-1 amd64 0~20190702+dfsg-4build1
#12 1.669 Ign:13 http://archive.ubuntu.com/ubuntu noble-updates/main amd64 libblkid1 amd64 2.39.3-9ubuntu6.6
#12 1.669 Ign:14 http://archive.ubuntu.com/ubuntu noble-updates/main amd64 libudev1 amd64 255.4-1ubuntu8.17
#12 1.669 Ign:15 http://archive.ubuntu.com/ubuntu noble-updates/main amd64 libdevmapper1.02.1 amd64 2:1.02.185-3ubuntu3.2
#12 1.669 Ign:16 http://archive.ubuntu.com/ubuntu noble/main amd64 libjson-c5 amd64 0.17-1build1
#12 1.669 Ign:17 http://archive.ubuntu.com/ubuntu noble-updates/main amd64 libuuid1 amd64 2.39.3-9ubuntu6.6
#12 1.669 Ign:18 http://archive.ubuntu.com/ubuntu noble-updates/main amd64 libcryptsetup12 amd64 2:2.7.0-1ubuntu4.2
#12 1.669 Ign:19 http://archive.ubuntu.com/ubuntu noble-updates/main amd64 libfdisk1 amd64 2.39.3-9ubuntu6.6
#12 1.669 Ign:20 http://archive.ubuntu.com/ubuntu noble-updates/main amd64 libkmod2 amd64 31+20240202-2ubuntu7.2
#12 1.669 Ign:21 http://archive.ubuntu.com/ubuntu noble-updates/main amd64 libmount1 amd64 2.39.3-9ubuntu6.6
#12 1.669 Ign:22 http://archive.ubuntu.com/ubuntu noble-updates/main amd64 libsystemd-shared amd64 255.4-1ubuntu8.17
#12 1.669 Ign:23 http://archive.ubuntu.com/ubuntu noble-updates/main amd64 libsystemd0 amd64 255.4-1ubuntu8.17
#12 1.669 Ign:24 http://archive.ubuntu.com/ubuntu noble-updates/main amd64 systemd-dev all 255.4-1ubuntu8.17
#12 1.669 Ign:25 http://archive.ubuntu.com/ubuntu noble-updates/main amd64 systemd amd64 255.4-1ubuntu8.17
#12 1.669 Ign:26 http://archive.ubuntu.com/ubuntu noble/main amd64 cron-daemon-common all 3.0pl1-184ubuntu2
#12 1.669 Ign:27 http://archive.ubuntu.com/ubuntu noble/main amd64 cron amd64 3.0pl1-184ubuntu2
#12 1.669 Ign:28 http://archive.ubuntu.com/ubuntu noble-updates/main amd64 python3-pkg-resources all 68.1.2-2ubuntu1.2
#12 1.669 Ign:29 http://archive.ubuntu.com/ubuntu noble-updates/universe amd64 supervisor all 4.2.5-1ubuntu0.1
#12 1.669 Ign:30 http://archive.ubuntu.com/ubuntu noble-updates/main amd64 libsmartcols1 amd64 2.39.3-9ubuntu6.6
#12 1.669 Ign:31 http://archive.ubuntu.com/ubuntu noble-updates/main amd64 openssl amd64 3.0.13-0ubuntu3.15
#12 1.669 Ign:32 http://archive.ubuntu.com/ubuntu noble-updates/main amd64 ca-certificates all 20260601~24.04.1
#12 1.669 Ign:33 http://archive.ubuntu.com/ubuntu noble-updates/main amd64 dbus-bin amd64 1.14.10-4ubuntu4.1
#12 1.669 Ign:34 http://archive.ubuntu.com/ubuntu noble-updates/main amd64 dbus-session-bus-common all 1.14.10-4ubuntu4.1
#12 1.669 Ign:35 http://archive.ubuntu.com/ubuntu noble-updates/main amd64 dbus-daemon amd64 1.14.10-4ubuntu4.1
#12 1.669 Ign:36 http://archive.ubuntu.com/ubuntu noble-updates/main amd64 dbus-system-bus-common all 1.14.10-4ubuntu4.1
#12 1.669 Ign:37 http://archive.ubuntu.com/ubuntu noble-updates/main amd64 dbus amd64 1.14.10-4ubuntu4.1
#12 1.670 Ign:38 http://archive.ubuntu.com/ubuntu noble-updates/main amd64 dmsetup amd64 2:1.02.185-3ubuntu3.2
#12 1.670 Ign:39 http://archive.ubuntu.com/ubuntu noble-updates/main amd64 libglib2.0-0t64 amd64 2.80.0-6ubuntu3.8
#12 1.670 Ign:40 http://archive.ubuntu.com/ubuntu noble-updates/main amd64 gir1.2-glib-2.0 amd64 2.80.0-6ubuntu3.8
#12 1.670 Ign:41 http://archive.ubuntu.com/ubuntu noble/main amd64 libgirepository-1.0-1 amd64 1.80.1-1
#12 1.670 Ign:42 http://archive.ubuntu.com/ubuntu noble/main amd64 gir1.2-girepository-2.0 amd64 1.80.1-1
#12 1.670 Ign:43 http://archive.ubuntu.com/ubuntu noble/main amd64 libestr0 amd64 0.1.11-1build1
#12 1.670 Ign:44 http://archive.ubuntu.com/ubuntu noble/main amd64 libfastjson4 amd64 1.2304.0-1build1
#12 1.670 Ign:45 http://archive.ubuntu.com/ubuntu noble-updates/main amd64 libglib2.0-data all 2.80.0-6ubuntu3.8
#12 1.670 Ign:46 http://archive.ubuntu.com/ubuntu noble/main amd64 libpopt0 amd64 1.19+dfsg-1build1
#12 1.670 Ign:47 http://archive.ubuntu.com/ubuntu noble/main amd64 logrotate amd64 3.21.0-2build1
#12 1.670 Ign:48 http://archive.ubuntu.com/ubuntu noble/main amd64 python3-dbus amd64 1.3.2-5build3
#12 1.670 Ign:49 http://archive.ubuntu.com/ubuntu noble/main amd64 python3-gi amd64 3.48.2-1
#12 1.670 Ign:50 http://archive.ubuntu.com/ubuntu noble/main amd64 networkd-dispatcher all 2.2.4-1
#12 1.670 Ign:51 http://archive.ubuntu.com/ubuntu noble/main amd64 ucf all 3.0043+nmu1
#12 1.670 Ign:52 http://archive.ubuntu.com/ubuntu noble-updates/main amd64 rsyslog amd64 8.2312.0-3ubuntu9.3
#12 1.670 Ign:53 http://archive.ubuntu.com/ubuntu noble/main amd64 shared-mime-info amd64 2.4-4
#12 1.670 Ign:54 http://archive.ubuntu.com/ubuntu noble-updates/main amd64 systemd-resolved amd64 255.4-1ubuntu8.17
#12 1.670 Ign:55 http://archive.ubuntu.com/ubuntu noble-updates/main amd64 systemd-timesyncd amd64 255.4-1ubuntu8.17
#12 1.670 Ign:56 http://archive.ubuntu.com/ubuntu noble/main amd64 xdg-user-dirs amd64 0.18-1build1
#12 1.670 Ign:57 http://archive.ubuntu.com/ubuntu noble/main amd64 javascript-common all 11+nmu1
#12 1.670 Ign:58 http://archive.ubuntu.com/ubuntu noble-updates/main amd64 libexpat1-dev amd64 2.6.1-2ubuntu0.4
#12 1.670 Ign:59 http://archive.ubuntu.com/ubuntu noble/main amd64 libjs-jquery all 3.6.1+dfsg+~3.5.14-1
#12 1.670 Ign:60 http://archive.ubuntu.com/ubuntu noble/main amd64 libjs-underscore all 1.13.4~dfsg+~1.11.4-3
#12 1.670 Ign:61 http://archive.ubuntu.com/ubuntu noble/main amd64 libjs-sphinxdoc all 7.2.6-6
#12 1.670 Ign:62 http://archive.ubuntu.com/ubuntu noble-updates/main amd64 libpython3.12t64 amd64 3.12.3-1ubuntu0.16
#12 1.670 Ign:63 http://archive.ubuntu.com/ubuntu noble-updates/main amd64 zlib1g-dev amd64 1:1.3.dfsg-3.1ubuntu2.2
#12 1.670 Ign:64 http://archive.ubuntu.com/ubuntu noble-updates/main amd64 libpython3.12-dev amd64 3.12.3-1ubuntu0.16
#12 1.670 Ign:65 http://archive.ubuntu.com/ubuntu noble-updates/main amd64 libpython3-dev amd64 3.12.3-0ubuntu2.1
#12 1.670 Ign:66 http://archive.ubuntu.com/ubuntu noble-updates/main amd64 net-tools amd64 2.10-0.1ubuntu4.4
#12 1.670 Ign:67 http://archive.ubuntu.com/ubuntu noble-updates/main amd64 python3.12-dev amd64 3.12.3-1ubuntu0.16
#12 1.670 Ign:68 http://archive.ubuntu.com/ubuntu noble-updates/main amd64 python3-dev amd64 3.12.3-0ubuntu2.1
#12 1.670 Ign:69 http://archive.ubuntu.com/ubuntu noble-updates/main amd64 python3-setuptools all 68.1.2-2ubuntu1.2
#12 1.670 Ign:70 http://archive.ubuntu.com/ubuntu noble/universe amd64 python3-wheel all 0.42.0-2
#12 1.671 Ign:71 http://archive.ubuntu.com/ubuntu noble-updates/universe amd64 python3-pip all 24.0+dfsg-1ubuntu1.3
#12 3.669 Ign:1 http://archive.ubuntu.com/ubuntu noble-updates/main amd64 bsdutils amd64 1:2.39.3-9ubuntu6.6
#12 3.669 Ign:2 http://archive.ubuntu.com/ubuntu noble-updates/main amd64 util-linux amd64 2.39.3-9ubuntu6.6
#12 3.669 Ign:3 http://archive.ubuntu.com/ubuntu noble-updates/main amd64 mount amd64 2.39.3-9ubuntu6.6
#12 3.669 Ign:4 http://archive.ubuntu.com/ubuntu noble-updates/main amd64 libssl-dev amd64 3.0.13-0ubuntu3.15
#12 3.669 Ign:5 http://archive.ubuntu.com/ubuntu noble-updates/main amd64 libssl3t64 amd64 3.0.13-0ubuntu3.15
#12 3.669 Ign:6 http://archive.ubuntu.com/ubuntu noble-updates/main amd64 python3.12 amd64 3.12.3-1ubuntu0.16
#12 3.669 Ign:7 http://archive.ubuntu.com/ubuntu noble-updates/main amd64 libpython3.12-stdlib amd64 3.12.3-1ubuntu0.16
#12 3.669 Ign:8 http://archive.ubuntu.com/ubuntu noble-updates/main amd64 python3.12-minimal amd64 3.12.3-1ubuntu0.16
#12 3.669 Ign:9 http://archive.ubuntu.com/ubuntu noble-updates/main amd64 libpython3.12-minimal amd64 3.12.3-1ubuntu0.16
#12 3.669 Ign:10 http://archive.ubuntu.com/ubuntu noble-updates/main amd64 zlib1g amd64 1:1.3.dfsg-3.1ubuntu2.2
#12 3.669 Ign:11 http://archive.ubuntu.com/ubuntu noble-updates/main amd64 libapparmor1 amd64 4.0.1really4.0.1-0ubuntu0.24.04.7
#12 3.669 Ign:12 http://archive.ubuntu.com/ubuntu noble/main amd64 libargon2-1 amd64 0~20190702+dfsg-4build1
#12 3.669 Ign:13 http://archive.ubuntu.com/ubuntu noble-updates/main amd64 libblkid1 amd64 2.39.3-9ubuntu6.6
#12 3.669 Ign:14 http://archive.ubuntu.com/ubuntu noble-updates/main amd64 libudev1 amd64 255.4-1ubuntu8.17
#12 3.669 Ign:15 http://archive.ubuntu.com/ubuntu noble-updates/main amd64 libdevmapper1.02.1 amd64 2:1.02.185-3ubuntu3.2
#12 3.669 Ign:16 http://archive.ubuntu.com/ubuntu noble/main amd64 libjson-c5 amd64 0.17-1build1
#12 3.669 Ign:17 http://archive.ubuntu.com/ubuntu noble-updates/main amd64 libuuid1 amd64 2.39.3-9ubuntu6.6
#12 3.669 Ign:18 http://archive.ubuntu.com/ubuntu noble-updates/main amd64 libcryptsetup12 amd64 2:2.7.0-1ubuntu4.2
#12 3.669 Ign:19 http://archive.ubuntu.com/ubuntu noble-updates/main amd64 libfdisk1 amd64 2.39.3-9ubuntu6.6
#12 3.669 Ign:20 http://archive.ubuntu.com/ubuntu noble-updates/main amd64 libkmod2 amd64 31+20240202-2ubuntu7.2
#12 3.669 Ign:21 http://archive.ubuntu.com/ubuntu noble-updates/main amd64 libmount1 amd64 2.39.3-9ubuntu6.6
#12 3.669 Ign:22 http://archive.ubuntu.com/ubuntu noble-updates/main amd64 libsystemd-shared amd64 255.4-1ubuntu8.17
#12 3.669 Ign:23 http://archive.ubuntu.com/ubuntu noble-updates/main amd64 libsystemd0 amd64 255.4-1ubuntu8.17
#12 3.669 Ign:24 http://archive.ubuntu.com/ubuntu noble-updates/main amd64 systemd-dev all 255.4-1ubuntu8.17
#12 3.669 Ign:25 http://archive.ubuntu.com/ubuntu noble-updates/main amd64 systemd amd64 255.4-1ubuntu8.17
#12 3.669 Ign:26 http://archive.ubuntu.com/ubuntu noble/main amd64 cron-daemon-common all 3.0pl1-184ubuntu2
#12 3.669 Ign:27 http://archive.ubuntu.com/ubuntu noble/main amd64 cron amd64 3.0pl1-184ubuntu2
#12 3.669 Ign:28 http://archive.ubuntu.com/ubuntu noble-updates/main amd64 python3-pkg-resources all 68.1.2-2ubuntu1.2
#12 3.669 Ign:29 http://archive.ubuntu.com/ubuntu noble-updates/universe amd64 supervisor all 4.2.5-1ubuntu0.1
#12 3.669 Ign:30 http://archive.ubuntu.com/ubuntu noble-updates/main amd64 libsmartcols1 amd64 2.39.3-9ubuntu6.6
#12 3.669 Ign:31 http://archive.ubuntu.com/ubuntu noble-updates/main amd64 openssl amd64 3.0.13-0ubuntu3.15
#12 3.669 Ign:32 http://archive.ubuntu.com/ubuntu noble-updates/main amd64 ca-certificates all 20260601~24.04.1
#12 3.670 Ign:33 http://archive.ubuntu.com/ubuntu noble-updates/main amd64 dbus-bin amd64 1.14.10-4ubuntu4.1
#12 3.670 Ign:34 http://archive.ubuntu.com/ubuntu noble-updates/main amd64 dbus-session-bus-common all 1.14.10-4ubuntu4.1
#12 3.670 Ign:35 http://archive.ubuntu.com/ubuntu noble-updates/main amd64 dbus-daemon amd64 1.14.10-4ubuntu4.1
#12 3.670 Ign:36 http://archive.ubuntu.com/ubuntu noble-updates/main amd64 dbus-system-bus-common all 1.14.10-4ubuntu4.1
#12 3.670 Ign:37 http://archive.ubuntu.com/ubuntu noble-updates/main amd64 dbus amd64 1.14.10-4ubuntu4.1
#12 3.670 Ign:38 http://archive.ubuntu.com/ubuntu noble-updates/main amd64 dmsetup amd64 2:1.02.185-3ubuntu3.2
#12 3.670 Ign:39 http://archive.ubuntu.com/ubuntu noble-updates/main amd64 libglib2.0-0t64 amd64 2.80.0-6ubuntu3.8
#12 3.670 Ign:40 http://archive.ubuntu.com/ubuntu noble-updates/main amd64 gir1.2-glib-2.0 amd64 2.80.0-6ubuntu3.8
#12 3.670 Ign:41 http://archive.ubuntu.com/ubuntu noble/main amd64 libgirepository-1.0-1 amd64 1.80.1-1
#12 3.670 Ign:42 http://archive.ubuntu.com/ubuntu noble/main amd64 gir1.2-girepository-2.0 amd64 1.80.1-1
#12 3.670 Ign:43 http://archive.ubuntu.com/ubuntu noble/main amd64 libestr0 amd64 0.1.11-1build1
#12 3.670 Ign:44 http://archive.ubuntu.com/ubuntu noble/main amd64 libfastjson4 amd64 1.2304.0-1build1
#12 3.670 Ign:45 http://archive.ubuntu.com/ubuntu noble-updates/main amd64 libglib2.0-data all 2.80.0-6ubuntu3.8
#12 3.670 Ign:46 http://archive.ubuntu.com/ubuntu noble/main amd64 libpopt0 amd64 1.19+dfsg-1build1
#12 3.670 Ign:47 http://archive.ubuntu.com/ubuntu noble/main amd64 logrotate amd64 3.21.0-2build1
#12 3.670 Ign:48 http://archive.ubuntu.com/ubuntu noble/main amd64 python3-dbus amd64 1.3.2-5build3
#12 3.670 Ign:49 http://archive.ubuntu.com/ubuntu noble/main amd64 python3-gi amd64 3.48.2-1
#12 3.670 Ign:50 http://archive.ubuntu.com/ubuntu noble/main amd64 networkd-dispatcher all 2.2.4-1
#12 3.670 Ign:51 http://archive.ubuntu.com/ubuntu noble/main amd64 ucf all 3.0043+nmu1
#12 3.670 Ign:52 http://archive.ubuntu.com/ubuntu noble-updates/main amd64 rsyslog amd64 8.2312.0-3ubuntu9.3
#12 3.670 Ign:53 http://archive.ubuntu.com/ubuntu noble/main amd64 shared-mime-info amd64 2.4-4
#12 3.670 Ign:54 http://archive.ubuntu.com/ubuntu noble-updates/main amd64 systemd-resolved amd64 255.4-1ubuntu8.17
#12 3.670 Ign:55 http://archive.ubuntu.com/ubuntu noble-updates/main amd64 systemd-timesyncd amd64 255.4-1ubuntu8.17
#12 3.670 Ign:56 http://archive.ubuntu.com/ubuntu noble/main amd64 xdg-user-dirs amd64 0.18-1build1
#12 3.670 Ign:57 http://archive.ubuntu.com/ubuntu noble/main amd64 javascript-common all 11+nmu1
#12 3.670 Ign:58 http://archive.ubuntu.com/ubuntu noble-updates/main amd64 libexpat1-dev amd64 2.6.1-2ubuntu0.4
#12 3.670 Ign:59 http://archive.ubuntu.com/ubuntu noble/main amd64 libjs-jquery all 3.6.1+dfsg+~3.5.14-1
#12 3.671 Ign:60 http://archive.ubuntu.com/ubuntu noble/main amd64 libjs-underscore all 1.13.4~dfsg+~1.11.4-3
#12 3.671 Ign:61 http://archive.ubuntu.com/ubuntu noble/main amd64 libjs-sphinxdoc all 7.2.6-6
#12 3.671 Ign:62 http://archive.ubuntu.com/ubuntu noble-updates/main amd64 libpython3.12t64 amd64 3.12.3-1ubuntu0.16
#12 3.671 Ign:63 http://archive.ubuntu.com/ubuntu noble-updates/main amd64 zlib1g-dev amd64 1:1.3.dfsg-3.1ubuntu2.2
#12 3.671 Ign:64 http://archive.ubuntu.com/ubuntu noble-updates/main amd64 libpython3.12-dev amd64 3.12.3-1ubuntu0.16
#12 3.671 Ign:65 http://archive.ubuntu.com/ubuntu noble-updates/main amd64 libpython3-dev amd64 3.12.3-0ubuntu2.1
#12 3.671 Ign:66 http://archive.ubuntu.com/ubuntu noble-updates/main amd64 net-tools amd64 2.10-0.1ubuntu4.4
#12 3.671 Ign:67 http://archive.ubuntu.com/ubuntu noble-updates/main amd64 python3.12-dev amd64 3.12.3-1ubuntu0.16
#12 3.671 Ign:68 http://archive.ubuntu.com/ubuntu noble-updates/main amd64 python3-dev amd64 3.12.3-0ubuntu2.1
#12 3.671 Ign:69 http://archive.ubuntu.com/ubuntu noble-updates/main amd64 python3-setuptools all 68.1.2-2ubuntu1.2
#12 3.671 Ign:70 http://archive.ubuntu.com/ubuntu noble/universe amd64 python3-wheel all 0.42.0-2
#12 3.671 Ign:71 http://archive.ubuntu.com/ubuntu noble-updates/universe amd64 python3-pip all 24.0+dfsg-1ubuntu1.3
#12 7.670 Ign:1 http://archive.ubuntu.com/ubuntu noble-updates/main amd64 bsdutils amd64 1:2.39.3-9ubuntu6.6
#12 7.674 Ign:2 http://archive.ubuntu.com/ubuntu noble-updates/main amd64 util-linux amd64 2.39.3-9ubuntu6.6
#12 7.674 Ign:3 http://archive.ubuntu.com/ubuntu noble-updates/main amd64 mount amd64 2.39.3-9ubuntu6.6
#12 7.674 Ign:4 http://archive.ubuntu.com/ubuntu noble-updates/main amd64 libssl-dev amd64 3.0.13-0ubuntu3.15
#12 7.674 Ign:5 http://archive.ubuntu.com/ubuntu noble-updates/main amd64 libssl3t64 amd64 3.0.13-0ubuntu3.15
#12 7.675 Err:6 http://archive.ubuntu.com/ubuntu noble-updates/main amd64 python3.12 amd64 3.12.3-1ubuntu0.16
#12 7.675   Unable to connect to 127.0.0.1:9:
#12 7.675 Err:7 http://archive.ubuntu.com/ubuntu noble-updates/main amd64 libpython3.12-stdlib amd64 3.12.3-1ubuntu0.16
#12 7.675   Unable to connect to 127.0.0.1:9:
#12 7.675 Err:8 http://archive.ubuntu.com/ubuntu noble-updates/main amd64 python3.12-minimal amd64 3.12.3-1ubuntu0.16
#12 7.675   Unable to connect to 127.0.0.1:9:
#12 7.675 Err:9 http://archive.ubuntu.com/ubuntu noble-updates/main amd64 libpython3.12-minimal amd64 3.12.3-1ubuntu0.16
#12 7.675   Unable to connect to 127.0.0.1:9:
#12 7.675 Ign:10 http://archive.ubuntu.com/ubuntu noble-updates/main amd64 zlib1g amd64 1:1.3.dfsg-3.1ubuntu2.2
#12 7.675 Err:11 http://archive.ubuntu.com/ubuntu noble-updates/main amd64 libapparmor1 amd64 4.0.1really4.0.1-0ubuntu0.24.04.7
#12 7.675   Unable to connect to 127.0.0.1:9:
#12 7.675 Err:12 http://archive.ubuntu.com/ubuntu noble/main amd64 libargon2-1 amd64 0~20190702+dfsg-4build1
#12 7.675   Unable to connect to 127.0.0.1:9:
#12 7.675 Ign:13 http://archive.ubuntu.com/ubuntu noble-updates/main amd64 libblkid1 amd64 2.39.3-9ubuntu6.6
#12 7.675 Ign:14 http://archive.ubuntu.com/ubuntu noble-updates/main amd64 libudev1 amd64 255.4-1ubuntu8.17
#12 7.675 Err:15 http://archive.ubuntu.com/ubuntu noble-updates/main amd64 libdevmapper1.02.1 amd64 2:1.02.185-3ubuntu3.2
#12 7.675   Unable to connect to 127.0.0.1:9:
#12 7.675 Err:16 http://archive.ubuntu.com/ubuntu noble/main amd64 libjson-c5 amd64 0.17-1build1
#12 7.675   Unable to connect to 127.0.0.1:9:
#12 7.675 Ign:17 http://archive.ubuntu.com/ubuntu noble-updates/main amd64 libuuid1 amd64 2.39.3-9ubuntu6.6
#12 7.675 Err:18 http://archive.ubuntu.com/ubuntu noble-updates/main amd64 libcryptsetup12 amd64 2:2.7.0-1ubuntu4.2
#12 7.675   Unable to connect to 127.0.0.1:9:
#12 7.675 Ign:19 http://archive.ubuntu.com/ubuntu noble-updates/main amd64 libfdisk1 amd64 2.39.3-9ubuntu6.6
#12 7.675 Ign:20 http://archive.ubuntu.com/ubuntu noble-updates/main amd64 libkmod2 amd64 31+20240202-2ubuntu7.2
#12 7.675 Ign:21 http://archive.ubuntu.com/ubuntu noble-updates/main amd64 libmount1 amd64 2.39.3-9ubuntu6.6
#12 7.675 Ign:22 http://archive.ubuntu.com/ubuntu noble-updates/main amd64 libsystemd-shared amd64 255.4-1ubuntu8.17
#12 7.675 Ign:23 http://archive.ubuntu.com/ubuntu noble-updates/main amd64 libsystemd0 amd64 255.4-1ubuntu8.17
#12 7.675 Err:1 http://security.ubuntu.com/ubuntu noble-updates/main amd64 bsdutils amd64 1:2.39.3-9ubuntu6.6
#12 7.675   Could not connect to 127.0.0.1:9 (127.0.0.1). - connect (111: Connection refused)
#12 7.675 Ign:24 http://archive.ubuntu.com/ubuntu noble-updates/main amd64 systemd-dev all 255.4-1ubuntu8.17
#12 7.675 Ign:25 http://archive.ubuntu.com/ubuntu noble-updates/main amd64 systemd amd64 255.4-1ubuntu8.17
#12 7.675 Err:26 http://archive.ubuntu.com/ubuntu noble/main amd64 cron-daemon-common all 3.0pl1-184ubuntu2
#12 7.675   Unable to connect to 127.0.0.1:9:
#12 7.675 Err:27 http://archive.ubuntu.com/ubuntu noble/main amd64 cron amd64 3.0pl1-184ubuntu2
#12 7.675   Unable to connect to 127.0.0.1:9:
#12 7.675 Ign:28 http://archive.ubuntu.com/ubuntu noble-updates/main amd64 python3-pkg-resources all 68.1.2-2ubuntu1.2
#12 7.675 Err:29 http://archive.ubuntu.com/ubuntu noble-updates/universe amd64 supervisor all 4.2.5-1ubuntu0.1
#12 7.675   Unable to connect to 127.0.0.1:9:
#12 7.675 Ign:30 http://archive.ubuntu.com/ubuntu noble-updates/main amd64 libsmartcols1 amd64 2.39.3-9ubuntu6.6
#12 7.675 Ign:31 http://archive.ubuntu.com/ubuntu noble-updates/main amd64 openssl amd64 3.0.13-0ubuntu3.15
#12 7.675 Ign:32 http://archive.ubuntu.com/ubuntu noble-updates/main amd64 ca-certificates all 20260601~24.04.1
#12 7.675 Err:33 http://archive.ubuntu.com/ubuntu noble-updates/main amd64 dbus-bin amd64 1.14.10-4ubuntu4.1
#12 7.675   Unable to connect to 127.0.0.1:9:
#12 7.675 Err:2 http://security.ubuntu.com/ubuntu noble-updates/main amd64 util-linux amd64 2.39.3-9ubuntu6.6
#12 7.675   Unable to connect to 127.0.0.1:9:
#12 7.675 Err:3 http://security.ubuntu.com/ubuntu noble-updates/main amd64 mount amd64 2.39.3-9ubuntu6.6
#12 7.675   Unable to connect to 127.0.0.1:9:
#12 7.675 Err:4 http://security.ubuntu.com/ubuntu noble-updates/main amd64 libssl-dev amd64 3.0.13-0ubuntu3.15
#12 7.675   Unable to connect to 127.0.0.1:9:
#12 7.675 Err:5 http://security.ubuntu.com/ubuntu noble-updates/main amd64 libssl3t64 amd64 3.0.13-0ubuntu3.15
#12 7.675   Unable to connect to 127.0.0.1:9:
#12 7.675 Err:10 http://security.ubuntu.com/ubuntu noble-updates/main amd64 zlib1g amd64 1:1.3.dfsg-3.1ubuntu2.2
#12 7.675   Unable to connect to 127.0.0.1:9:
#12 7.675 Err:34 http://archive.ubuntu.com/ubuntu noble-updates/main amd64 dbus-session-bus-common all 1.14.10-4ubuntu4.1
#12 7.675   Unable to connect to 127.0.0.1:9:
#12 7.675 Err:35 http://archive.ubuntu.com/ubuntu noble-updates/main amd64 dbus-daemon amd64 1.14.10-4ubuntu4.1
#12 7.675   Unable to connect to 127.0.0.1:9:
#12 7.675 Err:36 http://archive.ubuntu.com/ubuntu noble-updates/main amd64 dbus-system-bus-common all 1.14.10-4ubuntu4.1
#12 7.675   Unable to connect to 127.0.0.1:9:
#12 7.675 Err:37 http://archive.ubuntu.com/ubuntu noble-updates/main amd64 dbus amd64 1.14.10-4ubuntu4.1
#12 7.675   Unable to connect to 127.0.0.1:9:
#12 7.675 Err:38 http://archive.ubuntu.com/ubuntu noble-updates/main amd64 dmsetup amd64 2:1.02.185-3ubuntu3.2
#12 7.675   Unable to connect to 127.0.0.1:9:
#12 7.675 Ign:39 http://archive.ubuntu.com/ubuntu noble-updates/main amd64 libglib2.0-0t64 amd64 2.80.0-6ubuntu3.8
#12 7.675 Ign:40 http://archive.ubuntu.com/ubuntu noble-updates/main amd64 gir1.2-glib-2.0 amd64 2.80.0-6ubuntu3.8
#12 7.675 Err:41 http://archive.ubuntu.com/ubuntu noble/main amd64 libgirepository-1.0-1 amd64 1.80.1-1
#12 7.675   Unable to connect to 127.0.0.1:9:
#12 7.675 Err:13 http://security.ubuntu.com/ubuntu noble-updates/main amd64 libblkid1 amd64 2.39.3-9ubuntu6.6
#12 7.675   Unable to connect to 127.0.0.1:9:
#12 7.675 Err:14 http://security.ubuntu.com/ubuntu noble-updates/main amd64 libudev1 amd64 255.4-1ubuntu8.17
#12 7.675   Unable to connect to 127.0.0.1:9:
#12 7.675 Err:17 http://security.ubuntu.com/ubuntu noble-updates/main amd64 libuuid1 amd64 2.39.3-9ubuntu6.6
#12 7.675   Unable to connect to 127.0.0.1:9:
#12 7.675 Err:19 http://security.ubuntu.com/ubuntu noble-updates/main amd64 libfdisk1 amd64 2.39.3-9ubuntu6.6
#12 7.675   Unable to connect to 127.0.0.1:9:
#12 7.675 Err:20 http://security.ubuntu.com/ubuntu noble-updates/main amd64 libkmod2 amd64 31+20240202-2ubuntu7.2
#12 7.675   Unable to connect to 127.0.0.1:9:
#12 7.675 Err:42 http://archive.ubuntu.com/ubuntu noble/main amd64 gir1.2-girepository-2.0 amd64 1.80.1-1
#12 7.675   Unable to connect to 127.0.0.1:9:
#12 7.675 Err:43 http://archive.ubuntu.com/ubuntu noble/main amd64 libestr0 amd64 0.1.11-1build1
#12 7.675   Unable to connect to 127.0.0.1:9:
#12 7.675 Err:21 http://security.ubuntu.com/ubuntu noble-updates/main amd64 libmount1 amd64 2.39.3-9ubuntu6.6
#12 7.675   Unable to connect to 127.0.0.1:9:
#12 7.675 Err:22 http://security.ubuntu.com/ubuntu noble-updates/main amd64 libsystemd-shared amd64 255.4-1ubuntu8.17
#12 7.675   Unable to connect to 127.0.0.1:9:
#12 7.675 Err:23 http://security.ubuntu.com/ubuntu noble-updates/main amd64 libsystemd0 amd64 255.4-1ubuntu8.17
#12 7.675   Unable to connect to 127.0.0.1:9:
#12 7.675 Err:44 http://archive.ubuntu.com/ubuntu noble/main amd64 libfastjson4 amd64 1.2304.0-1build1
#12 7.675   Unable to connect to 127.0.0.1:9:
#12 7.675 Ign:45 http://archive.ubuntu.com/ubuntu noble-updates/main amd64 libglib2.0-data all 2.80.0-6ubuntu3.8
#12 7.676 Err:24 http://security.ubuntu.com/ubuntu noble-updates/main amd64 systemd-dev all 255.4-1ubuntu8.17
#12 7.676   Unable to connect to 127.0.0.1:9:
#12 7.676 Err:25 http://security.ubuntu.com/ubuntu noble-updates/main amd64 systemd amd64 255.4-1ubuntu8.17
#12 7.676   Unable to connect to 127.0.0.1:9:
#12 7.676 Err:28 http://security.ubuntu.com/ubuntu noble-updates/main amd64 python3-pkg-resources all 68.1.2-2ubuntu1.2
#12 7.676   Unable to connect to 127.0.0.1:9:
#12 7.676 Err:30 http://security.ubuntu.com/ubuntu noble-updates/main amd64 libsmartcols1 amd64 2.39.3-9ubuntu6.6
#12 7.676   Unable to connect to 127.0.0.1:9:
#12 7.676 Err:46 http://archive.ubuntu.com/ubuntu noble/main amd64 libpopt0 amd64 1.19+dfsg-1build1
#12 7.676   Unable to connect to 127.0.0.1:9:
#12 7.676 Err:47 http://archive.ubuntu.com/ubuntu noble/main amd64 logrotate amd64 3.21.0-2build1
#12 7.676   Unable to connect to 127.0.0.1:9:
#12 7.676 Err:48 http://archive.ubuntu.com/ubuntu noble/main amd64 python3-dbus amd64 1.3.2-5build3
#12 7.676   Unable to connect to 127.0.0.1:9:
#12 7.676 Err:49 http://archive.ubuntu.com/ubuntu noble/main amd64 python3-gi amd64 3.48.2-1
#12 7.676   Unable to connect to 127.0.0.1:9:
#12 7.676 Err:50 http://archive.ubuntu.com/ubuntu noble/main amd64 networkd-dispatcher all 2.2.4-1
#12 7.676   Unable to connect to 127.0.0.1:9:
#12 7.676 Err:51 http://archive.ubuntu.com/ubuntu noble/main amd64 ucf all 3.0043+nmu1
#12 7.676   Unable to connect to 127.0.0.1:9:
#12 7.676 Err:31 http://security.ubuntu.com/ubuntu noble-updates/main amd64 openssl amd64 3.0.13-0ubuntu3.15
#12 7.676   Unable to connect to 127.0.0.1:9:
#12 7.676 Err:32 http://security.ubuntu.com/ubuntu noble-updates/main amd64 ca-certificates all 20260601~24.04.1
#12 7.676   Unable to connect to 127.0.0.1:9:
#12 7.676 Err:39 http://security.ubuntu.com/ubuntu noble-updates/main amd64 libglib2.0-0t64 amd64 2.80.0-6ubuntu3.8
#12 7.676   Unable to connect to 127.0.0.1:9:
#12 7.676 Err:40 http://security.ubuntu.com/ubuntu noble-updates/main amd64 gir1.2-glib-2.0 amd64 2.80.0-6ubuntu3.8
#12 7.676   Unable to connect to 127.0.0.1:9:
#12 7.676 Ign:52 http://archive.ubuntu.com/ubuntu noble-updates/main amd64 rsyslog amd64 8.2312.0-3ubuntu9.3
#12 7.676 Err:53 http://archive.ubuntu.com/ubuntu noble/main amd64 shared-mime-info amd64 2.4-4
#12 7.676   Unable to connect to 127.0.0.1:9:
#12 7.676 Err:45 http://security.ubuntu.com/ubuntu noble-updates/main amd64 libglib2.0-data all 2.80.0-6ubuntu3.8
#12 7.676   Unable to connect to 127.0.0.1:9:
#12 7.676 Ign:54 http://archive.ubuntu.com/ubuntu noble-updates/main amd64 systemd-resolved amd64 255.4-1ubuntu8.17
#12 7.676 Ign:55 http://archive.ubuntu.com/ubuntu noble-updates/main amd64 systemd-timesyncd amd64 255.4-1ubuntu8.17
#12 7.676 Err:52 http://security.ubuntu.com/ubuntu noble-updates/main amd64 rsyslog amd64 8.2312.0-3ubuntu9.3
#12 7.676   Unable to connect to 127.0.0.1:9:
#12 7.676 Err:56 http://archive.ubuntu.com/ubuntu noble/main amd64 xdg-user-dirs amd64 0.18-1build1
#12 7.676   Unable to connect to 127.0.0.1:9:
#12 7.676 Err:57 http://archive.ubuntu.com/ubuntu noble/main amd64 javascript-common all 11+nmu1
#12 7.676   Unable to connect to 127.0.0.1:9:
#12 7.676 Ign:58 http://archive.ubuntu.com/ubuntu noble-updates/main amd64 libexpat1-dev amd64 2.6.1-2ubuntu0.4
#12 7.676 Err:59 http://archive.ubuntu.com/ubuntu noble/main amd64 libjs-jquery all 3.6.1+dfsg+~3.5.14-1
#12 7.676   Unable to connect to 127.0.0.1:9:
#12 7.676 Err:60 http://archive.ubuntu.com/ubuntu noble/main amd64 libjs-underscore all 1.13.4~dfsg+~1.11.4-3
#12 7.676   Unable to connect to 127.0.0.1:9:
#12 7.676 Err:61 http://archive.ubuntu.com/ubuntu noble/main amd64 libjs-sphinxdoc all 7.2.6-6
#12 7.676   Unable to connect to 127.0.0.1:9:
#12 7.676 Err:54 http://security.ubuntu.com/ubuntu noble-updates/main amd64 systemd-resolved amd64 255.4-1ubuntu8.17
#12 7.676   Unable to connect to 127.0.0.1:9:
#12 7.676 Err:62 http://archive.ubuntu.com/ubuntu noble-updates/main amd64 libpython3.12t64 amd64 3.12.3-1ubuntu0.16
#12 7.676   Unable to connect to 127.0.0.1:9:
#12 7.676 Ign:63 http://archive.ubuntu.com/ubuntu noble-updates/main amd64 zlib1g-dev amd64 1:1.3.dfsg-3.1ubuntu2.2
#12 7.676 Err:64 http://archive.ubuntu.com/ubuntu noble-updates/main amd64 libpython3.12-dev amd64 3.12.3-1ubuntu0.16
#12 7.676   Unable to connect to 127.0.0.1:9:
#12 7.676 Ign:65 http://archive.ubuntu.com/ubuntu noble-updates/main amd64 libpython3-dev amd64 3.12.3-0ubuntu2.1
#12 7.676 Err:55 http://security.ubuntu.com/ubuntu noble-updates/main amd64 systemd-timesyncd amd64 255.4-1ubuntu8.17
#12 7.676   Unable to connect to 127.0.0.1:9:
#12 7.676 Ign:66 http://archive.ubuntu.com/ubuntu noble-updates/main amd64 net-tools amd64 2.10-0.1ubuntu4.4
#12 7.676 Err:67 http://archive.ubuntu.com/ubuntu noble-updates/main amd64 python3.12-dev amd64 3.12.3-1ubuntu0.16
#12 7.676   Unable to connect to 127.0.0.1:9:
#12 7.676 Ign:68 http://archive.ubuntu.com/ubuntu noble-updates/main amd64 python3-dev amd64 3.12.3-0ubuntu2.1
#12 7.676 Ign:69 http://archive.ubuntu.com/ubuntu noble-updates/main amd64 python3-setuptools all 68.1.2-2ubuntu1.2
#12 7.676 Err:70 http://archive.ubuntu.com/ubuntu noble/universe amd64 python3-wheel all 0.42.0-2
#12 7.676   Unable to connect to 127.0.0.1:9:
#12 7.676 Err:58 http://security.ubuntu.com/ubuntu noble-updates/main amd64 libexpat1-dev amd64 2.6.1-2ubuntu0.4
#12 7.676   Unable to connect to 127.0.0.1:9:
#12 7.676 Ign:71 http://archive.ubuntu.com/ubuntu noble-updates/universe amd64 python3-pip all 24.0+dfsg-1ubuntu1.3
#12 7.676 Err:63 http://security.ubuntu.com/ubuntu noble-updates/main amd64 zlib1g-dev amd64 1:1.3.dfsg-3.1ubuntu2.2
#12 7.676   Unable to connect to 127.0.0.1:9:
#12 7.676 Err:65 http://security.ubuntu.com/ubuntu noble-updates/main amd64 libpython3-dev amd64 3.12.3-0ubuntu2.1
#12 7.676   Unable to connect to 127.0.0.1:9:
#12 7.676 Err:66 http://security.ubuntu.com/ubuntu noble-updates/main amd64 net-tools amd64 2.10-0.1ubuntu4.4
#12 7.676   Unable to connect to 127.0.0.1:9:
#12 7.676 Err:68 http://security.ubuntu.com/ubuntu noble-updates/main amd64 python3-dev amd64 3.12.3-0ubuntu2.1
#12 7.676   Unable to connect to 127.0.0.1:9:
#12 7.676 Err:69 http://security.ubuntu.com/ubuntu noble-updates/main amd64 python3-setuptools all 68.1.2-2ubuntu1.2
#12 7.676   Unable to connect to 127.0.0.1:9:
#12 7.676 Err:71 http://security.ubuntu.com/ubuntu noble-updates/universe amd64 python3-pip all 24.0+dfsg-1ubuntu1.3
#12 7.676   Unable to connect to 127.0.0.1:9:
#12 7.679 E: Failed to fetch http://security.ubuntu.com/ubuntu/pool/main/u/util-linux/bsdutils_2.39.3-9ubuntu6.6_amd64.deb  Could not connect to 127.0.0.1:9 (127.0.0.1). - connect (111: Connection refused)
#12 7.679 E: Failed to fetch http://security.ubuntu.com/ubuntu/pool/main/u/util-linux/util-linux_2.39.3-9ubuntu6.6_amd64.deb  Unable to connect to 127.0.0.1:9:
#12 7.679 E: Failed to fetch http://security.ubuntu.com/ubuntu/pool/main/u/util-linux/mount_2.39.3-9ubuntu6.6_amd64.deb  Unable to connect to 127.0.0.1:9:
#12 7.679 E: Failed to fetch http://security.ubuntu.com/ubuntu/pool/main/o/openssl/libssl-dev_3.0.13-0ubuntu3.15_amd64.deb  Unable to connect to 127.0.0.1:9:
#12 7.679 E: Failed to fetch http://security.ubuntu.com/ubuntu/pool/main/o/openssl/libssl3t64_3.0.13-0ubuntu3.15_amd64.deb  Unable to connect to 127.0.0.1:9:
#12 7.679 E: Failed to fetch http://archive.ubuntu.com/ubuntu/pool/main/p/python3.12/python3.12_3.12.3-1ubuntu0.16_amd64.deb  Unable to connect to 127.0.0.1:9:
#12 7.679 E: Failed to fetch http://archive.ubuntu.com/ubuntu/pool/main/p/python3.12/libpython3.12-stdlib_3.12.3-1ubuntu0.16_amd64.deb  Unable to connect to 127.0.0.1:9:
#12 7.679 E: Failed to fetch http://archive.ubuntu.com/ubuntu/pool/main/p/python3.12/python3.12-minimal_3.12.3-1ubuntu0.16_amd64.deb  Unable to connect to 127.0.0.1:9:
#12 7.679 E: Failed to fetch http://archive.ubuntu.com/ubuntu/pool/main/p/python3.12/libpython3.12-minimal_3.12.3-1ubuntu0.16_amd64.deb  Unable to connect to 127.0.0.1:9:
#12 7.679 E: Failed to fetch http://security.ubuntu.com/ubuntu/pool/main/z/zlib/zlib1g_1.3.dfsg-3.1ubuntu2.2_amd64.deb  Unable to connect to 127.0.0.1:9:
#12 7.679 E: Failed to fetch http://archive.ubuntu.com/ubuntu/pool/main/a/apparmor/libapparmor1_4.0.1really4.0.1-0ubuntu0.24.04.7_amd64.deb  Unable to connect to 127.0.0.1:9:
#12 7.679 E: Failed to fetch http://archive.ubuntu.com/ubuntu/pool/main/a/argon2/libargon2-1_0%7e20190702%2bdfsg-4build1_amd64.deb  Unable to connect to 127.0.0.1:9:
#12 7.679 E: Failed to fetch http://security.ubuntu.com/ubuntu/pool/main/u/util-linux/libblkid1_2.39.3-9ubuntu6.6_amd64.deb  Unable to connect to 127.0.0.1:9:
#12 7.679 E: Failed to fetch http://security.ubuntu.com/ubuntu/pool/main/s/systemd/libudev1_255.4-1ubuntu8.17_amd64.deb  Unable to connect to 127.0.0.1:9:
#12 7.679 E: Failed to fetch http://archive.ubuntu.com/ubuntu/pool/main/l/lvm2/libdevmapper1.02.1_1.02.185-3ubuntu3.2_amd64.deb  Unable to connect to 127.0.0.1:9:
#12 7.679 E: Failed to fetch http://archive.ubuntu.com/ubuntu/pool/main/j/json-c/libjson-c5_0.17-1build1_amd64.deb  Unable to connect to 127.0.0.1:9:
#12 7.679 E: Failed to fetch http://security.ubuntu.com/ubuntu/pool/main/u/util-linux/libuuid1_2.39.3-9ubuntu6.6_amd64.deb  Unable to connect to 127.0.0.1:9:
#12 7.679 E: Failed to fetch http://archive.ubuntu.com/ubuntu/pool/main/c/cryptsetup/libcryptsetup12_2.7.0-1ubuntu4.2_amd64.deb  Unable to connect to 127.0.0.1:9:
#12 7.679 E: Failed to fetch http://security.ubuntu.com/ubuntu/pool/main/u/util-linux/libfdisk1_2.39.3-9ubuntu6.6_amd64.deb  Unable to connect to 127.0.0.1:9:
#12 7.679 E: Failed to fetch http://security.ubuntu.com/ubuntu/pool/main/k/kmod/libkmod2_31%2b20240202-2ubuntu7.2_amd64.deb  Unable to connect to 127.0.0.1:9:
#12 7.679 E: Failed to fetch http://security.ubuntu.com/ubuntu/pool/main/u/util-linux/libmount1_2.39.3-9ubuntu6.6_amd64.deb  Unable to connect to 127.0.0.1:9:
#12 7.679 E: Failed to fetch http://security.ubuntu.com/ubuntu/pool/main/s/systemd/libsystemd-shared_255.4-1ubuntu8.17_amd64.deb  Unable to connect to 127.0.0.1:9:
#12 7.679 E: Failed to fetch http://security.ubuntu.com/ubuntu/pool/main/s/systemd/libsystemd0_255.4-1ubuntu8.17_amd64.deb  Unable to connect to 127.0.0.1:9:
#12 7.679 E: Failed to fetch http://security.ubuntu.com/ubuntu/pool/main/s/systemd/systemd-dev_255.4-1ubuntu8.17_all.deb  Unable to connect to 127.0.0.1:9:
#12 7.679 E: Failed to fetch http://security.ubuntu.com/ubuntu/pool/main/s/systemd/systemd_255.4-1ubuntu8.17_amd64.deb  Unable to connect to 127.0.0.1:9:
#12 7.679 E: Failed to fetch http://archive.ubuntu.com/ubuntu/pool/main/c/cron/cron-daemon-common_3.0pl1-184ubuntu2_all.deb  Unable to connect to 127.0.0.1:9:
#12 7.679 E: Failed to fetch http://archive.ubuntu.com/ubuntu/pool/main/c/cron/cron_3.0pl1-184ubuntu2_amd64.deb  Unable to connect to 127.0.0.1:9:
#12 7.679 E: Failed to fetch http://security.ubuntu.com/ubuntu/pool/main/s/setuptools/python3-pkg-resources_68.1.2-2ubuntu1.2_all.deb  Unable to connect to 127.0.0.1:9:
#12 7.679 E: Failed to fetch http://archive.ubuntu.com/ubuntu/pool/universe/s/supervisor/supervisor_4.2.5-1ubuntu0.1_all.deb  Unable to connect to 127.0.0.1:9:
#12 7.679 E: Failed to fetch http://security.ubuntu.com/ubuntu/pool/main/u/util-linux/libsmartcols1_2.39.3-9ubuntu6.6_amd64.deb  Unable to connect to 127.0.0.1:9:
#12 7.679 E: Failed to fetch http://security.ubuntu.com/ubuntu/pool/main/o/openssl/openssl_3.0.13-0ubuntu3.15_amd64.deb  Unable to connect to 127.0.0.1:9:
#12 7.679 E: Failed to fetch http://security.ubuntu.com/ubuntu/pool/main/c/ca-certificates/ca-certificates_20260601%7e24.04.1_all.deb  Unable to connect to 127.0.0.1:9:
#12 7.679 E: Failed to fetch http://archive.ubuntu.com/ubuntu/pool/main/d/dbus/dbus-bin_1.14.10-4ubuntu4.1_amd64.deb  Unable to connect to 127.0.0.1:9:
#12 7.679 E: Failed to fetch http://archive.ubuntu.com/ubuntu/pool/main/d/dbus/dbus-session-bus-common_1.14.10-4ubuntu4.1_all.deb  Unable to connect to 127.0.0.1:9:
#12 7.679 E: Failed to fetch http://archive.ubuntu.com/ubuntu/pool/main/d/dbus/dbus-daemon_1.14.10-4ubuntu4.1_amd64.deb  Unable to connect to 127.0.0.1:9:
#12 7.679 E: Failed to fetch http://archive.ubuntu.com/ubuntu/pool/main/d/dbus/dbus-system-bus-common_1.14.10-4ubuntu4.1_all.deb  Unable to connect to 127.0.0.1:9:
#12 7.679 E: Failed to fetch http://archive.ubuntu.com/ubuntu/pool/main/d/dbus/dbus_1.14.10-4ubuntu4.1_amd64.deb  Unable to connect to 127.0.0.1:9:
#12 7.679 E: Failed to fetch http://archive.ubuntu.com/ubuntu/pool/main/l/lvm2/dmsetup_1.02.185-3ubuntu3.2_amd64.deb  Unable to connect to 127.0.0.1:9:
#12 7.679 E: Failed to fetch http://security.ubuntu.com/ubuntu/pool/main/g/glib2.0/libglib2.0-0t64_2.80.0-6ubuntu3.8_amd64.deb  Unable to connect to 127.0.0.1:9:
#12 7.679 E: Failed to fetch http://security.ubuntu.com/ubuntu/pool/main/g/glib2.0/gir1.2-glib-2.0_2.80.0-6ubuntu3.8_amd64.deb  Unable to connect to 127.0.0.1:9:
#12 7.679 E: Failed to fetch http://archive.ubuntu.com/ubuntu/pool/main/g/gobject-introspection/libgirepository-1.0-1_1.80.1-1_amd64.deb  Unable to connect to 127.0.0.1:9:
#12 7.679 E: Failed to fetch http://archive.ubuntu.com/ubuntu/pool/main/g/gobject-introspection/gir1.2-girepository-2.0_1.80.1-1_amd64.deb  Unable to connect to 127.0.0.1:9:
#12 7.679 E: Failed to fetch http://archive.ubuntu.com/ubuntu/pool/main/libe/libestr/libestr0_0.1.11-1build1_amd64.deb  Unable to connect to 127.0.0.1:9:
#12 7.679 E: Failed to fetch http://archive.ubuntu.com/ubuntu/pool/main/libf/libfastjson/libfastjson4_1.2304.0-1build1_amd64.deb  Unable to connect to 127.0.0.1:9:
#12 7.679 E: Failed to fetch http://security.ubuntu.com/ubuntu/pool/main/g/glib2.0/libglib2.0-data_2.80.0-6ubuntu3.8_all.deb  Unable to connect to 127.0.0.1:9:
#12 7.679 E: Failed to fetch http://archive.ubuntu.com/ubuntu/pool/main/p/popt/libpopt0_1.19%2bdfsg-1build1_amd64.deb  Unable to connect to 127.0.0.1:9:
#12 7.679 E: Failed to fetch http://archive.ubuntu.com/ubuntu/pool/main/l/logrotate/logrotate_3.21.0-2build1_amd64.deb  Unable to connect to 127.0.0.1:9:
#12 7.679 E: Failed to fetch http://archive.ubuntu.com/ubuntu/pool/main/d/dbus-python/python3-dbus_1.3.2-5build3_amd64.deb  Unable to connect to 127.0.0.1:9:
#12 7.679 E: Failed to fetch http://archive.ubuntu.com/ubuntu/pool/main/p/pygobject/python3-gi_3.48.2-1_amd64.deb  Unable to connect to 127.0.0.1:9:
#12 7.679 E: Failed to fetch http://archive.ubuntu.com/ubuntu/pool/main/n/networkd-dispatcher/networkd-dispatcher_2.2.4-1_all.deb  Unable to connect to 127.0.0.1:9:
#12 7.679 E: Failed to fetch http://archive.ubuntu.com/ubuntu/pool/main/u/ucf/ucf_3.0043%2bnmu1_all.deb  Unable to connect to 127.0.0.1:9:
#12 7.679 E: Failed to fetch http://security.ubuntu.com/ubuntu/pool/main/r/rsyslog/rsyslog_8.2312.0-3ubuntu9.3_amd64.deb  Unable to connect to 127.0.0.1:9:
#12 7.679 E: Failed to fetch http://archive.ubuntu.com/ubuntu/pool/main/s/shared-mime-info/shared-mime-info_2.4-4_amd64.deb  Unable to connect to 127.0.0.1:9:
#12 7.679 E: Failed to fetch http://security.ubuntu.com/ubuntu/pool/main/s/systemd/systemd-resolved_255.4-1ubuntu8.17_amd64.deb  Unable to connect to 127.0.0.1:9:
#12 7.679 E: Failed to fetch http://security.ubuntu.com/ubuntu/pool/main/s/systemd/systemd-timesyncd_255.4-1ubuntu8.17_amd64.deb  Unable to connect to 127.0.0.1:9:
#12 7.679 E: Failed to fetch http://archive.ubuntu.com/ubuntu/pool/main/x/xdg-user-dirs/xdg-user-dirs_0.18-1build1_amd64.deb  Unable to connect to 127.0.0.1:9:
#12 7.679 E: Failed to fetch http://archive.ubuntu.com/ubuntu/pool/main/j/javascript-common/javascript-common_11%2bnmu1_all.deb  Unable to connect to 127.0.0.1:9:
#12 7.679 E: Failed to fetch http://security.ubuntu.com/ubuntu/pool/main/e/expat/libexpat1-dev_2.6.1-2ubuntu0.4_amd64.deb  Unable to connect to 127.0.0.1:9:
#12 7.679 E: Failed to fetch http://archive.ubuntu.com/ubuntu/pool/main/n/node-jquery/libjs-jquery_3.6.1%2bdfsg%2b%7e3.5.14-1_all.deb  Unable to connect to 127.0.0.1:9:
#12 7.679 E: Failed to fetch http://archive.ubuntu.com/ubuntu/pool/main/u/underscore/libjs-underscore_1.13.4%7edfsg%2b%7e1.11.4-3_all.deb  Unable to connect to 127.0.0.1:9:
#12 7.679 E: Failed to fetch http://archive.ubuntu.com/ubuntu/pool/main/s/sphinx/libjs-sphinxdoc_7.2.6-6_all.deb  Unable to connect to 127.0.0.1:9:
#12 7.679 E: Failed to fetch http://archive.ubuntu.com/ubuntu/pool/main/p/python3.12/libpython3.12t64_3.12.3-1ubuntu0.16_amd64.deb  Unable to connect to 127.0.0.1:9:
#12 7.679 E: Failed to fetch http://security.ubuntu.com/ubuntu/pool/main/z/zlib/zlib1g-dev_1.3.dfsg-3.1ubuntu2.2_amd64.deb  Unable to connect to 127.0.0.1:9:
#12 7.679 E: Failed to fetch http://archive.ubuntu.com/ubuntu/pool/main/p/python3.12/libpython3.12-dev_3.12.3-1ubuntu0.16_amd64.deb  Unable to connect to 127.0.0.1:9:
#12 7.679 E: Failed to fetch http://security.ubuntu.com/ubuntu/pool/main/p/python3-defaults/libpython3-dev_3.12.3-0ubuntu2.1_amd64.deb  Unable to connect to 127.0.0.1:9:
#12 7.679 E: Failed to fetch http://security.ubuntu.com/ubuntu/pool/main/n/net-tools/net-tools_2.10-0.1ubuntu4.4_amd64.deb  Unable to connect to 127.0.0.1:9:
#12 7.679 E: Failed to fetch http://archive.ubuntu.com/ubuntu/pool/main/p/python3.12/python3.12-dev_3.12.3-1ubuntu0.16_amd64.deb  Unable to connect to 127.0.0.1:9:
#12 7.679 E: Failed to fetch http://security.ubuntu.com/ubuntu/pool/main/p/python3-defaults/python3-dev_3.12.3-0ubuntu2.1_amd64.deb  Unable to connect to 127.0.0.1:9:
#12 7.679 E: Failed to fetch http://security.ubuntu.com/ubuntu/pool/main/s/setuptools/python3-setuptools_68.1.2-2ubuntu1.2_all.deb  Unable to connect to 127.0.0.1:9:
#12 7.679 E: Failed to fetch http://archive.ubuntu.com/ubuntu/pool/universe/w/wheel/python3-wheel_0.42.0-2_all.deb  Unable to connect to 127.0.0.1:9:
#12 7.679 E: Failed to fetch http://security.ubuntu.com/ubuntu/pool/universe/p/python-pip/python3-pip_24.0%2bdfsg-1ubuntu1.3_all.deb  Unable to connect to 127.0.0.1:9:
#12 7.679 E: Unable to fetch some archives, maybe run apt-get update or try with --fix-missing?
#12 ERROR: process "/bin/sh -c apt-get install -f -y net-tools supervisor rsyslog  python3-pip" did not complete successfully: exit code: 100
------
 > [base  8/12] RUN apt-get install -f -y net-tools supervisor rsyslog  python3-pip:
7.679 E: Failed to fetch http://security.ubuntu.com/ubuntu/pool/main/z/zlib/zlib1g-dev_1.3.dfsg-3.1ubuntu2.2_amd64.deb  Unable to connect to 127.0.0.1:9:
7.679 E: Failed to fetch http://archive.ubuntu.com/ubuntu/pool/main/p/python3.12/libpython3.12-dev_3.12.3-1ubuntu0.16_amd64.deb  Unable to connect to 127.0.0.1:9:
7.679 E: Failed to fetch http://security.ubuntu.com/ubuntu/pool/main/p/python3-defaults/libpython3-dev_3.12.3-0ubuntu2.1_amd64.deb  Unable to connect to 127.0.0.1:9:
7.679 E: Failed to fetch http://security.ubuntu.com/ubuntu/pool/main/n/net-tools/net-tools_2.10-0.1ubuntu4.4_amd64.deb  Unable to connect to 127.0.0.1:9:
7.679 E: Failed to fetch http://archive.ubuntu.com/ubuntu/pool/main/p/python3.12/python3.12-dev_3.12.3-1ubuntu0.16_amd64.deb  Unable to connect to 127.0.0.1:9:
7.679 E: Failed to fetch http://security.ubuntu.com/ubuntu/pool/main/p/python3-defaults/python3-dev_3.12.3-0ubuntu2.1_amd64.deb  Unable to connect to 127.0.0.1:9:
7.679 E: Failed to fetch http://security.ubuntu.com/ubuntu/pool/main/s/setuptools/python3-setuptools_68.1.2-2ubuntu1.2_all.deb  Unable to connect to 127.0.0.1:9:
7.679 E: Failed to fetch http://archive.ubuntu.com/ubuntu/pool/universe/w/wheel/python3-wheel_0.42.0-2_all.deb  Unable to connect to 127.0.0.1:9:
7.679 E: Failed to fetch http://security.ubuntu.com/ubuntu/pool/universe/p/python-pip/python3-pip_24.0%2bdfsg-1ubuntu1.3_all.deb  Unable to connect to 127.0.0.1:9:
7.679 E: Unable to fetch some archives, maybe run apt-get update or try with --fix-missing?
------
Dockerfile:28
--------------------
  26 |     RUN apt-get update
  27 |     
  28 | >>> RUN apt-get install -f -y net-tools supervisor rsyslog  python3-pip
  29 |     RUN pip3 install --break-system-packages supervisord-dependent-startup
  30 |     
--------------------
ERROR: failed to build: failed to solve: process "/bin/sh -c apt-get install -f -y net-tools supervisor rsyslog  python3-pip" did not complete successfully: exit code: 100
[  FAIL LOG END  ] [ target/docker-dash-engine.gz ]
make: *** [slave.mk:1406: target/docker-dash-engine.gz] Error 1
make: *** Waiting for unfinished jobs....
[ finished ] [ target/debs/trixie/libnss-tacplus_1.0.4-1_amd64.deb ] 
[ finished ] [ target/debs/trixie/libnl-genl-3-dev_3.7.0-0.2+b1sonic1_amd64.deb ] 
[ finished ] [ target/debs/trixie/linux-headers-6.12.41+deb13-common-sonic_6.12.41-1_all.deb ] 
[ finished ] [ target/docker-base-trixie.gz ] 
[ finished ] [ target/debs/trixie/grub2-common_2.06-13+deb13u1_amd64.deb ] 
[ finished ] [ target/debs/trixie/isc-dhcp-relay_4.4.3-P1-2_amd64.deb ] 
make: *** [Makefile.work:751: target/sonic-vs.bin] Error 2
