ID						RECLAIMABLE	SIZE		LAST ACCESSED
fqpnvnqu4009hcqyy2rgtobdx*              	true 		8.192kB   	41 minutes ago
coi78stx4lewm1ayvbi2iyalx*              	true 	340kB     	41 minutes ago
zdztrkgzb06tmh03fcmsv4ymt               	true 	17.4kB    	41 minutes ago
aiejf8kfqcpfi8lralf1qhi3l*              	true 	4.096kB   	41 minutes ago
e64n9s5tf55oxzizsbyld8foj*              	true 	8.192kB   	41 minutes ago
mfs7vez85g9q1z96yefinas4u               	true 	24.86kB   	41 minutes ago
abnr7sehh8yu02k98r14kzx4j               	true 	24.85kB   	41 minutes ago
x7qzf244uq61lsnwqyil0wlae               	true 	29.5kB    	41 minutes ago
pr2gz9rf78et6oywxdbmy0tgm               	true 	60.43kB   	41 minutes ago
cviae9yuxh2zq7tb0vfellxuw               	true 	29.5kB    	41 minutes ago
a8o9ts3m1po6gzi1c4m4uoj4z               	true 	8.271kB   	41 minutes ago
dbj18qqn27amx57nkuvqprlib               	true 	23.67MB   	41 minutes ago
h2nosi9iskel5ov3o2tqnq6oy               	true 	162.2kB   	41 minutes ago
9imkg8tvlfe1f9zn33v4wyjbv               	true 	36.9kB    	41 minutes ago
edsvps1nsmwygjsmqmw5s4nxz               	true 	30.01kB   	41 minutes ago
svnamsg3mkpoedgo0ell24tnt               	true 	3.712MB   	41 minutes ago
a2cl9m8mng69rf6eb4rf63jx6               	true 	26MB      	41 minutes ago
fs7m291eonjjxxw1d45q8hbmk               	true 	238.2MB   	41 minutes ago
dlaex68mvdiugytatz1iowink               	true 	1.636GB   	41 minutes ago
vhand11fxxryg5wov0rcuc9i7               	true 	9.916MB   	41 minutes ago
wgu9eyvgnb7ep29lwdi17hwir               	true 	13.65MB   	41 minutes ago
4l9qli12mujh8xbmtpqdgqntz               	true 	340.6kB   	41 minutes ago
e75wesrnp99up5reg26rg4jvd               	true 	222.7kB   	41 minutes ago
69wfxpkzjmaflzvwpyjhlcjux               	true 	12.08MB   	41 minutes ago
oa3ttg0fbypu95hnvof7unbxg               	true 	111.7kB   	41 minutes ago
oim9f1pbtmv93mqu3662ncvpf               	true 	25.18kB   	41 minutes ago
n4pkgbk8vmco0pbqgqwcbh8au               	true 	626.6MB   	41 minutes ago
ofaag4omnsbnsfkwp7ipelsk8               	true 	540.3kB   	41 minutes ago
ck08wrsv470nvpxha91ux51ip               	true 	33.08kB   	41 minutes ago
bkstseyld3m671372347rttb8               	true 	33.07kB   	41 minutes ago
t0jzddgwl09fuw2hpx4441q34               	true 	28.97kB   	41 minutes ago
3sjdzh3y2bj2q84qeu1d8pjcz               	true 	105.8kB   	41 minutes ago
qdpoyl4wmki2x3y2gx3rhdefd               	true 	13.59MB   	41 minutes ago
hyzp0n2rdac31qlmaly3rsjyw               	true 	210.8MB   	41 minutes ago
yywqh2zcdad0cg1wcxbojafmt               	true 	6.368MB   	41 minutes ago
fd90o00rp3q9lhxtxue3nhr7c               	true 	17.3MB    	41 minutes ago
j3shavjgd8zt94hsfxdaeacss               	true 	79.6MB    	41 minutes ago
0c78rxyxucbap7ep95i9mzumd               	true 	86.05kB   	41 minutes ago
o5wb8dz9mjp8yi6c66432iqvo               	true 	86.05kB   	41 minutes ago
4oz3aiyew4zc1gbf3hglub1ti               	true 	1.037MB   	41 minutes ago
7v744uqnukud8gb933mtlx8rg               	true 	590.8kB   	41 minutes ago
yyshb41y15t8myq1igcfnnb9q               	true 	12.32kB   	41 minutes ago
hszkc251v698asma8fh5jx7qx               	true 	2.122MB   	41 minutes ago
3wwfhrax9vr0e6gsm2srdbc2k               	true 	306.8kB   	41 minutes ago
xtjw7pgdxusanb4bm69dxcu0k               	true 	12.32kB   	41 minutes ago
zwsfecugazty2dflvg2aigehg               	true 	8.398MB   	41 minutes ago
o9f8gckxqex1glvulwa1kzazd               	true 	53.49kB   	41 minutes ago
p93lyqyikeck6x3knyxjlza53               	true 	7.289MB   	41 minutes ago
qrq0ux53j31dlq2ammokz6c20               	true 	1.534MB   	41 minutes ago
84kkgjv9mg9ypu1uzlbh4urvr               	true 	4.498MB   	41 minutes ago
6guux2ia1ejxw5wwkwzjfjbzp               	true 	12.32kB   	41 minutes ago
c4id3ehqt5dpjwkf81h0s50bt               	true 	4.903MB   	41 minutes ago
al8c9oz4fh16qfcruwuvclor2               	true 	942.2kB   	41 minutes ago
1hml4endc264hjr1llefrxhpe               	true 	283.1kB   	41 minutes ago
z2elqampmm3vb6qsuylhu1dhf               	true 	75.08MB   	41 minutes ago
jan7zgrwei9devd698rztdq7j               	true 	4.125MB   	41 minutes ago
ma7k7rf7vydmpnr3ot12u25qn               	true 	815.2kB   	41 minutes ago
vef94gffjrmu465bof8huec9e               	true 	395.6MB   	41 minutes ago
ocqirb4sqo2vetknvfmefhw7t               	true 	392.5MB   	41 minutes ago
v5nvybfpn531bq4y9j2fjtasw               	true 	147.8MB   	41 minutes ago
qso7f5sbdhmc5bazh8a52rar2               	true 	33.28kB   	41 minutes ago
wt3ht8h4nw7prtkqezkd7wikz               	true 	33.27kB   	41 minutes ago
nnxbj4z4rxg8vo8nj72d5ivqt               	true 	29.17kB   	41 minutes ago
m4ryxh6x2x7ojlmriuws6f5l7               	true 	59.58MB   	41 minutes ago
3k0kdyt487zxh9vjd1uajl83y               	true 	446.8MB   	41 minutes ago
plwj0imrtkr1nnxcv10nbhyan               	true 	9.373GB   	41 minutes ago
2w6uvwzdiar64dmkhx97s9jbc               	true 	12.47kB   	41 minutes ago
s38oqa7zbidl2q70hqa8kj740               	true 	101.2MB   	41 minutes ago
ed9dl7zytvy2vadkmzk89ozp1               	true 	646.7kB   	41 minutes ago
w0ny77c4bk82nk77ocq2b20rn               	true 	413.8kB   	41 minutes ago
y012smliuvrrnf82q3upmqsft               	true 	20.65kB   	41 minutes ago
xa36nnq4o7tl59ko7q6cyjp15               	true 	389.1kB   	41 minutes ago
fotj2ce84di86n3elfji84zre               	true 	20.83kB   	41 minutes ago
ap7i7gn437gbt7x8qhmo6ojdg               	true 	29.04kB   	41 minutes ago
dhwi4r62rvu8s2yvmlx1x38qq               	true 	29kB      	41 minutes ago
Total:	13.95GB
