Untagged: sonic-slave-trixie-qiuying.xzc:8488ce23328
Deleted: sha256:835b5055de20e66421431e444bf18357f49f671c38162ac5dc3d64df2c8c896f
Untagged: sonic-slave-trixie:d80ffb598b0
Deleted: sha256:cd6a33a4195940c4b585add5118faafd4fd04283853396988efab60b2d5f6cf3
ID						RECLAIMABLE	SIZE		LAST ACCESSED
tykr0xxpb1pt242msuxtqaf38*              	true 		340kB     	39 minutes ago
ydtrljhygtirdf48pxk33895v*              	true 	8.192kB   	39 minutes ago
a6u73vctlczctwam7tivbw2mt               	true 	17.4kB    	39 minutes ago
tp9poidu6p6quq4fdgrv365fz*              	true 	8.192kB   	39 minutes ago
w8y6ln7119isuo3f9um8z6zgv*              	true 	4.096kB   	39 minutes ago
ddiqj3y2looeq8hqic0ojy1i9               	true 	24.86kB   	39 minutes ago
u4htsiv0aqbfpffarnwlxub0h               	true 	24.85kB   	39 minutes ago
2tx8va8vb3miebstrzx46b0eb               	true 	29.5kB    	39 minutes ago
8iknfmsajozfggm914uapaqcy               	true 	60.43kB   	39 minutes ago
02vv2fwryaqzyf2ukc987r6c6               	true 	29.5kB    	39 minutes ago
9r4uua6z4hmmzp1ag2igxqrfk               	true 	8.271kB   	39 minutes ago
v8nod3l04dju94rgw32yu4rga               	true 	23.67MB   	39 minutes ago
tacifqazgl48b2cwx17eox7ug               	true 	162.2kB   	39 minutes ago
yjg20am04lynyecgjwqg2aliy               	true 	36.9kB    	39 minutes ago
p96dsiuq3x5hqyursi025ygqw               	true 	30.01kB   	39 minutes ago
mcrxkcjhxmj6foaoel3c5ovyh               	true 	3.712MB   	39 minutes ago
a48mjshmgcfwvdmyrk1b7o97z               	true 	26MB      	39 minutes ago
ai9w089b5y7erlfce1tjp5ce7               	true 	238.2MB   	39 minutes ago
ld3qls80rgfj43kh2vk9xo5nf               	true 	1.636GB   	39 minutes ago
sx2qfapkfgsh31fyw7eg964f2               	true 	9.916MB   	39 minutes ago
pzcy7q8st4wn3y0tvy0rrzlqu               	true 	13.65MB   	39 minutes ago
loi9s5lfb8yfeyapr52kqlp0q               	true 	340.6kB   	39 minutes ago
8dvmc52wbvact9tekk0shkv2g               	true 	222.7kB   	39 minutes ago
autxauwyx8tw8p4pksbkpggre               	true 	12.08MB   	39 minutes ago
ywan8zfa6cupjhihmejalez4e               	true 	111.7kB   	39 minutes ago
rlig5fyhbgljsx73phjwl2cxz               	true 	25.18kB   	39 minutes ago
obrh4sq221zud8ruem9s4hpg0               	true 	626.6MB   	39 minutes ago
s3avsi7ivbmpzo1xuxnd9hsu6               	true 	540.3kB   	39 minutes ago
l4a4ahlx7vsgxz3rvynpp8vud               	true 	33.09kB   	39 minutes ago
r0sh9p8saxh10yj2gsg2ochnq               	true 	33.07kB   	39 minutes ago
y9uabi9l020v78vor87ps8qhy               	true 	28.97kB   	39 minutes ago
z9j0jyj7fo03ia6op6dq01gfy               	true 	105.8kB   	39 minutes ago
pan8z584vm6rof71t8zqx1h0j               	true 	13.59MB   	39 minutes ago
corlfd3h8qkchxzr1lzca3yut               	true 	210.8MB   	39 minutes ago
mkhlauq5d3dep8vey5fzlivd3               	true 	6.368MB   	39 minutes ago
qbvma50xvh7jdzlto761b9eb5               	true 	17.3MB    	39 minutes ago
xomt7cxnziucam6p8dlh99jt1               	true 	79.61MB   	39 minutes ago
9avu9sd2woxfl4emqs81yz937               	true 	86.05kB   	39 minutes ago
h0r7xaxma375kbehtcxdvmi27               	true 	86.05kB   	39 minutes ago
lspdsvybtfdf1r8l0y9nsa5eh               	true 	1.037MB   	39 minutes ago
ecil22107a9z8qpznt20t1msa               	true 	590.8kB   	39 minutes ago
ywdp2ht5ffltqqjqatfalr6kl               	true 	12.32kB   	39 minutes ago
hril8vbnz084sm8g5z6kah14j               	true 	2.122MB   	39 minutes ago
n4l7cypodwceenl92z5xyyqya               	true 	306.7kB   	39 minutes ago
iupricfq4zyw6ovl2aybnkipa               	true 	12.32kB   	39 minutes ago
ylxg41ht7a3o9a7q9nts2rw6w               	true 	8.398MB   	39 minutes ago
vdol2mtmiu566jwvroujrv6ju               	true 	53.49kB   	39 minutes ago
wgznqqkfbpg2zgbdbegw4s42d               	true 	7.289MB   	39 minutes ago
lg76xi7k1cex6jldy9cosy9uy               	true 	1.534MB   	39 minutes ago
nsn1kgdegvfyhcfnub2go2cgx               	true 	4.498MB   	39 minutes ago
89wciy6w6b5jejcwk0nzvy273               	true 	12.32kB   	39 minutes ago
uv6sg8ce9ujxb2zegxql5gkvs               	true 	4.903MB   	39 minutes ago
lbj3r5tjnp83fw9qidotojy3y               	true 	942.1kB   	39 minutes ago
w5mk5hsf7qb8r37ahm81vx5s4               	true 	283.1kB   	39 minutes ago
2tnaq9xuifwm6ub2j1kz4rycy               	true 	75.08MB   	39 minutes ago
th2o9ryrgmb68u6utm415747z               	true 	4.124MB   	39 minutes ago
dyi822sxiofjqvflgtyoll43c               	true 	815.2kB   	39 minutes ago
xnf4egonn9tx0d1ska88zqq3e               	true 	395.6MB   	39 minutes ago
vp5fq17ml4zdrz0j96lojb45h               	true 	392.5MB   	39 minutes ago
lg6ddumuss3l9c07dj26najmo               	true 	147.8MB   	39 minutes ago
qwc9oukq4l29ru66q6np57c9g               	true 	33.28kB   	39 minutes ago
gp8tumsuu7dc3in58e5ftgqnd               	true 	33.27kB   	39 minutes ago
zwalizsqhqiiieldou4zt53qo               	true 	29.17kB   	39 minutes ago
4oqe6txepvahyb53etz1tblqj               	true 	59.58MB   	39 minutes ago
dsw0wdmtujylyym3p0f2e5sfk               	true 	446.8MB   	39 minutes ago
ys1pjgq217h4nftbbfxxkpv1o               	true 	9.373GB   	39 minutes ago
abm0zfdk64b88ln7f2fbyitsx               	true 	12.46kB   	39 minutes ago
mt2wtenfcohq5jcbcopxv5swp               	true 	101.2MB   	39 minutes ago
swpagt6sjc8twkmm7baohlud5               	true 	646.7kB   	39 minutes ago
qw7klvqt9hakg3l5ob86cfupw               	true 	413.7kB   	39 minutes ago
l3wm93iwjgnrsvfshnskyawg0               	true 	20.65kB   	39 minutes ago
6piu5wrakchrzwyc0osjdhyss               	true 	389.1kB   	39 minutes ago
7vmgmjr0wwzuc5i9i9b5n0kvq               	true 	20.83kB   	39 minutes ago
v8obn50d8axq6rimciq6je2d0               	true 	29.04kB   	39 minutes ago
oxdmrmx5fwedosly0sdl9j5ad               	true 	28.99kB   	39 minutes ago
Total:	13.95GB
