Untagged: sonic-slave-trixie-qiuying.xzc:8488ce23328
Deleted: sha256:cbff425f55b1782336bd0e7cababd795936a7b159f603bd636e05dfa16a218a5
Untagged: sonic-slave-trixie:d80ffb598b0
Deleted: sha256:92774b76d0c6758d01b056c69fc35f21f3a9dd7060e5e274400456126b942da6
ID						RECLAIMABLE	SIZE		LAST ACCESSED
3fl0xbgrxah37xxf2rbrh1y9s               	true 		17.4kB    	30 minutes ago
tyyicd2kmoakh6gftbkkg3fqm*              	true 	340kB     	30 minutes ago
bqidtzpljj29d698eegj6m7s7*              	true 	8.192kB   	30 minutes ago
xnh4onoc9no9be2iovsz3tvsc*              	true 	4.096kB   	30 minutes ago
pqcscuiewf2hp2nabljzqnq02*              	true 	8.192kB   	30 minutes ago
o3fkefnf7mzowt1huh4scbexi               	true 	24.86kB   	30 minutes ago
0fds7dlyvk5esewuzrzzlqeq8               	true 	24.85kB   	30 minutes ago
cbictr9pby269hob1e10ljdtd               	true 	29.5kB    	30 minutes ago
u9m915b8dzrai74l5pvhhviax               	true 	60.43kB   	30 minutes ago
rszm9fynimvs6f1sxyjjjfyzl               	true 	29.5kB    	30 minutes ago
ghx8dwovqqu9tiojo2hhf3bp6               	true 	8.271kB   	30 minutes ago
nwuwlx0wcfz28db1k7olgj0ig               	true 	23.67MB   	30 minutes ago
rc4u96h8tmi1qsqr1ft4ict0o               	true 	162.1kB   	30 minutes ago
4u5e3e5v7n7o2b4ge1da3bapt               	true 	36.9kB    	30 minutes ago
nhjsi408gtqpcs5bimhne90my               	true 	30.01kB   	30 minutes ago
3v0vxlycm3s26n4zsog0ym7yy               	true 	3.712MB   	30 minutes ago
wlazg2gb3suxggdvjwrq0ye67               	true 	26MB      	30 minutes ago
cdh6gw86kcqvy7nrjvzym6mjo               	true 	238.2MB   	30 minutes ago
mu6tfxoxrp6nqnpgkpbuo8f5t               	true 	1.636GB   	30 minutes ago
4yb32u27blpooh1yb7bbaaauz               	true 	9.916MB   	30 minutes ago
3du62yvdr8vbkjbp2ncs6wvpj               	true 	13.65MB   	30 minutes ago
cnygkuvgknry31udy5j81umgn               	true 	328.2kB   	30 minutes ago
fqi7ao4gb73rxyje62eefkk41               	true 	222.7kB   	30 minutes ago
pocr40az9p05bk0lo6jlwmqqa               	true 	12.08MB   	30 minutes ago
7g99w9aoeqr8haz19gggo08nx               	true 	111.7kB   	30 minutes ago
2en730cfdo13f3qk1vy9atgu0               	true 	25.17kB   	30 minutes ago
m9cutfkqkdn1nk8vilwyr5ekm               	true 	626.6MB   	30 minutes ago
uh4191oftecgot0nveo62ul0u               	true 	540.3kB   	30 minutes ago
wtm2sufysk0owcyqmgr3we2vm               	true 	33.08kB   	30 minutes ago
0dvjzhvb1w3y62mmmdj94v11r               	true 	33.07kB   	30 minutes ago
j9vlk7gkiigceifdhl56ztsut               	true 	28.97kB   	30 minutes ago
qmn9wlx2slc53333afqg8vteu               	true 	105.8kB   	30 minutes ago
2jza4lsd29mrhamhj7fm0v2w2               	true 	13.59MB   	30 minutes ago
nn1jbf33ivgurblraj4vjurfg               	true 	210.8MB   	30 minutes ago
d2k8l3wayfa3ba67redpl8ser               	true 	6.368MB   	30 minutes ago
vu1i4927c3u2qun6wspgpgqra               	true 	17.3MB    	30 minutes ago
hnuzjkuox0dzcpb4mj90fkzy3               	true 	79.61MB   	30 minutes ago
1vam412te3k2mt8z4p2dw2t2f               	true 	86.05kB   	30 minutes ago
sudif4vz3b89okfk5n86we1j5               	true 	86.05kB   	30 minutes ago
s02y0r2htkk3ljc0qr1hs5had               	true 	1.037MB   	30 minutes ago
0dfpke8vz2endnh7p91w46fri               	true 	590.8kB   	30 minutes ago
rm2qjrxk4r52qkpyezo4p6vkg               	true 	12.32kB   	30 minutes ago
uvuorvwjfs4c3mof0tjtuj4mf               	true 	2.122MB   	30 minutes ago
2d0g8llqowgazo2232cep8xwx               	true 	306.8kB   	30 minutes ago
qlapta69lz9j2am7xblve7jqd               	true 	12.32kB   	30 minutes ago
49i0qjzorfbr617qebu1e0xhd               	true 	8.398MB   	30 minutes ago
yrfo0nm9846q44agm2csnhpg8               	true 	53.49kB   	30 minutes ago
y8rx5qj04gaqbtr9knx5c5p4o               	true 	7.289MB   	30 minutes ago
yhpjs748rns7ip33dbgo1p28z               	true 	1.534MB   	30 minutes ago
zyn6t9tixb0aiycry6hts5ki8               	true 	4.498MB   	30 minutes ago
3lsdi1ms4u6xuslbbb28xoh4i               	true 	12.32kB   	30 minutes ago
avlr9s1foipx1jnzc8qa4xcx6               	true 	4.903MB   	30 minutes ago
5xok103kth37dgph2376w4sbu               	true 	942.1kB   	30 minutes ago
cplojsioypdpfkgqz4w3fbpnv               	true 	283.1kB   	30 minutes ago
mguo6e8cs930kb87epfx8qtg2               	true 	75.08MB   	30 minutes ago
2tp1w8eboknyth1iflh3bcypn               	true 	4.124MB   	30 minutes ago
wypjrar0ei4t9guo7bl3r8yys               	true 	815.2kB   	30 minutes ago
qaab51ibbqry6vzsw05y8os8l               	true 	395.6MB   	30 minutes ago
px6t3isufh7ifx7xcjbw6ump6               	true 	392.5MB   	30 minutes ago
j4nz3ebafwaf4w4to423ig3ao               	true 	147.8MB   	30 minutes ago
8lnhbu38z3t3wym7hqqbhgagl               	true 	33.28kB   	30 minutes ago
h165rvreabbzvn4vh3i1g05yi               	true 	33.28kB   	30 minutes ago
ridj7kp7q0xue47z75rrh65x9               	true 	29.17kB   	30 minutes ago
9ycw9s3jqqhm74h7ouj2mlosr               	true 	59.58MB   	30 minutes ago
kalp0rfe87i56ygz2zwiaqpiz               	true 	446.8MB   	30 minutes ago
nr7bp47zymejhsabgisfrk2xt               	true 	9.373GB   	30 minutes ago
fdxovl8zqfslnlxmae03677dv               	true 	12.46kB   	30 minutes ago
sw2hn1lbc7urnaxbll6nyegjb               	true 	101.2MB   	30 minutes ago
4gygv6gzp7vkvmzappyv9jyal               	true 	646.7kB   	30 minutes ago
xfzdrze54n76pjc0cne08nenz               	true 	413.7kB   	30 minutes ago
ya30dmfn2nw1fs4vq00q9zkyi               	true 	20.65kB   	30 minutes ago
n27z8w5cxhntswqrhphlq6a5b               	true 	389.1kB   	30 minutes ago
uzel1zzof67qtb594bf5zggde               	true 	20.83kB   	30 minutes ago
2f7dwmohnrnjg41oeac3y6o1v               	true 	29.04kB   	30 minutes ago
y4n9j4nqy9lf5shaybpr41x8y               	true 	28.99kB   	30 minutes ago
Total:	13.95GB
