+++ --- Making target/sonic-vs.bin --- +++
./scripts/run_with_retry make BLDENV=trixie -f Makefile.work target/sonic-vs.bin
make[1]: Entering directory '/data/sonic/sonic-dzf-time-measure'
sudo: A terminal is required to authenticate
"SECURE_UPGRADE_PROD_SIGNING_TOOL": ""
/data/sonic/sonic-dzf-time-measure/src/sonic-build-hooks /data/sonic/sonic-dzf-time-measure
make[2]: Entering directory '/data/sonic/sonic-dzf-time-measure/src/sonic-build-hooks'
dpkg-deb: warning: root directory tmp/sonic-build-hooks has unusual owner or group 17388989:983
dpkg-deb: hint: you might need to pass --root-owner-group, see <https://wiki.debian.org/Teams/Dpkg/RootlessBuilds> for further details
dpkg-deb: warning: ignoring 1 warning about the control file(s)
dpkg-deb: building package 'sonic-build-hooks' in 'buildinfo/sonic-build-hooks_1.0_all.deb'.
make[2]: Leaving directory '/data/sonic/sonic-dzf-time-measure/src/sonic-build-hooks'
/data/sonic/sonic-dzf-time-measure
Checking sonic-slave-base image: sonic-slave-trixie:ca17477b760
Checking sonic-slave-user image: sonic-slave-trixie-qiuying.xzc:0e69d80ab15
SONiC Build System

Build Configuration
"CONFIGURED_PLATFORM"             : "vs"
"CONFIGURED_ARCH"                 : "amd64"
"SONIC_CONFIG_PRINT_DEPENDENCIES" : ""
"SONIC_BUILD_JOBS"                : "8"
"SONIC_CONFIG_MAKE_JOBS"          : "192"
"USE_NATIVE_DOCKERD_FOR_BUILD"    : ""
"USE_DOCKER_CACHE"               : ""
"SONIC_CONFIG_USE_CCACHE"         : "n"
"USERNAME"                        : "admin"
"PASSWORD"                        : "YourPaSsWoRd"
"CHANGE_DEFAULT_PASSWORD"         : "n"
"SECURE_UPGRADE_MODE"             : "no_sign"
"SECURE_UPGRADE_DEV_SIGNING_KEY"  : ""
"SECURE_UPGRADE_SIGNING_CERT"     : ""
"SECURE_UPGRADE_KERNEL_CAFILE"    : ""
"SECURE_UPGRADE_PROD_SIGNING_TOOL": ""
"SECURE_UPGRADE_PROD_TOOL_ARGS"   : ""
"ONIE_IMAGE_PART_SIZE"            : ""
"SHUTDOWN_BGP_ON_START"           : ""
"ENABLE_PFCWD_ON_START"           : ""
"SONIC_BUFFER_MODEL"              : ""
"INSTALL_DEBUG_TOOLS"             : ""
"ROUTING_STACK"                   : "frr"
"FRR_USER_UID"                    : "300"
"FRR_USER_GID"                    : "300"
"ENABLE_FRR_TCMALLOC"             : "y"
"ENABLE_SYNCD_RPC"                : ""
"SAITHRIFT_V2"                    : ""
"ENABLE_ORGANIZATION_EXTENSIONS"  : "y"
"HTTP_PROXY"                      : "http://11.161.18.240:3128"
"HTTPS_PROXY"                     : "http://11.161.18.240:3128"
"NO_PROXY"                        : ""
"ENABLE_ZTP"                      : ""
"INCLUDE_PDE"                     : ""
"SONIC_DEBUGGING_ON"              : ""
"SONIC_PROFILING_ON"              : ""
"KERNEL_PROCURE_METHOD"           : "build"
"BUILD_TIMESTAMP"                 : "20260906.002323"
"BUILD_LOG_TIMESTAMP"             : "none"
"SONIC_IMAGE_VERSION"             : "master.0-dirty-20260906.002323"
"BLDENV"                          : "trixie"
"VS_PREPARE_MEM"                  : "yes"
"INCLUDE_MGMT_FRAMEWORK"          : "y"
"INCLUDE_ICCPD"                   : "n"
"INCLUDE_STP"                     : ""
"INCLUDE_SYSTEM_TELEMETRY"        : "n"
"INCLUDE_SYSTEM_GNMI"             : "y"
"INCLUDE_SYSTEM_BMP"              : "y"
"INCLUDE_SYSTEM_OTEL"             : "y"
"INCLUDE_SYSTEM_EVENTD"           : "y"
"ENABLE_HOST_SERVICE_ON_START"    : "y"
"INCLUDE_RESTAPI"                 : "n"
"INCLUDE_SFLOW"                   : "y"
"INCLUDE_NAT"                     : "y"
"INCLUDE_DHCP_RELAY"              : "y"
"INCLUDE_DHCP_SERVER"             : "n"
"INCLUDE_P4RT"                    : "n"
"INCLUDE_VS_DASH_SAI"             : "y"
"INCLUDE_KUBERNETES"              : "n"
"INCLUDE_KUBERNETES_MASTER"       : "n"
"INCLUDE_MACSEC"                  : "y"
"INCLUDE_MUX"                     : "y"
"INCLUDE_TEAMD"                   : "y"
"INCLUDE_DASH_HA"                 : "y"
"INCLUDE_ROUTER_ADVERTISER"       : "y"
"INCLUDE_SNMP"                    : "y"
"INCLUDE_LLDP"                    : "y"
"INCLUDE_BOOTCHART                : "y"
"ENABLE_BOOTCHART                 : "n"
"INCLUDE_FIPS"                    : "y"
"ENABLE_TRANSLIB_WRITE"           : ""
"ENABLE_NATIVE_WRITE"             : "y"
"ENABLE_DIALOUT"                  : ""
"ENABLE_AUTO_TECH_SUPPORT"        : "y"
"PDDF_SUPPORT"                    : "y"
"MULTIARCH_QEMU_ENVIRON"          : "n"
"SONIC_VERSION_CONTROL_COMPONENTS": "py2,py3,web,git,docker"
"ENABLE_ASAN"                     : "n"
"DEFAULT_CONTAINER_REGISTRY"      : "publicmirror.azurecr.io/"
"BUILD_MULTIASIC_KVM"             : "n"
"CROSS_BUILD_ENVIRON"             : "n"
"INCLUDE_EXTERNAL_PATCHES"        : "n"
"PTF_ENV_PY_VER"                  : "py3"
"ENABLE_MULTIDB"                  : ""
"ENABLE_SBOM"                     : "n"
"SBOM_FORMAT"                     : "both"
"SBOM_SCAN_TOOL"                  : "syft"
"SBOM_INCLUDE_LICENSES"           : "y"
"SBOM_STRICT"                     : "y"

"SONIC_DPKG_CACHE_METHOD"         : "none"

[ building ] [ target/debs/trixie/systemd-sonic-generator_1.0.0_amd64.deb ] 
[ building ] [ target/debs/trixie/sonic-platform-vs_1.0_amd64.deb ] 
[ building ] [ target/debs/trixie/initramfs-tools_0.142_all.deb ] 
[ building ] [ target/debs/trixie/linux-headers-6.12.41+deb13-common-sonic_6.12.41-1_all.deb ] 
[ building ] [ target/debs/trixie/sonic-device-data_1.0-1_all.deb ] 
[ building ] [ target/debs/trixie/ifupdown2_3.0.0-1_all.deb ] 
[ building ] [ target/debs/trixie/makedumpfile_1.7.7-1_amd64.deb ] 
[ building ] [ target/debs/trixie/kdump-tools_1.10.7_amd64.deb ] 
[ finished ] [ target/debs/trixie/initramfs-tools_0.142_all.deb ] 
[ building ] [ target/debs/trixie/libpam-radius-auth_1.4.1-1_amd64.deb ] 
[ finished ] [ target/debs/trixie/sonic-platform-vs_1.0_amd64.deb ] 
[ building ] [ target/debs/trixie/libnss-radius_1.0.1-1_amd64.deb ] 
[ finished ] [ target/debs/trixie/libnss-radius_1.0.1-1_amd64.deb ] 
[ building ] [ target/debs/trixie/libtac2_1.4.1-1_amd64.deb ] 
[ finished ] [ target/debs/trixie/makedumpfile_1.7.7-1_amd64.deb ] 
[ finished ] [ target/debs/trixie/kdump-tools_1.10.7_amd64.deb ] 
[ finished ] [ target/debs/trixie/ifupdown2_3.0.0-1_all.deb ] 
[ building ] [ target/debs/trixie/monit_5.34.3-1_amd64.deb ] 
[ building ] [ target/debs/trixie/libnl-3-200_3.7.0-0.2+b1sonic1_amd64.deb ] 
[ building ] [ target/debs/trixie/libyang3_3.12.2-1_amd64.deb ] 
[ finished ] [ target/debs/trixie/systemd-sonic-generator_1.0.0_amd64.deb ] 
[ building ] [ target/debs/trixie/sonic-nettools_0.0.1-0_amd64.deb ] 
[ finished ] [ target/debs/trixie/libtac2_1.4.1-1_amd64.deb ] 
[ building ] [ target/python-wheels/trixie/redis_dump_load-1.1-py3-none-any.whl ] 
[ finished ] [ target/python-wheels/trixie/redis_dump_load-1.1-py3-none-any.whl ] 
[ building ] [ target/debs/trixie/sonic-host-services-data_1.0-1_all.deb ] 
[ finished ] [ target/debs/trixie/sonic-host-services-data_1.0-1_all.deb ] 
[ building ] [ target/debs/trixie/socat_1.7.4.1-3_amd64.deb ] 
[ finished ] [ target/debs/trixie/libyang3_3.12.2-1_amd64.deb ] 
[ building ] [ target/debs/trixie/bash_5.2.37-2_amd64.deb ] 
[ finished ] [ target/debs/trixie/libnl-3-200_3.7.0-0.2+b1sonic1_amd64.deb ] 
[ building ] [ target/debs/trixie/libtac2_1.4.1-1_amd64.deb-install ] 
[ finished ] [ target/debs/trixie/libtac2_1.4.1-1_amd64.deb-install ] 
[ building ] [ target/debs/trixie/libnl-3-200_3.7.0-0.2+b1sonic1_amd64.deb-install ] 
[ finished ] [ target/debs/trixie/libnl-3-200_3.7.0-0.2+b1sonic1_amd64.deb-install ] 
[ building ] [ target/debs/trixie/libyang3_3.12.2-1_amd64.deb-install ] 
[ finished ] [ target/debs/trixie/libyang3_3.12.2-1_amd64.deb-install ] 
[ building ] [ target/debs/trixie/sedutil_1.15-5ad84d8_amd64.deb ] 
[ finished ] [ target/debs/trixie/sedutil_1.15-5ad84d8_amd64.deb ] 
[ building ] [ target/debs/trixie/grub2-common_2.06-13+deb13u1_amd64.deb ] 
[ finished ] [ target/debs/trixie/libpam-radius-auth_1.4.1-1_amd64.deb ] 
[ building ] [ target/files/trixie/swss_vars.j2 ] 
[ finished ] [ target/files/trixie/swss_vars.j2 ] 
[ building ] [ target/files/trixie/rsyslog_plugin.conf.j2 ] 
[ finished ] [ target/files/trixie/rsyslog_plugin.conf.j2 ] 
[ building ] [ target/files/trixie/container ] 
[ finished ] [ target/files/trixie/container ] 
[ building ] [ target/files/trixie/readiness_probe.sh ] 
[ finished ] [ target/files/trixie/readiness_probe.sh ] 
[ building ] [ target/files/trixie/container_startup.py ] 
[ finished ] [ target/files/trixie/container_startup.py ] 
[ building ] [ target/python-wheels/trixie/redis_dump_load-1.1-py3-none-any.whl-install ] 
[ finished ] [ target/python-wheels/trixie/redis_dump_load-1.1-py3-none-any.whl-install ] 
[ building ] [ target/debs/trixie/iproute2_6.15.0-1+sonic.0_amd64.deb ] 
[ finished ] [ target/debs/trixie/socat_1.7.4.1-3_amd64.deb ] 
[ finished ] [ target/debs/trixie/sonic-nettools_0.0.1-0_amd64.deb ] 
[ finished ] [ target/debs/trixie/monit_5.34.3-1_amd64.deb ] 
[ building ] [ target/debs/trixie/symcrypt-openssl_1.9.4_amd64.deb ] 
[ building ] [ target/debs/trixie/p4lang-pi_0.1.1-1_amd64.deb ] 
[ building ] [ target/debs/trixie/libnexthopgroup_1.0.0_amd64.deb ] 
[ finished ] [ target/debs/trixie/iproute2_6.15.0-1+sonic.0_amd64.deb ] 
[ finished ] [ target/debs/trixie/libnexthopgroup_1.0.0_amd64.deb ] 
[ finished ] [ target/debs/trixie/symcrypt-openssl_1.9.4_amd64.deb ] 
[ building ] [ target/debs/trixie/libdashapi_1.0.0_amd64.deb ] 
[ building ] [ target/files/trixie/90-sonic.conf ] 
[ finished ] [ target/files/trixie/90-sonic.conf ] 
[ building ] [ target/files/trixie/update_chassisdb_config ] 
[ finished ] [ target/files/trixie/update_chassisdb_config ] 
[ building ] [ target/debs/trixie/libnexthopgroup_1.0.0_amd64.deb-install ] 
[ finished ] [ target/debs/trixie/libnexthopgroup_1.0.0_amd64.deb-install ] 
[ building ] [ target/files/trixie/container_checker ] 
[ finished ] [ target/files/trixie/container_checker ] 
[ building ] [ target/files/trixie/gnmi.sh ] 
[ finished ] [ target/files/trixie/gnmi.sh ] 
[ building ] [ target/files/trixie/k8s_pod_control.sh ] 
[ finished ] [ target/files/trixie/k8s_pod_control.sh ] 
[ building ] [ target/debs/trixie/lldpd_1.0.16-1+deb12u1_amd64.deb ] 
[ building ] [ target/files/trixie/arp_update ] 
[ finished ] [ target/files/trixie/arp_update ] 
[ building ] [ target/files/trixie/arp_update_vars.j2 ] 
[ finished ] [ target/files/trixie/arp_update_vars.j2 ] 
[ building ] [ target/python-wheels/trixie/scapy-2.6.1.dev0-py3-none-any.whl ] 
[ finished ] [ target/debs/trixie/bash_5.2.37-2_amd64.deb ] 
[ finished ] [ target/python-wheels/trixie/scapy-2.6.1.dev0-py3-none-any.whl ] 
[ building ] [ target/debs/trixie/lm-sensors_3.6.0-7.1_amd64.deb ] 
[ finished ] [ target/debs/trixie/sonic-device-data_1.0-1_all.deb ] 
[ building ] [ target/python-wheels/trixie/sonic_platform_pddf_common-1.0-py3-none-any.whl ] 
[ building ] [ target/files/trixie/restapi.sh ] 
[ finished ] [ target/files/trixie/restapi.sh ] 
[ building ] [ target/debs/trixie/hsflowd_2.0.51-26_amd64.deb ] 
[ finished ] [ target/debs/trixie/lm-sensors_3.6.0-7.1_amd64.deb ] 
[ building ] [ target/debs/trixie/sflowtool_5.04_amd64.deb ] 
[ finished ] [ target/python-wheels/trixie/sonic_platform_pddf_common-1.0-py3-none-any.whl ] 
[ building ] [ target/debs/trixie/psample_1.1-1_amd64.deb ] 
[ finished ] [ target/debs/trixie/grub2-common_2.06-13+deb13u1_amd64.deb ] 
[ FAIL LOG START ] [ target/debs/trixie/grub2-common_2.06-13+deb13u1_amd64.deb ]
Build start time: Sat Sep 5 16:24:15 UTC 2026
[ REASON ] :      target/debs/trixie/grub2-common_2.06-13+deb13u1_amd64.deb does not exist  
[ FLAGS  FILE    ] : [] 
[ FLAGS  DEPENDS ] : [] 
[ FLAGS  DIFF    ] : [] 
make[1]: Entering directory '/sonic/src/grub2'
make[1]: warning: -j192 forced in submake: resetting jobserver mode.
# Get grub2 debian packaging
export
rm -rf ./grub2
git clone https://salsa.debian.org/grub-team/grub.git ./grub2
pushd ./grub2
git checkout debian/2.06-13+deb13u1
git checkout -b stg_temp.20260905.162416
stg init
stg import -s ../patch/series
# Build packages
# Unset the MAKEFLAGS and MFLAGS variables to remove the jobserver information
# from the environment variable. Without this, the GRUB targets that Debian
# tries to build will get built in parallel, which will cause issues.
# (Parallelism is limited to compilation within a target, but not multiple
# targets being built at the same time.)
unset MAKEFLAGS MFLAGS
dpkg-buildpackage -b -us -uc -j192 --admindir /sonic/dpkg/tmp.OzNJ1lMOLT
popd
mv grub-efi_2.06-13+deb13u1_amd64.deb grub-common_2.06-13+deb13u1_amd64.deb grub-pc-bin_2.06-13+deb13u1_amd64.deb grub-efi-amd64_2.06-13+deb13u1_amd64.deb grub-efi-amd64-bin_2.06-13+deb13u1_amd64.deb grub2-common_2.06-13+deb13u1_amd64.deb /sonic/target/debs/trixie/
declare -x AUDISP_TACPLUS_VERSION="1.0.2"
declare -x BASH_DBG="bash-dbgsym_5.2.37-2_amd64.deb"
declare -x BASH_TACPLUS_VERSION="1.0.0"
declare -x BASH_VERSION_FULL="5.2.37-2"
declare -x BASH_VERSION_MAJOR="5.2.37"
declare -x BLDENV="trixie"
declare -x BUILD_HOSTNAME="alinos-oncall215192149218.na131"
declare -x BUILD_LOG_TIMESTAMP=""
declare -x BUILD_MULTIASIC_KVM="n"
declare -x BUILD_NUMBER=""
declare -x BUILD_PACKAGES_URL="https://packages.trafficmanager.net/packages"
declare -x BUILD_PROCESS_TIMEOUT="0"
declare -x BUILD_PUBLIC_URL="https://packages.trafficmanager.net/public"
declare -x BUILD_SKIP_TEST="y"
declare -x BUILD_SNAPSHOT_URL="http://packages.trafficmanager.net/snapshot"
declare -x BUILD_TIMESTAMP="20260906.002323"
declare -x BUILD_WORKDIR="/sonic"
declare -x CARGO_HOME="/cargo-home"
declare -x CHANGE_DEFAULT_PASSWORD="n"
declare -x CONFIGURED_ARCH="amd64"
declare -x CONFIGURED_PLATFORM="vs"
declare -x CROSS_BUILD_ENVIRON="n"
declare -x DASH_SAI_COMMIT="d5c003dd7774c2b43f275c0233acc73a0ea28d2f"
declare -x DASH_SAI_VERSION="1.0.0"
declare -x DEBIAN_FRONTEND="noninteractive"
declare -x DEB_BUILD_OPTIONS="nocheck"
declare -x DEFAULT_CONTAINER_REGISTRY="publicmirror.azurecr.io/"
declare -x DEST="/sonic/target/debs/trixie"
declare -x DISTRO="trixie"
declare -x DOCKER_BASE_ARCH="amd64"
declare -x DOCKER_LOCKDIR="/tmp/docklock"
declare -x DOCKER_LOCKFILE_SAVE="/tmp/docklock/docker_save.lock"
declare -x DOCKER_USERNAME="sonic"
declare -x DOCKER_USERTAG="latest"
declare -x ENABLE_ASAN="n"
declare -x ENABLE_AUTO_TECH_SUPPORT="y"
declare -x ENABLE_DIALOUT=""
declare -x ENABLE_FIPS="n"
declare -x ENABLE_FRR_SNMP_AGENT="y"
declare -x ENABLE_FRR_TCMALLOC="y"
declare -x ENABLE_HOST_SERVICE_ON_START="y"
declare -x ENABLE_MULTIDB=""
declare -x ENABLE_NATIVE_WRITE="y"
declare -x ENABLE_SBOM="n"
declare -x ENABLE_SFLOW_DROPMON=""
declare -x ENABLE_SOURCE_ARCHIVE="n"
declare -x ENABLE_TRANSLIB_WRITE=""
declare -x ENABLE_VRF_STRICT=""
declare -x ENABLE_ZTP=""
declare -x EXTERNAL_KERNEL_PATCH_LOC=""
declare -x EXTERNAL_KERNEL_PATCH_URL=""
declare -x EXTRA_DOCKER_TARGETS=""
declare -x FANCONTROL="fancontrol_3.6.0-7.1_all.deb"
declare -x FILES_PATH="target/files/trixie"
declare -x FLASHROM="flashrom_0.9.7_amd64.deb"
declare -x FLASHROM_DBG="flashrom-dbgsym_0.9.7_amd64.deb"
declare -x FLASHROM_VERSION_FULL="0.9.7"
declare -x FRR="frr_10.5.4-sonic-0_amd64.deb"
declare -x FRR_DBG="frr-dbgsym_10.5.4-sonic-0_amd64.deb"
declare -x FRR_PYTHONTOOLS="frr-pythontools_10.5.4-sonic-0_all.deb"
declare -x FRR_SNMP="frr-snmp_10.5.4-sonic-0_amd64.deb"
declare -x FRR_SNMP_DBG="frr-snmp-dbgsym_10.5.4-sonic-0_amd64.deb"
declare -x FRR_SUBVERSION="0"
declare -x FRR_TAG="frr-10.5.4"
declare -x FRR_USER_GID="300"
declare -x FRR_USER_UID="300"
declare -x FRR_VERSION="10.5.4"
declare -x GOPROXY="https://goproxy.cn,direct"
declare -x GRUB2_VERSION="2.06-13+deb13u1"
declare -x HOME="/var/qiuying.xzc"
declare -x HOSTNAME="8dd951064057"
declare -x HSFLOWD="hsflowd_2.0.51-26_amd64.deb"
declare -x HSFLOWD_DBG="hsflowd-dbgsym_2.0.51-26_amd64.deb"
declare -x HSFLOWD_SUBVERSION="26"
declare -x HSFLOWD_VERSION="2.0.51"
declare -x HTTPS_PROXY="http://11.161.18.240:3128"
declare -x HTTP_PROXY="http://11.161.18.240:3128"
declare -x IFUPDOWN2="ifupdown2_3.0.0-1_all.deb"
declare -x IFUPDOWN2_SHA256="55ded1c60f720c81a5d4b5feeb48d893fd3f29d4ad0fe7d9cec508fe84b5f1b8"
declare -x IFUPDOWN2_VERSION="3.0.0-1"
declare -x IMAGENAME="sonic-slave-trixie"
declare -x IMAGE_DISTRO="trixie"
declare -x IMAGE_DISTRO_DEBS_PATH="target/debs/trixie"
declare -x INCLUDE_DHCP_RELAY="y"
declare -x INCLUDE_DHCP_SERVER="n"
declare -x INCLUDE_EXTERNAL_PATCHES="n"
declare -x INCLUDE_FIPS="y"
declare -x INCLUDE_ICCPD="n"
declare -x INCLUDE_KUBERNETES="n"
declare -x INCLUDE_KUBERNETES_MASTER="n"
declare -x INCLUDE_MACSEC="y"
declare -x INCLUDE_PDE=""
declare -x INCLUDE_STP=""
declare -x INITRAMFS_TOOLS_VERSION="0.142"
declare -x INSHOOKS="y"
declare -x IPROUTE2="iproute2_6.15.0-1+sonic.0_amd64.deb"
declare -x IPROUTE2_DBG="iproute2-dbgsym_6.15.0-1+sonic.0_amd64.deb"
declare -x IPROUTE2_DEBIAN_VERSION="6.15.0-1"
declare -x IPROUTE2_VERSION_BASE="6.15.0"
declare -x IPROUTE2_VERSION_FULL="6.15.0-1+sonic.0"
declare -x IPTABLES="iptables_1.8.9-2_amd64.deb"
declare -x IPTABLES_VERSION="1.8.9"
declare -x IPTABLES_VERSION_FULL="1.8.9-2"
declare -x ISC_DHCP_RELAY="isc-dhcp-relay_4.4.3-P1-2_amd64.deb"
declare -x ISC_DHCP_RELAY_DBG="isc-dhcp-relay-dbgsym_4.4.3-P1-2_amd64.deb"
declare -x ISC_DHCP_VERSION="4.4.3-P1"
declare -x ISC_DHCP_VERSION_FULL="4.4.3-P1-2"
declare -x IXGBE_DRIVER_VERSION="5.2.4"
declare -x K8s_GCR_IO_PAUSE_VERSION="3.5"
declare -x KDUMP_TOOLS="kdump-tools_1.10.7_amd64.deb"
declare -x KDUMP_TOOLS_VERSION="1.10.7"
declare -x KDUMP_TOOLS_VERSION_BASE=""
declare -x KERNEL_ABISUFFIX="+deb13"
declare -x KERNEL_FEATURESET="sonic"
declare -x KERNEL_PROCURE_METHOD=""
declare -x KERNEL_SUBVERSION="1"
declare -x KERNEL_VERSION="6.12.41"
declare -x KUBERNETES_CNI_VERSION="0.8.7-00"
declare -x KUBERNETES_CRI_TOOLS_VERSION="1.26.0-00"
declare -x KUBERNETES_VERSION="1.22.2-00"
declare -x KVERSION="6.12.41+deb13-sonic-amd64"
declare -x KVERSION_SHORT="6.12.41+deb13-sonic"
declare -x LIBLLDPCTL="liblldpctl-dev_1.0.16-1+deb12u1_amd64.deb"
declare -x LIBNL3_VERSION="3.7.0-0.2"
declare -x LIBNL3_VERSION_BASE="3.7.0"
declare -x LIBNL3_VERSION_SONIC="3.7.0-0.2+b1sonic1"
declare -x LIBSENSORS="libsensors5_3.6.0-7.1_amd64.deb"
declare -x LIBSENSORS_DBG="libsensors5-dbgsym_3.6.0-7.1_amd64.deb"
declare -x LIBTEAM_VERSION="1.31"
declare -x LIBTEAM_VERSION_FULL="1.31-1"
declare -x LIBYANG3="libyang3_3.12.2-1_amd64.deb"
declare -x LIBYANG3_DBG="libyang3-dbgsym_3.12.2-1_amd64.deb"
declare -x LIBYANG3_DEV="libyang-dev_3.12.2-1_amd64.deb"
declare -x LIBYANG3_FULLVERSION="3.12.2-1"
declare -x LIBYANG3_PY3="python3-libyang_3.1.0-1_amd64.deb"
declare -x LIBYANG3_PY3_FULLVERSION="3.1.0-1"
declare -x LIBYANG3_PY3_SUBVERSION="1"
declare -x LIBYANG3_PY3_VERSION="3.1.0"
declare -x LIBYANG3_SUBVERSION="1"
declare -x LIBYANG3_TOOLS="libyang3-tools_3.12.2-1_amd64.deb"
declare -x LIBYANG3_TOOLS_DBG="libyang3-tools-dbgsym_3.12.2-1_amd64.deb"
declare -x LIBYANG3_VERSION="3.12.2"
declare -x LLDPD="lldpd_1.0.16-1+deb12u1_amd64.deb"
declare -x LLDPD_DBG="lldpd-dbgsym_1.0.16-1+deb12u1_amd64.deb"
declare -x LLDPD_VERSION="1.0.16"
declare -x LLDPD_VERSION_FULL="1.0.16-1+deb12u1"
declare -x LM_SENSORS="lm-sensors_3.6.0-7.1_amd64.deb"
declare -x LM_SENSORS_DBG="lm-sensors-dbgsym_3.6.0-7.1_amd64.deb"
declare -x LM_SENSORS_VERSION="3.6.0"
declare -x LM_SENSORS_VERSION_FULL="3.6.0-7.1"
declare -x MAKEDUMPFILE="makedumpfile_1.7.7-1_amd64.deb"
declare -x MAKEDUMPFILE_DEB_REVISION="1"
declare -x MAKEDUMPFILE_VERSION="1.7.7"
declare -x MAKEFLAGS=$' -j192 --jobserver-auth=fifo:/tmp/GMfifo129806 -- DEST=/sonic/target/debs/trixie PLATFORM=vs PLATFORM_ARCH=amd64 MULTIARCH_QEMU_ENVIRON=n TARGET_BOOTLOADER=grub CROSS_BUILD_ENVIRON=n BUILD_NUMBER= BUILD_TIMESTAMP=20260906.002323 SONIC_IMAGE_VERSION= SLAVE_TAG=0e69d80ab15 ENABLE_ZTP= INCLUDE_PDE= SHUTDOWN_BGP_ON_START= INCLUDE_KUBERNETES=n KUBERNETES_VERSION=1.22.2-00 KUBERNETES_CNI_VERSION=0.8.7-00 KUBERNETES_CRI_TOOLS_VERSION=1.26.0-00 K8s_GCR_IO_PAUSE_VERSION=3.5 INCLUDE_KUBERNETES_MASTER=n SONIC_ENABLE_PFCWD_ON_START= SONIC_ENABLE_SYNCD_RPC= SONIC_INSTALL_DEBUG_TOOLS= SONIC_SAITHRIFT_V2= MDEBUG= PASSWORD= USERNAME= CHANGE_DEFAULT_PASSWORD=n SONIC_BUILD_JOBS=8 VS_PREPARE_MEM= KERNEL_PROCURE_METHOD= SONIC_DPKG_CACHE_METHOD=none SONIC_DPKG_CACHE_SOURCE=/var/cache/sonic/artifacts SONIC_DPKG_CACHE_METHOD_OVERRIDE= GOPROXY=https://goproxy.cn,direct HTTP_PROXY=http://11.161.18.240:3128 HTTPS_PROXY=http://11.161.18.240:3128 NO_PROXY= DOCKER_USERNAME=sonic DOCKER_USERTAG=latest DOCKER_LOCKDIR=/tmp/docklock DOCKER_LOCKFILE_SAVE=/tmp/docklock/docker_save.lock SONIC_CONFIG_USE_NATIVE_DOCKERD_FOR_BUILD= SONIC_CONFIG_USE_DOCKER_CACHE= SONIC_INCLUDE_SYSTEM_TELEMETRY=n SONIC_INCLUDE_SYSTEM_GNMI=y SONIC_INCLUDE_SYSTEM_BMP=y SONIC_INCLUDE_SYSTEM_EVENTD=y SONIC_INCLUDE_SYSTEM_OTEL=y INCLUDE_DHCP_RELAY=y INCLUDE_DHCP_SERVER=n INCLUDE_MACSEC=y INCLUDE_STP= INCLUDE_ICCPD=n SONIC_INCLUDE_RESTAPI=n SONIC_INCLUDE_MUX=y ENABLE_TRANSLIB_WRITE= ENABLE_NATIVE_WRITE=y ENABLE_DIALOUT= EXTRA_DOCKER_TARGETS= BUILD_LOG_TIMESTAMP= SONIC_ENABLE_IMAGE_SIGNATURE= SECURE_UPGRADE_MODE=no_sign SECURE_UPGRADE_DEV_SIGNING_KEY= SECURE_UPGRADE_SIGNING_CERT= SECURE_UPGRADE_KERNEL_CAFILE= SECURE_UPGRADE_PROD_SIGNING_TOOL= SONIC_DEFAULT_CONTAINER_REGISTRY=publicmirror.azurecr.io/ ENABLE_HOST_SERVICE_ON_START=y SLAVE_DIR=sonic-slave-trixie ENABLE_AUTO_TECH_SUPPORT=y BUILD_MULTIASIC_KVM=n ENABLE_ASAN=n SONIC_INCLUDE_BOOTCHART=y SONIC_ENABLE_BOOTCHART=n INCLUDE_FIPS=y ENABLE_FIPS=n SONIC_SLAVE_DOCKER_DRIVER=overlay2 MIRROR_URLS= MIRROR_SECURITY_URLS= MIRROR_SNAPSHOT=n BUILD_PUBLIC_URL=https://packages.trafficmanager.net/public BUILD_SNAPSHOT_URL=http://packages.trafficmanager.net/snapshot SONIC_VERSION_CONTROL_COMPONENTS=py2,py3,web,git,docker ONIE_IMAGE_PART_SIZE= SONIC_OS_VERSION=13 PIP_HTTP_TIMEOUT=60 BUILD_PROCESS_TIMEOUT=0 BUILD_SKIP_TEST=y SONIC_PTF_ENV_PY_VER=py3 ENABLE_MULTIDB= ENABLE_VRF_STRICT= ENABLE_FRR_TCMALLOC=y ENABLE_SBOM=n ENABLE_SOURCE_ARCHIVE=n SBOM_FORMAT=both SBOM_SCAN_TOOL=syft SBOM_INCLUDE_LICENSES=y SBOM_STRICT=y SOURCE_DATE_EPOCH=1788625403 Q=@ SONIC_VERSION_CACHE=cache SONIC_VERSION_CACHE_SOURCE=/data/sonic/\346\227\266\351\227\264\347\273\237\350\256\241/cache/20260901-233744/make-version-cache SONIC_BUILD_TARGET=target/sonic-vs.bin'
declare -x MAKELEVEL="2"
declare -x MDEBUG=""
declare -x MFLAGS="-j192 --jobserver-auth=fifo:/tmp/GMfifo129806"
declare -x MIRROR_SECURITY_URLS=""
declare -x MIRROR_SNAPSHOT="n"
declare -x MIRROR_URLS=""
declare -x MONIT_VERSION="5.34.3-1"
declare -x MPDECIMAL_VERSION="2.4.2"
declare -x MPDECIMAL_VERSION_FULL="2.4.2-2"
declare -x MULTIARCH_QEMU_ENVIRON="n"
declare -x NO_PROXY=""
declare -x NSS_RADIUS_VERSION="1.0.1-1"
declare -x NSS_TACPLUS_VERSION="1.0.4-1"
declare -x OLDPWD
declare -x ONIE_IMAGE_PART_SIZE=""
declare -x OPENSSH_VERSION="10.0p1"
declare -x OPENSSH_VERSION_FULL="10.0p1-7"
declare -x P4LANG_BMV2_VERSION="1.15.0"
declare -x P4LANG_BMV2_VERSION_FULL="1.15.0-9"
declare -x P4LANG_P4C_VERSION="1.2.4.2"
declare -x P4LANG_P4C_VERSION_FULL="1.2.4.2-2"
declare -x P4LANG_PI_VERSION="0.1.1"
declare -x P4LANG_PI_VERSION_FULL="0.1.1-1"
declare -x PAM_RADIUS_VERSION="1.4.1-1"
declare -x PAM_TACPLUS_VERSION="1.4.1-1"
declare -x PASSWORD=""
declare -x PATH="/usr/local/sbin:/usr/local/bin:/usr/sbin:/usr/bin:/sbin:/bin:/usr/.cargo/bin"
declare -x PDDF_PLATFORM_API_BASE_PY3="sonic_platform_pddf_common-1.0-py3-none-any.whl"
declare -x PDDF_PLATFORM_API_BASE_VERSION="1.0"
declare -x PDDF_PLATFORM_MODULE_VERSION="1.1"
declare -x PDDF_SUPPORT="y"
declare -x PIP_HTTP_TIMEOUT="60"
declare -x PLATFORM="vs"
declare -x PLATFORM_ARCH="amd64"
declare -x PROJECT_ROOT="/sonic"
declare -x PSAMPLE="psample_1.1-1_amd64.deb"
declare -x PSAMPLE_DBG="psample-dbgsym_1.1-1_amd64.deb"
declare -x PSAMPLE_SUBVERSION="1"
declare -x PSAMPLE_VERSION="1.1"
declare -x PTF_ENV_PY_VER="py3"
declare -x PWD="/sonic/src/grub2"
declare -x PYTHON_WHEELS_PATH="target/python-wheels/trixie"
declare -x Q="@"
declare -x RASDAEMON_VERSION="0.6.8-1"
declare -x RDB_CLI_VERSION_FULL="0.1"
declare -x RUSTUP_HOME="/usr/.cargo"
declare -x SBOM_FORMAT="both"
declare -x SBOM_INCLUDE_LICENSES="y"
declare -x SBOM_SCAN_TOOL="syft"
declare -x SBOM_STRICT="y"
declare -x SECURE_UPGRADE_DEV_SIGNING_KEY=""
declare -x SECURE_UPGRADE_KERNEL_CAFILE=""
declare -x SECURE_UPGRADE_MODE="no_sign"
declare -x SECURE_UPGRADE_PROD_SIGNING_TOOL=""
declare -x SECURE_UPGRADE_SIGNING_CERT=""
declare -x SEDUTIL="sedutil_1.15-5ad84d8_amd64.deb"
declare -x SEDUTIL_GITHUB_URL="https://github.com/ChubbyAnt/sedutil"
declare -x SEDUTIL_VERSION="1.15-5ad84d8"
declare -x SENSORD="sensord_3.6.0-7.1_amd64.deb"
declare -x SENSORD_DBG="sensord-dbgsym_3.6.0-7.1_amd64.deb"
declare -x SFLOWTOOL="sflowtool_5.04_amd64.deb"
declare -x SFLOWTOOL_VERSION="5.04"
declare -x SHLVL="3"
declare -x SHUTDOWN_BGP_ON_START=""
declare -x SLAVE_DIR="sonic-slave-trixie"
declare -x SLAVE_TAG="0e69d80ab15"
declare -x SOCAT_VERSION="1.7.4.1-3"
declare -x SONIC_BUILD_JOBS="8"
declare -x SONIC_BUILD_TARGET="target/sonic-vs.bin"
declare -x SONIC_CONFIG_MAKE_JOBS="192"
declare -x SONIC_CONFIG_USE_DOCKER_CACHE=""
declare -x SONIC_CONFIG_USE_NATIVE_DOCKERD_FOR_BUILD=""
declare -x SONIC_DEFAULT_CONTAINER_REGISTRY="publicmirror.azurecr.io/"
declare -x SONIC_DEVICE_DATA_VERSION="1.0"
declare -x SONIC_DEVICE_DATA_VERSION_FULL="1.0-1"
declare -x SONIC_DPKG_ADMINDIR="/sonic/dpkg/tmp.OzNJ1lMOLT"
declare -x SONIC_DPKG_CACHE_METHOD="none"
declare -x SONIC_DPKG_CACHE_METHOD_OVERRIDE=""
declare -x SONIC_DPKG_CACHE_SOURCE="/var/cache/sonic/artifacts"
declare -x SONIC_ENABLE_BOOTCHART="n"
declare -x SONIC_ENABLE_IMAGE_SIGNATURE=""
declare -x SONIC_ENABLE_PFCWD_ON_START=""
declare -x SONIC_ENABLE_SYNCD_RPC=""
declare -x SONIC_IMAGE_VERSION=""
declare -x SONIC_INCLUDE_BOOTCHART="y"
declare -x SONIC_INCLUDE_MUX="y"
declare -x SONIC_INCLUDE_RESTAPI="n"
declare -x SONIC_INCLUDE_SYSTEM_BMP="y"
declare -x SONIC_INCLUDE_SYSTEM_EVENTD="y"
declare -x SONIC_INCLUDE_SYSTEM_GNMI="y"
declare -x SONIC_INCLUDE_SYSTEM_OTEL="y"
declare -x SONIC_INCLUDE_SYSTEM_TELEMETRY="n"
declare -x SONIC_INSTALL_DEBUG_TOOLS=""
declare -x SONIC_LINKMGRD="sonic-linkmgrd_1.0.0-1_amd64.deb"
declare -x SONIC_LINKMGRD_DBG="sonic-linkmgrd-dbgsym_1.0.0-1_amd64.deb"
declare -x SONIC_LINKMGRD_PKG_NAME="linkmgrd"
declare -x SONIC_LINKMGRD_VERSION="1.0.0-1"
declare -x SONIC_NETTOOLS_VERSION="0.0.1-0"
declare -x SONIC_OS_VERSION="13"
declare -x SONIC_P4RT="sonic-p4rt_0.0.1_amd64.deb"
declare -x SONIC_P4RT_DBG="sonic-p4rt-dbgsym_0.0.1_amd64.deb"
declare -x SONIC_P4RT_VERSION="0.0.1"
declare -x SONIC_PTF_ENV_PY_VER="py3"
declare -x SONIC_REDFISH_SUBVERSION="1"
declare -x SONIC_REDFISH_VERSION="1.0.0"
declare -x SONIC_ROUTING_STACK="frr"
declare -x SONIC_SAITHRIFT_V2=""
declare -x SONIC_SLAVE_DOCKER_DRIVER="overlay2"
declare -x SONIC_VERSION_CACHE="cache"
declare -x SONIC_VERSION_CACHE_SOURCE=$'/data/sonic/\346\227\266\351\227\264\347\273\237\350\256\241/cache/20260901-233744/make-version-cache'
declare -x SONIC_VERSION_CONTROL_COMPONENTS="py2,py3,web,git,docker"
declare -x SONIC_YANG_MODELS_PY3="sonic_yang_models-1.0-py3-none-any.whl"
declare -x SONIC_ZTP="sonic-ztp_1.0.0_all.deb"
declare -x SONIC_ZTP_VERSION="1.0.0"
declare -x SOURCE_DATE_EPOCH="1788625403"
declare -x STP="stp_1.0.0_amd64.deb"
declare -x STP_VERSION="1.0.0"
declare -x SYSLOG_COUNTER_VERSION="1.0.0"
declare -x TARGET_BOOTLOADER="grub"
declare -x TRUSTED_GPG_URLS="https://packages.microsoft.com/keys/microsoft.asc"
declare -x USER="qiuying.xzc"
declare -x USERNAME=""
declare -x VS_PLATFORM_MODULE_VERSION="1.0"
declare -x VS_PREPARE_MEM=""
declare -x WPASUPPLICANT_VERSION="2.9.0-14"
declare -x _="/usr/bin/make"
declare -x http_proxy="http://11.161.18.240:3128"
declare -x https_proxy="http://11.161.18.240:3128"
declare -x kernel_procure_method="build"
declare -x no_proxy=""
declare -x pddf_platform_api_base_py3_wheel_path="\"target/python-wheels/trixie/sonic_platform_pddf_common-1.0-py3-none-any.whl\""
declare -x sonic_asic_platform="vs"
declare -x sonic_os_version="13"
declare -x sonic_supervisord_utilities_py3_wheel_path="\"target/python-wheels/trixie/sonic_supervisord_utilities-1.0-py3-none-any.whl\""
declare -x sonic_version="master.0-dirty-20260906.002323"
declare -x system_health_py3_wheel_path="\"target/python-wheels/trixie/system_health-1.0-py3-none-any.whl\""
declare -x vs_build_prepare_mem="yes"
Cloning into './grub2'...
error: RPC failed; curl 92 HTTP/2 stream 5 was not closed cleanly: CANCEL (err 8)
error: 57788 bytes of body are still expected
fetch-pack: unexpected disconnect while reading sideband packet
fatal: early EOF
fatal: fetch-pack: invalid index-pack output
make[1]: *** [Makefile:22: /sonic/target/debs/trixie/grub2-common_2.06-13+deb13u1_amd64.deb] Error 128
make[1]: Leaving directory '/sonic/src/grub2'
[  FAIL LOG END  ] [ target/debs/trixie/grub2-common_2.06-13+deb13u1_amd64.deb ]
[ finished ] [ target/debs/trixie/psample_1.1-1_amd64.deb ] 
[ finished ] [ target/debs/trixie/sflowtool_5.04_amd64.deb ] 
[ finished ] [ target/debs/trixie/lldpd_1.0.16-1+deb12u1_amd64.deb ] 
make: *** [slave.mk:919: target/debs/trixie/grub2-common_2.06-13+deb13u1_amd64.deb] Error 1
make: *** Waiting for unfinished jobs....
[ finished ] [ target/debs/trixie/libdashapi_1.0.0_amd64.deb ] 
[ finished ] [ target/debs/trixie/hsflowd_2.0.51-26_amd64.deb ] 
[ finished ] [ target/debs/trixie/p4lang-pi_0.1.1-1_amd64.deb ] 
[ finished ] [ target/debs/trixie/linux-headers-6.12.41+deb13-common-sonic_6.12.41-1_all.deb ] 
make[1]: *** [Makefile.work:751: target/sonic-vs.bin] Error 2
make[1]: Leaving directory '/data/sonic/sonic-dzf-time-measure'
make: *** [Makefile:50: target/sonic-vs.bin] Error 2
