ID						RECLAIMABLE	SIZE		LAST ACCESSED
0cbixd6pmbalwofvvs1mw1r4k*              	true 		340kB     	About a minute ago
jdih0atez2kge0gm97wawbsxc               	true 	208.9kB   	About a minute ago
17wir9x8yle9ugqn8pqdritxu*              	true 	24.58kB   	About a minute ago
i85yy3sye257afsb73n7pujxf*              	true 	4.096kB   	About a minute ago
nn37xkw9gdjbw1u0xyg4xfj18               	true 	10.26MB   	About a minute ago
2afvk37qa6sbh5iq359ge1ro7               	true 	106.5kB   	About a minute ago
nr3f9ymu0ds8t0gp8xi2ykb9p               	true 	24.58kB   	About a minute ago
yfhqhvjh5wrn9o3aomxg11whn               	true 	470MB     	About a minute ago
16hafephikhyofxgxuja5la3z               	true 	471kB     	About a minute ago
ubgtuyfen7s9qc6v7cjzi42yr               	true 	32.77kB   	About a minute ago
yqguvdry4ia75cxj4bvqklnyi               	true 	32.77kB   	About a minute ago
b6em48sxal1b8btl964y385hi               	true 	28.67kB   	About a minute ago
m19r70r0kt975ficunudi87i3               	true 	102.4kB   	About a minute ago
gz0isbylrt6jkuvxq0lgdkvx2               	true 	11.42MB   	About a minute ago
chevha6h4vislsss9lnryl3jz               	true 	124.5MB   	About a minute ago
m9ryng78c4kyz13uladblglir               	true 	5.571MB   	About a minute ago
dm1ehijm9lr5v4tyhoi58s1sg               	true 	14.11MB   	About a minute ago
m926j3d4qsslxezwxpvsgfi9z               	true 	62.62MB   	About a minute ago
uc12zdo07x3sag1cshe5c80cw               	true 	86.02kB   	About a minute ago
rb87kvxjhyyy3ksim2j05hb0y               	true 	86.02kB   	About a minute ago
juppysesve75nbwu92j0wun19               	true 	835.6kB   	About a minute ago
rgsgcbwfvrc7huacojzm86hky               	true 	409.6kB   	About a minute ago
yupws4aibwcro2v0igj9pm84c               	true 	12.29kB   	About a minute ago
tu7uqzlb763ygvtowvv3q09f6               	true 	1.569MB   	About a minute ago
qatwhezkg3ndujef2es078kaq               	true 	270.3kB   	About a minute ago
nd90ld55ftevbcth3mrng6fjc               	true 	12.29kB   	About a minute ago
3l4d262sqcdgcv2xyaqlwkmcb               	true 	6.414MB   	About a minute ago
kjw7tt7el78w3zmq70flkybkt               	true 	53.25kB   	About a minute ago
swuy9tsqarmz7acavv35mrvt6               	true 	5.599MB   	About a minute ago
5ziys5h16t7l4wsddnpugr14g               	true 	1.204MB   	About a minute ago
cuvggde4as4e2otqqo6j6ydbp               	true 	3.445MB   	About a minute ago
jlplqcl5ltvwt7phk935j0jer               	true 	12.29kB   	About a minute ago
85ngxzb5ey7sc2ldaq0jk7dat               	true 	3.924MB   	About a minute ago
kgzcwylultvcrwdj5n4ub9vau               	true 	684kB     	About a minute ago
5olu1u4kdqkc0tx3f09wavnok               	true 	249.9kB   	About a minute ago
ov15byxewx9tjawhfhqxr11i3               	true 	50.14MB   	About a minute ago
tzai1ftolxuvdf6n3m5lwuv2b               	true 	3.142MB   	About a minute ago
qaozktuoyb2i6wzbpqf8uyjy2               	true 	663.6kB   	About a minute ago
idpqun3yqapajgvkty79ibftv               	true 	314.5MB   	About a minute ago
669h2t8iozq3r528matz4svx8               	true 	310.4MB   	About a minute ago
jern28x6y6nstmcxeuiy83fu7               	true 	109.8MB   	About a minute ago
w3oo4hte26mm5o1fwgpm6vs17               	true 	32.77kB   	About a minute ago
sqvrzvi43q7ccon84ey897890               	true 	32.77kB   	About a minute ago
lp0lxlbyjjw1dp5ovynpgrj8h               	true 	28.67kB   	About a minute ago
t6h9cf7gqzeffeeufdffezsvi               	true 	50.1MB    	About a minute ago
07bsu9lboi0iwk0wdchfp0x1h               	true 	359.7MB   	About a minute ago
5qh5cmx44dhgwztjge7puy8lu               	true 	7.044GB   	About a minute ago
g5fpl6278r02rfqu64h7jy6n5               	true 	12.29kB   	About a minute ago
yaug3bqnxikurm6da1ixmy6w2               	true 	60.79MB   	About a minute ago
cf8ewfytdkt9ybsj98lcqlaia               	true 	565.2kB   	About a minute ago
jpv3pdihp6lv1p0ixb12l2czo               	true 	360.4kB   	About a minute ago
64g8wch5ls6d1qwwqnycimavd               	true 	20.48kB   	About a minute ago
rudzeq9tfokcpin9kf9k6k7kh               	true 	323.6kB   	About a minute ago
ujfrwqkz6ae7mddr9gnkbhm8w               	true 	20.48kB   	About a minute ago
vd9w6t0hbrsvbhay6nys7ujgn               	true 	28.67kB   	About a minute ago
36o9ya59wvf7zltjkizl5y2mg               	true 	28.67kB   	About a minute ago
n1w6o8obv3sw5ovt0dbo2pcs2               	true 	49.32MB   	About a minute ago
Total:	9.079GB
