ID						RECLAIMABLE	SIZE		LAST ACCESSED
rxamabcbtkdszngtxzcjosjrk*              	true 		8.192kB   	33 minutes ago
ztrso7hcwpu0u7i816g0k2iea*              	true 	4.096kB   	33 minutes ago
oqpn6s21r7m82lts9gzff7mw4*              	true 	8.192kB   	33 minutes ago
snnmrtwbezxmef4df5earc6xs               	true 	17.4kB    	33 minutes ago
vokzh20q2k2qt8pd6ohf7k126*              	true 	340kB     	33 minutes ago
qoqibtb4v5obph44gvu8j9mfa               	true 	24.87kB   	33 minutes ago
1u7fhuusv9dijywyes1kwdwwb               	true 	24.85kB   	33 minutes ago
ljtz1vdbrhtla9c88wu773zv1               	true 	29.5kB    	33 minutes ago
vx41cxcyudpgghannyxzl1e5g               	true 	60.43kB   	33 minutes ago
o0p395z2zr5hmyg26hjevlhil               	true 	29.5kB    	33 minutes ago
12nxxov085y55r0aibetkqyvw               	true 	8.271kB   	33 minutes ago
n6s01zxu3xwuqnay5rklu2757               	true 	23.67MB   	33 minutes ago
mw01fk0ddnsdamjpzcqe1upt9               	true 	162.1kB   	33 minutes ago
qk8bs07riz6kggdzdiyp30352               	true 	36.9kB    	33 minutes ago
lmto9aoref0vf9j6lzjht9534               	true 	30.01kB   	33 minutes ago
mc4q6r7e9ial4ol35nmw9a5v7               	true 	3.712MB   	33 minutes ago
xo4g7hcm268n2ifodrmx2frfg               	true 	26MB      	33 minutes ago
i993d0aw2wrc58qzmnvmb38sn               	true 	238.2MB   	33 minutes ago
ue2aq9zxtncx9psl8u0404mw0               	true 	1.636GB   	33 minutes ago
o8ftke0lrnq8jy2dhz9nbyz0o               	true 	9.916MB   	33 minutes ago
u9nlh8xyba86yl71dx0bg30f2               	true 	13.65MB   	33 minutes ago
6su2q42g9yzc1y85wn4aba5zq               	true 	328.2kB   	33 minutes ago
tpf05o0fmgl9156lscautly5j               	true 	222.7kB   	33 minutes ago
k49t7dyaaefyou2a7fkwa6t1y               	true 	12.08MB   	33 minutes ago
r7biawz29rp585mieqhmumlgv               	true 	111.7kB   	33 minutes ago
otq96kilfweiqlb4zsgpuy2go               	true 	25.17kB   	33 minutes ago
x7vpyj74smeiby8qghu8m6d0i               	true 	626.6MB   	33 minutes ago
nleazjoiuu0lsy2id32qo9y4g               	true 	540.3kB   	33 minutes ago
ywtsj6kb9529j8tts1vzfyfw6               	true 	33.08kB   	33 minutes ago
gk9ypkgnw6gi8g2xwdxpurzim               	true 	33.07kB   	33 minutes ago
xor2bh1685hyhjv02ybammx64               	true 	28.97kB   	33 minutes ago
qz7uynowqubhjxor5jfrb3wjm               	true 	105.8kB   	33 minutes ago
sqgtxbisp15mcnvfjwsb1h1u2               	true 	13.59MB   	33 minutes ago
t7up55y9dqjvphguns3ednlrt               	true 	210.8MB   	33 minutes ago
sa9c68ifij5dh2vlqnduz6vmj               	true 	6.368MB   	33 minutes ago
w4f46n8odkx9ljnafwroifhnp               	true 	17.3MB    	33 minutes ago
72iq0b3c3m898dkyuzx4url8f               	true 	79.61MB   	33 minutes ago
8kcgelm4beb0kn8mdcfsnduz3               	true 	86.05kB   	33 minutes ago
81xy7e056j2q1v6yt74k89e99               	true 	86.05kB   	33 minutes ago
3baak323jfpgd0npdrhw6cwuh               	true 	1.037MB   	33 minutes ago
itj3vm5ti8mk6k9cs492fstm5               	true 	590.8kB   	33 minutes ago
q5rskjvk98fdm5ebilub0sjzu               	true 	12.32kB   	33 minutes ago
fudsyxpmb73fxdf2qkt021omo               	true 	2.122MB   	33 minutes ago
p7gvwjhriolxy0t1uhqpur18o               	true 	306.7kB   	33 minutes ago
tk4qo3auhq7rhonbnb8cporon               	true 	12.32kB   	33 minutes ago
bwuygqhx6f3c7cyd3ie3xhb7h               	true 	8.398MB   	33 minutes ago
w9faoldow8qtt49g1m2ouxosn               	true 	53.49kB   	33 minutes ago
zjac10t2jabj2a7j79k49zfwm               	true 	7.289MB   	33 minutes ago
pg6ivlg5qc6dvrgz72y8n6ig9               	true 	1.534MB   	33 minutes ago
a2f1h3gzgm88n0qcchq4uveeu               	true 	4.498MB   	33 minutes ago
5n60mxd0ue8ldm11lyaodc67f               	true 	12.32kB   	33 minutes ago
f7djgj80e9gu8ulkumc5akv59               	true 	4.903MB   	33 minutes ago
mbuztgntfiet4wv34tpyugzm3               	true 	942.1kB   	33 minutes ago
roqj5vbz79swh2kx90axrn4yl               	true 	283.1kB   	33 minutes ago
s782bui5ap4xo8omos3qctfwi               	true 	75.08MB   	33 minutes ago
9mrasa6alxpr99vadcwodsg3q               	true 	4.124MB   	33 minutes ago
k86ej4k2hith3hspcbgi48bey               	true 	815.2kB   	33 minutes ago
2g0je46858xrs5ho8izax0qg9               	true 	395.6MB   	33 minutes ago
qbsn39lcvopij4w16fwqmahzt               	true 	392.5MB   	33 minutes ago
q7jqdxsdgljsp8qxw6rmp13cv               	true 	147.8MB   	33 minutes ago
49xspwjhadjf64nm2vk0eb9uu               	true 	33.28kB   	33 minutes ago
m7dgjv6jpkqwo6i8tutn5477f               	true 	33.28kB   	33 minutes ago
ybt8xzrp81a4377ktc18g5553               	true 	29.17kB   	33 minutes ago
c3m4v82vfkjteqpsdc5lkg6c4               	true 	59.58MB   	33 minutes ago
ug8s9rgiplf2a68mcolb6s0fb               	true 	446.8MB   	33 minutes ago
sra9r1ifpsaih923klbsfbzd0               	true 	9.373GB   	33 minutes ago
bbv0tsu5phhnspsk8cuw3j3k0               	true 	12.46kB   	33 minutes ago
nh5mtwc5w5cku17ieeaud9o5m               	true 	101.2MB   	33 minutes ago
imopewji3hwkhkzl18l04pbr5               	true 	646.7kB   	33 minutes ago
mupt78rdto7xg8s61a16rn36r               	true 	413.8kB   	33 minutes ago
mubvhmm9cqcjff1q9k8w643l0               	true 	20.65kB   	33 minutes ago
or9sx8euvy2rg5asr07oaxzut               	true 	389.1kB   	33 minutes ago
fxar6k818c3kti9lsa0danynp               	true 	20.83kB   	33 minutes ago
jfypdysj55fu8xript3lyqowx               	true 	29.04kB   	33 minutes ago
pextcdmvdlu8m64shtq5wg30f               	true 	29kB      	33 minutes ago
Total:	13.95GB
