ID						RECLAIMABLE	SIZE		LAST ACCESSED
gqr0yhjkh5p9yv6ci3pcggzv4*              	true 		8.192kB   	2 hours ago
j3pan0gq6ig1rkrfxjbznhl6u*              	true 	8.192kB   	2 hours ago
8tu3wwj7p4w3yl8e7p18899rf*              	true 	4.096kB   	2 hours ago
842qudtv3c98osqohbxvn94ea               	true 	17.4kB    	2 hours ago
6ve06fiaz305f710on3ii9udv*              	true 	340kB     	2 hours ago
bl7onvbp0e0nxbk4y6dfpyt0b               	true 	24.86kB   	2 hours ago
m2qi7t8wc5xws2rtp4uc5rfk6               	true 	24.84kB   	2 hours ago
0rs5wio3ge6i1qtj3ivenryxm               	true 	29.5kB    	2 hours ago
mjst4mh4jw777q5jd5yp3n3ep               	true 	60.43kB   	2 hours ago
1rbkl6c6zaisgtfyp51ech0oj               	true 	29.5kB    	2 hours ago
nuxrd5myhau9kgxfs5bfih7ag               	true 	8.271kB   	2 hours ago
tdgyi3mrnjtiaglkw6qn30anl               	true 	23.67MB   	2 hours ago
o16g6j68xavpgxdejkdzhkqlc               	true 	162.2kB   	2 hours ago
lg9xfxxoewisyzwdzfzp7a6hq               	true 	36.9kB    	2 hours ago
nxxiflbwy6z7xg13z44zxay7t               	true 	30.01kB   	2 hours ago
nrzgxjo5p0gmn1jjcepn05a0t               	true 	3.712MB   	2 hours ago
ygr7o6oy68i23sl4uz8egbe8b               	true 	26MB      	2 hours ago
08c4cdewkwefkcht03o4jb6lx               	true 	238.2MB   	2 hours ago
rs5wpgcdarx9ezr43dhbet8yk               	true 	1.636GB   	2 hours ago
qhvh7lax05h8hej01ve6sj3gi               	true 	9.916MB   	2 hours ago
f9wnyc2x99wosoz67zurdlfqa               	true 	13.65MB   	2 hours ago
qxbt96275i57jyf4co3a75th0               	true 	340.6kB   	2 hours ago
nz0yx4etz9oatzkk42qbzmq30               	true 	222.7kB   	2 hours ago
o8d3zlorblyb3n9sfxxlh9chp               	true 	12.08MB   	2 hours ago
1kb3zfmu8goku2vjkjf4zkt27               	true 	111.7kB   	2 hours ago
ripx6ymxxe15y591w2y2lw5bd               	true 	25.17kB   	2 hours ago
w9oapbbbsoi44hfrr3ss908i8               	true 	626.6MB   	2 hours ago
jmyq3quq6xf7lyho9j2esanoa               	true 	540.3kB   	2 hours ago
khn27x6oipu8146ffkf8hwy88               	true 	33.09kB   	2 hours ago
suf7igh8hpmeirgrfelcosmxq               	true 	33.07kB   	2 hours ago
nxdylvly1t5sflg9i0dsvfzrw               	true 	28.97kB   	2 hours ago
uq9bda8w1nvmoiba4mnpa7kbi               	true 	105.8kB   	2 hours ago
t5ne8ydbk7weai9qkgedh8avs               	true 	13.59MB   	2 hours ago
y4x1nqxdo0ix08y35hk5w7txc               	true 	210.8MB   	2 hours ago
aswopiovk2ydgk25124w7z8lo               	true 	6.368MB   	2 hours ago
ou3aqbhltuqnyss24vjsqntkp               	true 	17.3MB    	2 hours ago
nwrhtr250eh2jqm2gryow1mtz               	true 	79.61MB   	2 hours ago
scg5idgjeswokwuu9solg12ad               	true 	86.05kB   	2 hours ago
yugw3rerrhyi31xvhg7up43rj               	true 	86.05kB   	2 hours ago
i62burrvbszng7kljenvj4ua4               	true 	1.037MB   	2 hours ago
vfyv12sebgtvn4p1nqv2qxh4v               	true 	590.8kB   	2 hours ago
l1ifj6mg5rj3l5lou1a7t3uor               	true 	12.32kB   	2 hours ago
lyh5sclooio4swdy406uo8ldt               	true 	2.122MB   	2 hours ago
vja1jijr1hg5m1zsijejiwmpx               	true 	306.7kB   	2 hours ago
3ekw8kko72o6van7bkcrnsj4v               	true 	12.32kB   	2 hours ago
vzmgas465a4tnqu0lrcy2i9w6               	true 	8.398MB   	2 hours ago
xtjgzevu6jih9k9efod9mcjy5               	true 	53.49kB   	2 hours ago
rs49epdepu8sunnvenzbub45k               	true 	7.289MB   	2 hours ago
uyiugy4fvgfhj9vm286pyceho               	true 	1.534MB   	2 hours ago
veutejcy6cz4vohslo1vsgl1t               	true 	4.498MB   	2 hours ago
ydc2iibrn2y7gkxbfhlrveywj               	true 	12.32kB   	2 hours ago
skz2es7h0gaid2r79smsjs30t               	true 	4.903MB   	2 hours ago
82cbu4d4cdgj7nfudh77k7jpz               	true 	942.1kB   	2 hours ago
s67eusro5v85s9rfqsl1xpv3h               	true 	283.1kB   	2 hours ago
jgkndqa0wodwlfb0oay5zgi8g               	true 	75.08MB   	2 hours ago
i7civejho88wshxdxdl8tlojq               	true 	4.124MB   	2 hours ago
y6380xnh1k5pr123201y28xw7               	true 	815.2kB   	2 hours ago
twpc1te1cift32xd2mbpjq1ux               	true 	395.6MB   	2 hours ago
z9rsp8htjnme555hq7rdd5x2j               	true 	392.5MB   	2 hours ago
jsrsmeq0zxp7qopxfo8412inz               	true 	147.8MB   	2 hours ago
r5aq0lb0s1vdjwr6i18nzmk22               	true 	33.28kB   	2 hours ago
m39fwvdunimjuj1tl15fxdumk               	true 	33.27kB   	2 hours ago
srwp63ogrvxv867gu97jfn78z               	true 	29.17kB   	2 hours ago
t5y8liyzm4e8kver2mgljgc52               	true 	59.58MB   	2 hours ago
q8o6umba1f2t6ig207ewwp5wb               	true 	446.8MB   	2 hours ago
t32h802b9pz8j7hdbo4ux1650               	true 	9.373GB   	2 hours ago
wfz26wuwhxzta2080d1dswvnq               	true 	12.47kB   	2 hours ago
64frgwuwqd9d1y52mtreyvvfx               	true 	101.2MB   	2 hours ago
vdwg1sz566wizioki6fjeakbv               	true 	646.7kB   	2 hours ago
sbqarnay7xlxw0frk55cur8wl               	true 	413.8kB   	2 hours ago
54qbpt3vxclfg8jq4ztssgvfw               	true 	20.65kB   	2 hours ago
8wsmtr93mh08so2o366h9o10g               	true 	389.1kB   	2 hours ago
kkw8vu97c53nde93wie7yo27i               	true 	20.83kB   	2 hours ago
qub7xexlyi907mr5sim05em00               	true 	29.04kB   	2 hours ago
nm3uzdj7zxwz40y4xfn5kbmaa               	true 	29kB      	2 hours ago
Total:	13.95GB
Total:	0B
