Entering 'platform/alpinevs'
Entering 'platform/alpinevs/src/libsai-grpc/lemming'
Entering 'platform/aspeed/sonic-platform-modules-arista'
Entering 'platform/barefoot/sonic-platform-modules-arista'
Entering 'platform/broadcom/saibcm-modules'
Entering 'platform/broadcom/saibcm-modules-dnx'
Entering 'platform/broadcom/sonic-platform-modules-arista'
Entering 'platform/broadcom/sonic-platform-modules-nokia'
Entering 'platform/broadcom/sonic-platform-modules-nokia/mackinac/fmt'
Entering 'platform/marvell-prestera/mrvl-prestera'
Entering 'platform/marvell-prestera/sonic-platform-marvell'
Entering 'platform/marvell-teralynx/mrvl-teralynx'
Entering 'platform/marvell-teralynx/sonic-platform-marvell-teralynx'
Entering 'platform/mellanox/hw-management/hw-mgmt'
Entering 'platform/p4/SAI-P4-BM'
Entering 'platform/p4/SAI-P4-BM/p4-switch/behavioral-model'
Entering 'platform/p4/p4-hlir/p4-hlir'
Entering 'platform/p4/p4-hlir/p4-hlir-v1.1'
Entering 'platform/p4/p4c-bm/p4c-bm'
Entering 'platform/vpp'
Entering 'sonic_rules'
Entering 'src/dhcpmon'
Entering 'src/dhcprelay'
Removing sonic-dhcp4relay_1.0.0-0_amd64.buildinfo
Removing sonic-dhcp4relay_1.0.0-0_amd64.changes
Removing sonic-dhcp6relay_1.0.0-0_amd64.buildinfo
Removing sonic-dhcp6relay_1.0.0-0_amd64.changes
Entering 'src/dhcprelay/gmock_global'
Entering 'src/linkmgrd'
Removing linkmgrd-test-result.css
Removing src/link_prober/LinkProberBase.d
Removing src/link_prober/LinkProberHw.d
Removing src/link_prober/LinkProberSw.d
Entering 'src/ptf'
Entering 'src/ptf-py3'
Entering 'src/redis-dump-load'
Removing build/
Removing dist/
Removing redis_dump_load.egg-info/
Entering 'src/scapy'
Removing build/
Removing dist/
Removing scapy.egg-info/
Removing scapy/__pycache__/
Entering 'src/sonic-bmp'
Removing deb_package/debPackageConfig.cmake
Removing deb_package/debPackageSourceConfig.cmake
Entering 'src/sonic-dash-api'
Removing misc/pypkg/dash_api/_utils.so
Removing misc/pypkg/dash_api/acl_group_pb2.pyi
Removing misc/pypkg/dash_api/acl_in_pb2.pyi
Removing misc/pypkg/dash_api/acl_out_pb2.pyi
Removing misc/pypkg/dash_api/acl_rule_pb2.pyi
Removing misc/pypkg/dash_api/appliance_pb2.pyi
Removing misc/pypkg/dash_api/eni_pb2.pyi
Removing misc/pypkg/dash_api/eni_route_pb2.pyi
Removing misc/pypkg/dash_api/ha_scope_config_pb2.pyi
Removing misc/pypkg/dash_api/ha_scope_pb2.pyi
Removing misc/pypkg/dash_api/ha_scope_state_pb2.pyi
Removing misc/pypkg/dash_api/ha_set_config_pb2.pyi
Removing misc/pypkg/dash_api/ha_set_pb2.pyi
Removing misc/pypkg/dash_api/ha_set_state_pb2.pyi
Removing misc/pypkg/dash_api/meter_pb2.pyi
Removing misc/pypkg/dash_api/meter_policy_pb2.pyi
Removing misc/pypkg/dash_api/meter_rule_pb2.pyi
Removing misc/pypkg/dash_api/outbound_port_map_pb2.pyi
Removing misc/pypkg/dash_api/outbound_port_map_range_pb2.pyi
Removing misc/pypkg/dash_api/pa_validation_pb2.pyi
Removing misc/pypkg/dash_api/prefix_tag_pb2.pyi
Removing misc/pypkg/dash_api/qos_pb2.pyi
Removing misc/pypkg/dash_api/route_group_pb2.pyi
Removing misc/pypkg/dash_api/route_pb2.pyi
Removing misc/pypkg/dash_api/route_rule_pb2.pyi
Removing misc/pypkg/dash_api/route_type_pb2.pyi
Removing misc/pypkg/dash_api/routing_appliance_pb2.pyi
Removing misc/pypkg/dash_api/tunnel_pb2.pyi
Removing misc/pypkg/dash_api/types_pb2.pyi
Removing misc/pypkg/dash_api/utils.py
Removing misc/pypkg/dash_api/vnet_mapping_pb2.pyi
Removing misc/pypkg/dash_api/vnet_pb2.pyi
Removing misc/tests/test
Entering 'src/sonic-dash-ha'
Removing target/
Entering 'src/sonic-dash-ha/crates/sonic-dash-api-proto/sonic-dash-api'
Entering 'src/sonic-dbsyncd'
Removing .coverage
Removing .pytest_cache/
Removing build/
Removing coverage.xml
Removing dist/
Removing htmlcov/
Removing sonic_d.egg-info/
Removing src/lldp_syncd/__pycache__/
Removing src/sonic_syncd/__pycache__/
Removing test-results.xml
Removing tests/__pycache__/
Removing tests/mock_tables/__pycache__/
Entering 'src/sonic-frr/frr'
Removing Makefile.in
Removing aclocal.m4
Removing autom4te.cache/
Removing build/
Removing config.h.in
Removing configure
Removing debian/.debhelper/
Removing debian/autoreconf.after
Removing debian/autoreconf.before
Removing debian/debhelper-build-stamp
Removing debian/files
Removing debian/frr-doc.debhelper.log
Removing debian/frr-doc.substvars
Removing debian/frr-doc/
Removing debian/frr-pythontools.debhelper.log
Removing debian/frr-pythontools.substvars
Removing debian/frr-pythontools/
Removing debian/frr-snmp.debhelper.log
Removing debian/frr-snmp.substvars
Removing debian/frr-snmp/
Removing debian/frr-test-tools.debhelper.log
Removing debian/frr-test-tools.substvars
Removing debian/frr-test-tools/
Removing debian/frr.debhelper.log
Removing debian/frr.init
Removing debian/frr.postinst.debhelper
Removing debian/frr.postrm.debhelper
Removing debian/frr.service
Removing debian/frr.substvars
Removing debian/frr/
Removing debian/frr@.service
Removing debian/tmp/
Removing m4/ac/
Removing m4/libtool.m4
Removing m4/ltoptions.m4
Removing m4/ltsugar.m4
Removing m4/ltversion.m4
Removing m4/lt~obsolete.m4
Removing python/__pycache__/
Removing python/clippy/__pycache__/
Removing zebra/dplane_fpm_sonic.c
Entering 'src/sonic-genl-packet'
Entering 'src/sonic-gnmi'
Removing swsscommon/swsscommon.go
Removing swsscommon/swsscommon.i
Removing swsscommon/swsscommon_wrap.cxx
Removing swsscommon/swsscommon_wrap.h
Entering 'src/sonic-host-services'
Removing sonic-host-services-data_1.0-1_amd64.buildinfo
Removing sonic-host-services-data_1.0-1_amd64.changes
Removing target/
Entering 'src/sonic-linux-kernel'
Removing linux-6.12.41/
Removing linux-image-6.12.41+deb13-sonic-amd64-dbg_6.12.41-1_amd64.deb
Removing linux-image-amd64-signed-template_6.12.41-1_amd64.deb
Removing linux-image-sonic-amd64-dbg_6.12.41-1_amd64.deb
Removing linux-kbuild-6.12.41+deb13-dbgsym_6.12.41-1_amd64.deb
Removing linux-libc-dev_6.12.41-1_all.deb
Removing linux-support-6.12.41+deb13_6.12.41-1_all.deb
Removing linux_6.12.41-1.debian.tar.xz
Removing linux_6.12.41-1.dsc
Removing linux_6.12.41-1_amd64.buildinfo
Removing linux_6.12.41-1_amd64.changes
Removing linux_6.12.41.orig.tar.xz
Entering 'src/sonic-mgmt-common'
Removing build/
Removing models/yang/allyangs.tree
Removing models/yang/allyangs_tree.html
Removing models/yang/sonic_allyangs.tree
Removing models/yang/sonic_allyangs_tree.html
Removing translib/ocbinds/ocbinds.go
Entering 'src/sonic-mgmt-framework'
Removing tools/swagger_codegen/openapi-generator-cli-4.2.3.jar
Entering 'src/sonic-p4rt/sonic-pins'
Entering 'src/sonic-platform-common'
Entering 'src/sonic-platform-daemons'
Removing sonic-ledd/.coverage
Removing sonic-ledd/.pytest_cache/
Removing sonic-ledd/build/
Removing sonic-ledd/coverage.xml
Removing sonic-ledd/dist/
Removing sonic-ledd/htmlcov/
Removing sonic-ledd/scripts/__pycache__/
Removing sonic-ledd/sonic_ledd.egg-info/
Removing sonic-ledd/test-results.xml
Removing sonic-ledd/tests/__pycache__/
Removing sonic-pcied/.coverage
Removing sonic-pcied/.pytest_cache/
Removing sonic-pcied/build/
Removing sonic-pcied/coverage.xml
Removing sonic-pcied/dist/
Removing sonic-pcied/htmlcov/
Removing sonic-pcied/scripts/__pycache__/
Removing sonic-pcied/sonic_pcied.egg-info/
Removing sonic-pcied/test-results.xml
Removing sonic-pcied/tests/__pycache__/
Removing sonic-pcied/tests/mocked_libs/sonic_platform/__pycache__/
Removing sonic-pcied/tests/mocked_libs/sonic_platform_base/__pycache__/
Removing sonic-pcied/tests/mocked_libs/sonic_platform_base/sonic_pcie/__pycache__/
Removing sonic-pcied/tests/mocked_libs/swsscommon/__pycache__/
Removing sonic-stormond/.coverage
Removing sonic-stormond/.pytest_cache/
Removing sonic-stormond/build/
Removing sonic-stormond/coverage.xml
Removing sonic-stormond/dist/
Removing sonic-stormond/htmlcov/
Removing sonic-stormond/scripts/__pycache__/
Removing sonic-stormond/sonic_stormond.egg-info/
Removing sonic-stormond/test-results.xml
Removing sonic-stormond/tests/__pycache__/
Removing sonic-stormond/tests/mocked_libs/sonic_platform_base/__pycache__/
Removing sonic-stormond/tests/mocked_libs/sonic_platform_base/sonic_storage/__pycache__/
Removing sonic-stormond/tests/mocked_libs/swsscommon/__pycache__/
Entering 'src/sonic-platform-pde'
Entering 'src/sonic-py-swsssdk'
Removing .coverage
Removing .pytest_cache/
Removing build/
Removing coverage.xml
Removing dist/
Removing htmlcov/
Removing src/swsssdk/__pycache__/
Removing swsssdk.egg-info/
Removing test-results.xml
Removing test/__pycache__/
Entering 'src/sonic-redfish'
Entering 'src/sonic-restapi'
Entering 'src/sonic-sairedis'
Removing aclocal.m4
Removing config.h.in
Removing config/
Removing configure
Removing lib/.deps/
Removing lib/Makefile.in
Removing m4/libtool.m4
Removing m4/ltoptions.m4
Removing m4/ltsugar.m4
Removing m4/ltversion.m4
Removing m4/lt~obsolete.m4
Removing meta/.deps/
Removing meta/Makefile.in
Removing proxylib/Makefile.in
Removing pyext/.deps/
Removing pyext/Makefile.in
Removing pyext/py2/Makefile.in
Removing pyext/py3/Makefile.in
Removing pyext/py3/pysairedis.py
Removing saiasiccmp/Makefile.in
Removing saidiscovery/Makefile.in
Removing saidump/Makefile.in
Removing saiplayer/Makefile.in
Removing saisdkdump/Makefile.in
Removing syncd/Makefile.in
Removing syncd/tests/Makefile.in
Removing tests/Makefile.in
Removing unittest/Makefile.in
Removing unittest/lib/Makefile.in
Removing unittest/meta/Makefile.in
Removing unittest/proxylib/Makefile.in
Removing unittest/saidump/Makefile.in
Removing unittest/syncd/Makefile.in
Removing unittest/vslib/Makefile.in
Removing vslib/Makefile.in
Entering 'src/sonic-sairedis/SAI'
Removing meta/.deps/
Entering 'src/sonic-sairedis/SAI/test/ptf'
Entering 'src/sonic-sairedis/SAI/test/saithrift/ctypesgen'
Entering 'src/sonic-snmpagent'
Entering 'src/sonic-stp'
Removing Makefile.in
Removing aclocal.m4
Removing config.h.in
Removing config/
Removing configure
Removing include/Makefile.in
Removing lib/Makefile.in
Removing stpctl/Makefile.in
Entering 'src/sonic-swss'
Entering 'src/sonic-swss-common'
Removing Makefile.in
Removing aclocal.m4
Removing common/.deps/
Removing common/c-api/.deps/
Removing common/cfg_schema.h
Removing config.h.in
Removing config/
Removing configure
Removing m4/libtool.m4
Removing m4/ltoptions.m4
Removing m4/ltsugar.m4
Removing m4/ltversion.m4
Removing m4/lt~obsolete.m4
Removing pyext/py3/.deps/
Removing sonic-db-cli/.deps/
Removing target/
Removing tests/.deps/
Entering 'src/sonic-sysmgr/gnoi'
Entering 'src/sonic-utilities'
Entering 'src/sonic-ztp'
Entering 'src/supervisor'
Entering 'src/wpasupplicant/sonic-wpa-supplicant'
Removing build/
Removing debian/.debhelper/
Removing debian/debhelper-build-stamp
Removing debian/eapoltest.debhelper.log
Removing debian/eapoltest.substvars
Removing debian/eapoltest/
Removing debian/files
Removing debian/hostapd.debhelper.log
Removing debian/hostapd.postrm.debhelper
Removing debian/hostapd.substvars
Removing debian/hostapd/
Removing debian/libwpa-client-dev.debhelper.log
Removing debian/libwpa-client-dev.substvars
Removing debian/libwpa-client-dev/
Removing debian/tmp/
Removing debian/wpagui.debhelper.log
Removing debian/wpagui.substvars
Removing debian/wpagui/
Removing debian/wpasupplicant-udeb.debhelper.log
Removing debian/wpasupplicant-udeb.substvars
Removing debian/wpasupplicant-udeb/
Removing debian/wpasupplicant.debhelper.log
Removing debian/wpasupplicant.postrm.debhelper
Removing debian/wpasupplicant.substvars
Removing debian/wpasupplicant/
Removing hostapd/.config
Removing hostapd/hostapd
Removing hostapd/hostapd_cli
Removing wpa_supplicant/.config
Removing wpa_supplicant/dbus/fi.w1.wpa_supplicant1.service
Removing wpa_supplicant/doc/docbook/eapol_test.8
Removing wpa_supplicant/doc/docbook/manpage.links
Removing wpa_supplicant/doc/docbook/manpage.refs
Removing wpa_supplicant/doc/docbook/wpa_background.8
Removing wpa_supplicant/doc/docbook/wpa_cli.8
Removing wpa_supplicant/doc/docbook/wpa_gui.8
Removing wpa_supplicant/doc/docbook/wpa_passphrase.8
Removing wpa_supplicant/doc/docbook/wpa_priv.8
Removing wpa_supplicant/doc/docbook/wpa_supplicant.8
Removing wpa_supplicant/doc/docbook/wpa_supplicant.conf.5
Removing wpa_supplicant/eapol_test
Removing wpa_supplicant/libwpa_client.a
Removing wpa_supplicant/systemd/wpa_supplicant-nl80211@.service
Removing wpa_supplicant/systemd/wpa_supplicant-wired@.service
Removing wpa_supplicant/systemd/wpa_supplicant.service
Removing wpa_supplicant/systemd/wpa_supplicant@.service
Removing wpa_supplicant/wpa_cli
Removing wpa_supplicant/wpa_gui-qt4/.moc/
Removing wpa_supplicant/wpa_gui-qt4/.obj/
Removing wpa_supplicant/wpa_gui-qt4/.qmake.stash
Removing wpa_supplicant/wpa_gui-qt4/.ui/
Removing wpa_supplicant/wpa_gui-qt4/Makefile
Removing wpa_supplicant/wpa_gui-qt4/qrc_icons.cpp
Removing wpa_supplicant/wpa_gui-qt4/wpa_gui
Removing wpa_supplicant/wpa_passphrase
Removing wpa_supplicant/wpa_supplicant
Removing wpa_supplicant/wpa_supplicant-udeb
