Entering 'platform/alpinevs'
Entering 'platform/alpinevs/src/libsai-grpc/lemming'
Entering 'platform/aspeed/sonic-platform-modules-arista'
Entering 'platform/barefoot/sonic-platform-modules-arista'
Entering 'platform/broadcom/saibcm-modules'
Entering 'platform/broadcom/saibcm-modules-dnx'
Entering 'platform/broadcom/sonic-platform-modules-arista'
Entering 'platform/broadcom/sonic-platform-modules-nokia'
Entering 'platform/broadcom/sonic-platform-modules-nokia/mackinac/fmt'
Entering 'platform/marvell-prestera/mrvl-prestera'
Entering 'platform/marvell-prestera/sonic-platform-marvell'
Entering 'platform/marvell-teralynx/mrvl-teralynx'
Entering 'platform/marvell-teralynx/sonic-platform-marvell-teralynx'
Entering 'platform/mellanox/hw-management/hw-mgmt'
Entering 'platform/p4/SAI-P4-BM'
Entering 'platform/p4/SAI-P4-BM/p4-switch/behavioral-model'
Entering 'platform/p4/p4-hlir/p4-hlir'
Entering 'platform/p4/p4-hlir/p4-hlir-v1.1'
Entering 'platform/p4/p4c-bm/p4c-bm'
Entering 'platform/vpp'
Entering 'sonic_rules'
Entering 'src/dhcpmon'
Entering 'src/dhcprelay'
Entering 'src/dhcprelay/gmock_global'
Entering 'src/linkmgrd'
Entering 'src/ptf'
Entering 'src/ptf-py3'
Entering 'src/redis-dump-load'
Entering 'src/scapy'
Entering 'src/sonic-bmp'
Entering 'src/sonic-dash-api'
Entering 'src/sonic-dash-ha'
Entering 'src/sonic-dash-ha/crates/sonic-dash-api-proto/sonic-dash-api'
Entering 'src/sonic-dbsyncd'
Entering 'src/sonic-frr/frr'
Entering 'src/sonic-genl-packet'
Entering 'src/sonic-gnmi'
Entering 'src/sonic-host-services'
Entering 'src/sonic-linux-kernel'
Entering 'src/sonic-mgmt-common'
Entering 'src/sonic-mgmt-framework'
Entering 'src/sonic-p4rt/sonic-pins'
Entering 'src/sonic-platform-common'
Entering 'src/sonic-platform-daemons'
Entering 'src/sonic-platform-pde'
Entering 'src/sonic-py-swsssdk'
Entering 'src/sonic-redfish'
Entering 'src/sonic-restapi'
Entering 'src/sonic-sairedis'
Entering 'src/sonic-sairedis/SAI'
Entering 'src/sonic-sairedis/SAI/test/ptf'
Entering 'src/sonic-sairedis/SAI/test/saithrift/ctypesgen'
Entering 'src/sonic-snmpagent'
Entering 'src/sonic-stp'
Entering 'src/sonic-swss'
Entering 'src/sonic-swss-common'
Entering 'src/sonic-sysmgr/gnoi'
Entering 'src/sonic-utilities'
Entering 'src/sonic-ztp'
Entering 'src/supervisor'
Entering 'src/wpasupplicant/sonic-wpa-supplicant'
