+++ --- Making target/debs/trixie/p4lang-pi_0.1.1-1_amd64.deb --- +++
./scripts/run_with_retry make BLDENV=trixie -f Makefile.work target/debs/trixie/p4lang-pi_0.1.1-1_amd64.deb
make[1]: Entering directory '/data/sonic/sonic-dzf-time-measure'
"SECURE_UPGRADE_PROD_SIGNING_TOOL": ""
/data/sonic/sonic-dzf-time-measure/src/sonic-build-hooks /data/sonic/sonic-dzf-time-measure
make[2]: Entering directory '/data/sonic/sonic-dzf-time-measure/src/sonic-build-hooks'
dpkg-deb: warning: root directory tmp/sonic-build-hooks has unusual owner or group 17388989:983
dpkg-deb: hint: you might need to pass --root-owner-group, see <https://wiki.debian.org/Teams/Dpkg/RootlessBuilds> for further details
dpkg-deb: warning: ignoring 1 warning about the control file(s)
dpkg-deb: building package 'sonic-build-hooks' in 'buildinfo/sonic-build-hooks_1.0_all.deb'.
make[2]: Leaving directory '/data/sonic/sonic-dzf-time-measure/src/sonic-build-hooks'
/data/sonic/sonic-dzf-time-measure
Checking sonic-slave-base image: sonic-slave-trixie:ca17477b760
Checking sonic-slave-user image: sonic-slave-trixie-qiuying.xzc:0e69d80ab15
SONiC Build System

Build Configuration
"CONFIGURED_PLATFORM"             : "vs"
"CONFIGURED_ARCH"                 : "amd64"
"SONIC_CONFIG_PRINT_DEPENDENCIES" : ""
"SONIC_BUILD_JOBS"                : "8"
"SONIC_CONFIG_MAKE_JOBS"          : "192"
"USE_NATIVE_DOCKERD_FOR_BUILD"    : ""
"USE_DOCKER_CACHE"               : ""
"SONIC_CONFIG_USE_CCACHE"         : "n"
"USERNAME"                        : "admin"
"PASSWORD"                        : "YourPaSsWoRd"
"CHANGE_DEFAULT_PASSWORD"         : "n"
"SECURE_UPGRADE_MODE"             : "no_sign"
"SECURE_UPGRADE_DEV_SIGNING_KEY"  : ""
"SECURE_UPGRADE_SIGNING_CERT"     : ""
"SECURE_UPGRADE_KERNEL_CAFILE"    : ""
"SECURE_UPGRADE_PROD_SIGNING_TOOL": ""
"SECURE_UPGRADE_PROD_TOOL_ARGS"   : ""
"ONIE_IMAGE_PART_SIZE"            : ""
"SHUTDOWN_BGP_ON_START"           : ""
"ENABLE_PFCWD_ON_START"           : ""
"SONIC_BUFFER_MODEL"              : ""
"INSTALL_DEBUG_TOOLS"             : ""
"ROUTING_STACK"                   : "frr"
"FRR_USER_UID"                    : "300"
"FRR_USER_GID"                    : "300"
"ENABLE_FRR_TCMALLOC"             : "y"
"ENABLE_SYNCD_RPC"                : ""
"SAITHRIFT_V2"                    : ""
"ENABLE_ORGANIZATION_EXTENSIONS"  : "y"
"HTTP_PROXY"                      : "http://127.0.0.1:9"
"HTTPS_PROXY"                     : "http://127.0.0.1:9"
"NO_PROXY"                        : ""
"ENABLE_ZTP"                      : ""
"INCLUDE_PDE"                     : ""
"SONIC_DEBUGGING_ON"              : ""
"SONIC_PROFILING_ON"              : ""
"KERNEL_PROCURE_METHOD"           : "build"
"BUILD_TIMESTAMP"                 : "20260903.144048"
"BUILD_LOG_TIMESTAMP"             : "none"
"SONIC_IMAGE_VERSION"             : "master.0-dirty-20260903.144048"
"BLDENV"                          : "trixie"
"VS_PREPARE_MEM"                  : "yes"
"INCLUDE_MGMT_FRAMEWORK"          : "y"
"INCLUDE_ICCPD"                   : "n"
"INCLUDE_STP"                     : ""
"INCLUDE_SYSTEM_TELEMETRY"        : "n"
"INCLUDE_SYSTEM_GNMI"             : "y"
"INCLUDE_SYSTEM_BMP"              : "y"
"INCLUDE_SYSTEM_OTEL"             : "y"
"INCLUDE_SYSTEM_EVENTD"           : "y"
"ENABLE_HOST_SERVICE_ON_START"    : "y"
"INCLUDE_RESTAPI"                 : "n"
"INCLUDE_SFLOW"                   : "y"
"INCLUDE_NAT"                     : "y"
"INCLUDE_DHCP_RELAY"              : "y"
"INCLUDE_DHCP_SERVER"             : "n"
"INCLUDE_P4RT"                    : "n"
"INCLUDE_VS_DASH_SAI"             : "y"
"INCLUDE_KUBERNETES"              : "n"
"INCLUDE_KUBERNETES_MASTER"       : "n"
"INCLUDE_MACSEC"                  : "y"
"INCLUDE_MUX"                     : "y"
"INCLUDE_TEAMD"                   : "y"
"INCLUDE_DASH_HA"                 : "y"
"INCLUDE_ROUTER_ADVERTISER"       : "y"
"INCLUDE_SNMP"                    : "y"
"INCLUDE_LLDP"                    : "y"
"INCLUDE_BOOTCHART                : "y"
"ENABLE_BOOTCHART                 : "n"
"INCLUDE_FIPS"                    : "y"
"ENABLE_TRANSLIB_WRITE"           : ""
"ENABLE_NATIVE_WRITE"             : "y"
"ENABLE_DIALOUT"                  : ""
"ENABLE_AUTO_TECH_SUPPORT"        : "y"
"PDDF_SUPPORT"                    : "y"
"MULTIARCH_QEMU_ENVIRON"          : "n"
"SONIC_VERSION_CONTROL_COMPONENTS": "py2,py3,web,git,docker"
"ENABLE_ASAN"                     : "n"
"DEFAULT_CONTAINER_REGISTRY"      : "publicmirror.azurecr.io/"
"BUILD_MULTIASIC_KVM"             : "n"
"CROSS_BUILD_ENVIRON"             : "n"
"INCLUDE_EXTERNAL_PATCHES"        : "n"
"PTF_ENV_PY_VER"                  : "py3"
"ENABLE_MULTIDB"                  : ""
"ENABLE_SBOM"                     : "n"
"SBOM_FORMAT"                     : "both"
"SBOM_SCAN_TOOL"                  : "syft"
"SBOM_INCLUDE_LICENSES"           : "y"
"SBOM_STRICT"                     : "y"

"SONIC_DPKG_CACHE_METHOD"         : "none"

[ building ] [ target/debs/trixie/p4lang-pi_0.1.1-1_amd64.deb ] 
[ finished ] [ target/debs/trixie/p4lang-pi_0.1.1-1_amd64.deb ] 
[ FAIL LOG START ] [ target/debs/trixie/p4lang-pi_0.1.1-1_amd64.deb ]
Build start time: Thu Sep 3 06:41:10 UTC 2026
[ REASON ] :      target/debs/trixie/p4lang-pi_0.1.1-1_amd64.deb does not exist  
[ FLAGS  FILE    ] : [] 
[ FLAGS  DEPENDS ] : [] 
[ FLAGS  DIFF    ] : [] 
make[1]: Entering directory '/sonic/src/p4lang'
make[1]: warning: -j192 forced in submake: resetting jobserver mode.
rm -rf p4lang-pi-0.1.1
dget -u ./p4lang-pi_0.1.1-1.dsc
pushd p4lang-pi-0.1.1
patch -p1 -i ../p4lang-pi.patch/use-boost-1.83.patch
patch -p1 -i ../p4lang-pi.patch/remove-protobuf-from-debian-dependency.patch
patch -p1 -i ../p4lang-pi.patch/remove-init-file.patch
patch -p1 -i ../p4lang-pi.patch/serialize-grpc-tests.patch
dpkg-buildpackage -us -uc -b -j192 --admindir /sonic/dpkg/tmp.zLgf2S6VXw
popd
mv p4lang-pi_0.1.1-1_amd64.deb /sonic/target/debs/trixie/
+ rm -rf p4lang-pi-0.1.1
+ dget -u ./p4lang-pi_0.1.1-1.dsc
Usage: dget [options] URL ...
       dget [options] [--all] package[=version] ...

Downloads Debian packages (source and binary) from the specified URLs (first form),
or using the mirror configured in /etc/apt/sources.list(.d) (second form).

Note that the second form is possible also with 'apt-get download' and 'apt-get
source', and thus the primary use case for dget is working with packages not in
any repository, for example when reviewing mentors.debian.net packages.

Multiple packages can be given as arguments and downloaded all at once.

   -a, --all       Package is a source package; download all binary packages
   -b, --backup    Move files that would be overwritten to ./backup
   -q, --quiet     Suppress wget/curl output
   -d, --download-only
                   Do not extract downloaded source
   -x, --extract   Unpack downloaded source (default)
   -u, --allow-unauthenticated
                   Do not attempt to verify source package signature
   --build         Build package with dpkg-buildpackage after download
   --path DIR      Check these directories in addition to the apt archive;
                   if DIR='' then clear current list (may be used multiple
                   times)
   -k, --insecure  Do not check SSL certificates when downloading
   --no-cache      Disable server-side HTTP cache
   --no-conf       Don't read devscripts config files;
                   must be the first option given
   -h, --help      This message
   -V, --version   Version information

Default settings modified by devscripts configuration files:
  (none)
+ pushd p4lang-pi-0.1.1
/bin/bash: line 3: pushd: p4lang-pi-0.1.1: No such file or directory
make[1]: *** [Makefile:9: /sonic/target/debs/trixie/p4lang-pi_0.1.1-1_amd64.deb] Error 1
make[1]: Leaving directory '/sonic/src/p4lang'
[  FAIL LOG END  ] [ target/debs/trixie/p4lang-pi_0.1.1-1_amd64.deb ]
make: *** [slave.mk:919: target/debs/trixie/p4lang-pi_0.1.1-1_amd64.deb] Error 1
make[1]: *** [Makefile.work:751: target/debs/trixie/p4lang-pi_0.1.1-1_amd64.deb] Error 2
make[1]: Leaving directory '/data/sonic/sonic-dzf-time-measure'
make: *** [Makefile:50: target/debs/trixie/p4lang-pi_0.1.1-1_amd64.deb] Error 2
