ID						RECLAIMABLE	SIZE		LAST ACCESSED
9poggf9ok2c9bnrf8c8bv73oq*              	true 		4.096kB   	About a minute ago
sam0yvrza8095berotmzmf5rw*              	true 	340kB     	About a minute ago
mabuzxjezbnguqmwxo6suqlom               	true 	348.2kB   	About a minute ago
3u0mxzaf0tlktxqwtdxxapbs3*              	true 	24.58kB   	About a minute ago
nqtgek0x16xkwr3bihupiml6i               	true 	32.77kB   	About a minute ago
ejijj9iaoqfaeso34v0s7vkgx               	true 	32.77kB   	About a minute ago
eakq2pf57fk50gucdn2t6s6z6               	true 	28.67kB   	About a minute ago
in4ec2x8srz7lgmkru7dfc1li               	true 	102.4kB   	About a minute ago
uj3tgy86n4zds4r16chrg47gc               	true 	11.42MB   	About a minute ago
zb3k0e670pz809hyht874hzko               	true 	124.5MB   	About a minute ago
ybvgm3ib6rz3otuxmjud1o4ul               	true 	5.571MB   	About a minute ago
a38ajnvb2xqbz51ihvia4idde               	true 	14.11MB   	About a minute ago
x4qcijlad5ohf4m37fcnbeerh               	true 	62.62MB   	About a minute ago
5hzfqsod8mx0pyxjl42ymjgp3               	true 	86.02kB   	About a minute ago
lk7r1cgyzkv3azo8w3tqaxvm0               	true 	86.02kB   	About a minute ago
mhel3ht3bbxlz3ucl6au1wsdv               	true 	835.6kB   	About a minute ago
8yjm7tk6ux9e8uij4tommzco8               	true 	409.6kB   	About a minute ago
cox6dd6ffocnq3n5jjqnyrvpl               	true 	12.29kB   	About a minute ago
t3unkk2whivi9ee68md2cakiu               	true 	1.569MB   	About a minute ago
89rbqxgmcfxhquju806595hoo               	true 	270.3kB   	About a minute ago
mr671qmsmnsxa0dqeqtd4tm76               	true 	12.29kB   	About a minute ago
ronzpecq1zrv7n45cpb98hfz9               	true 	6.414MB   	About a minute ago
9lx0ckhyihni0d9l9cy5x1gi0               	true 	53.25kB   	About a minute ago
l361e1omj6u16n96ptv8k0rjz               	true 	5.599MB   	About a minute ago
t9pxclfazmroqhlahb8mzpcgh               	true 	1.204MB   	About a minute ago
uowkt37dtj821yng3bewcg74h               	true 	3.445MB   	About a minute ago
sc7lneldmpvnvamokkh5t3w50               	true 	12.29kB   	About a minute ago
kzsqwjctizk5p8yd8p0zygdcr               	true 	3.924MB   	About a minute ago
xokghns2s47e9etzs7odfdwdf               	true 	684kB     	About a minute ago
w09zk5es595ffi2x7xo1be643               	true 	249.9kB   	About a minute ago
zrgyoke1pmkxpzovyh5uqflse               	true 	50.14MB   	About a minute ago
n7abaibatyrw7is2axsqwodix               	true 	3.142MB   	About a minute ago
5a4rcbkf05h7b330py09dq99l               	true 	663.6kB   	About a minute ago
r97htz6inebbj2kciarbji9ne               	true 	314.5MB   	About a minute ago
mzwuc29e2l0vsfc12ggr7st63               	true 	310.4MB   	About a minute ago
x2uryodil6glvbtr0oe8s5lzj               	true 	109.8MB   	About a minute ago
jrph8mlp3iqh1dy2ldnztsn3l               	true 	32.77kB   	About a minute ago
2uxs08hjndg7oco0bf7ogu5zu               	true 	32.77kB   	About a minute ago
ni7za5brl1u1yjitfudog7cpg               	true 	28.67kB   	About a minute ago
37xg4r1dn48oib1ik37h7b9hb               	true 	50.1MB    	About a minute ago
iifu7127xvz3l4z0kecbuxkcw               	true 	359.7MB   	About a minute ago
s2rd7rj5oh74brknag0s34qc4               	true 	7.044GB   	About a minute ago
ufdnpm33ft8gx9qhe83rrf461               	true 	12.29kB   	About a minute ago
2dcioz1y1stw6tr3gd05thtbl               	true 	60.79MB   	About a minute ago
mv7qwy7itfjs1wqt26sgazm6l               	true 	565.2kB   	About a minute ago
d5r2rpz6z7bj29e9soltad2c2               	true 	360.4kB   	About a minute ago
vtkaj7xpxsvw9mpwy3yksbmiu               	true 	20.48kB   	About a minute ago
s152z40mg41ngjv7eezp9htuy               	true 	323.6kB   	About a minute ago
b5u7dwhdw0p1l15xkvjkq3ypi               	true 	20.48kB   	About a minute ago
ymzolg1e87y8syl147hw21vwt               	true 	28.67kB   	About a minute ago
9h2jpuq5i8z74s7uu23wlxbg5               	true 	28.67kB   	About a minute ago
Total:	8.549GB
