sudo: A terminal is required to authenticate
"SECURE_UPGRADE_PROD_SIGNING_TOOL": ""
pushd src/sonic-build-hooks; TRUSTED_GPG_URLS= make all; popd
mkdir -p sonic-slave-jessie/buildinfo
cp src/sonic-build-hooks/buildinfo/sonic-build-hooks* sonic-slave-jessie/buildinfo
/data/sonic/sonic-dzf-time-measure/src/sonic-build-hooks /data/sonic/sonic-dzf-time-measure
make[1]: Entering directory '/data/sonic/sonic-dzf-time-measure/src/sonic-build-hooks'
dpkg-deb: warning: root directory tmp/sonic-build-hooks has unusual owner or group 17388989:983
dpkg-deb: hint: you might need to pass --root-owner-group, see <https://wiki.debian.org/Teams/Dpkg/RootlessBuilds> for further details
dpkg-deb: warning: ignoring 1 warning about the control file(s)
dpkg-deb: building package 'sonic-build-hooks' in 'buildinfo/sonic-build-hooks_1.0_all.deb'.
make[1]: Leaving directory '/data/sonic/sonic-dzf-time-measure/src/sonic-build-hooks'
/data/sonic/sonic-dzf-time-measure
echo -n ""
lsmod | grep -q "^overlay " &>/dev/null || zgrep -q 'CONFIG_OVERLAY_FS=y' /proc/config.gz &>/dev/null || grep -q 'CONFIG_OVERLAY_FS=y' /boot/config-7.0.0-22-generic &>/dev/null || (echo "ERROR: Module 'overlay' not loaded. Try running 'sudo modprobe overlay'."; exit 1)
{ { echo Checking sonic-slave-base image: sonic-slave-jessie:a591bb98f2c; docker inspect --type image sonic-slave-jessie:a591bb98f2c &> /dev/null; }; } || { [ n == y ] && { echo Image sonic-slave-jessie:a591bb98f2c not found. Pulling...; docker pull sonicdev-microsoft.azurecr.io:443/sonic-slave-jessie:a591bb98f2c; } && { docker tag sonicdev-microsoft.azurecr.io:443/sonic-slave-jessie:a591bb98f2c sonic-slave-jessie:a591bb98f2c && DEFAULT_CONTAINER_REGISTRY=publicmirror.azurecr.io/ SONIC_VERSION_CACHE=cache DBGOPT='' scripts/collect_docker_version_files.sh sonic-slave-jessie target sonic-slave-jessie:a591bb98f2c sonic-slave-jessie sonic-slave-jessie/Dockerfile; } ; } || { set -o pipefail ; echo Image sonic-slave-jessie:a591bb98f2c not found. Building... ; BUILD_SLAVE=y DEFAULT_CONTAINER_REGISTRY=publicmirror.azurecr.io/ SONIC_VERSION_CACHE=cache DBGOPT='' MIRROR_SNAPSHOT=n BUILD_PUBLIC_URL=https://packages.trafficmanager.net/public BUILD_SNAPSHOT_URL=http://packages.trafficmanager.net/snapshot ENABLE_SBOM=n scripts/prepare_docker_buildinfo.sh sonic-slave-jessie sonic-slave-jessie/Dockerfile amd64 ""  ; docker build --no-cache -t sonic-slave-jessie:a591bb98f2c --build-arg http_proxy=http://11.161.18.240:3128 --build-arg https_proxy=http://11.161.18.240:3128 --build-arg no_proxy= --build-arg SONIC_VERSION_CACHE=cache --build-arg SONIC_VERSION_CONTROL_COMPONENTS=py2,py3,web,git,docker --build-arg ENABLE_SBOM=n sonic-slave-jessie 2>&1 | tee sonic-slave-jessie/sonic-slave-jessie_a591bb98f2c.log ; DEFAULT_CONTAINER_REGISTRY=publicmirror.azurecr.io/ SONIC_VERSION_CACHE=cache DBGOPT='' scripts/collect_docker_version_files.sh sonic-slave-jessie target sonic-slave-jessie:a591bb98f2c sonic-slave-jessie sonic-slave-jessie/Dockerfile ; }
{ { echo Checking sonic-slave-user image: sonic-slave-jessie-qiuying.xzc:25ff2d31c37; docker inspect --type image sonic-slave-jessie-qiuying.xzc:25ff2d31c37 &> /dev/null; }; } || { [ n == y ] && { echo Image sonic-slave-jessie-qiuying.xzc:25ff2d31c37 not found. Pulling...; docker pull sonicdev-microsoft.azurecr.io:443/sonic-slave-jessie-qiuying.xzc:25ff2d31c37; } && { docker tag sonicdev-microsoft.azurecr.io:443/sonic-slave-jessie-qiuying.xzc:25ff2d31c37 sonic-slave-jessie-qiuying.xzc:25ff2d31c37 && DEFAULT_CONTAINER_REGISTRY=publicmirror.azurecr.io/ SONIC_VERSION_CACHE=cache DBGOPT='' scripts/collect_docker_version_files.sh sonic-slave-jessie target sonic-slave-jessie:a591bb98f2c sonic-slave-jessie sonic-slave-jessie/Dockerfile; } ; } || { set -o pipefail ; echo Image sonic-slave-jessie-qiuying.xzc:25ff2d31c37 not found. Building... ; docker build --no-cache --build-arg user=qiuying.xzc --build-arg uid=17388989 --build-arg guid=983 --build-arg hostname=alinos-oncall215192149218.na131 --build-arg slave_base_tag_ref=a591bb98f2c -t sonic-slave-jessie-qiuying.xzc:25ff2d31c37 -f sonic-slave-jessie/Dockerfile.user sonic-slave-jessie 2>&1 | tee sonic-slave-jessie/sonic-slave-jessie-qiuying.xzc_25ff2d31c37.log ; }

docker run --rm=true --privileged --init -v "/data/sonic/sonic-dzf-time-measure:/sonic"  -v "/tmp/docklock:/tmp/docklock" -w "/sonic"  -e "http_proxy=http://11.161.18.240:3128" -e "https_proxy=http://11.161.18.240:3128" -e "no_proxy=" -i --ulimit nofile=524288:524288  -v /data/sonic/sonic-dzf-time-measure/fsroot.docker.:/var/lib/docker -v "/var/cache/sonic/artifacts:/dpkg_cache:rw" -v "/data/sonic/时间统计/cache/20260901-233744/make-version-cache:/vcache:rw" \
	sonic-slave-jessie-qiuying.xzc:25ff2d31c37 \
	bash -c "make -f slave.mk PLATFORM=vs PLATFORM_ARCH=amd64 MULTIARCH_QEMU_ENVIRON=n TARGET_BOOTLOADER=grub CROSS_BUILD_ENVIRON=n BUILD_NUMBER= BUILD_TIMESTAMP=20260905.200839 SONIC_IMAGE_VERSION= SLAVE_TAG=25ff2d31c37 ENABLE_ZTP= INCLUDE_PDE= SHUTDOWN_BGP_ON_START= INCLUDE_KUBERNETES=n KUBERNETES_VERSION=1.22.2-00 KUBERNETES_CNI_VERSION=0.8.7-00 KUBERNETES_CRI_TOOLS_VERSION=1.26.0-00 K8s_GCR_IO_PAUSE_VERSION=3.5 INCLUDE_KUBERNETES_MASTER=n SONIC_ENABLE_PFCWD_ON_START= SONIC_ENABLE_SYNCD_RPC= SONIC_INSTALL_DEBUG_TOOLS= SONIC_SAITHRIFT_V2= MDEBUG= PASSWORD= USERNAME= CHANGE_DEFAULT_PASSWORD=n SONIC_BUILD_JOBS=8 VS_PREPARE_MEM= KERNEL_PROCURE_METHOD= SONIC_DPKG_CACHE_METHOD=none SONIC_DPKG_CACHE_SOURCE=/var/cache/sonic/artifacts SONIC_DPKG_CACHE_METHOD_OVERRIDE= GOPROXY= HTTP_PROXY=http://11.161.18.240:3128 HTTPS_PROXY=http://11.161.18.240:3128 NO_PROXY= DOCKER_USERNAME=sonic DOCKER_USERTAG=latest DOCKER_LOCKDIR=/tmp/docklock DOCKER_LOCKFILE_SAVE=/tmp/docklock/docker_save.lock SONIC_CONFIG_USE_NATIVE_DOCKERD_FOR_BUILD= SONIC_CONFIG_USE_DOCKER_CACHE= SONIC_INCLUDE_SYSTEM_TELEMETRY=n SONIC_INCLUDE_SYSTEM_GNMI=y SONIC_INCLUDE_SYSTEM_BMP=y SONIC_INCLUDE_SYSTEM_EVENTD=y SONIC_INCLUDE_SYSTEM_OTEL=y INCLUDE_DHCP_RELAY=y INCLUDE_DHCP_SERVER=n INCLUDE_MACSEC=y INCLUDE_STP= INCLUDE_ICCPD=n SONIC_INCLUDE_RESTAPI=n SONIC_INCLUDE_MUX=y ENABLE_TRANSLIB_WRITE= ENABLE_NATIVE_WRITE=y ENABLE_DIALOUT= EXTRA_DOCKER_TARGETS= BUILD_LOG_TIMESTAMP= SONIC_ENABLE_IMAGE_SIGNATURE= SECURE_UPGRADE_MODE="no_sign" SECURE_UPGRADE_DEV_SIGNING_KEY= SECURE_UPGRADE_SIGNING_CERT= SECURE_UPGRADE_KERNEL_CAFILE= SECURE_UPGRADE_PROD_SIGNING_TOOL= SONIC_DEFAULT_CONTAINER_REGISTRY=publicmirror.azurecr.io/ ENABLE_HOST_SERVICE_ON_START=y SLAVE_DIR=sonic-slave-jessie ENABLE_AUTO_TECH_SUPPORT=y BUILD_MULTIASIC_KVM=n ENABLE_ASAN=n SONIC_INCLUDE_BOOTCHART=y SONIC_ENABLE_BOOTCHART=n INCLUDE_FIPS=y ENABLE_FIPS=n SONIC_SLAVE_DOCKER_DRIVER=overlay2 MIRROR_URLS= MIRROR_SECURITY_URLS= MIRROR_SNAPSHOT=n BUILD_PUBLIC_URL=https://packages.trafficmanager.net/public BUILD_SNAPSHOT_URL=http://packages.trafficmanager.net/snapshot SONIC_VERSION_CONTROL_COMPONENTS=py2,py3,web,git,docker ONIE_IMAGE_PART_SIZE= SONIC_OS_VERSION=13 PIP_HTTP_TIMEOUT=60 BUILD_PROCESS_TIMEOUT=0 BUILD_SKIP_TEST=y SONIC_PTF_ENV_PY_VER=py3 ENABLE_MULTIDB= ENABLE_VRF_STRICT= ENABLE_FRR_TCMALLOC=y ENABLE_SBOM=n ENABLE_SOURCE_ARCHIVE=n SBOM_FORMAT=both SBOM_SCAN_TOOL=syft SBOM_INCLUDE_LICENSES=y SBOM_STRICT=y SOURCE_DATE_EPOCH=1788610119 SONIC_VERSION_CACHE=cache SONIC_VERSION_CACHE_SOURCE=/data/sonic/时间统计/cache/20260901-233744/make-version-cache clean SONIC_BUILD_TARGET=clean; { scripts/collect_build_version_files.sh \$?; }; "
:
Checking sonic-slave-base image: sonic-slave-jessie:a591bb98f2c
Image sonic-slave-jessie:a591bb98f2c not found. Building...
#0 building with "default" instance using docker driver

#1 [internal] load build definition from Dockerfile
#1 transferring dockerfile: 9.47kB done
#1 WARN: MaintainerDeprecated: Maintainer instruction is deprecated in favor of using label (line 3)
#1 DONE 0.0s

 [33m1 warning found (use docker --debug to expand):
[0m - MaintainerDeprecated: Maintainer instruction is deprecated in favor of using label (line 3)
Dockerfile:18
--------------------
  16 |     ENV IMAGENAME=sonic-slave-jessie
  17 |     ENV DISTRO=jessie
  18 | >>> jessie-updates
  19 |     ENV ENABLE_SBOM=$ENABLE_SBOM
  20 |     RUN pre_run_buildinfo sonic-slave-jessie
--------------------
ERROR: failed to build: failed to solve: dockerfile parse error on line 18: unknown instruction: jessie-updates
make: *** [Makefile.work:751: clean] Error 1
