+++ --- Making target/sonic-vs.bin --- +++
./scripts/run_with_retry make BLDENV=trixie -f Makefile.work target/sonic-vs.bin
make[1]: Entering directory '/data/sonic/sonic-dzf-time-measure'
sudo: A terminal is required to authenticate
"SECURE_UPGRADE_PROD_SIGNING_TOOL": ""
/data/sonic/sonic-dzf-time-measure/src/sonic-build-hooks /data/sonic/sonic-dzf-time-measure
make[2]: Entering directory '/data/sonic/sonic-dzf-time-measure/src/sonic-build-hooks'
dpkg-deb: warning: root directory tmp/sonic-build-hooks has unusual owner or group 17388989:983
dpkg-deb: hint: you might need to pass --root-owner-group, see <https://wiki.debian.org/Teams/Dpkg/RootlessBuilds> for further details
dpkg-deb: warning: ignoring 1 warning about the control file(s)
dpkg-deb: building package 'sonic-build-hooks' in 'buildinfo/sonic-build-hooks_1.0_all.deb'.
make[2]: Leaving directory '/data/sonic/sonic-dzf-time-measure/src/sonic-build-hooks'
/data/sonic/sonic-dzf-time-measure
Checking sonic-slave-base image: sonic-slave-trixie:ca17477b760
Checking sonic-slave-user image: sonic-slave-trixie-qiuying.xzc:0e69d80ab15
SONiC Build System

Build Configuration
"CONFIGURED_PLATFORM"             : "vs"
"CONFIGURED_ARCH"                 : "amd64"
"SONIC_CONFIG_PRINT_DEPENDENCIES" : ""
"SONIC_BUILD_JOBS"                : "8"
"SONIC_CONFIG_MAKE_JOBS"          : "192"
"USE_NATIVE_DOCKERD_FOR_BUILD"    : ""
"USE_DOCKER_CACHE"               : ""
"SONIC_CONFIG_USE_CCACHE"         : "n"
"USERNAME"                        : "admin"
"PASSWORD"                        : "YourPaSsWoRd"
"CHANGE_DEFAULT_PASSWORD"         : "n"
"SECURE_UPGRADE_MODE"             : "no_sign"
"SECURE_UPGRADE_DEV_SIGNING_KEY"  : ""
"SECURE_UPGRADE_SIGNING_CERT"     : ""
"SECURE_UPGRADE_KERNEL_CAFILE"    : ""
"SECURE_UPGRADE_PROD_SIGNING_TOOL": ""
"SECURE_UPGRADE_PROD_TOOL_ARGS"   : ""
"ONIE_IMAGE_PART_SIZE"            : ""
"SHUTDOWN_BGP_ON_START"           : ""
"ENABLE_PFCWD_ON_START"           : ""
"SONIC_BUFFER_MODEL"              : ""
"INSTALL_DEBUG_TOOLS"             : ""
"ROUTING_STACK"                   : "frr"
"FRR_USER_UID"                    : "300"
"FRR_USER_GID"                    : "300"
"ENABLE_FRR_TCMALLOC"             : "y"
"ENABLE_SYNCD_RPC"                : ""
"SAITHRIFT_V2"                    : ""
"ENABLE_ORGANIZATION_EXTENSIONS"  : "y"
"HTTP_PROXY"                      : "http://127.0.0.1:9"
"HTTPS_PROXY"                     : "http://127.0.0.1:9"
"NO_PROXY"                        : "localhost,127.0.0.1,0.0.0.0"
"ENABLE_ZTP"                      : ""
"INCLUDE_PDE"                     : ""
"SONIC_DEBUGGING_ON"              : ""
"SONIC_PROFILING_ON"              : ""
"KERNEL_PROCURE_METHOD"           : "build"
"BUILD_TIMESTAMP"                 : "20260906.081246"
"BUILD_LOG_TIMESTAMP"             : "none"
"SONIC_IMAGE_VERSION"             : "master.0-dirty-20260906.081246"
"BLDENV"                          : "trixie"
"VS_PREPARE_MEM"                  : "yes"
"INCLUDE_MGMT_FRAMEWORK"          : "y"
"INCLUDE_ICCPD"                   : "n"
"INCLUDE_STP"                     : ""
"INCLUDE_SYSTEM_TELEMETRY"        : "n"
"INCLUDE_SYSTEM_GNMI"             : "y"
"INCLUDE_SYSTEM_BMP"              : "y"
"INCLUDE_SYSTEM_OTEL"             : "y"
"INCLUDE_SYSTEM_EVENTD"           : "y"
"ENABLE_HOST_SERVICE_ON_START"    : "y"
"INCLUDE_RESTAPI"                 : "n"
"INCLUDE_SFLOW"                   : "y"
"INCLUDE_NAT"                     : "y"
"INCLUDE_DHCP_RELAY"              : "y"
"INCLUDE_DHCP_SERVER"             : "n"
"INCLUDE_P4RT"                    : "n"
"INCLUDE_VS_DASH_SAI"             : "y"
"INCLUDE_KUBERNETES"              : "n"
"INCLUDE_KUBERNETES_MASTER"       : "n"
"INCLUDE_MACSEC"                  : "y"
"INCLUDE_MUX"                     : "y"
"INCLUDE_TEAMD"                   : "y"
"INCLUDE_DASH_HA"                 : "y"
"INCLUDE_ROUTER_ADVERTISER"       : "y"
"INCLUDE_SNMP"                    : "y"
"INCLUDE_LLDP"                    : "y"
"INCLUDE_BOOTCHART                : "y"
"ENABLE_BOOTCHART                 : "n"
"INCLUDE_FIPS"                    : "y"
"ENABLE_TRANSLIB_WRITE"           : ""
"ENABLE_NATIVE_WRITE"             : "y"
"ENABLE_DIALOUT"                  : ""
"ENABLE_AUTO_TECH_SUPPORT"        : "y"
"PDDF_SUPPORT"                    : "y"
"MULTIARCH_QEMU_ENVIRON"          : "n"
"SONIC_VERSION_CONTROL_COMPONENTS": "py2,py3,web,git,docker"
"ENABLE_ASAN"                     : "n"
"DEFAULT_CONTAINER_REGISTRY"      : "publicmirror.azurecr.io/"
"BUILD_MULTIASIC_KVM"             : "n"
"CROSS_BUILD_ENVIRON"             : "n"
"INCLUDE_EXTERNAL_PATCHES"        : "n"
"PTF_ENV_PY_VER"                  : "py3"
"ENABLE_MULTIDB"                  : ""
"ENABLE_SBOM"                     : "n"
"SBOM_FORMAT"                     : "both"
"SBOM_SCAN_TOOL"                  : "syft"
"SBOM_INCLUDE_LICENSES"           : "y"
"SBOM_STRICT"                     : "y"

"SONIC_DPKG_CACHE_METHOD"         : "none"

[ building ] [ target/debs/trixie/systemd-sonic-generator_1.0.0_amd64.deb ] 
[ building ] [ target/debs/trixie/sonic-platform-vs_1.0_amd64.deb ] 
[ building ] [ target/debs/trixie/initramfs-tools_0.142_all.deb ] 
[ building ] [ target/debs/trixie/linux-headers-6.12.41+deb13-common-sonic_6.12.41-1_all.deb ] 
[ building ] [ target/debs/trixie/sonic-device-data_1.0-1_all.deb ] 
[ building ] [ target/debs/trixie/ifupdown2_3.0.0-1_all.deb ] 
[ building ] [ target/debs/trixie/makedumpfile_1.7.7-1_amd64.deb ] 
[ building ] [ target/debs/trixie/kdump-tools_1.10.7_amd64.deb ] 
[ finished ] [ target/debs/trixie/initramfs-tools_0.142_all.deb ] 
[ building ] [ target/debs/trixie/libpam-radius-auth_1.4.1-1_amd64.deb ] 
[ finished ] [ target/debs/trixie/sonic-platform-vs_1.0_amd64.deb ] 
[ building ] [ target/debs/trixie/libnss-radius_1.0.1-1_amd64.deb ] 
[ finished ] [ target/debs/trixie/libnss-radius_1.0.1-1_amd64.deb ] 
[ building ] [ target/debs/trixie/libtac2_1.4.1-1_amd64.deb ] 
[ finished ] [ target/debs/trixie/makedumpfile_1.7.7-1_amd64.deb ] 
[ finished ] [ target/debs/trixie/kdump-tools_1.10.7_amd64.deb ] 
[ finished ] [ target/debs/trixie/ifupdown2_3.0.0-1_all.deb ] 
[ building ] [ target/debs/trixie/monit_5.34.3-1_amd64.deb ] 
[ building ] [ target/debs/trixie/libnl-3-200_3.7.0-0.2+b1sonic1_amd64.deb ] 
[ building ] [ target/debs/trixie/libyang3_3.12.2-1_amd64.deb ] 
[ finished ] [ target/debs/trixie/systemd-sonic-generator_1.0.0_amd64.deb ] 
[ building ] [ target/debs/trixie/sonic-nettools_0.0.1-0_amd64.deb ] 
[ finished ] [ target/debs/trixie/libtac2_1.4.1-1_amd64.deb ] 
[ building ] [ target/python-wheels/trixie/redis_dump_load-1.1-py3-none-any.whl ] 
[ finished ] [ target/debs/trixie/sonic-nettools_0.0.1-0_amd64.deb ] 
[ building ] [ target/debs/trixie/sonic-host-services-data_1.0-1_all.deb ] 
[ finished ] [ target/debs/trixie/sonic-host-services-data_1.0-1_all.deb ] 
[ building ] [ target/debs/trixie/socat_1.7.4.1-3_amd64.deb ] 
[ finished ] [ target/python-wheels/trixie/redis_dump_load-1.1-py3-none-any.whl ] 
[ building ] [ target/debs/trixie/bash_5.2.37-2_amd64.deb ] 
[ finished ] [ target/debs/trixie/libyang3_3.12.2-1_amd64.deb ] 
[ building ] [ target/debs/trixie/libtac2_1.4.1-1_amd64.deb-install ] 
[ finished ] [ target/debs/trixie/libpam-radius-auth_1.4.1-1_amd64.deb ] 
[ building ] [ target/debs/trixie/libyang3_3.12.2-1_amd64.deb-install ] 
[ finished ] [ target/debs/trixie/libtac2_1.4.1-1_amd64.deb-install ] 
[ building ] [ target/debs/trixie/sedutil_1.15-5ad84d8_amd64.deb ] 
[ finished ] [ target/debs/trixie/sedutil_1.15-5ad84d8_amd64.deb ] 
[ building ] [ target/debs/trixie/grub2-common_2.06-13+deb13u1_amd64.deb ] 
[ finished ] [ target/debs/trixie/libyang3_3.12.2-1_amd64.deb-install ] 
[ building ] [ target/files/trixie/swss_vars.j2 ] 
[ finished ] [ target/files/trixie/swss_vars.j2 ] 
[ building ] [ target/files/trixie/rsyslog_plugin.conf.j2 ] 
[ finished ] [ target/files/trixie/rsyslog_plugin.conf.j2 ] 
[ building ] [ target/files/trixie/container ] 
[ finished ] [ target/files/trixie/container ] 
[ building ] [ target/files/trixie/readiness_probe.sh ] 
[ finished ] [ target/files/trixie/readiness_probe.sh ] 
[ building ] [ target/files/trixie/container_startup.py ] 
[ finished ] [ target/files/trixie/container_startup.py ] 
[ building ] [ target/python-wheels/trixie/redis_dump_load-1.1-py3-none-any.whl-install ] 
[ finished ] [ target/python-wheels/trixie/redis_dump_load-1.1-py3-none-any.whl-install ] 
[ building ] [ target/debs/trixie/iproute2_6.15.0-1+sonic.0_amd64.deb ] 
[ finished ] [ target/debs/trixie/libnl-3-200_3.7.0-0.2+b1sonic1_amd64.deb ] 
[ building ] [ target/debs/trixie/libssl3t64_3.5.4-1+fips_amd64.deb ] 
[ finished ] [ target/debs/trixie/libssl3t64_3.5.4-1+fips_amd64.deb ] 
[ building ] [ target/debs/trixie/libssl-dev_3.5.4-1+fips_amd64.deb ] 
[ finished ] [ target/debs/trixie/libssl-dev_3.5.4-1+fips_amd64.deb ] 
[ building ] [ target/debs/trixie/openssl_3.5.4-1+fips_amd64.deb ] 
[ finished ] [ target/debs/trixie/openssl_3.5.4-1+fips_amd64.deb ] 
[ building ] [ target/debs/trixie/libk5crypto3_1.21.3-5+fips_amd64.deb ] 
[ finished ] [ target/debs/trixie/libk5crypto3_1.21.3-5+fips_amd64.deb ] 
[ building ] [ target/debs/trixie/libkrb5support0_1.21.3-5+fips_amd64.deb ] 
[ finished ] [ target/debs/trixie/libkrb5support0_1.21.3-5+fips_amd64.deb ] 
[ building ] [ target/debs/trixie/libkrb5-3_1.21.3-5+fips_amd64.deb ] 
[ finished ] [ target/debs/trixie/libkrb5-3_1.21.3-5+fips_amd64.deb ] 
[ building ] [ target/debs/trixie/libgssapi-krb5-2_1.21.3-5+fips_amd64.deb ] 
[ finished ] [ target/debs/trixie/libgssapi-krb5-2_1.21.3-5+fips_amd64.deb ] 
[ building ] [ target/debs/trixie/libnl-3-200_3.7.0-0.2+b1sonic1_amd64.deb-install ] 
[ finished ] [ target/debs/trixie/libnl-3-200_3.7.0-0.2+b1sonic1_amd64.deb-install ] 
[ building ] [ target/debs/trixie/p4lang-pi_0.1.1-1_amd64.deb ] 
[ finished ] [ target/debs/trixie/monit_5.34.3-1_amd64.deb ] 
[ building ] [ target/debs/trixie/libnexthopgroup_1.0.0_amd64.deb ] 
[ finished ] [ target/debs/trixie/socat_1.7.4.1-3_amd64.deb ] 
[ building ] [ target/debs/trixie/libdashapi_1.0.0_amd64.deb ] 
[ finished ] [ target/debs/trixie/iproute2_6.15.0-1+sonic.0_amd64.deb ] 
[ building ] [ target/files/trixie/90-sonic.conf ] 
[ finished ] [ target/files/trixie/90-sonic.conf ] 
[ finished ] [ target/debs/trixie/libnexthopgroup_1.0.0_amd64.deb ] 
[ building ] [ target/files/trixie/update_chassisdb_config ] 
[ finished ] [ target/files/trixie/update_chassisdb_config ] 
[ building ] [ target/files/trixie/container_checker ] 
[ finished ] [ target/files/trixie/container_checker ] 
[ building ] [ target/files/trixie/gnmi.sh ] 
[ finished ] [ target/files/trixie/gnmi.sh ] 
[ building ] [ target/files/trixie/k8s_pod_control.sh ] 
[ finished ] [ target/files/trixie/k8s_pod_control.sh ] 
[ building ] [ target/debs/trixie/lldpd_1.0.16-1+deb12u1_amd64.deb ] 
[ finished ] [ target/debs/trixie/libdashapi_1.0.0_amd64.deb ] 
[ building ] [ target/files/trixie/arp_update ] 
[ finished ] [ target/files/trixie/arp_update ] 
[ building ] [ target/files/trixie/arp_update_vars.j2 ] 
[ finished ] [ target/files/trixie/arp_update_vars.j2 ] 
[ building ] [ target/python-wheels/trixie/scapy-2.6.1.dev0-py3-none-any.whl ] 
[ finished ] [ target/python-wheels/trixie/scapy-2.6.1.dev0-py3-none-any.whl ] 
[ building ] [ target/debs/trixie/lm-sensors_3.6.0-7.1_amd64.deb ] 
[ building ] [ target/python-wheels/trixie/sonic_platform_pddf_common-1.0-py3-none-any.whl ] 
[ finished ] [ target/debs/trixie/lm-sensors_3.6.0-7.1_amd64.deb ] 
[ building ] [ target/files/trixie/restapi.sh ] 
[ finished ] [ target/files/trixie/restapi.sh ] 
[ building ] [ target/debs/trixie/hsflowd_2.0.51-26_amd64.deb ] 
[ finished ] [ target/python-wheels/trixie/sonic_platform_pddf_common-1.0-py3-none-any.whl ] 
[ building ] [ target/debs/trixie/sflowtool_5.04_amd64.deb ] 
[ finished ] [ target/debs/trixie/lldpd_1.0.16-1+deb12u1_amd64.deb ] 
[ building ] [ target/debs/trixie/psample_1.1-1_amd64.deb ] 
[ finished ] [ target/debs/trixie/bash_5.2.37-2_amd64.deb ] 
[ building ] [ target/docker-dash-engine.gz ] 
[ finished ] [ target/debs/trixie/psample_1.1-1_amd64.deb ] 
[ building ] [ target/debs/trixie/isc-dhcp-relay_4.4.3-P1-2_amd64.deb ] 
[ finished ] [ target/debs/trixie/sflowtool_5.04_amd64.deb ] 
[ building ] [ target/debs/trixie/rasdaemon_0.6.8-1_amd64.deb ] 
[ finished ] [ target/debs/trixie/sonic-device-data_1.0-1_all.deb ] 
[ building ] [ target/files/trixie/remote_ctr.config.json ] 
[ finished ] [ target/files/trixie/remote_ctr.config.json ] 
[ building ] [ target/files/trixie/ctrmgrd.service ] 
[ finished ] [ target/files/trixie/ctrmgrd.service ] 
[ building ] [ target/debs/trixie/libpam-tacplus_1.4.1-1_amd64.deb ] 
[ finished ] [ target/debs/trixie/libpam-tacplus_1.4.1-1_amd64.deb ] 
[ building ] [ target/debs/trixie/libtac-dev_1.4.1-1_amd64.deb ] 
[ finished ] [ target/debs/trixie/libtac-dev_1.4.1-1_amd64.deb ] 
[ building ] [ target/debs/trixie/libnl-3-dev_3.7.0-0.2+b1sonic1_amd64.deb ] 
[ finished ] [ target/debs/trixie/libnl-3-dev_3.7.0-0.2+b1sonic1_amd64.deb ] 
[ building ] [ target/debs/trixie/libnl-route-3-200_3.7.0-0.2+b1sonic1_amd64.deb ] 
[ finished ] [ target/debs/trixie/libnl-route-3-200_3.7.0-0.2+b1sonic1_amd64.deb ] 
[ building ] [ target/debs/trixie/libnl-3-dev_3.7.0-0.2+b1sonic1_amd64.deb-install ] 
[ finished ] [ target/debs/trixie/hsflowd_2.0.51-26_amd64.deb ] 
[ building ] [ target/debs/trixie/libnl-route-3-200_3.7.0-0.2+b1sonic1_amd64.deb-install ] 
[ finished ] [ target/debs/trixie/libnl-3-dev_3.7.0-0.2+b1sonic1_amd64.deb-install ] 
[ building ] [ target/debs/trixie/libyang-dev_3.12.2-1_amd64.deb ] 
[ finished ] [ target/debs/trixie/libyang-dev_3.12.2-1_amd64.deb ] 
[ building ] [ target/debs/trixie/libnl-genl-3-200_3.7.0-0.2+b1sonic1_amd64.deb ] 
[ finished ] [ target/debs/trixie/libnl-genl-3-200_3.7.0-0.2+b1sonic1_amd64.deb ] 
[ building ] [ target/debs/trixie/libyang-dev_3.12.2-1_amd64.deb-install ] 
[ finished ] [ target/debs/trixie/libnl-route-3-200_3.7.0-0.2+b1sonic1_amd64.deb-install ] 
[ building ] [ target/debs/trixie/libnl-genl-3-200_3.7.0-0.2+b1sonic1_amd64.deb-install ] 
[ finished ] [ target/debs/trixie/libyang-dev_3.12.2-1_amd64.deb-install ] 
[ building ] [ target/python-wheels/trixie/swsssdk-2.0.1-py3-none-any.whl ] 
[ finished ] [ target/debs/trixie/libnl-genl-3-200_3.7.0-0.2+b1sonic1_amd64.deb-install ] 
[ building ] [ target/debs/trixie/libtac-dev_1.4.1-1_amd64.deb-install ] 
[ finished ] [ target/debs/trixie/libtac-dev_1.4.1-1_amd64.deb-install ] 
[ building ] [ target/docker-base-trixie.gz ] 
[ finished ] [ target/debs/trixie/rasdaemon_0.6.8-1_amd64.deb ] 
[ building ] [ target/debs/trixie/libnexthopgroup-dev_1.0.0_amd64.deb ] 
[ finished ] [ target/debs/trixie/libnexthopgroup-dev_1.0.0_amd64.deb ] 
[ building ] [ target/debs/trixie/libnexthopgroup_1.0.0_amd64.deb-install ] 
[ finished ] [ target/debs/trixie/libnexthopgroup_1.0.0_amd64.deb-install ] 
[ building ] [ target/debs/trixie/libdashapi_1.0.0_amd64.deb-install ] 
[ finished ] [ target/debs/trixie/libdashapi_1.0.0_amd64.deb-install ] 
[ building ] [ target/debs/trixie/libnexthopgroup-dev_1.0.0_amd64.deb-install ] 
[ finished ] [ target/debs/trixie/libnexthopgroup-dev_1.0.0_amd64.deb-install ] 
[ building ] [ target/debs/trixie/libsensors5_3.6.0-7.1_amd64.deb ] 
[ finished ] [ target/debs/trixie/libsensors5_3.6.0-7.1_amd64.deb ] 
[ building ] [ target/debs/trixie/fancontrol_3.6.0-7.1_all.deb ] 
[ finished ] [ target/debs/trixie/fancontrol_3.6.0-7.1_all.deb ] 
[ building ] [ target/debs/trixie/sensord_3.6.0-7.1_amd64.deb ] 
[ finished ] [ target/debs/trixie/sensord_3.6.0-7.1_amd64.deb ] 
[ building ] [ target/debs/trixie/libnss-tacplus_1.0.4-1_amd64.deb ] 
[ finished ] [ target/python-wheels/trixie/swsssdk-2.0.1-py3-none-any.whl ] 
[ building ] [ target/debs/trixie/libnl-route-3-dev_3.7.0-0.2+b1sonic1_amd64.deb ] 
[ finished ] [ target/debs/trixie/libnl-route-3-dev_3.7.0-0.2+b1sonic1_amd64.deb ] 
[ building ] [ target/debs/trixie/python3-libyang_3.1.0-1_amd64.deb ] 
[ finished ] [ target/debs/trixie/python3-libyang_3.1.0-1_amd64.deb ] 
[ building ] [ target/debs/trixie/libnl-genl-3-dev_3.7.0-0.2+b1sonic1_amd64.deb ] 
[ finished ] [ target/debs/trixie/libnl-genl-3-dev_3.7.0-0.2+b1sonic1_amd64.deb ] 
[ building ] [ target/debs/trixie/libnl-nf-3-200_3.7.0-0.2+b1sonic1_amd64.deb ] 
[ finished ] [ target/debs/trixie/libnl-nf-3-200_3.7.0-0.2+b1sonic1_amd64.deb ] 
[ building ] [ target/debs/trixie/python3-libyang_3.1.0-1_amd64.deb-install ] 
[ finished ] [ target/debs/trixie/python3-libyang_3.1.0-1_amd64.deb-install ] 
[ building ] [ target/debs/trixie/libnl-genl-3-dev_3.7.0-0.2+b1sonic1_amd64.deb-install ] 
[ finished ] [ target/debs/trixie/libnl-genl-3-dev_3.7.0-0.2+b1sonic1_amd64.deb-install ] 
[ building ] [ target/debs/trixie/libnl-route-3-dev_3.7.0-0.2+b1sonic1_amd64.deb-install ] 
[ finished ] [ target/debs/trixie/libnl-route-3-dev_3.7.0-0.2+b1sonic1_amd64.deb-install ] 
[ building ] [ target/python-wheels/trixie/swsssdk-2.0.1-py3-none-any.whl-install ] 
[ finished ] [ target/python-wheels/trixie/swsssdk-2.0.1-py3-none-any.whl-install ] 
[ building ] [ target/debs/trixie/libnl-nf-3-200_3.7.0-0.2+b1sonic1_amd64.deb-install ] 
[ finished ] [ target/debs/trixie/libnl-nf-3-200_3.7.0-0.2+b1sonic1_amd64.deb-install ] 
[ building ] [ target/debs/trixie/bash-tacplus_1.0.0_amd64.deb ] 
[ finished ] [ target/debs/trixie/p4lang-pi_0.1.1-1_amd64.deb ] 
[ building ] [ target/debs/trixie/audisp-tacplus_1.0.2_amd64.deb ] 
[ finished ] [ target/debs/trixie/libnss-tacplus_1.0.4-1_amd64.deb ] 
[ building ] [ target/debs/trixie/p4lang-pi_0.1.1-1_amd64.deb-install ] 
[ finished ] [ target/debs/trixie/p4lang-pi_0.1.1-1_amd64.deb-install ] 
[ building ] [ target/debs/trixie/frr_10.5.4-sonic-0_amd64.deb ] 
[ finished ] [ target/debs/trixie/bash-tacplus_1.0.0_amd64.deb ] 
[ building ] [ target/debs/trixie/openssh-server_10.0p1-7_amd64.deb ] 
[ finished ] [ target/debs/trixie/audisp-tacplus_1.0.2_amd64.deb ] 
[ building ] [ target/python-wheels/trixie/sonic_yang_models-1.0-py3-none-any.whl ] 
[ finished ] [ target/python-wheels/trixie/sonic_yang_models-1.0-py3-none-any.whl ] 
[ building ] [ target/debs/trixie/libnl-nf-3-dev_3.7.0-0.2+b1sonic1_amd64.deb ] 
[ finished ] [ target/debs/trixie/libnl-nf-3-dev_3.7.0-0.2+b1sonic1_amd64.deb ] 
[ building ] [ target/python-wheels/trixie/sonic_yang_models-1.0-py3-none-any.whl-install ] 
[ finished ] [ target/python-wheels/trixie/sonic_yang_models-1.0-py3-none-any.whl-install ] 
[ building ] [ target/debs/trixie/libnl-nf-3-dev_3.7.0-0.2+b1sonic1_amd64.deb-install ] 
[ finished ] [ target/debs/trixie/libnl-nf-3-dev_3.7.0-0.2+b1sonic1_amd64.deb-install ] 
[ building ] [ target/debs/trixie/p4lang-bmv2_1.15.0-9_amd64.deb ] 
[ finished ] [ target/debs/trixie/frr_10.5.4-sonic-0_amd64.deb ] 
[ building ] [ target/debs/trixie/sonic-mgmt-common_1.0.0_amd64.deb ] 
[ finished ] [ target/debs/trixie/linux-headers-6.12.41+deb13-common-sonic_6.12.41-1_all.deb ] 
[ building ] [ target/python-wheels/trixie/sonic_yang_mgmt-1.0-py3-none-any.whl ] 
[ finished ] [ target/python-wheels/trixie/sonic_yang_mgmt-1.0-py3-none-any.whl ] 
[ building ] [ target/debs/trixie/libnl-cli-3-200_3.7.0-0.2+b1sonic1_amd64.deb ] 
[ finished ] [ target/debs/trixie/libnl-cli-3-200_3.7.0-0.2+b1sonic1_amd64.deb ] 
[ building ] [ target/python-wheels/trixie/sonic_yang_mgmt-1.0-py3-none-any.whl-install ] 
[ finished ] [ target/python-wheels/trixie/sonic_yang_mgmt-1.0-py3-none-any.whl-install ] 
[ building ] [ target/debs/trixie/libnl-cli-3-200_3.7.0-0.2+b1sonic1_amd64.deb-install ] 
[ finished ] [ target/debs/trixie/libnl-cli-3-200_3.7.0-0.2+b1sonic1_amd64.deb-install ] 
[ building ] [ target/debs/trixie/frr-snmp_10.5.4-sonic-0_amd64.deb ] 
[ finished ] [ target/debs/trixie/frr-snmp_10.5.4-sonic-0_amd64.deb ] 
[ building ] [ target/debs/trixie/linux-headers-6.12.41+deb13-common-sonic_6.12.41-1_all.deb-install ] 
[ finished ] [ target/debs/trixie/linux-headers-6.12.41+deb13-common-sonic_6.12.41-1_all.deb-install ] 
[ building ] [ target/debs/trixie/linux-image-6.12.41+deb13-sonic-amd64-unsigned_6.12.41-1_amd64.deb ] 
[ finished ] [ target/debs/trixie/linux-image-6.12.41+deb13-sonic-amd64-unsigned_6.12.41-1_amd64.deb ] 
[ building ] [ target/debs/trixie/linux-kbuild-6.12.41+deb13_6.12.41-1_amd64.deb ] 
[ finished ] [ target/debs/trixie/linux-kbuild-6.12.41+deb13_6.12.41-1_amd64.deb ] 
[ building ] [ target/debs/trixie/libnl-cli-3-dev_3.7.0-0.2+b1sonic1_amd64.deb ] 
[ finished ] [ target/debs/trixie/libnl-cli-3-dev_3.7.0-0.2+b1sonic1_amd64.deb ] 
[ building ] [ target/debs/trixie/linux-kbuild-6.12.41+deb13_6.12.41-1_amd64.deb-install ] 
[ finished ] [ target/debs/trixie/linux-kbuild-6.12.41+deb13_6.12.41-1_amd64.deb-install ] 
[ building ] [ target/debs/trixie/libnl-cli-3-dev_3.7.0-0.2+b1sonic1_amd64.deb-install ] 
[ finished ] [ target/debs/trixie/libnl-cli-3-dev_3.7.0-0.2+b1sonic1_amd64.deb-install ] 
[ building ] [ target/debs/trixie/libswsscommon_1.0.0_amd64.deb ] 
[ finished ] [ target/docker-dash-engine.gz ] 
[ building ] [ target/debs/trixie/libteam5_1.31-1_amd64.deb ] 
[ finished ] [ target/debs/trixie/sonic-mgmt-common_1.0.0_amd64.deb ] 
[ building ] [ target/debs/trixie/sonic-mgmt-common-codegen_1.0.0_amd64.deb ] 
[ finished ] [ target/debs/trixie/sonic-mgmt-common-codegen_1.0.0_amd64.deb ] 
[ building ] [ target/debs/trixie/sonic-mgmt-common_1.0.0_amd64.deb-install ] 
[ finished ] [ target/debs/trixie/sonic-mgmt-common_1.0.0_amd64.deb-install ] 
[ building ] [ target/debs/trixie/sonic-mgmt-common-codegen_1.0.0_amd64.deb-install ] 
[ finished ] [ target/debs/trixie/sonic-mgmt-common-codegen_1.0.0_amd64.deb-install ] 
[ building ] [ target/debs/trixie/sonic-mgmt-framework_1.0-01_amd64.deb ] 
[ finished ] [ target/debs/trixie/openssh-server_10.0p1-7_amd64.deb ] 
[ finished ] [ target/debs/trixie/libteam5_1.31-1_amd64.deb ] 
[ building ] [ target/debs/trixie/libteamdctl0_1.31-1_amd64.deb ] 
[ finished ] [ target/debs/trixie/libteamdctl0_1.31-1_amd64.deb ] 
[ building ] [ target/debs/trixie/libteam5_1.31-1_amd64.deb-install ] 
[ building ] [ target/debs/trixie/libteam-dev_1.31-1_amd64.deb ] 
[ finished ] [ target/debs/trixie/libteam-dev_1.31-1_amd64.deb ] 
[ building ] [ target/debs/trixie/libteam-utils_1.31-1_amd64.deb ] 
[ finished ] [ target/debs/trixie/libteam-utils_1.31-1_amd64.deb ] 
[ finished ] [ target/debs/trixie/libteam5_1.31-1_amd64.deb-install ] 
[ building ] [ target/debs/trixie/libteamdctl0_1.31-1_amd64.deb-install ] 
[ finished ] [ target/debs/trixie/libteamdctl0_1.31-1_amd64.deb-install ] 
[ building ] [ target/debs/trixie/libteam-dev_1.31-1_amd64.deb-install ] 
[ building ] [ target/debs/trixie/libteam-utils_1.31-1_amd64.deb-install ] 
[ finished ] [ target/debs/trixie/libteam-dev_1.31-1_amd64.deb-install ] 
[ finished ] [ target/debs/trixie/libteam-utils_1.31-1_amd64.deb-install ] 
[ finished ] [ target/docker-base-trixie.gz ] 
[ building ] [ target/docker-base-trixie.gz-load ] 
[ finished ] [ target/docker-base-trixie.gz-load ] 
[ finished ] [ target/debs/trixie/sonic-mgmt-framework_1.0-01_amd64.deb ] 
[ finished ] [ target/debs/trixie/libswsscommon_1.0.0_amd64.deb ] 
[ building ] [ target/debs/trixie/python3-swsscommon_1.0.0_amd64.deb ] 
[ finished ] [ target/debs/trixie/python3-swsscommon_1.0.0_amd64.deb ] 
[ building ] [ target/debs/trixie/sonic-db-cli_1.0.0_amd64.deb ] 
[ finished ] [ target/debs/trixie/sonic-db-cli_1.0.0_amd64.deb ] 
[ building ] [ target/debs/trixie/libswsscommon-dev_1.0.0_amd64.deb ] 
[ finished ] [ target/debs/trixie/libswsscommon-dev_1.0.0_amd64.deb ] 
[ building ] [ target/debs/trixie/libswsscommon_1.0.0_amd64.deb-install ] 
[ finished ] [ target/debs/trixie/libswsscommon_1.0.0_amd64.deb-install ] 
[ building ] [ target/debs/trixie/libswsscommon-dev_1.0.0_amd64.deb-install ] 
[ building ] [ target/debs/trixie/python3-swsscommon_1.0.0_amd64.deb-install ] 
[ finished ] [ target/debs/trixie/libswsscommon-dev_1.0.0_amd64.deb-install ] 
[ building ] [ target/debs/trixie/sonic-eventd_1.0.0-0_amd64.deb ] 
[ building ] [ target/debs/trixie/sonic-ctrmgrd-rs_1.0.0_amd64.deb ] 
[ finished ] [ target/debs/trixie/python3-swsscommon_1.0.0_amd64.deb-install ] 
[ building ] [ target/debs/trixie/sonic-host-services-rs_1.0.0_amd64.deb ] 
[ building ] [ target/debs/trixie/syslog-counter_1.0.0_amd64.deb ] 
[ building ] [ target/debs/trixie/sonic-supervisord-utilities-rs_1.0.0_amd64.deb ] 
[ finished ] [ target/debs/trixie/sonic-eventd_1.0.0-0_amd64.deb ] 
[ building ] [ target/debs/trixie/sonic-bmp_0.1_amd64.deb ] 
[ finished ] [ target/debs/trixie/grub2-common_2.06-13+deb13u1_amd64.deb ] 
[ finished ] [ target/debs/trixie/sonic-supervisord-utilities-rs_1.0.0_amd64.deb ] 
[ building ] [ target/debs/trixie/dash-ha_1.0.0_amd64.deb ] 
[ finished ] [ target/debs/trixie/syslog-counter_1.0.0_amd64.deb ] 
[ finished ] [ target/debs/trixie/sonic-bmp_0.1_amd64.deb ] 
[ building ] [ target/debs/trixie/stp_1.0.0_amd64.deb ] 
[ building ] [ target/debs/trixie/sonic-gnmi_0.1_amd64.deb ] 
[ finished ] [ target/debs/trixie/sonic-host-services-rs_1.0.0_amd64.deb ] 
[ finished ] [ target/debs/trixie/stp_1.0.0_amd64.deb ] 
[ building ] [ target/debs/trixie/sonic-linkmgrd_1.0.0-1_amd64.deb ] 
[ building ] [ target/debs/trixie/sysmgr_1.0.0_amd64.deb ] 
[ finished ] [ target/debs/trixie/isc-dhcp-relay_4.4.3-P1-2_amd64.deb ] 
[ finished ] [ target/debs/trixie/sonic-ctrmgrd-rs_1.0.0_amd64.deb ] 
[ finished ] [ target/debs/trixie/sonic-linkmgrd_1.0.0-1_amd64.deb ] 
[ building ] [ target/debs/trixie/sonic-dhcpmon_1.0.0-0_amd64.deb ] 
[ finished ] [ target/debs/trixie/sonic-dhcpmon_1.0.0-0_amd64.deb ] 
[ finished ] [ target/debs/trixie/sonic-gnmi_0.1_amd64.deb ] 
[ building ] [ target/debs/trixie/sonic-dhcp4relay_1.0.0-0_amd64.deb ] 
[ building ] [ target/debs/trixie/sonic-dhcp6relay_1.0.0-0_amd64.deb ] 
[ building ] [ target/debs/trixie/wpasupplicant_2.9.0-14_amd64.deb ] 
[ building ] [ target/sonic-vs.bin__vs__rfs.squashfs ] 
[ finished ] [ target/debs/trixie/sysmgr_1.0.0_amd64.deb ] 
[ building ] [ target/debs/trixie/sonic-rsyslog-plugin_1.0.0-0_amd64.deb ] 
[ finished ] [ target/debs/trixie/sonic-rsyslog-plugin_1.0.0-0_amd64.deb ] 
[ building ] [ target/python-wheels/trixie/sonic_py_common-1.0-py3-none-any.whl ] 
[ building ] [ target/debs/trixie/sonic-bmp_0.1_amd64.deb-install ] 
[ finished ] [ target/debs/trixie/sonic-bmp_0.1_amd64.deb-install ] 
[ building ] [ target/debs/trixie/stp_1.0.0_amd64.deb-install ] 
[ finished ] [ target/debs/trixie/stp_1.0.0_amd64.deb-install ] 
[ finished ] [ target/debs/trixie/sonic-dhcp6relay_1.0.0-0_amd64.deb ] 
[ finished ] [ target/python-wheels/trixie/sonic_py_common-1.0-py3-none-any.whl ] 
[ finished ] [ target/debs/trixie/sonic-dhcp4relay_1.0.0-0_amd64.deb ] 
[ building ] [ target/python-wheels/trixie/sonic_py_common-1.0-py3-none-any.whl-install ] 
[ finished ] [ target/python-wheels/trixie/sonic_py_common-1.0-py3-none-any.whl-install ] 
[ building ] [ target/python-wheels/trixie/sonic_config_engine-1.0-py3-none-any.whl ] 
[ building ] [ target/python-wheels/trixie/sonic_containercfgd-1.0-py3-none-any.whl ] 
/sonic/src/sonic-dash-ha /sonic
Removing patch ../sonic-dash-ha.patch/0001-build-use-relative-path-when-building-cargo-dependen.patch
Restoring Cargo.toml

No patches applied
/sonic
[ finished ] [ target/debs/trixie/dash-ha_1.0.0_amd64.deb ] 
[ building ] [ target/python-wheels/trixie/sonic_supervisord_utilities-1.0-py3-none-any.whl ] 
[ building ] [ target/python-wheels/trixie/sonic_d-2.0.0-py3-none-any.whl ] 
[ building ] [ target/python-wheels/trixie/sonic_ledd-1.1-py3-none-any.whl ] 
[ finished ] [ target/debs/trixie/wpasupplicant_2.9.0-14_amd64.deb ] 
[ building ] [ target/python-wheels/trixie/sonic_pcied-1.0-py3-none-any.whl ] 
[ finished ] [ target/python-wheels/trixie/sonic_config_engine-1.0-py3-none-any.whl ] 
[ building ] [ target/python-wheels/trixie/sonic_stormond-1.0-py3-none-any.whl ] 
[ finished ] [ target/python-wheels/trixie/sonic_d-2.0.0-py3-none-any.whl ] 
[ building ] [ target/python-wheels/trixie/sonic_config_engine-1.0-py3-none-any.whl-install ] 
[ finished ] [ target/python-wheels/trixie/sonic_containercfgd-1.0-py3-none-any.whl ] 
[ building ] [ target/python-wheels/trixie/sonic_dhcp_utilities-1.0-py3-none-any.whl ] 
[ finished ] [ target/python-wheels/trixie/sonic_ledd-1.1-py3-none-any.whl ] 
[ building ] [ target/python-wheels/trixie/sonic_ctrmgrd-1.0.0-py3-none-any.whl ] 
[ finished ] [ target/python-wheels/trixie/sonic_pcied-1.0-py3-none-any.whl ] 
[ finished ] [ target/python-wheels/trixie/sonic_config_engine-1.0-py3-none-any.whl-install ] 
[ building ] [ target/python-wheels/trixie/sonic_platform_common-1.0-py3-none-any.whl ] 
[ building ] [ target/python-wheels/trixie/sonic_bgpcfgd-1.0-py3-none-any.whl ] 
[ finished ] [ target/python-wheels/trixie/sonic_supervisord_utilities-1.0-py3-none-any.whl ] 
[ building ] [ target/python-wheels/trixie/sonic_frr_mgmt_framework-1.0-py3-none-any.whl ] 
[ finished ] [ target/python-wheels/trixie/sonic_stormond-1.0-py3-none-any.whl ] 
[ building ] [ target/python-wheels/trixie/system_health-1.0-py3-none-any.whl ] 
[ finished ] [ target/debs/trixie/p4lang-bmv2_1.15.0-9_amd64.deb ] 
[ building ] [ target/docker-config-engine-trixie.gz ] 
[ finished ] [ target/python-wheels/trixie/sonic_dhcp_utilities-1.0-py3-none-any.whl ] 
[ building ] [ target/debs/trixie/p4lang-bmv2_1.15.0-9_amd64.deb-install ] 
[ finished ] [ target/python-wheels/trixie/sonic_ctrmgrd-1.0.0-py3-none-any.whl ] 
[ finished ] [ target/debs/trixie/p4lang-bmv2_1.15.0-9_amd64.deb-install ] 
[ building ] [ target/debs/trixie/p4lang-p4c_1.2.4.2-2_amd64.deb ] 
[ finished ] [ target/python-wheels/trixie/sonic_platform_common-1.0-py3-none-any.whl ] 
[ building ] [ target/python-wheels/trixie/sonic_platform_common-1.0-py3-none-any.whl-install ] 
[ finished ] [ target/python-wheels/trixie/sonic_bgpcfgd-1.0-py3-none-any.whl ] 
[ finished ] [ target/python-wheels/trixie/sonic_frr_mgmt_framework-1.0-py3-none-any.whl ] 
[ finished ] [ target/python-wheels/trixie/system_health-1.0-py3-none-any.whl ] 
[ finished ] [ target/python-wheels/trixie/sonic_platform_common-1.0-py3-none-any.whl-install ] 
[ building ] [ target/python-wheels/trixie/sonic_utilities-1.2-py3-none-any.whl ] 
[ building ] [ target/python-wheels/trixie/sonic_psud-1.0-py3-none-any.whl ] 
[ building ] [ target/python-wheels/trixie/sonic_syseepromd-1.0-py3-none-any.whl ] 
[ building ] [ target/python-wheels/trixie/sonic_thermalctld-1.0-py3-none-any.whl ] 
[ building ] [ target/python-wheels/trixie/sonic_sensormond-1.0-py3-none-any.whl ] 
[ finished ] [ target/python-wheels/trixie/sonic_utilities-1.2-py3-none-any.whl ] 
[ FAIL LOG START ] [ target/python-wheels/trixie/sonic_utilities-1.2-py3-none-any.whl ]
Build start time: Sun Sep 6 00:23:07 UTC 2026
[ REASON ] :      target/python-wheels/trixie/sonic_utilities-1.2-py3-none-any.whl does not exist   NON-EXISTENT PREREQUISITES: target/python-wheels/trixie/sonic_py_common-1.0-py3-none-any.whl-install target/python-wheels/trixie/sonic_config_engine-1.0-py3-none-any.whl-install target/python-wheels/trixie/sonic_platform_common-1.0-py3-none-any.whl-install target/python-wheels/trixie/sonic_yang_mgmt-1.0-py3-none-any.whl-install target/python-wheels/trixie/sonic_yang_models-1.0-py3-none-any.whl-install target/debs/trixie/libyang3_3.12.2-1_amd64.deb-install target/debs/trixie/python3-libyang_3.1.0-1_amd64.deb-install target/debs/trixie/libswsscommon_1.0.0_amd64.deb-install target/debs/trixie/python3-swsscommon_1.0.0_amd64.deb-install 
[ FLAGS  FILE    ] : [] 
[ FLAGS  DEPENDS ] : [] 
[ FLAGS  DIFF    ] : [] 
/sonic/src/sonic-utilities /sonic
Defaulting to user installation because normal site-packages is not writeable
Looking in links: /pip-wheelhouse
Processing /sonic/src/sonic-utilities
  Preparing metadata (setup.py): started
  Preparing metadata (setup.py): finished with status 'done'
Requirement already satisfied: bcrypt>=3.2.2 in /usr/lib/python3/dist-packages (from sonic-utilities==1.2) (4.2.0)
Requirement already satisfied: click<8.2,>=8.0 in /usr/lib/python3/dist-packages (from sonic-utilities==1.2) (8.1.8)
Requirement already satisfied: cryptography>=3.3.2 in /usr/lib/python3/dist-packages (from sonic-utilities==1.2) (43.0.0)
Requirement already satisfied: urllib3>=2 in /usr/lib/python3/dist-packages (from sonic-utilities==1.2) (2.3.0)
INFO: pip is looking at multiple versions of sonic-utilities to determine which version is compatible with other requirements. This could take a while.
ERROR: Cannot install sonic-utilities==1.2 because these package versions have conflicting dependencies.

The conflict is caused by:
    sonic-utilities 1.2 depends on click-log>=0.3.2
    The user requested (constraint) click-log==0.4.0

To fix this you could try to:
1. loosen the range of package versions you've specified
2. remove package versions to allow pip to attempt to solve the dependency conflict

ERROR: ResolutionImpossible: for help visit https://pip.pypa.io/en/latest/topics/dependency-resolution/#dealing-with-dependency-conflicts
[  FAIL LOG END  ] [ target/python-wheels/trixie/sonic_utilities-1.2-py3-none-any.whl ]
make: *** [slave.mk:1164: target/python-wheels/trixie/sonic_utilities-1.2-py3-none-any.whl] Error 1
make: *** Waiting for unfinished jobs....
[ finished ] [ target/python-wheels/trixie/sonic_psud-1.0-py3-none-any.whl ] 
[ finished ] [ target/python-wheels/trixie/sonic_syseepromd-1.0-py3-none-any.whl ] 
[ finished ] [ target/python-wheels/trixie/sonic_thermalctld-1.0-py3-none-any.whl ] 
[ finished ] [ target/python-wheels/trixie/sonic_sensormond-1.0-py3-none-any.whl ] 
[ finished ] [ target/docker-config-engine-trixie.gz ] 
[ FAIL LOG START ] [ target/docker-config-engine-trixie.gz ]
Build start time: Sun Sep 6 00:22:53 UTC 2026
[ REASON ] :      target/docker-config-engine-trixie.gz does not exist   NON-EXISTENT PREREQUISITES: docker-start target/docker-base-trixie.gz-load 
[ FLAGS  FILE    ] : [] 
[ FLAGS  DEPENDS ] : [] 
[ FLAGS  DIFF    ] : [] 
cat: 'files/build/versions/dockers/docker-config-engine-trixie/versions-*-trixie-amd64': No such file or directory
Client: Docker Engine - Community
 Version:    28.5.2
 Context:    default
 Debug Mode: false
 Plugins:
  buildx: Docker Buildx (Docker Inc.)
    Version:  v0.26.1
    Path:     /usr/libexec/docker/cli-plugins/docker-buildx
  compose: Docker Compose (Docker Inc.)
    Version:  v2.39.1
    Path:     /usr/libexec/docker/cli-plugins/docker-compose

Server:
 Containers: 0
  Running: 0
  Paused: 0
  Stopped: 0
 Images: 524
 Server Version: 28.5.2
 Storage Driver: overlay2
  Backing Filesystem: extfs
  Supports d_type: true
  Using metacopy: false
  Native Overlay Diff: true
  userxattr: false
 Logging Driver: json-file
 Cgroup Driver: cgroupfs
 Cgroup Version: 2
 Plugins:
  Volume: local
  Network: bridge host ipvlan macvlan null overlay
  Log: awslogs fluentd gcplogs gelf journald json-file local splunk syslog
 CDI spec directories:
  /etc/cdi
  /var/run/cdi
 Swarm: inactive
 Runtimes: io.containerd.runc.v2 runc
 Default Runtime: runc
 Init Binary: docker-init
 containerd version: b98a3aace656320842a23f4a392a33f46af97866
 runc version: v1.3.3-0-gd842d771
 init version: de40ad0
 Security Options:
  seccomp
   Profile: builtin
  cgroupns
 Kernel Version: 7.0.0-22-generic
 Operating System: Debian GNU/Linux 13 (trixie)
 OSType: linux
 Architecture: x86_64
 CPUs: 192
 Total Memory: 743GiB
 Name: 4dbe806863e2
 ID: 9050de27-efa9-406a-855d-9324d28b5135
 Docker Root Dir: /var/lib/docker
 Debug Mode: false
 HTTP Proxy: http://127.0.0.1:9
 HTTPS Proxy: http://127.0.0.1:9
 No Proxy: localhost,127.0.0.1,0.0.0.0
 Experimental: true
 Insecure Registries:
  ::1/128
  127.0.0.0/8
 Live Restore Enabled: false

#0 building with "default" instance using docker driver

#1 [internal] load build definition from Dockerfile
#1 transferring dockerfile: 4.07kB done
#1 DONE 0.0s

#2 [internal] load metadata for docker.io/library/docker-base-trixie-sonic:latest
#2 DONE 0.0s

#3 [internal] load .dockerignore
#3 transferring context: 2B done
#3 DONE 0.0s

#4 [base  1/18] FROM docker.io/library/docker-base-trixie-sonic:latest
#4 DONE 0.0s

#5 [internal] load build context
#5 transferring context: 145.52MB 0.5s done
#5 DONE 0.5s

#6 [base  2/18] COPY [buildinfo, /usr/local/share/buildinfo]
#6 DONE 0.5s

#7 [base  3/18] COPY vcache/ /sonic/target/vcache/docker-config-engine-trixie
#7 DONE 0.3s

#8 [base  4/18] RUN dpkg -i /usr/local/share/buildinfo/sonic-build-hooks_1.0_all.deb
#8 0.137 (Reading database ... 11487 files and directories currently installed.)
#8 0.137 Preparing to unpack .../sonic-build-hooks_1.0_all.deb ...
#8 0.141 Unpacking sonic-build-hooks (1.0) over (1.0) ...
#8 0.165 Setting up sonic-build-hooks (1.0) ...
#8 DONE 0.2s

#9 [base  5/18] RUN pre_run_buildinfo docker-config-engine-trixie
#9 2.700 ./
#9 2.700 ./apt-lists/
#9 2.700 ./apt-lists/debian-archive.trafficmanager.net_debian_dists_trixie-updates_main_source_Sources.lz4
#9 2.700 ./apt-lists/debian-archive.trafficmanager.net_debian-security_dists_trixie-security_non-free-firmware_source_Sources.lz4
#9 2.700 ./apt-lists/debian-archive.trafficmanager.net_debian_dists_trixie_contrib_source_Sources.lz4
#9 2.701 ./apt-lists/debian-archive.trafficmanager.net_debian_dists_trixie-backports_non-free-firmware_binary-amd64_Packages.lz4
#9 2.701 ./apt-lists/debian-archive.trafficmanager.net_debian_dists_trixie_main_source_Sources.lz4
#9 2.909 ./apt-lists/debian-archive.trafficmanager.net_debian-security_dists_trixie-security_main_binary-amd64_Packages.lz4
#9 2.914 ./apt-lists/debian-archive.trafficmanager.net_debian_dists_trixie_non-free-firmware_source_Sources.lz4
#9 2.914 ./apt-lists/debian-archive.trafficmanager.net_debian_dists_trixie-backports_InRelease
#9 2.914 ./apt-lists/debian-archive.trafficmanager.net_debian-security_dists_trixie-security_main_source_Sources.lz4
#9 2.920 ./apt-lists/debian-archive.trafficmanager.net_debian_dists_trixie_main_binary-amd64_Packages.lz4
#9 3.112 ./apt-lists/debian-archive.trafficmanager.net_debian_dists_trixie-updates_InRelease
#9 3.113 ./apt-lists/auxfiles/
#9 3.113 ./apt-lists/debian-archive.trafficmanager.net_debian-security_dists_trixie-security_non-free-firmware_binary-amd64_Packages.lz4
#9 3.113 ./apt-lists/debian-archive.trafficmanager.net_debian_dists_trixie-backports_main_binary-amd64_Packages.lz4
#9 3.119 ./apt-lists/debian-archive.trafficmanager.net_debian_dists_trixie-backports_contrib_binary-amd64_Packages.lz4
#9 3.119 ./apt-lists/debian-archive.trafficmanager.net_debian_dists_trixie_InRelease
#9 3.120 ./apt-lists/debian-archive.trafficmanager.net_debian_dists_trixie_non-free-firmware_binary-amd64_Packages.lz4
#9 3.120 ./apt-lists/debian-archive.trafficmanager.net_debian-security_dists_trixie-security_contrib_binary-amd64_Packages.lz4
#9 3.120 ./apt-lists/debian-archive.trafficmanager.net_debian_dists_trixie_contrib_binary-amd64_Packages.lz4
#9 3.121 ./apt-lists/debian-archive.trafficmanager.net_debian-security_dists_trixie-security_contrib_source_Sources.lz4
#9 3.121 ./apt-lists/debian-archive.trafficmanager.net_debian_dists_trixie-updates_main_binary-amd64_Packages.lz4
#9 3.121 ./apt-lists/debian-archive.trafficmanager.net_debian-security_dists_trixie-security_InRelease
#9 3.121 ./pip/
#9 3.121 ./pip/http-v2/
#9 3.121 ./pip/http-v2/b/
#9 3.121 ./pip/http-v2/b/f/
#9 3.121 ./pip/http-v2/b/f/2/
#9 3.121 ./pip/http-v2/b/f/2/8/
#9 3.121 ./pip/http-v2/b/f/2/8/a/
#9 3.121 ./pip/http-v2/b/f/2/8/a/bf28a8a2ae6432f2ebac7c6f2455fd35d4c0a5e9fc0abbb7a092fc5f
#9 3.121 ./pip/http-v2/b/f/2/8/a/bf28a8a2ae6432f2ebac7c6f2455fd35d4c0a5e9fc0abbb7a092fc5f.body
#9 3.121 ./pip/http-v2/b/f/c/
#9 3.122 ./pip/http-v2/b/f/c/f/
#9 3.122 ./pip/http-v2/b/f/c/f/e/
#9 3.122 ./pip/http-v2/b/f/c/f/e/bfcfeacfaea39c427d6e71b1fcbdf9ce4b91dff426b7d4c85d92528c
#9 3.122 ./pip/http-v2/b/f/c/f/e/bfcfeacfaea39c427d6e71b1fcbdf9ce4b91dff426b7d4c85d92528c.body
#9 3.122 ./pip/http-v2/e/
#9 3.122 ./pip/http-v2/e/b/
#9 3.122 ./pip/http-v2/e/b/e/
#9 3.122 ./pip/http-v2/e/b/e/5/
#9 3.122 ./pip/http-v2/e/b/e/5/7/
#9 3.122 ./pip/http-v2/e/b/e/5/7/ebe571408a6ccf0ae8bdaa4ad5534546620cb3d5dfc84b42ce83c3f8
#9 3.122 ./pip/http-v2/e/b/e/5/7/ebe571408a6ccf0ae8bdaa4ad5534546620cb3d5dfc84b42ce83c3f8.body
#9 3.122 ./pip/http-v2/e/b/c/
#9 3.122 ./pip/http-v2/e/b/c/e/
#9 3.122 ./pip/http-v2/e/b/c/e/3/
#9 3.122 ./pip/http-v2/e/b/c/e/3/ebce3019c369b1b594f02880340a76acd268ebe1099eb20054635695
#9 3.122 ./pip/http-v2/e/b/c/e/3/ebce3019c369b1b594f02880340a76acd268ebe1099eb20054635695.body
#9 3.122 ./pip/http-v2/e/2/
#9 3.122 ./pip/http-v2/e/2/6/
#9 3.122 ./pip/http-v2/e/2/6/0/
#9 3.122 ./pip/http-v2/e/2/6/0/1/
#9 3.122 ./pip/http-v2/e/2/6/0/1/e260174921fc11064a6d933cf008d0b44dbe3cb589aaa6d387790f23
#9 3.122 ./pip/http-v2/e/2/6/0/1/e260174921fc11064a6d933cf008d0b44dbe3cb589aaa6d387790f23.body
#9 3.122 ./pip/http-v2/e/1/
#9 3.122 ./pip/http-v2/e/1/5/
#9 3.122 ./pip/http-v2/e/1/5/f/
#9 3.122 ./pip/http-v2/e/1/5/f/a/
#9 3.122 ./pip/http-v2/e/1/5/f/a/e15fa87e3c11b97cd04f034569d038493687b9e48b97c820667c39b2
#9 3.122 ./pip/http-v2/e/1/5/f/a/e15fa87e3c11b97cd04f034569d038493687b9e48b97c820667c39b2.body
#9 3.122 ./pip/http-v2/e/1/a/
#9 3.122 ./pip/http-v2/e/1/a/d/
#9 3.122 ./pip/http-v2/e/1/a/d/4/
#9 3.122 ./pip/http-v2/e/1/a/d/4/e1ad40135ce702fbafdd1646f6bcb7f750c893652df2e392ed976b04
#9 3.122 ./pip/http-v2/e/1/a/d/4/e1ad40135ce702fbafdd1646f6bcb7f750c893652df2e392ed976b04.body
#9 3.122 ./pip/http-v2/e/d/
#9 3.122 ./pip/http-v2/e/d/7/
#9 3.122 ./pip/http-v2/e/d/7/e/
#9 3.122 ./pip/http-v2/e/d/7/e/6/
#9 3.122 ./pip/http-v2/e/d/7/e/6/ed7e6ec4e9af525dc23c201efa9352a0c58c33181168ca548b2fa5d0.body
#9 3.122 ./pip/http-v2/e/d/7/e/6/ed7e6ec4e9af525dc23c201efa9352a0c58c33181168ca548b2fa5d0
#9 3.122 ./pip/http-v2/3/
#9 3.122 ./pip/http-v2/3/4/
#9 3.122 ./pip/http-v2/3/4/3/
#9 3.122 ./pip/http-v2/3/4/3/f/
#9 3.122 ./pip/http-v2/3/4/3/f/3/
#9 3.123 ./pip/http-v2/3/4/3/f/3/343f389d69e84593172a60fda76bae2bfc6bf64823fd50dbf01ed843
#9 3.123 ./pip/http-v2/3/4/3/f/3/343f389d69e84593172a60fda76bae2bfc6bf64823fd50dbf01ed843.body
#9 3.123 ./pip/http-v2/3/4/5/
#9 3.123 ./pip/http-v2/3/4/5/7/
#9 3.123 ./pip/http-v2/3/4/5/7/c/
#9 3.123 ./pip/http-v2/3/4/5/7/c/3457ceeb165a10e21eb7a09c6caeb600430118fc38a3a3f373a2b189
#9 3.123 ./pip/http-v2/3/4/5/7/c/3457ceeb165a10e21eb7a09c6caeb600430118fc38a3a3f373a2b189.body
#9 3.123 ./pip/http-v2/3/c/
#9 3.123 ./pip/http-v2/3/c/7/
#9 3.123 ./pip/http-v2/3/c/7/8/
#9 3.123 ./pip/http-v2/3/c/7/8/1/
#9 3.123 ./pip/http-v2/3/c/7/8/1/3c781c3b73b09ddd36925d78cf82a2d09feb397935d9a4add65629c8.body
#9 3.123 ./pip/http-v2/3/c/7/8/1/3c781c3b73b09ddd36925d78cf82a2d09feb397935d9a4add65629c8
#9 3.123 ./pip/http-v2/3/c/0/
#9 3.123 ./pip/http-v2/3/c/0/8/
#9 3.123 ./pip/http-v2/3/c/0/8/9/
#9 3.123 ./pip/http-v2/3/c/0/8/9/3c089ac24e7fff08c1b0a591a60afba8de60befc71fa8da4e493276b.body
#9 3.123 ./pip/http-v2/3/c/0/8/9/3c089ac24e7fff08c1b0a591a60afba8de60befc71fa8da4e493276b
#9 3.123 ./pip/http-v2/5/
#9 3.123 ./pip/http-v2/5/d/
#9 3.123 ./pip/http-v2/5/d/5/
#9 3.123 ./pip/http-v2/5/d/5/4/
#9 3.123 ./pip/http-v2/5/d/5/4/5/
#9 3.123 ./pip/http-v2/5/d/5/4/5/5d545845ac2420c351a2dbcc2608738bc5b0ac7c54cb23b8e4d0974a
#9 3.123 ./pip/http-v2/5/d/5/4/5/5d545845ac2420c351a2dbcc2608738bc5b0ac7c54cb23b8e4d0974a.body
#9 3.124 ./pip/http-v2/5/9/
#9 3.124 ./pip/http-v2/5/9/6/
#9 3.124 ./pip/http-v2/5/9/6/7/
#9 3.124 ./pip/http-v2/5/9/6/7/5/
#9 3.124 ./pip/http-v2/5/9/6/7/5/596758aa4c6b168cf797481bc7a8a088f32f40699f2e9d0b14ba0ee6
#9 3.124 ./pip/http-v2/5/9/6/7/5/596758aa4c6b168cf797481bc7a8a088f32f40699f2e9d0b14ba0ee6.body
#9 3.124 ./pip/http-v2/1/
#9 3.124 ./pip/http-v2/1/2/
#9 3.124 ./pip/http-v2/1/2/a/
#9 3.124 ./pip/http-v2/1/2/a/3/
#9 3.124 ./pip/http-v2/1/2/a/3/1/
#9 3.124 ./pip/http-v2/1/2/a/3/1/12a314444b2c71e7e95d460d903506dadca0c7a099b94a7f0ce4844a.body
#9 3.129 ./pip/http-v2/1/2/a/3/1/12a314444b2c71e7e95d460d903506dadca0c7a099b94a7f0ce4844a
#9 3.129 ./pip/http-v2/1/0/
#9 3.129 ./pip/http-v2/1/0/e/
#9 3.129 ./pip/http-v2/1/0/e/9/
#9 3.129 ./pip/http-v2/1/0/e/9/2/
#9 3.129 ./pip/http-v2/1/0/e/9/2/10e920455aff9b9abbfbd27e192530e13bfdc790cc01875bba4121a4
#9 3.129 ./pip/http-v2/1/0/e/9/2/10e920455aff9b9abbfbd27e192530e13bfdc790cc01875bba4121a4.body
#9 3.129 ./pip/http-v2/1/c/
#9 3.129 ./pip/http-v2/1/c/5/
#9 3.129 ./pip/http-v2/1/c/5/3/
#9 3.129 ./pip/http-v2/1/c/5/3/c/
#9 3.129 ./pip/http-v2/1/c/5/3/c/1c53c20d66bacf7408ac53181a0cca22d543e6c77dc2c742cca13388.body
#9 3.129 ./pip/http-v2/1/c/5/3/c/1c53c20d66bacf7408ac53181a0cca22d543e6c77dc2c742cca13388
#9 3.129 ./pip/http-v2/1/c/c/
#9 3.129 ./pip/http-v2/1/c/c/4/
#9 3.129 ./pip/http-v2/1/c/c/4/5/
#9 3.129 ./pip/http-v2/1/c/c/4/5/1cc455737ed6cac4380f1ca802f9f660a87adbc732ff787e825a9829
#9 3.129 ./pip/http-v2/1/c/c/4/5/1cc455737ed6cac4380f1ca802f9f660a87adbc732ff787e825a9829.body
#9 3.129 ./pip/http-v2/1/6/
#9 3.129 ./pip/http-v2/1/6/f/
#9 3.129 ./pip/http-v2/1/6/f/6/
#9 3.129 ./pip/http-v2/1/6/f/6/c/
#9 3.129 ./pip/http-v2/1/6/f/6/c/16f6c7250aadc1419e2586a45ff8b6eef68f89102c30d1fe3b57d054.body
#9 3.129 ./pip/http-v2/1/6/f/6/c/16f6c7250aadc1419e2586a45ff8b6eef68f89102c30d1fe3b57d054
#9 3.129 ./pip/http-v2/4/
#9 3.129 ./pip/http-v2/4/4/
#9 3.129 ./pip/http-v2/4/4/b/
#9 3.129 ./pip/http-v2/4/4/b/4/
#9 3.129 ./pip/http-v2/4/4/b/4/d/
#9 3.129 ./pip/http-v2/4/4/b/4/d/44b4d190ee125ba64671590355d9e683a29a2426e2e62d5b41144c36.body
#9 3.129 ./pip/http-v2/4/4/b/4/d/44b4d190ee125ba64671590355d9e683a29a2426e2e62d5b41144c36
#9 3.129 ./pip/http-v2/4/d/
#9 3.129 ./pip/http-v2/4/d/7/
#9 3.129 ./pip/http-v2/4/d/7/5/
#9 3.129 ./pip/http-v2/4/d/7/5/e/
#9 3.129 ./pip/http-v2/4/d/7/5/e/4d75e65dff914facce83de04c93cd89305f0b11d18ddd5b532dd7c93
#9 3.129 ./pip/http-v2/4/d/7/5/e/4d75e65dff914facce83de04c93cd89305f0b11d18ddd5b532dd7c93.body
#9 3.130 ./pip/http-v2/4/8/
#9 3.130 ./pip/http-v2/4/8/0/
#9 3.130 ./pip/http-v2/4/8/0/d/
#9 3.130 ./pip/http-v2/4/8/0/d/6/
#9 3.130 ./pip/http-v2/4/8/0/d/6/480d6f7ef777fd4fe0178a90255bde2c80a7d6807db13d9efb77f8d8.body
#9 3.133 ./pip/http-v2/4/8/0/d/6/480d6f7ef777fd4fe0178a90255bde2c80a7d6807db13d9efb77f8d8
#9 3.133 ./pip/http-v2/f/
#9 3.133 ./pip/http-v2/f/b/
#9 3.133 ./pip/http-v2/f/b/8/
#9 3.133 ./pip/http-v2/f/b/8/c/
#9 3.133 ./pip/http-v2/f/b/8/c/c/
#9 3.133 ./pip/http-v2/f/b/8/c/c/fb8cc0e7d180a3f3e8f3e2e4b79a80a5316b6f60b074d5c7cf1b0158.body
#9 3.133 ./pip/http-v2/f/b/8/c/c/fb8cc0e7d180a3f3e8f3e2e4b79a80a5316b6f60b074d5c7cf1b0158
#9 3.133 ./pip/http-v2/d/
#9 3.133 ./pip/http-v2/d/5/
#9 3.133 ./pip/http-v2/d/5/2/
#9 3.133 ./pip/http-v2/d/5/2/4/
#9 3.133 ./pip/http-v2/d/5/2/4/c/
#9 3.133 ./pip/http-v2/d/5/2/4/c/d524cebd3a5eb70443b24156e0b8c633e0762c984be826720ec35a1c
#9 3.133 ./pip/http-v2/d/5/2/4/c/d524cebd3a5eb70443b24156e0b8c633e0762c984be826720ec35a1c.body
#9 3.134 ./pip/http-v2/d/9/
#9 3.134 ./pip/http-v2/d/9/c/
#9 3.134 ./pip/http-v2/d/9/c/7/
#9 3.134 ./pip/http-v2/d/9/c/7/e/
#9 3.134 ./pip/http-v2/d/9/c/7/e/d9c7e14f8d672302ea2ed488c03cec7c8abdf2a99ae27cda4b552f99.body
#9 3.144 ./pip/http-v2/d/9/c/7/e/d9c7e14f8d672302ea2ed488c03cec7c8abdf2a99ae27cda4b552f99
#9 3.144 ./pip/http-v2/7/
#9 3.144 ./pip/http-v2/7/9/
#9 3.144 ./pip/http-v2/7/9/3/
#9 3.144 ./pip/http-v2/7/9/3/2/
#9 3.144 ./pip/http-v2/7/9/3/2/2/
#9 3.144 ./pip/http-v2/7/9/3/2/2/79322883ec81e3ced280782ca45c9dc436dd8eec78c81b634338bb14.body
#9 3.145 ./pip/http-v2/7/9/3/2/2/79322883ec81e3ced280782ca45c9dc436dd8eec78c81b634338bb14
#9 3.145 ./pip/http-v2/0/
#9 3.145 ./pip/http-v2/0/6/
#9 3.145 ./pip/http-v2/0/6/0/
#9 3.145 ./pip/http-v2/0/6/0/d/
#9 3.145 ./pip/http-v2/0/6/0/d/5/
#9 3.145 ./pip/http-v2/0/6/0/d/5/060d58842f0dc871b121b8ed4e4924262659da80a19c10979bbcf371
#9 3.145 ./pip/http-v2/0/6/0/d/5/060d58842f0dc871b121b8ed4e4924262659da80a19c10979bbcf371.body
#9 3.146 ./pip/http-v2/c/
#9 3.146 ./pip/http-v2/c/7/
#9 3.146 ./pip/http-v2/c/7/e/
#9 3.146 ./pip/http-v2/c/7/e/5/
#9 3.146 ./pip/http-v2/c/7/e/5/4/
#9 3.146 ./pip/http-v2/c/7/e/5/4/c7e543c1b06a0eed672478d859516a888756ccd88c7591394a11b88b
#9 3.146 ./pip/http-v2/c/7/e/5/4/c7e543c1b06a0eed672478d859516a888756ccd88c7591394a11b88b.body
#9 3.150 ./pip/http-v2/c/0/
#9 3.150 ./pip/http-v2/c/0/8/
#9 3.150 ./pip/http-v2/c/0/8/a/
#9 3.150 ./pip/http-v2/c/0/8/a/6/
#9 3.150 ./pip/http-v2/c/0/8/a/6/c08a6df1b957468ecc0617cb25c4cbe5d7a75a13d2edfe789c8f8474.body
#9 3.150 ./pip/http-v2/c/0/8/a/6/c08a6df1b957468ecc0617cb25c4cbe5d7a75a13d2edfe789c8f8474
#9 3.150 ./pip/http-v2/8/
#9 3.150 ./pip/http-v2/8/b/
#9 3.150 ./pip/http-v2/8/b/2/
#9 3.150 ./pip/http-v2/8/b/2/d/
#9 3.150 ./pip/http-v2/8/b/2/d/5/
#9 3.150 ./pip/http-v2/8/b/2/d/5/8b2d5cd96f9bc56ca000ce7495c5c3d37a830faf47a5d9e5b6b4a372
#9 3.150 ./pip/http-v2/8/b/2/d/5/8b2d5cd96f9bc56ca000ce7495c5c3d37a830faf47a5d9e5b6b4a372.body
#9 3.150 ./pip/http-v2/8/1/
#9 3.150 ./pip/http-v2/8/1/3/
#9 3.150 ./pip/http-v2/8/1/3/c/
#9 3.150 ./pip/http-v2/8/1/3/c/c/
#9 3.150 ./pip/http-v2/8/1/3/c/c/813cc7096c25ba43edba14a4ab40832db33af638c43e975795995aec
#9 3.150 ./pip/http-v2/8/1/3/c/c/813cc7096c25ba43edba14a4ab40832db33af638c43e975795995aec.body
#9 3.156 ./pip/http-v2/8/9/
#9 3.156 ./pip/http-v2/8/9/2/
#9 3.156 ./pip/http-v2/8/9/2/4/
#9 3.156 ./pip/http-v2/8/9/2/4/c/
#9 3.156 ./pip/http-v2/8/9/2/4/c/8924c3d1cd569941062011f905a81971db931364147250e16bc6c7e0
#9 3.156 ./pip/http-v2/8/9/2/4/c/8924c3d1cd569941062011f905a81971db931364147250e16bc6c7e0.body
#9 3.156 ./pip/http-v2/a/
#9 3.156 ./pip/http-v2/a/7/
#9 3.156 ./pip/http-v2/a/7/a/
#9 3.156 ./pip/http-v2/a/7/a/3/
#9 3.156 ./pip/http-v2/a/7/a/3/a/
#9 3.156 ./pip/http-v2/a/7/a/3/a/a7a3a31b570f927ae31d9be11a0612e96eb86b1610660f096985c4eb
#9 3.156 ./pip/http-v2/a/7/a/3/a/a7a3a31b570f927ae31d9be11a0612e96eb86b1610660f096985c4eb.body
#9 3.160 ./pip/http-v2/a/c/
#9 3.160 ./pip/http-v2/a/c/9/
#9 3.160 ./pip/http-v2/a/c/9/b/
#9 3.160 ./pip/http-v2/a/c/9/b/f/
#9 3.160 ./pip/http-v2/a/c/9/b/f/ac9bfae5b8c3eb1d5bd91a145e1ce4373e3a3e0691b390bf8a3b709a.body
#9 3.160 ./pip/http-v2/a/c/9/b/f/ac9bfae5b8c3eb1d5bd91a145e1ce4373e3a3e0691b390bf8a3b709a
#9 3.160 ./pip/http-v2/6/
#9 3.160 ./pip/http-v2/6/b/
#9 3.161 ./pip/http-v2/6/b/2/
#9 3.161 ./pip/http-v2/6/b/2/2/
#9 3.161 ./pip/http-v2/6/b/2/2/e/
#9 3.161 ./pip/http-v2/6/b/2/2/e/6b22ef655e66995e45017bce9b079f74c4962087b86d81f48240f774
#9 3.161 ./pip/http-v2/6/b/2/2/e/6b22ef655e66995e45017bce9b079f74c4962087b86d81f48240f774.body
#9 3.161 ./pip/http-v2/6/b/9/
#9 3.161 ./pip/http-v2/6/b/9/8/
#9 3.161 ./pip/http-v2/6/b/9/8/f/
#9 3.161 ./pip/http-v2/6/b/9/8/f/6b98f776c5f9a73b8e68673f48320a329fa97d96868582b350b08cb3
#9 3.161 ./pip/http-v2/6/b/9/8/f/6b98f776c5f9a73b8e68673f48320a329fa97d96868582b350b08cb3.body
#9 3.161 ./pip/http-v2/6/4/
#9 3.161 ./pip/http-v2/6/4/a/
#9 3.161 ./pip/http-v2/6/4/a/0/
#9 3.161 ./pip/http-v2/6/4/a/0/7/
#9 3.161 ./pip/http-v2/6/4/a/0/7/64a0720fceca9e26c927a5d5e4f4f58ff66b66bf2ee042b74cad6ebe.body
#9 3.190 ./pip/http-v2/6/4/a/0/7/64a0720fceca9e26c927a5d5e4f4f58ff66b66bf2ee042b74cad6ebe
#9 3.191 ./pip/wheels/
#9 3.191 ./pip/wheels/07/
#9 3.191 ./pip/wheels/07/be/
#9 3.191 ./pip/wheels/07/be/75/
#9 3.191 ./pip/wheels/07/be/75/82d0de59d7d6726dcdd22a64edc8ab499ca3e42cd6647747c6/
#9 3.191 ./pip/wheels/07/be/75/82d0de59d7d6726dcdd22a64edc8ab499ca3e42cd6647747c6/bitarray-2.8.1-cp313-cp313-linux_x86_64.whl
#9 3.192 ./pip/wheels/07/be/75/82d0de59d7d6726dcdd22a64edc8ab499ca3e42cd6647747c6/origin.json
#9 3.192 ./pip/wheels/e1/
#9 3.192 ./pip/wheels/e1/a3/
#9 3.192 ./pip/wheels/e1/a3/ea/
#9 3.192 ./pip/wheels/e1/a3/ea/64ac12686f966e48d375bca325568197b64be84648ae369c0b/
#9 3.192 ./pip/wheels/e1/a3/ea/64ac12686f966e48d375bca325568197b64be84648ae369c0b/origin.json
#9 3.192 ./pip/wheels/e1/a3/ea/64ac12686f966e48d375bca325568197b64be84648ae369c0b/redis_dump_load-1.1-py3-none-any.whl
#9 3.192 ./deb/
#9 3.192 ./deb/zlib1g-dev_1%3a1.3.dfsg+really1.3.1-1+b1_amd64.deb
#9 3.197 ./deb/libexpat1-dev_2.8.3-1~deb13u1_amd64.deb
#9 3.198 ./deb/python3-ply_3.11-9_all.deb
#9 3.198 ./deb/libisl23_0.27-1_amd64.deb
#9 3.202 ./deb/python3-yaml_6.0.2-1+b2_amd64.deb
#9 3.203 ./deb/make_4.4.1-2_amd64.deb
#9 3.205 ./deb/liblzma5_5.8.1-1+deb13u1_amd64.deb
#9 3.207 ./deb/libcc1-0_14.2.0-19_amd64.deb
#9 3.207 ./deb/libcrypt-dev_1%3a4.4.38-1_amd64.deb
#9 3.208 ./deb/cpp_4%3a14.2.0-1_amd64.deb
#9 3.208 ./deb/libtsan2_14.2.0-19_amd64.deb
#9 3.220 ./deb/libgomp1_14.2.0-19_amd64.deb
#9 3.221 ./deb/python3-redis_6.1.0-2_all.deb
#9 3.223 ./deb/libubsan1_14.2.0-19_amd64.deb
#9 3.228 ./deb/libgcc-14-dev_14.2.0-19_amd64.deb
#9 3.242 ./deb/python3.13-dev_3.13.5-2+deb13u4_amd64.deb
#9 3.244 ./deb/bzip2_1.0.8-6_amd64.deb
#9 3.245 ./deb/cpp-x86-64-linux-gnu_4%3a14.2.0-1_amd64.deb
#9 3.245 ./deb/python3-cffi_1.17.1-3_all.deb
#9 3.245 ./deb/patch_2.8-2_amd64.deb
#9 3.246 ./deb/gcc-14-x86-64-linux-gnu_14.2.0-19_amd64.deb
#9 3.354 ./deb/liblsan0_14.2.0-19_amd64.deb
#9 3.360 ./deb/libctf-nobfd0_2.44-3_amd64.deb
#9 3.361 ./deb/g++-x86-64-linux-gnu_4%3a14.2.0-1_amd64.deb
#9 3.361 ./deb/libbinutils_2.44-3_amd64.deb
#9 3.363 ./deb/libstdc++-14-dev_14.2.0-19_amd64.deb
#9 3.376 ./deb/lock
#9 3.376 ./deb/libquadmath0_14.2.0-19_amd64.deb
#9 3.376 ./deb/libctf0_2.44-3_amd64.deb
#9 3.377 ./deb/binutils-common_2.44-3_amd64.deb
#9 3.389 ./deb/libasan8_14.2.0-19_amd64.deb
#9 3.406 ./deb/xz-utils_5.8.1-1+deb13u1_amd64.deb
#9 3.409 ./deb/libpython3.13-dev_3.13.5-2+deb13u4_amd64.deb
#9 3.440 ./deb/libdpkg-perl_1.22.22_all.deb
#9 3.444 ./deb/libpython3-dev_3.13.5-1_amd64.deb
#9 3.444 ./deb/python3-cffi-backend_1.17.1-3_amd64.deb
#9 3.445 ./deb/python3-pycparser_2.22-2_all.deb
#9 3.445 ./deb/apt-utils_3.0.3_amd64.deb
#9 3.447 ./deb/g++-14_14.2.0-19_amd64.deb
#9 3.447 ./deb/libhiredis1.1.0_1.2.0-6+b3_amd64.deb
#9 3.448 ./deb/libpython3.13_3.13.5-2+deb13u4_amd64.deb
#9 3.460 ./deb/libgprofng0_2.44-3_amd64.deb
#9 3.465 ./deb/dpkg-dev_1.22.22_all.deb
#9 3.471 ./deb/libjs-jquery_3.6.1+dfsg+~3.5.14-1_all.deb
#9 3.473 ./deb/libitm1_14.2.0-19_amd64.deb
#9 3.473 ./deb/gcc-14_14.2.0-19_amd64.deb
#9 3.476 ./deb/libc6-dev_2.41-12+deb13u3_amd64.deb
#9 3.487 ./deb/binutils-x86-64-linux-gnu_2.44-3_amd64.deb
#9 3.493 ./deb/gcc_4%3a14.2.0-1_amd64.deb
#9 3.493 ./deb/g++_4%3a14.2.0-1_amd64.deb
#9 3.493 ./deb/rpcsvc-proto_1.4.3-1_amd64.deb
#9 3.494 ./deb/libc-dev-bin_2.41-12+deb13u3_amd64.deb
#9 3.494 ./deb/libyaml-0-2_0.2.5-2_amd64.deb
#9 3.494 ./deb/python3-dev_3.13.5-1_amd64.deb
#9 3.494 ./deb/libjs-underscore_1.13.4~dfsg+~1.11.4-3_all.deb
#9 3.496 ./deb/binutils_2.44-3_amd64.deb
#9 3.497 ./deb/libjs-sphinxdoc_8.1.3-5_all.deb
#9 3.497 ./deb/g++-14-x86-64-linux-gnu_14.2.0-19_amd64.deb
#9 3.561 ./deb/libmpfr6_4.2.2-1_amd64.deb
#9 3.564 ./deb/libsframe1_2.44-3_amd64.deb
#9 3.565 ./deb/partial/
#9 3.565 ./deb/gcc-x86-64-linux-gnu_4%3a14.2.0-1_amd64.deb
#9 3.565 ./deb/cpp-14-x86-64-linux-gnu_14.2.0-19_amd64.deb
#9 3.614 ./deb/linux-libc-dev_6.12.107-1_all.deb
#9 3.627 ./deb/cpp-14_14.2.0-19_amd64.deb
#9 3.627 ./deb/build-essential_12.12_amd64.deb
#9 3.627 ./deb/libboost-serialization1.83.0_1.83.0-4.2_amd64.deb
#9 3.629 ./deb/libhwasan0_14.2.0-19_amd64.deb
#9 3.635 ./deb/libmpc3_1.3.1-1+b3_amd64.deb
#9 3.735 restored_deb_count=67
#9 DONE 4.4s

#10 [base  6/18] RUN apt update         &&     apt install -y                apt-utils                 build-essential           python3-dev               python3-cffi              python3-redis             python3-yaml
#10 0.155 
#10 0.155 WARNING: apt does not have a stable CLI interface. Use with caution in scripts.
#10 0.155 
#10 0.177 Ign:1 http://debian-archive.trafficmanager.net/debian trixie InRelease
#10 0.177 Ign:2 http://debian-archive.trafficmanager.net/debian trixie-updates InRelease
#10 0.177 Ign:3 http://debian-archive.trafficmanager.net/debian trixie-backports InRelease
#10 0.177 Ign:4 http://debian-archive.trafficmanager.net/debian-security trixie-security InRelease
#10 1.178 Ign:4 http://debian-archive.trafficmanager.net/debian-security trixie-security InRelease
#10 1.178 Ign:3 http://debian-archive.trafficmanager.net/debian trixie-backports InRelease
#10 1.178 Ign:2 http://debian-archive.trafficmanager.net/debian trixie-updates InRelease
#10 1.178 Ign:1 http://debian-archive.trafficmanager.net/debian trixie InRelease
#10 3.178 Ign:1 http://debian-archive.trafficmanager.net/debian trixie InRelease
#10 3.178 Ign:2 http://debian-archive.trafficmanager.net/debian trixie-updates InRelease
#10 3.178 Ign:3 http://debian-archive.trafficmanager.net/debian trixie-backports InRelease
#10 3.178 Ign:4 http://debian-archive.trafficmanager.net/debian-security trixie-security InRelease
#10 7.179 Err:4 http://debian-archive.trafficmanager.net/debian-security trixie-security InRelease
#10 7.179   Unable to connect to 127.0.0.1:9:
#10 7.179 Err:3 http://debian-archive.trafficmanager.net/debian trixie-backports InRelease
#10 7.179   Unable to connect to 127.0.0.1:9:
#10 7.179 Err:2 http://debian-archive.trafficmanager.net/debian trixie-updates InRelease
#10 7.179   Unable to connect to 127.0.0.1:9:
#10 7.179 Err:1 http://debian-archive.trafficmanager.net/debian trixie InRelease
#10 7.179   Could not connect to 127.0.0.1:9 (127.0.0.1). - connect (111: Connection refused)
#10 7.179   Unable to connect to 127.0.0.1:9:
#10 7.183 sending incremental file list
#10 7.184 ./
#10 7.184 apt-utils_3.0.3_amd64.deb
#10 7.186 binutils-common_2.44-3_amd64.deb
#10 7.189 binutils-x86-64-linux-gnu_2.44-3_amd64.deb
#10 7.189 binutils_2.44-3_amd64.deb
#10 7.190 build-essential_12.12_amd64.deb
#10 7.190 bzip2_1.0.8-6_amd64.deb
#10 7.190 cpp-14-x86-64-linux-gnu_14.2.0-19_amd64.deb
#10 7.202 cpp-14_14.2.0-19_amd64.deb
#10 7.202 cpp-x86-64-linux-gnu_4%3a14.2.0-1_amd64.deb
#10 7.202 cpp_4%3a14.2.0-1_amd64.deb
#10 7.202 dpkg-dev_1.22.22_all.deb
#10 7.204 g++-14-x86-64-linux-gnu_14.2.0-19_amd64.deb
#10 7.215 g++-14_14.2.0-19_amd64.deb
#10 7.215 g++-x86-64-linux-gnu_4%3a14.2.0-1_amd64.deb
#10 7.215 g++_4%3a14.2.0-1_amd64.deb
#10 7.215 gcc-14-x86-64-linux-gnu_14.2.0-19_amd64.deb
#10 7.235 gcc-14_14.2.0-19_amd64.deb
#10 7.235 gcc-x86-64-linux-gnu_4%3a14.2.0-1_amd64.deb
#10 7.235 gcc_4%3a14.2.0-1_amd64.deb
#10 7.235 libasan8_14.2.0-19_amd64.deb
#10 7.238 libbinutils_2.44-3_amd64.deb
#10 7.239 libboost-serialization1.83.0_1.83.0-4.2_amd64.deb
#10 7.239 libc-dev-bin_2.41-12+deb13u3_amd64.deb
#10 7.239 libc6-dev_2.41-12+deb13u3_amd64.deb
#10 7.241 libcc1-0_14.2.0-19_amd64.deb
#10 7.241 libcrypt-dev_1%3a4.4.38-1_amd64.deb
#10 7.241 libctf-nobfd0_2.44-3_amd64.deb
#10 7.242 libctf0_2.44-3_amd64.deb
#10 7.242 libdpkg-perl_1.22.22_all.deb
#10 7.242 libexpat1-dev_2.8.3-1~deb13u1_amd64.deb
#10 7.243 libgcc-14-dev_14.2.0-19_amd64.deb
#10 7.245 libgomp1_14.2.0-19_amd64.deb
#10 7.245 libgprofng0_2.44-3_amd64.deb
#10 7.246 libhiredis1.1.0_1.2.0-6+b3_amd64.deb
#10 7.246 libhwasan0_14.2.0-19_amd64.deb
#10 7.248 libisl23_0.27-1_amd64.deb
#10 7.249 libitm1_14.2.0-19_amd64.deb
#10 7.249 libjs-jquery_3.6.1+dfsg+~3.5.14-1_all.deb
#10 7.249 libjs-sphinxdoc_8.1.3-5_all.deb
#10 7.249 libjs-underscore_1.13.4~dfsg+~1.11.4-3_all.deb
#10 7.250 liblsan0_14.2.0-19_amd64.deb
#10 7.251 liblzma5_5.8.1-1+deb13u1_amd64.deb
#10 7.251 libmpc3_1.3.1-1+b3_amd64.deb
#10 7.251 libmpfr6_4.2.2-1_amd64.deb
#10 7.252 libpython3-dev_3.13.5-1_amd64.deb
#10 7.252 libpython3.13-dev_3.13.5-2+deb13u4_amd64.deb
#10 7.257 libpython3.13_3.13.5-2+deb13u4_amd64.deb
#10 7.259 libquadmath0_14.2.0-19_amd64.deb
#10 7.259 libsframe1_2.44-3_amd64.deb
#10 7.259 libstdc++-14-dev_14.2.0-19_amd64.deb
#10 7.262 libtsan2_14.2.0-19_amd64.deb
#10 7.264 libubsan1_14.2.0-19_amd64.deb
#10 7.265 libyaml-0-2_0.2.5-2_amd64.deb
#10 7.265 linux-libc-dev_6.12.107-1_all.deb
#10 7.268 lock
#10 7.268 make_4.4.1-2_amd64.deb
#10 7.269 patch_2.8-2_amd64.deb
#10 7.269 python3-cffi-backend_1.17.1-3_amd64.deb
#10 7.269 python3-cffi_1.17.1-3_all.deb
#10 7.269 python3-dev_3.13.5-1_amd64.deb
#10 7.269 python3-ply_3.11-9_all.deb
#10 7.269 python3-pycparser_2.22-2_all.deb
#10 7.269 python3-redis_6.1.0-2_all.deb
#10 7.270 python3-yaml_6.0.2-1+b2_amd64.deb
#10 7.270 python3.13-dev_3.13.5-2+deb13u4_amd64.deb
#10 7.271 rpcsvc-proto_1.4.3-1_amd64.deb
#10 7.271 xz-utils_5.8.1-1+deb13u1_amd64.deb
#10 7.271 zlib1g-dev_1%3a1.3.dfsg+really1.3.1-1+b1_amd64.deb
#10 7.272 partial/
#10 7.313 
#10 7.313 sent 86.18M bytes  received 1.32K bytes  172.35M bytes/sec
#10 7.313 total size is 86.16M  speedup is 1.00
#10 7.316 sending incremental file list
#10 7.317 ./
#10 7.317 lock
#10 7.317 partial/
#10 7.357 
#10 7.357 sent 1.41K bytes  received 47 bytes  2.91K bytes/sec
#10 7.357 total size is 45.49M  speedup is 31,304.84
#10 7.359 Reading package lists...
#10 7.814 Building dependency tree...
#10 7.896 Reading state information...
#10 7.908 15 packages can be upgraded. Run 'apt list --upgradable' to see them.
#10 7.908 Warning: Failed to fetch http://debian-archive.trafficmanager.net/debian/dists/trixie/InRelease  Unable to connect to 127.0.0.1:9:
#10 7.908 Warning: Failed to fetch http://debian-archive.trafficmanager.net/debian/dists/trixie-updates/InRelease  Unable to connect to 127.0.0.1:9:
#10 7.908 Warning: Failed to fetch http://debian-archive.trafficmanager.net/debian/dists/trixie-backports/InRelease  Unable to connect to 127.0.0.1:9:
#10 7.908 Warning: Failed to fetch http://debian-archive.trafficmanager.net/debian-security/dists/trixie-security/InRelease  Unable to connect to 127.0.0.1:9:
#10 7.908 Warning: Some index files failed to download. They have been ignored, or old ones used instead.
#10 7.938 
#10 7.938 WARNING: apt does not have a stable CLI interface. Use with caution in scripts.
#10 7.938 
#10 7.952 Reading package lists...
#10 7.963 Building dependency tree...
#10 8.046 Reading state information...
#10 8.402 Upgrading:
#10 8.402   liblzma5
#10 8.402 
#10 8.403 Installing:
#10 8.403   apt-utils        python3-cffi  python3-redis
#10 8.403   build-essential  python3-dev   python3-yaml
#10 8.403 
#10 8.404 Installing dependencies:
#10 8.404   binutils                   libc6-dev         libpython3.13
#10 8.404   binutils-common            libcc1-0          libpython3.13-dev
#10 8.404   binutils-x86-64-linux-gnu  libcrypt-dev      libquadmath0
#10 8.404   bzip2                      libctf-nobfd0     libsframe1
#10 8.404   cpp                        libctf0           libstdc++-14-dev
#10 8.404   cpp-14                     libdpkg-perl      libtsan2
#10 8.404   cpp-14-x86-64-linux-gnu    libexpat1-dev     libubsan1
#10 8.404   cpp-x86-64-linux-gnu       libgcc-14-dev     libyaml-0-2
#10 8.404   dpkg-dev                   libgomp1          linux-libc-dev
#10 8.404   g++                        libgprofng0       make
#10 8.404   g++-14                     libhwasan0        patch
#10 8.404   g++-14-x86-64-linux-gnu    libisl23          python3-cffi-backend
#10 8.404   g++-x86-64-linux-gnu       libitm1           python3-ply
#10 8.404   gcc                        libjs-jquery      python3-pycparser
#10 8.404   gcc-14                     libjs-sphinxdoc   python3.13-dev
#10 8.404   gcc-14-x86-64-linux-gnu    libjs-underscore  rpcsvc-proto
#10 8.404   gcc-x86-64-linux-gnu       liblsan0          xz-utils
#10 8.404   libasan8                   libmpc3           zlib1g-dev
#10 8.404   libbinutils                libmpfr6
#10 8.404   libc-dev-bin               libpython3-dev
#10 8.404 
#10 8.404 Suggested packages:
#10 8.404   binutils-doc               autoconf              | gosop
#10 8.404   gprofng-gui                automake              | pgpainless-cli
#10 8.404   binutils-gold              libtool               | gpg-sq
#10 8.404   bzip2-doc                  flex                  | gnupg
#10 8.404   cpp-doc                    bison                 sensible-utils
#10 8.404   gcc-14-locales             gdb                   git
#10 8.404   cpp-14-doc                 gcc-doc               bzr
#10 8.404   debian-keyring             gcc-14-multilib       libstdc++-14-doc
#10 8.404   debian-tag2upload-keyring  gdb-x86-64-linux-gnu  make-doc
#10 8.404   g++-multilib               libc-devtools         ed
#10 8.404   g++-14-multilib            glibc-doc             diffutils-doc
#10 8.404   gcc-14-doc                 sq                    python-ply-doc
#10 8.404   gcc-multilib               | sqop                python3-hiredis
#10 8.404   manpages-dev               | rsop
#10 8.404 
#10 8.404 Recommended packages:
#10 8.404   fakeroot  | gosop           libalgorithm-merge-perl  liblocale-gettext-perl
#10 8.404   sq        | pgpainless-cli  manpages                 javascript-common
#10 8.404   | sqop    | gpg-sq          manpages-dev
#10 8.404   | rsop    | gnupg           libfile-fcntllock-perl
#10 8.404 
#10 8.536 N: Ignoring file 'debian.sources.back' in directory '/etc/apt/sources.list.d/' as it has an invalid filename extension
#10 8.568 N: Ignoring file 'debian.sources.back' in directory '/etc/apt/sources.list.d/' as it has an invalid filename extension
#10 8.596 N: Ignoring file 'debian.sources.back' in directory '/etc/apt/sources.list.d/' as it has an invalid filename extension
#10 8.750 Summary:
#10 8.750   Upgrading: 1, Installing: 64, Removing: 0, Not Upgrading: 14
#10 8.750   Download size: 0 B / 85.8 MB
#10 8.750   Space needed: 329 MB / 167 GB available
#10 8.750 
#10 8.762 (Reading database ... (Reading database ... 5%(Reading database ... 10%(Reading database ... 15%(Reading database ... 20%(Reading database ... 25%(Reading database ... 30%(Reading database ... 35%(Reading database ... 40%(Reading database ... 45%(Reading database ... 50%(Reading database ... 55%(Reading database ... 60%(Reading database ... 65%(Reading database ... 70%(Reading database ... 75%(Reading database ... 80%(Reading database ... 85%(Reading database ... 90%(Reading database ... 95%(Reading database ... 100%(Reading database ... 11487 files and directories currently installed.)
#10 8.767 Preparing to unpack .../liblzma5_5.8.1-1+deb13u1_amd64.deb ...
#10 8.772 Unpacking liblzma5:amd64 (5.8.1-1+deb13u1) over (5.8.1-1) ...
#10 8.797 Setting up liblzma5:amd64 (5.8.1-1+deb13u1) ...
#10 8.817 Selecting previously unselected package apt-utils.
#10 8.817 (Reading database ... (Reading database ... 5%(Reading database ... 10%(Reading database ... 15%(Reading database ... 20%(Reading database ... 25%(Reading database ... 30%(Reading database ... 35%(Reading database ... 40%(Reading database ... 45%(Reading database ... 50%(Reading database ... 55%(Reading database ... 60%(Reading database ... 65%(Reading database ... 70%(Reading database ... 75%(Reading database ... 80%(Reading database ... 85%(Reading database ... 90%(Reading database ... 95%(Reading database ... 100%(Reading database ... 11487 files and directories currently installed.)
#10 8.821 Preparing to unpack .../00-apt-utils_3.0.3_amd64.deb ...
#10 8.822 Unpacking apt-utils (3.0.3) ...
#10 8.846 Selecting previously unselected package bzip2.
#10 8.847 Preparing to unpack .../01-bzip2_1.0.8-6_amd64.deb ...
#10 8.848 Unpacking bzip2 (1.0.8-6) ...
#10 8.863 Selecting previously unselected package xz-utils.
#10 8.864 Preparing to unpack .../02-xz-utils_5.8.1-1+deb13u1_amd64.deb ...
#10 8.865 Unpacking xz-utils (5.8.1-1+deb13u1) ...
#10 8.897 Selecting previously unselected package libsframe1:amd64.
#10 8.898 Preparing to unpack .../03-libsframe1_2.44-3_amd64.deb ...
#10 8.899 Unpacking libsframe1:amd64 (2.44-3) ...
#10 8.915 Selecting previously unselected package binutils-common:amd64.
#10 8.915 Preparing to unpack .../04-binutils-common_2.44-3_amd64.deb ...
#10 8.917 Unpacking binutils-common:amd64 (2.44-3) ...
#10 9.030 Selecting previously unselected package libbinutils:amd64.
#10 9.031 Preparing to unpack .../05-libbinutils_2.44-3_amd64.deb ...
#10 9.032 Unpacking libbinutils:amd64 (2.44-3) ...
#10 9.070 Selecting previously unselected package libgprofng0:amd64.
#10 9.071 Preparing to unpack .../06-libgprofng0_2.44-3_amd64.deb ...
#10 9.072 Unpacking libgprofng0:amd64 (2.44-3) ...
#10 9.120 Selecting previously unselected package libctf-nobfd0:amd64.
#10 9.121 Preparing to unpack .../07-libctf-nobfd0_2.44-3_amd64.deb ...
#10 9.122 Unpacking libctf-nobfd0:amd64 (2.44-3) ...
#10 9.142 Selecting previously unselected package libctf0:amd64.
#10 9.142 Preparing to unpack .../08-libctf0_2.44-3_amd64.deb ...
#10 9.144 Unpacking libctf0:amd64 (2.44-3) ...
#10 9.159 Selecting previously unselected package binutils-x86-64-linux-gnu.
#10 9.160 Preparing to unpack .../09-binutils-x86-64-linux-gnu_2.44-3_amd64.deb ...
#10 9.161 Unpacking binutils-x86-64-linux-gnu (2.44-3) ...
#10 9.225 Selecting previously unselected package binutils.
#10 9.225 Preparing to unpack .../10-binutils_2.44-3_amd64.deb ...
#10 9.228 Unpacking binutils (2.44-3) ...
#10 9.250 Selecting previously unselected package libc-dev-bin.
#10 9.251 Preparing to unpack .../11-libc-dev-bin_2.41-12+deb13u3_amd64.deb ...
#10 9.252 Unpacking libc-dev-bin (2.41-12+deb13u3) ...
#10 9.269 Selecting previously unselected package linux-libc-dev.
#10 9.270 Preparing to unpack .../12-linux-libc-dev_6.12.107-1_all.deb ...
#10 9.271 Unpacking linux-libc-dev (6.12.107-1) ...
#10 9.399 Selecting previously unselected package libcrypt-dev:amd64.
#10 9.400 Preparing to unpack .../13-libcrypt-dev_1%3a4.4.38-1_amd64.deb ...
#10 9.406 Unpacking libcrypt-dev:amd64 (1:4.4.38-1) ...
#10 9.423 Selecting previously unselected package rpcsvc-proto.
#10 9.424 Preparing to unpack .../14-rpcsvc-proto_1.4.3-1_amd64.deb ...
#10 9.425 Unpacking rpcsvc-proto (1.4.3-1) ...
#10 9.441 Selecting previously unselected package libc6-dev:amd64.
#10 9.442 Preparing to unpack .../15-libc6-dev_2.41-12+deb13u3_amd64.deb ...
#10 9.444 Unpacking libc6-dev:amd64 (2.41-12+deb13u3) ...
#10 9.545 Selecting previously unselected package libisl23:amd64.
#10 9.546 Preparing to unpack .../16-libisl23_0.27-1_amd64.deb ...
#10 9.547 Unpacking libisl23:amd64 (0.27-1) ...
#10 9.588 Selecting previously unselected package libmpfr6:amd64.
#10 9.589 Preparing to unpack .../17-libmpfr6_4.2.2-1_amd64.deb ...
#10 9.590 Unpacking libmpfr6:amd64 (4.2.2-1) ...
#10 9.620 Selecting previously unselected package libmpc3:amd64.
#10 9.621 Preparing to unpack .../18-libmpc3_1.3.1-1+b3_amd64.deb ...
#10 9.622 Unpacking libmpc3:amd64 (1.3.1-1+b3) ...
#10 9.639 Selecting previously unselected package cpp-14-x86-64-linux-gnu.
#10 9.640 Preparing to unpack .../19-cpp-14-x86-64-linux-gnu_14.2.0-19_amd64.deb ...
#10 9.641 Unpacking cpp-14-x86-64-linux-gnu (14.2.0-19) ...
#10 9.999 Selecting previously unselected package cpp-14.
#10 10.00 Preparing to unpack .../20-cpp-14_14.2.0-19_amd64.deb ...
#10 10.00 Unpacking cpp-14 (14.2.0-19) ...
#10 10.02 Selecting previously unselected package cpp-x86-64-linux-gnu.
#10 10.02 Preparing to unpack .../21-cpp-x86-64-linux-gnu_4%3a14.2.0-1_amd64.deb ...
#10 10.02 Unpacking cpp-x86-64-linux-gnu (4:14.2.0-1) ...
#10 10.03 Selecting previously unselected package cpp.
#10 10.03 Preparing to unpack .../22-cpp_4%3a14.2.0-1_amd64.deb ...
#10 10.04 Unpacking cpp (4:14.2.0-1) ...
#10 10.06 Selecting previously unselected package libcc1-0:amd64.
#10 10.06 Preparing to unpack .../23-libcc1-0_14.2.0-19_amd64.deb ...
#10 10.06 Unpacking libcc1-0:amd64 (14.2.0-19) ...
#10 10.08 Selecting previously unselected package libgomp1:amd64.
#10 10.08 Preparing to unpack .../24-libgomp1_14.2.0-19_amd64.deb ...
#10 10.08 Unpacking libgomp1:amd64 (14.2.0-19) ...
#10 10.10 Selecting previously unselected package libitm1:amd64.
#10 10.10 Preparing to unpack .../25-libitm1_14.2.0-19_amd64.deb ...
#10 10.10 Unpacking libitm1:amd64 (14.2.0-19) ...
#10 10.12 Selecting previously unselected package libasan8:amd64.
#10 10.12 Preparing to unpack .../26-libasan8_14.2.0-19_amd64.deb ...
#10 10.12 Unpacking libasan8:amd64 (14.2.0-19) ...
#10 10.25 Selecting previously unselected package liblsan0:amd64.
#10 10.25 Preparing to unpack .../27-liblsan0_14.2.0-19_amd64.deb ...
#10 10.25 Unpacking liblsan0:amd64 (14.2.0-19) ...
#10 10.32 Selecting previously unselected package libtsan2:amd64.
#10 10.32 Preparing to unpack .../28-libtsan2_14.2.0-19_amd64.deb ...
#10 10.32 Unpacking libtsan2:amd64 (14.2.0-19) ...
#10 10.44 Selecting previously unselected package libubsan1:amd64.
#10 10.44 Preparing to unpack .../29-libubsan1_14.2.0-19_amd64.deb ...
#10 10.44 Unpacking libubsan1:amd64 (14.2.0-19) ...
#10 10.50 Selecting previously unselected package libhwasan0:amd64.
#10 10.50 Preparing to unpack .../30-libhwasan0_14.2.0-19_amd64.deb ...
#10 10.50 Unpacking libhwasan0:amd64 (14.2.0-19) ...
#10 10.58 Selecting previously unselected package libquadmath0:amd64.
#10 10.58 Preparing to unpack .../31-libquadmath0_14.2.0-19_amd64.deb ...
#10 10.58 Unpacking libquadmath0:amd64 (14.2.0-19) ...
#10 10.60 Selecting previously unselected package libgcc-14-dev:amd64.
#10 10.60 Preparing to unpack .../32-libgcc-14-dev_14.2.0-19_amd64.deb ...
#10 10.60 Unpacking libgcc-14-dev:amd64 (14.2.0-19) ...
#10 10.71 Selecting previously unselected package gcc-14-x86-64-linux-gnu.
#10 10.71 Preparing to unpack .../33-gcc-14-x86-64-linux-gnu_14.2.0-19_amd64.deb ...
#10 10.71 Unpacking gcc-14-x86-64-linux-gnu (14.2.0-19) ...
#10 11.13 Selecting previously unselected package gcc-14.
#10 11.13 Preparing to unpack .../34-gcc-14_14.2.0-19_amd64.deb ...
#10 11.13 Unpacking gcc-14 (14.2.0-19) ...
#10 11.15 Selecting previously unselected package gcc-x86-64-linux-gnu.
#10 11.15 Preparing to unpack .../35-gcc-x86-64-linux-gnu_4%3a14.2.0-1_amd64.deb ...
#10 11.15 Unpacking gcc-x86-64-linux-gnu (4:14.2.0-1) ...
#10 11.17 Selecting previously unselected package gcc.
#10 11.17 Preparing to unpack .../36-gcc_4%3a14.2.0-1_amd64.deb ...
#10 11.17 Unpacking gcc (4:14.2.0-1) ...
#10 11.18 Selecting previously unselected package libstdc++-14-dev:amd64.
#10 11.18 Preparing to unpack .../37-libstdc++-14-dev_14.2.0-19_amd64.deb ...
#10 11.19 Unpacking libstdc++-14-dev:amd64 (14.2.0-19) ...
#10 11.30 Selecting previously unselected package g++-14-x86-64-linux-gnu.
#10 11.31 Preparing to unpack .../38-g++-14-x86-64-linux-gnu_14.2.0-19_amd64.deb ...
#10 11.31 Unpacking g++-14-x86-64-linux-gnu (14.2.0-19) ...
#10 11.67 Selecting previously unselected package g++-14.
#10 11.67 Preparing to unpack .../39-g++-14_14.2.0-19_amd64.deb ...
#10 11.67 Unpacking g++-14 (14.2.0-19) ...
#10 11.69 Selecting previously unselected package g++-x86-64-linux-gnu.
#10 11.69 Preparing to unpack .../40-g++-x86-64-linux-gnu_4%3a14.2.0-1_amd64.deb ...
#10 11.69 Unpacking g++-x86-64-linux-gnu (4:14.2.0-1) ...
#10 11.70 Selecting previously unselected package g++.
#10 11.70 Preparing to unpack .../41-g++_4%3a14.2.0-1_amd64.deb ...
#10 11.71 Unpacking g++ (4:14.2.0-1) ...
#10 11.72 Selecting previously unselected package make.
#10 11.72 Preparing to unpack .../42-make_4.4.1-2_amd64.deb ...
#10 11.72 Unpacking make (4.4.1-2) ...
#10 11.75 Selecting previously unselected package libdpkg-perl.
#10 11.75 Preparing to unpack .../43-libdpkg-perl_1.22.22_all.deb ...
#10 11.75 Unpacking libdpkg-perl (1.22.22) ...
#10 11.78 Selecting previously unselected package patch.
#10 11.78 Preparing to unpack .../44-patch_2.8-2_amd64.deb ...
#10 11.78 Unpacking patch (2.8-2) ...
#10 11.80 Selecting previously unselected package dpkg-dev.
#10 11.80 Preparing to unpack .../45-dpkg-dev_1.22.22_all.deb ...
#10 11.80 Unpacking dpkg-dev (1.22.22) ...
#10 11.85 Selecting previously unselected package build-essential.
#10 11.85 Preparing to unpack .../46-build-essential_12.12_amd64.deb ...
#10 11.85 Unpacking build-essential (12.12) ...
#10 11.86 Selecting previously unselected package libexpat1-dev:amd64.
#10 11.87 Preparing to unpack .../47-libexpat1-dev_2.8.3-1~deb13u1_amd64.deb ...
#10 11.87 Unpacking libexpat1-dev:amd64 (2.8.3-1~deb13u1) ...
#10 11.89 Selecting previously unselected package libjs-jquery.
#10 11.89 Preparing to unpack .../48-libjs-jquery_3.6.1+dfsg+~3.5.14-1_all.deb ...
#10 11.90 Unpacking libjs-jquery (3.6.1+dfsg+~3.5.14-1) ...
#10 11.92 Selecting previously unselected package libjs-underscore.
#10 11.92 Preparing to unpack .../49-libjs-underscore_1.13.4~dfsg+~1.11.4-3_all.deb ...
#10 11.92 Unpacking libjs-underscore (1.13.4~dfsg+~1.11.4-3) ...
#10 11.94 Selecting previously unselected package libjs-sphinxdoc.
#10 11.94 Preparing to unpack .../50-libjs-sphinxdoc_8.1.3-5_all.deb ...
#10 11.94 Unpacking libjs-sphinxdoc (8.1.3-5) ...
#10 11.96 Selecting previously unselected package libpython3.13:amd64.
#10 11.96 Preparing to unpack .../51-libpython3.13_3.13.5-2+deb13u4_amd64.deb ...
#10 11.96 Unpacking libpython3.13:amd64 (3.13.5-2+deb13u4) ...
#10 12.06 Selecting previously unselected package zlib1g-dev:amd64.
#10 12.06 Preparing to unpack .../52-zlib1g-dev_1%3a1.3.dfsg+really1.3.1-1+b1_amd64.deb ...
#10 12.06 Unpacking zlib1g-dev:amd64 (1:1.3.dfsg+really1.3.1-1+b1) ...
#10 12.08 Selecting previously unselected package libpython3.13-dev:amd64.
#10 12.08 Preparing to unpack .../53-libpython3.13-dev_3.13.5-2+deb13u4_amd64.deb ...
#10 12.09 Unpacking libpython3.13-dev:amd64 (3.13.5-2+deb13u4) ...
#10 12.30 Selecting previously unselected package libpython3-dev:amd64.
#10 12.30 Preparing to unpack .../54-libpython3-dev_3.13.5-1_amd64.deb ...
#10 12.31 Unpacking libpython3-dev:amd64 (3.13.5-1) ...
#10 12.32 Selecting previously unselected package libyaml-0-2:amd64.
#10 12.32 Preparing to unpack .../55-libyaml-0-2_0.2.5-2_amd64.deb ...
#10 12.32 Unpacking libyaml-0-2:amd64 (0.2.5-2) ...
#10 12.34 Selecting previously unselected package python3-cffi-backend:amd64.
#10 12.34 Preparing to unpack .../56-python3-cffi-backend_1.17.1-3_amd64.deb ...
#10 12.34 Unpacking python3-cffi-backend:amd64 (1.17.1-3) ...
#10 12.36 Selecting previously unselected package python3-ply.
#10 12.36 Preparing to unpack .../57-python3-ply_3.11-9_all.deb ...
#10 12.37 Unpacking python3-ply (3.11-9) ...
#10 12.38 Selecting previously unselected package python3-pycparser.
#10 12.38 Preparing to unpack .../58-python3-pycparser_2.22-2_all.deb ...
#10 12.39 Unpacking python3-pycparser (2.22-2) ...
#10 12.41 Selecting previously unselected package python3-cffi.
#10 12.41 Preparing to unpack .../59-python3-cffi_1.17.1-3_all.deb ...
#10 12.41 Unpacking python3-cffi (1.17.1-3) ...
#10 12.43 Selecting previously unselected package python3.13-dev.
#10 12.43 Preparing to unpack .../60-python3.13-dev_3.13.5-2+deb13u4_amd64.deb ...
#10 12.43 Unpacking python3.13-dev (3.13.5-2+deb13u4) ...
#10 12.45 Selecting previously unselected package python3-dev.
#10 12.45 Preparing to unpack .../61-python3-dev_3.13.5-1_amd64.deb ...
#10 12.45 Unpacking python3-dev (3.13.5-1) ...
#10 12.47 Selecting previously unselected package python3-redis.
#10 12.47 Preparing to unpack .../62-python3-redis_6.1.0-2_all.deb ...
#10 12.47 Unpacking python3-redis (6.1.0-2) ...
#10 12.49 Selecting previously unselected package python3-yaml.
#10 12.49 Preparing to unpack .../63-python3-yaml_6.0.2-1+b2_amd64.deb ...
#10 12.50 Unpacking python3-yaml (6.0.2-1+b2) ...
#10 12.52 Setting up libpython3.13:amd64 (3.13.5-2+deb13u4) ...
#10 12.53 Setting up apt-utils (3.0.3) ...
#10 12.53 Setting up libyaml-0-2:amd64 (0.2.5-2) ...
#10 12.53 Setting up python3-ply (3.11-9) ...
#10 12.63 Setting up binutils-common:amd64 (2.44-3) ...
#10 12.63 Setting up linux-libc-dev (6.12.107-1) ...
#10 12.64 Setting up libctf-nobfd0:amd64 (2.44-3) ...
#10 12.64 Setting up python3-yaml (6.0.2-1+b2) ...
#10 12.73 Setting up libgomp1:amd64 (14.2.0-19) ...
#10 12.73 Setting up bzip2 (1.0.8-6) ...
#10 12.74 Setting up libsframe1:amd64 (2.44-3) ...
#10 12.74 Setting up python3-pycparser (2.22-2) ...
#10 12.86 Setting up rpcsvc-proto (1.4.3-1) ...
#10 12.86 Setting up make (4.4.1-2) ...
#10 12.86 Setting up libmpfr6:amd64 (4.2.2-1) ...
#10 12.87 Setting up xz-utils (5.8.1-1+deb13u1) ...
#10 12.87 update-alternatives: using /usr/bin/xz to provide /usr/bin/lzma (lzma) in auto mode
#10 12.87 update-alternatives: warning: skip creation of /usr/share/man/man1/lzma.1.gz because associated file /usr/share/man/man1/xz.1.gz (of link group lzma) doesn't exist
#10 12.87 update-alternatives: warning: skip creation of /usr/share/man/man1/unlzma.1.gz because associated file /usr/share/man/man1/unxz.1.gz (of link group lzma) doesn't exist
#10 12.87 update-alternatives: warning: skip creation of /usr/share/man/man1/lzcat.1.gz because associated file /usr/share/man/man1/xzcat.1.gz (of link group lzma) doesn't exist
#10 12.87 update-alternatives: warning: skip creation of /usr/share/man/man1/lzmore.1.gz because associated file /usr/share/man/man1/xzmore.1.gz (of link group lzma) doesn't exist
#10 12.87 update-alternatives: warning: skip creation of /usr/share/man/man1/lzless.1.gz because associated file /usr/share/man/man1/xzless.1.gz (of link group lzma) doesn't exist
#10 12.87 update-alternatives: warning: skip creation of /usr/share/man/man1/lzdiff.1.gz because associated file /usr/share/man/man1/xzdiff.1.gz (of link group lzma) doesn't exist
#10 12.87 update-alternatives: warning: skip creation of /usr/share/man/man1/lzcmp.1.gz because associated file /usr/share/man/man1/xzcmp.1.gz (of link group lzma) doesn't exist
#10 12.87 update-alternatives: warning: skip creation of /usr/share/man/man1/lzgrep.1.gz because associated file /usr/share/man/man1/xzgrep.1.gz (of link group lzma) doesn't exist
#10 12.87 update-alternatives: warning: skip creation of /usr/share/man/man1/lzegrep.1.gz because associated file /usr/share/man/man1/xzegrep.1.gz (of link group lzma) doesn't exist
#10 12.87 update-alternatives: warning: skip creation of /usr/share/man/man1/lzfgrep.1.gz because associated file /usr/share/man/man1/xzfgrep.1.gz (of link group lzma) doesn't exist
#10 12.87 Setting up libquadmath0:amd64 (14.2.0-19) ...
#10 12.88 Setting up libmpc3:amd64 (1.3.1-1+b3) ...
#10 12.88 Setting up patch (2.8-2) ...
#10 12.88 Setting up python3-redis (6.1.0-2) ...
#10 13.07 Setting up libdpkg-perl (1.22.22) ...
#10 13.07 Setting up libubsan1:amd64 (14.2.0-19) ...
#10 13.07 Setting up libhwasan0:amd64 (14.2.0-19) ...
#10 13.08 Setting up libcrypt-dev:amd64 (1:4.4.38-1) ...
#10 13.08 Setting up libasan8:amd64 (14.2.0-19) ...
#10 13.09 Setting up libtsan2:amd64 (14.2.0-19) ...
#10 13.09 Setting up libjs-jquery (3.6.1+dfsg+~3.5.14-1) ...
#10 13.10 Setting up libbinutils:amd64 (2.44-3) ...
#10 13.10 Setting up libisl23:amd64 (0.27-1) ...
#10 13.10 Setting up libc-dev-bin (2.41-12+deb13u3) ...
#10 13.11 Setting up libcc1-0:amd64 (14.2.0-19) ...
#10 13.11 Setting up liblsan0:amd64 (14.2.0-19) ...
#10 13.11 Setting up libitm1:amd64 (14.2.0-19) ...
#10 13.12 Setting up python3-cffi-backend:amd64 (1.17.1-3) ...
#10 13.12 Setting up libjs-underscore (1.13.4~dfsg+~1.11.4-3) ...
#10 13.13 Setting up libctf0:amd64 (2.44-3) ...
#10 13.13 Setting up python3-cffi (1.17.1-3) ...
#10 13.24 Setting up libgprofng0:amd64 (2.44-3) ...
#10 13.24 Setting up cpp-14-x86-64-linux-gnu (14.2.0-19) ...
#10 13.25 Setting up libjs-sphinxdoc (8.1.3-5) ...
#10 13.25 Setting up cpp-14 (14.2.0-19) ...
#10 13.25 Setting up libc6-dev:amd64 (2.41-12+deb13u3) ...
#10 13.26 Setting up libgcc-14-dev:amd64 (14.2.0-19) ...
#10 13.26 Setting up libstdc++-14-dev:amd64 (14.2.0-19) ...
#10 13.27 Setting up binutils-x86-64-linux-gnu (2.44-3) ...
#10 13.27 Setting up cpp-x86-64-linux-gnu (4:14.2.0-1) ...
#10 13.27 Setting up binutils (2.44-3) ...
#10 13.27 
#10 13.27 Configuration file '/etc/gprofng.rc', does not exist on system.
#10 13.27 Installing new config file as you requested.
#10 13.28 Setting up dpkg-dev (1.22.22) ...
#10 13.28 
#10 13.28 Configuration file '/etc/dpkg/shlibs.default', does not exist on system.
#10 13.28 Installing new config file as you requested.
#10 13.28 
#10 13.28 Configuration file '/etc/dpkg/shlibs.override', does not exist on system.
#10 13.28 Installing new config file as you requested.
#10 13.28 Setting up libexpat1-dev:amd64 (2.8.3-1~deb13u1) ...
#10 13.29 Setting up zlib1g-dev:amd64 (1:1.3.dfsg+really1.3.1-1+b1) ...
#10 13.29 Setting up cpp (4:14.2.0-1) ...
#10 13.30 Setting up gcc-14-x86-64-linux-gnu (14.2.0-19) ...
#10 13.30 Setting up gcc-x86-64-linux-gnu (4:14.2.0-1) ...
#10 13.31 Setting up gcc-14 (14.2.0-19) ...
#10 13.31 Setting up libpython3.13-dev:amd64 (3.13.5-2+deb13u4) ...
#10 13.31 Setting up g++-14-x86-64-linux-gnu (14.2.0-19) ...
#10 13.32 Setting up g++-x86-64-linux-gnu (4:14.2.0-1) ...
#10 13.32 Setting up g++-14 (14.2.0-19) ...
#10 13.32 Setting up libpython3-dev:amd64 (3.13.5-1) ...
#10 13.33 Setting up python3.13-dev (3.13.5-2+deb13u4) ...
#10 13.33 Setting up gcc (4:14.2.0-1) ...
#10 13.34 Setting up python3-dev (3.13.5-1) ...
#10 13.34 Setting up g++ (4:14.2.0-1) ...
#10 13.35 update-alternatives: using /usr/bin/g++ to provide /usr/bin/c++ (c++) in auto mode
#10 13.35 Setting up build-essential (12.12) ...
#10 13.36 Processing triggers for libc-bin (2.41-12+deb13u3) ...
#10 13.45 sending incremental file list
#10 13.45 apt-utils_3.0.3_amd64.deb
#10 13.46 binutils-common_2.44-3_amd64.deb
#10 13.46 binutils-x86-64-linux-gnu_2.44-3_amd64.deb
#10 13.46 binutils_2.44-3_amd64.deb
#10 13.46 build-essential_12.12_amd64.deb
#10 13.46 bzip2_1.0.8-6_amd64.deb
#10 13.46 cpp-14-x86-64-linux-gnu_14.2.0-19_amd64.deb
#10 13.47 cpp-14_14.2.0-19_amd64.deb
#10 13.47 cpp-x86-64-linux-gnu_4%3a14.2.0-1_amd64.deb
#10 13.47 cpp_4%3a14.2.0-1_amd64.deb
#10 13.47 dpkg-dev_1.22.22_all.deb
#10 13.47 g++-14-x86-64-linux-gnu_14.2.0-19_amd64.deb
#10 13.49 g++-14_14.2.0-19_amd64.deb
#10 13.49 g++-x86-64-linux-gnu_4%3a14.2.0-1_amd64.deb
#10 13.49 g++_4%3a14.2.0-1_amd64.deb
#10 13.49 gcc-14-x86-64-linux-gnu_14.2.0-19_amd64.deb
#10 13.51 gcc-14_14.2.0-19_amd64.deb
#10 13.52 gcc-x86-64-linux-gnu_4%3a14.2.0-1_amd64.deb
#10 13.52 gcc_4%3a14.2.0-1_amd64.deb
#10 13.52 libasan8_14.2.0-19_amd64.deb
#10 13.52 libbinutils_2.44-3_amd64.deb
#10 13.52 libc-dev-bin_2.41-12+deb13u3_amd64.deb
#10 13.52 libc6-dev_2.41-12+deb13u3_amd64.deb
#10 13.53 libcc1-0_14.2.0-19_amd64.deb
#10 13.53 libcrypt-dev_1%3a4.4.38-1_amd64.deb
#10 13.53 libctf-nobfd0_2.44-3_amd64.deb
#10 13.53 libctf0_2.44-3_amd64.deb
#10 13.53 libdpkg-perl_1.22.22_all.deb
#10 13.53 libexpat1-dev_2.8.3-1~deb13u1_amd64.deb
#10 13.53 libgcc-14-dev_14.2.0-19_amd64.deb
#10 13.53 libgomp1_14.2.0-19_amd64.deb
#10 13.54 libgprofng0_2.44-3_amd64.deb
#10 13.54 libhwasan0_14.2.0-19_amd64.deb
#10 13.54 libisl23_0.27-1_amd64.deb
#10 13.54 libitm1_14.2.0-19_amd64.deb
#10 13.54 libjs-jquery_3.6.1+dfsg+~3.5.14-1_all.deb
#10 13.54 libjs-sphinxdoc_8.1.3-5_all.deb
#10 13.54 libjs-underscore_1.13.4~dfsg+~1.11.4-3_all.deb
#10 13.54 liblsan0_14.2.0-19_amd64.deb
#10 13.54 liblzma5_5.8.1-1+deb13u1_amd64.deb
#10 13.54 libmpc3_1.3.1-1+b3_amd64.deb
#10 13.54 libmpfr6_4.2.2-1_amd64.deb
#10 13.54 libpython3-dev_3.13.5-1_amd64.deb
#10 13.54 libpython3.13-dev_3.13.5-2+deb13u4_amd64.deb
#10 13.55 libpython3.13_3.13.5-2+deb13u4_amd64.deb
#10 13.55 libquadmath0_14.2.0-19_amd64.deb
#10 13.55 libsframe1_2.44-3_amd64.deb
#10 13.55 libstdc++-14-dev_14.2.0-19_amd64.deb
#10 13.55 libtsan2_14.2.0-19_amd64.deb
#10 13.56 libubsan1_14.2.0-19_amd64.deb
#10 13.56 libyaml-0-2_0.2.5-2_amd64.deb
#10 13.56 linux-libc-dev_6.12.107-1_all.deb
#10 13.56 make_4.4.1-2_amd64.deb
#10 13.56 patch_2.8-2_amd64.deb
#10 13.56 python3-cffi-backend_1.17.1-3_amd64.deb
#10 13.56 python3-cffi_1.17.1-3_all.deb
#10 13.56 python3-dev_3.13.5-1_amd64.deb
#10 13.56 python3-ply_3.11-9_all.deb
#10 13.56 python3-pycparser_2.22-2_all.deb
#10 13.56 python3-redis_6.1.0-2_all.deb
#10 13.56 python3-yaml_6.0.2-1+b2_amd64.deb
#10 13.56 python3.13-dev_3.13.5-2+deb13u4_amd64.deb
#10 13.57 rpcsvc-proto_1.4.3-1_amd64.deb
#10 13.57 xz-utils_5.8.1-1+deb13u1_amd64.deb
#10 13.57 zlib1g-dev_1%3a1.3.dfsg+really1.3.1-1+b1_amd64.deb
#10 13.61 
#10 13.61 sent 85.79M bytes  received 1.25K bytes  57.20M bytes/sec
#10 13.61 total size is 86.16M  speedup is 1.00
#10 DONE 17.5s

#11 [base  7/18] RUN pip3 install pyangbind==0.8.7
#11 0.542 Looking in links: /sonic/target/vcache/docker-config-engine-trixie/pip-wheelhouse
#11 0.549 WARNING: Retrying (Retry(total=4, connect=None, read=None, redirect=None, status=None)) after connection broken by 'ProxyError('Cannot connect to proxy.', NewConnectionError('<pip._vendor.urllib3.connection.HTTPSConnection object at 0x7bc39ae18d70>: Failed to establish a new connection: [Errno 111] Connection refused'))': /simple/pyangbind/
#11 1.049 WARNING: Retrying (Retry(total=3, connect=None, read=None, redirect=None, status=None)) after connection broken by 'ProxyError('Cannot connect to proxy.', NewConnectionError('<pip._vendor.urllib3.connection.HTTPSConnection object at 0x7bc39ae6ca50>: Failed to establish a new connection: [Errno 111] Connection refused'))': /simple/pyangbind/
#11 2.050 WARNING: Retrying (Retry(total=2, connect=None, read=None, redirect=None, status=None)) after connection broken by 'ProxyError('Cannot connect to proxy.', NewConnectionError('<pip._vendor.urllib3.connection.HTTPSConnection object at 0x7bc39ae6cb90>: Failed to establish a new connection: [Errno 111] Connection refused'))': /simple/pyangbind/
#11 4.050 WARNING: Retrying (Retry(total=1, connect=None, read=None, redirect=None, status=None)) after connection broken by 'ProxyError('Cannot connect to proxy.', NewConnectionError('<pip._vendor.urllib3.connection.HTTPSConnection object at 0x7bc39ae6ccd0>: Failed to establish a new connection: [Errno 111] Connection refused'))': /simple/pyangbind/
#11 8.051 WARNING: Retrying (Retry(total=0, connect=None, read=None, redirect=None, status=None)) after connection broken by 'ProxyError('Cannot connect to proxy.', NewConnectionError('<pip._vendor.urllib3.connection.HTTPSConnection object at 0x7bc39ae6ce10>: Failed to establish a new connection: [Errno 111] Connection refused'))': /simple/pyangbind/
#11 8.055 ERROR: Could not find a version that satisfies the requirement pyangbind==0.8.7 (from versions: none)
#11 8.056 ERROR: No matching distribution found for pyangbind==0.8.7
#11 ERROR: process "/bin/sh -c pip3 install pyangbind==0.8.7" did not complete successfully: exit code: 1
------
 > [base  7/18] RUN pip3 install pyangbind==0.8.7:
0.542 Looking in links: /sonic/target/vcache/docker-config-engine-trixie/pip-wheelhouse
0.549 WARNING: Retrying (Retry(total=4, connect=None, read=None, redirect=None, status=None)) after connection broken by 'ProxyError('Cannot connect to proxy.', NewConnectionError('<pip._vendor.urllib3.connection.HTTPSConnection object at 0x7bc39ae18d70>: Failed to establish a new connection: [Errno 111] Connection refused'))': /simple/pyangbind/
1.049 WARNING: Retrying (Retry(total=3, connect=None, read=None, redirect=None, status=None)) after connection broken by 'ProxyError('Cannot connect to proxy.', NewConnectionError('<pip._vendor.urllib3.connection.HTTPSConnection object at 0x7bc39ae6ca50>: Failed to establish a new connection: [Errno 111] Connection refused'))': /simple/pyangbind/
2.050 WARNING: Retrying (Retry(total=2, connect=None, read=None, redirect=None, status=None)) after connection broken by 'ProxyError('Cannot connect to proxy.', NewConnectionError('<pip._vendor.urllib3.connection.HTTPSConnection object at 0x7bc39ae6cb90>: Failed to establish a new connection: [Errno 111] Connection refused'))': /simple/pyangbind/
4.050 WARNING: Retrying (Retry(total=1, connect=None, read=None, redirect=None, status=None)) after connection broken by 'ProxyError('Cannot connect to proxy.', NewConnectionError('<pip._vendor.urllib3.connection.HTTPSConnection object at 0x7bc39ae6ccd0>: Failed to establish a new connection: [Errno 111] Connection refused'))': /simple/pyangbind/
8.051 WARNING: Retrying (Retry(total=0, connect=None, read=None, redirect=None, status=None)) after connection broken by 'ProxyError('Cannot connect to proxy.', NewConnectionError('<pip._vendor.urllib3.connection.HTTPSConnection object at 0x7bc39ae6ce10>: Failed to establish a new connection: [Errno 111] Connection refused'))': /simple/pyangbind/
8.055 ERROR: Could not find a version that satisfies the requirement pyangbind==0.8.7 (from versions: none)
8.056 ERROR: No matching distribution found for pyangbind==0.8.7
------
Dockerfile:35
--------------------
  33 |     # enum34 causes Python 're' package to not work properly as it redefines an incompatible enum.py module
  34 |     # https://github.com/robshakir/pyangbind/issues/232
  35 | >>> RUN pip3 install pyangbind==0.8.7
  36 |     RUN pip3 uninstall -y enum34
  37 |     
--------------------
ERROR: failed to build: failed to solve: process "/bin/sh -c pip3 install pyangbind==0.8.7" did not complete successfully: exit code: 1
[  FAIL LOG END  ] [ target/docker-config-engine-trixie.gz ]
make: *** [slave.mk:1406: target/docker-config-engine-trixie.gz] Error 1
[ finished ] [ target/sonic-vs.bin__vs__rfs.squashfs ] 
[ finished ] [ target/debs/trixie/p4lang-p4c_1.2.4.2-2_amd64.deb ] 
make[1]: *** [Makefile.work:751: target/sonic-vs.bin] Error 2
make[1]: Leaving directory '/data/sonic/sonic-dzf-time-measure'
make: *** [Makefile:50: target/sonic-vs.bin] Error 2
