ID						RECLAIMABLE	SIZE		LAST ACCESSED
wl3luz04f3iv1bc32sxqh34tl               	true 		17.4kB    	34 minutes ago
gitlfqxlexc7junxauxuv37ww*              	true 	4.096kB   	34 minutes ago
vzd0frruokduomhb65sawsqcb*              	true 	8.192kB   	34 minutes ago
jw6zez5v9t9h07imxih4gork1*              	true 	340kB     	35 minutes ago
os4zrqv97x9zbde2yq6p68ozq*              	true 	8.192kB   	34 minutes ago
crjlzd9j2u4ixphqqbg5jc9py               	true 	24.86kB   	34 minutes ago
s2shh5fyqq43ed2yq8k504fch               	true 	24.85kB   	34 minutes ago
rrj7fg9twfzeds2dmrrmpktx9               	true 	29.5kB    	34 minutes ago
y3letcpwaec7z6g1p54podovy               	true 	60.43kB   	34 minutes ago
3mwbuchulmmd8bbwlk2lon4bs               	true 	29.5kB    	34 minutes ago
39zcjge5cepaz03l2chwk4hm6               	true 	8.271kB   	34 minutes ago
qve9h2tgt1cvz1gxjwxvlden2               	true 	23.67MB   	34 minutes ago
espcgzywddgjwzatxd7i63smq               	true 	162.2kB   	34 minutes ago
mg5opdtr6xqanu01z8hnltq6d               	true 	36.9kB    	34 minutes ago
jfv84gyhl2uqrvoveq3tzb4xu               	true 	30.01kB   	34 minutes ago
qkxw8egwianjt64vb34m1g9el               	true 	3.711MB   	34 minutes ago
ecka6x40pasfzqonlqtrm3ktl               	true 	26MB      	34 minutes ago
atbujvacdkxzyb0kpfiydyo8l               	true 	238.2MB   	34 minutes ago
o8jy9ay3hr6utw4kx8m3avri4               	true 	1.636GB   	34 minutes ago
uyma4ifz0ir80xhyr2io8ubsi               	true 	9.916MB   	34 minutes ago
qjpjdgbdice18gfj41l7i1y9l               	true 	13.65MB   	34 minutes ago
kyly0v457g0tyoskgbfpy08jb               	true 	340.6kB   	34 minutes ago
ntww31ns6ivfmn6n7qjwmnqez               	true 	222.7kB   	34 minutes ago
k4w328si0zdg1w63mkgdz38g3               	true 	12.08MB   	34 minutes ago
lunuc6z59791noe5pl0t5sx0x               	true 	111.7kB   	34 minutes ago
t8byauih1f6yw8v2x8n632l4l               	true 	25.17kB   	34 minutes ago
dice8an1m99qxtwa236y0j2go               	true 	626.6MB   	34 minutes ago
tvmz955sikav8gpkhhndrbp9w               	true 	540.6kB   	34 minutes ago
nmmjgztxnnuj5o7144rjg9b0d               	true 	33.08kB   	34 minutes ago
muk1wnicyi8h6pddg5wtnzg37               	true 	33.07kB   	34 minutes ago
j0lgot45ju2ackof6pj8mhhd3               	true 	28.97kB   	34 minutes ago
p07mge9mciix7ndge6qv75j2i               	true 	105.8kB   	34 minutes ago
agsp53sawgrg827bbfle0q21n               	true 	13.59MB   	34 minutes ago
orp1yhkc44x51z0krmpaz90kd               	true 	210.8MB   	34 minutes ago
tuw1nqnd2h8eg5l0kf40o7lip               	true 	6.368MB   	34 minutes ago
k2vgch0ywiczyo68atz67hsxd               	true 	17.3MB    	34 minutes ago
ircngieex1wwwxj41le8ardkm               	true 	79.6MB    	34 minutes ago
trcojvblh555ye9m4x23a3d24               	true 	86.05kB   	34 minutes ago
1qe0vh97mqys91r8cp6ikhwya               	true 	86.05kB   	34 minutes ago
rpzl3qdbz3169ch91fhpt4rrz               	true 	1.037MB   	34 minutes ago
yttjeyvw927yw6ts37fvj1en7               	true 	590.8kB   	34 minutes ago
yvk6latmopme9cf5qtyfxxb4j               	true 	12.32kB   	34 minutes ago
yqrov4omlf3t4bfrakvs3zq10               	true 	2.122MB   	34 minutes ago
o7amtw0kdc7g5zbqkozby0xyn               	true 	306.7kB   	34 minutes ago
novf7j42i8jkc2fzez6bjwewu               	true 	12.32kB   	34 minutes ago
tbqz4y62aktc96657xsq5ofhj               	true 	8.398MB   	34 minutes ago
xjbz7vm8vmo5zd1dozbyg3g66               	true 	53.49kB   	34 minutes ago
naukc2flv4ztto021e1rsw4er               	true 	7.289MB   	34 minutes ago
dmyn5n9u61t42caoowdq65x83               	true 	1.534MB   	34 minutes ago
11fagwoaagobchp93ql4akmjv               	true 	4.498MB   	34 minutes ago
c1wadravir71geba2bavtg6yu               	true 	12.32kB   	34 minutes ago
kjit8ryuqdweg0a2agfrmos8k               	true 	4.903MB   	34 minutes ago
u1szl721ti9uykm09mxvehbz5               	true 	942.1kB   	34 minutes ago
yk2ra0if7wes6te8olacw24w2               	true 	283.1kB   	34 minutes ago
98tjwierq6jr94j7faesg2z88               	true 	75.08MB   	34 minutes ago
p3g6d7utvozud51i1lt8wzpmd               	true 	4.124MB   	34 minutes ago
4vhx6frl3tj0clvon146rft86               	true 	815.2kB   	34 minutes ago
4c7449lthgohtqmoxs3ixydit               	true 	395.6MB   	34 minutes ago
mw1zm17iutty7qn53cgvlrm4f               	true 	392.5MB   	34 minutes ago
0e1qis0klc86d1btm7g1wg4ee               	true 	147.8MB   	34 minutes ago
x6u52g0efqomp7y5kva9hbd8x               	true 	33.28kB   	34 minutes ago
ukvlgba5tm3p8xoee7ediu418               	true 	33.27kB   	34 minutes ago
l0ykea6bf71v8k400oyq0luc6               	true 	29.17kB   	34 minutes ago
2t9w2voypunfavzu6yjmpqbip               	true 	59.58MB   	34 minutes ago
r0rxfk6gya489q2656nxyz3av               	true 	446.8MB   	34 minutes ago
ixe8gflngvppslb4hwx5amn87               	true 	9.373GB   	34 minutes ago
jzr97t1sdexzw94ox66m06yy5               	true 	12.46kB   	34 minutes ago
xycaw4r2hfpvb8ti0xcyqq1rk               	true 	101.2MB   	34 minutes ago
znr55deqlxr701kzuazaipyqp               	true 	646.7kB   	34 minutes ago
zdofrx8e6eqqj1bt8mu748m0s               	true 	413.7kB   	34 minutes ago
ej1smqoqgr0v4p1y5n4bq9kd0               	true 	20.65kB   	34 minutes ago
lxgrkjngzzl37yd3wh6mjkscz               	true 	389.1kB   	34 minutes ago
hg7ewpyvtz788j1z807z9tn5h               	true 	20.83kB   	34 minutes ago
tz1ugpg2hyw7ixkkei8n98281               	true 	29.04kB   	34 minutes ago
754ditr0cf1pvdbm84uvpiuny               	true 	29kB      	34 minutes ago
Total:	13.95GB
