Entering 'platform/alpinevs'
Entering 'platform/alpinevs/src/libsai-grpc/lemming'
Entering 'platform/aspeed/sonic-platform-modules-arista'
Entering 'platform/barefoot/sonic-platform-modules-arista'
Entering 'platform/broadcom/saibcm-modules'
Entering 'platform/broadcom/saibcm-modules-dnx'
Entering 'platform/broadcom/sonic-platform-modules-arista'
Entering 'platform/broadcom/sonic-platform-modules-nokia'
Entering 'platform/broadcom/sonic-platform-modules-nokia/mackinac/fmt'
Entering 'platform/marvell-prestera/mrvl-prestera'
Entering 'platform/marvell-prestera/sonic-platform-marvell'
Entering 'platform/marvell-teralynx/mrvl-teralynx'
Entering 'platform/marvell-teralynx/sonic-platform-marvell-teralynx'
Entering 'platform/mellanox/hw-management/hw-mgmt'
Entering 'platform/p4/SAI-P4-BM'
Entering 'platform/p4/SAI-P4-BM/p4-switch/behavioral-model'
Entering 'platform/p4/p4-hlir/p4-hlir'
Entering 'platform/p4/p4-hlir/p4-hlir-v1.1'
Entering 'platform/p4/p4c-bm/p4c-bm'
Entering 'platform/vpp'
Entering 'sonic_rules'
Entering 'src/dhcpmon'
Entering 'src/dhcprelay'
Entering 'src/dhcprelay/gmock_global'
Entering 'src/linkmgrd'
Entering 'src/ptf'
Entering 'src/ptf-py3'
Entering 'src/redis-dump-load'
Removing build/
Removing dist/
Removing redis_dump_load.egg-info/
Entering 'src/scapy'
Removing build/
Removing dist/
Removing scapy.egg-info/
Removing scapy/__pycache__/
Entering 'src/sonic-bmp'
Entering 'src/sonic-dash-api'
Removing misc/pypkg/dash_api/_utils.so
Removing misc/pypkg/dash_api/acl_group_pb2.pyi
Removing misc/pypkg/dash_api/acl_in_pb2.pyi
Removing misc/pypkg/dash_api/acl_out_pb2.pyi
Removing misc/pypkg/dash_api/acl_rule_pb2.pyi
Removing misc/pypkg/dash_api/appliance_pb2.pyi
Removing misc/pypkg/dash_api/eni_pb2.pyi
Removing misc/pypkg/dash_api/eni_route_pb2.pyi
Removing misc/pypkg/dash_api/ha_scope_config_pb2.pyi
Removing misc/pypkg/dash_api/ha_scope_pb2.pyi
Removing misc/pypkg/dash_api/ha_scope_state_pb2.pyi
Removing misc/pypkg/dash_api/ha_set_config_pb2.pyi
Removing misc/pypkg/dash_api/ha_set_pb2.pyi
Removing misc/pypkg/dash_api/ha_set_state_pb2.pyi
Removing misc/pypkg/dash_api/meter_pb2.pyi
Removing misc/pypkg/dash_api/meter_policy_pb2.pyi
Removing misc/pypkg/dash_api/meter_rule_pb2.pyi
Removing misc/pypkg/dash_api/outbound_port_map_pb2.pyi
Removing misc/pypkg/dash_api/outbound_port_map_range_pb2.pyi
Removing misc/pypkg/dash_api/pa_validation_pb2.pyi
Removing misc/pypkg/dash_api/prefix_tag_pb2.pyi
Removing misc/pypkg/dash_api/qos_pb2.pyi
Removing misc/pypkg/dash_api/route_group_pb2.pyi
Removing misc/pypkg/dash_api/route_pb2.pyi
Removing misc/pypkg/dash_api/route_rule_pb2.pyi
Removing misc/pypkg/dash_api/route_type_pb2.pyi
Removing misc/pypkg/dash_api/routing_appliance_pb2.pyi
Removing misc/pypkg/dash_api/tunnel_pb2.pyi
Removing misc/pypkg/dash_api/types_pb2.pyi
Removing misc/pypkg/dash_api/utils.py
Removing misc/pypkg/dash_api/vnet_mapping_pb2.pyi
Removing misc/pypkg/dash_api/vnet_pb2.pyi
Removing misc/tests/test
Entering 'src/sonic-dash-ha'
Entering 'src/sonic-dash-ha/crates/sonic-dash-api-proto/sonic-dash-api'
Entering 'src/sonic-dbsyncd'
Entering 'src/sonic-frr/frr'
Removing Makefile.in
Removing aclocal.m4
Removing autom4te.cache/
Removing build/
Removing config.h.in
Removing configure
Removing debian/.debhelper/
Removing debian/autoreconf.after
Removing debian/autoreconf.before
Removing debian/debhelper-build-stamp
Removing debian/files
Removing debian/frr-doc.debhelper.log
Removing debian/frr-doc.substvars
Removing debian/frr-doc/
Removing debian/frr-pythontools.debhelper.log
Removing debian/frr-pythontools.substvars
Removing debian/frr-pythontools/
Removing debian/frr-snmp.debhelper.log
Removing debian/frr-snmp.substvars
Removing debian/frr-snmp/
Removing debian/frr-test-tools.debhelper.log
Removing debian/frr-test-tools.substvars
Removing debian/frr-test-tools/
Removing debian/frr.debhelper.log
Removing debian/frr.init
Removing debian/frr.postinst.debhelper
Removing debian/frr.postrm.debhelper
Removing debian/frr.service
Removing debian/frr.substvars
Removing debian/frr/
Removing debian/frr@.service
Removing debian/tmp/
Removing m4/ac/
Removing m4/libtool.m4
Removing m4/ltoptions.m4
Removing m4/ltsugar.m4
Removing m4/ltversion.m4
Removing m4/lt~obsolete.m4
Removing python/__pycache__/
Removing python/clippy/__pycache__/
Removing zebra/dplane_fpm_sonic.c
Entering 'src/sonic-genl-packet'
Entering 'src/sonic-gnmi'
Entering 'src/sonic-host-services'
Removing sonic-host-services-data_1.0-1_amd64.buildinfo
Removing sonic-host-services-data_1.0-1_amd64.changes
Entering 'src/sonic-linux-kernel'
Removing linux-6.12.41/
Removing linux-image-6.12.41+deb13-sonic-amd64-dbg_6.12.41-1_amd64.deb
Removing linux-image-amd64-signed-template_6.12.41-1_amd64.deb
Removing linux-image-sonic-amd64-dbg_6.12.41-1_amd64.deb
Removing linux-kbuild-6.12.41+deb13-dbgsym_6.12.41-1_amd64.deb
Removing linux-libc-dev_6.12.41-1_all.deb
Removing linux-support-6.12.41+deb13_6.12.41-1_all.deb
Removing linux_6.12.41-1.debian.tar.xz
Removing linux_6.12.41-1.dsc
Removing linux_6.12.41-1_amd64.buildinfo
Removing linux_6.12.41-1_amd64.changes
Removing linux_6.12.41.orig.tar.xz
Entering 'src/sonic-mgmt-common'
Entering 'src/sonic-mgmt-framework'
Entering 'src/sonic-p4rt/sonic-pins'
Entering 'src/sonic-platform-common'
Entering 'src/sonic-platform-daemons'
Entering 'src/sonic-platform-pde'
Entering 'src/sonic-py-swsssdk'
Removing .coverage
Removing .pytest_cache/
Removing build/
Removing coverage.xml
Removing dist/
Removing htmlcov/
Removing src/swsssdk/__pycache__/
Removing swsssdk.egg-info/
Removing test-results.xml
Removing test/__pycache__/
Entering 'src/sonic-redfish'
Entering 'src/sonic-restapi'
Entering 'src/sonic-sairedis'
Entering 'src/sonic-sairedis/SAI'
Entering 'src/sonic-sairedis/SAI/test/ptf'
Entering 'src/sonic-sairedis/SAI/test/saithrift/ctypesgen'
Entering 'src/sonic-snmpagent'
Entering 'src/sonic-stp'
Entering 'src/sonic-swss'
Entering 'src/sonic-swss-common'
Removing Makefile.in
Removing aclocal.m4
Removing common/.deps/
Removing common/c-api/.deps/
Removing common/cfg_schema.h
Removing config.h.in
Removing config/
Removing configure
Removing m4/libtool.m4
Removing m4/ltoptions.m4
Removing m4/ltsugar.m4
Removing m4/ltversion.m4
Removing m4/lt~obsolete.m4
Removing pyext/py3/.deps/
Removing sonic-db-cli/.deps/
Removing target/
Removing tests/.deps/
Entering 'src/sonic-sysmgr/gnoi'
Entering 'src/sonic-utilities'
Entering 'src/sonic-ztp'
Entering 'src/supervisor'
Entering 'src/wpasupplicant/sonic-wpa-supplicant'
