Untagged: sonic-slave-trixie-qiuying.xzc:ff93f4e7cfe
Deleted: sha256:0ce0218d4ab24a3955fb3028246a1b46ab4ce67b2822ea27adc1dedf72db0640
Untagged: sonic-slave-trixie:86ec373a32e
Deleted: sha256:4f9fe811323e1c9545692b0d2c6eae91d90ce7cdd9a8480537b2ddf7d4b2f9d6
ID						RECLAIMABLE	SIZE		LAST ACCESSED
8bbgf3qifgibrdp5xemji2gb9*              	true 		4.096kB   	42 minutes ago
mnbyigb75mczt2a99k9s65he5               	true 	17.4kB    	43 minutes ago
kmcs25knjsgups5hiobb305yw               	true 	17.4kB    	2 months ago
won4zkko78ov8tffm9spteap1               	true 	17.4kB    	42 minutes ago
rncdsmfy7n6tf2yypi3b6qc4i*              	true 	8.192kB   	2 months ago
iuoizvfqq5bx5ehufa3m0m59n               	true 	17.4kB    	2 months ago
uzwu8cvrjehx3k79ysde16hm8*              	true 	8.192kB   	42 minutes ago
r66s6tloatdyhp131qrtfo3kg               	true 	17.4kB    	8 weeks ago
v47ciuriyfkoqs1yq6rmiqvep               	true 	17.4kB    	8 weeks ago
0os3657rd6k5zv3asdh2k4aoa*              	true 	8.192kB   	43 minutes ago
p3bzbjw8jy7b0401zjwdtf7bv               	true 	37.5kB    	43 minutes ago
bosom2i3ddb5nj44ztf1pd3p3               	true 	24.86kB   	42 minutes ago
z5qs60e6zk10zn4um97f96vl4*              	true 	8.192kB   	2 months ago
ry5wej8fstr7iuv0rh9k9txg1               	true 	37.5kB    	2 months ago
lyc6pr01yxj6snkh4zst9t4ji               	true 	24.86kB   	2 months ago
8pkavzm98cuf90n3cigfbnpwf*              	true 	8.192kB   	43 minutes ago
cslhx6prq9sn79t1lyyx50low*              	true 	4.096kB   	43 minutes ago
772w4nbdu05aaj9thjvq5wqgm               	true 	37.5kB    	8 weeks ago
pihjqq6odx485nyvup69vq3oz               	true 	24.86kB   	8 weeks ago
oq6rofcenc0moz9b5naj8ohs9               	true 	24.84kB   	8 weeks ago
cs6num77up7cbtoqcw0se4v7l               	true 	37.5kB    	8 weeks ago
ayu1h6vja12oal18774wk0fq5               	true 	37.51kB   	43 minutes ago
rhwrzm533q828ni6uswxt5g4v               	true 	37.5kB    	2 months ago
vpdlblkjagymklg0hf4bahcwq               	true 	24.85kB   	42 minutes ago
czusol8cixc5psjtrode302hp               	true 	24.84kB   	2 months ago
tqtm7knh42znhq1nzcn3rgvr4               	true 	25.18kB   	43 minutes ago
p2ydjmuh6br2zzzdiwhaolp4m               	true 	29.5kB    	8 weeks ago
vk6f3rji9kd2yvza15rbszgl4               	true 	25.17kB   	8 weeks ago
xowe85b8y9jvmen3gc7oyxp3x               	true 	29.5kB    	42 minutes ago
qzjckpapoppio5ckcwu97na7l               	true 	25.17kB   	2 months ago
8y9sdvzpgqjt87f6qno7qv2vb               	true 	29.5kB    	2 months ago
id1p6dkguni5swi01n1vsq3de               	true 	60.43kB   	8 weeks ago
dm5qlvids6o0pxd7psbdvd5k5               	true 	60.43kB   	42 minutes ago
cyicenl6yu9q5f2ixtabx2x2w               	true 	24.86kB   	2 months ago
6uxjrfjro70joywu4j7wruhxu               	true 	24.86kB   	8 weeks ago
vkmtv288w6y2wpauktu6g40o4               	true 	60.43kB   	2 months ago
r38dj4s7tu12m14agtbm0ufk1               	true 	24.87kB   	43 minutes ago
gfml37l74cc2mq8m2tx475crg               	true 	29.5kB    	2 months ago
k4flmd2nmm6ytwtv28rjwahiw               	true 	24.85kB   	43 minutes ago
34yihr0txe1mnefd2dw8yugjn               	true 	29.51kB   	8 weeks ago
j821wxq29elevi19xjx0t9zsr               	true 	24.84kB   	2 months ago
n7oyh4nph40itx1tf5efc2ilc               	true 	24.85kB   	8 weeks ago
qd8ffe17v6pqbf3cxxtfg6ja4               	true 	29.51kB   	42 minutes ago
jvdei5aebfs6o4gjmy0sby2n8               	true 	29.5kB    	8 weeks ago
d4570ygwvxxtwugpepl62os3y               	true 	29.5kB    	2 months ago
qqtinav6fngi4kkiuanu3gccj               	true 	29.51kB   	43 minutes ago
vl16vjf68e48i6fpjjcqty4ph               	true 	8.271kB   	42 minutes ago
pi75aef6qhr1kk2v2rokvmdzx               	true 	60.42kB   	2 months ago
kvd5dsm4cqvsq6hoq55opl5x5               	true 	60.43kB   	8 weeks ago
lg8s0usgvq0w11p9ywshuvh1k               	true 	23.68MB   	2 months ago
1b27e1zqum9clvaxe92yjk9b3               	true 	60.44kB   	43 minutes ago
k4vvxgsftc15h9n3djks7zj97               	true 	29.5kB    	2 months ago
l4y041ehvw4tyhsnly965dft8               	true 	166.3kB   	2 months ago
d6xrix4utq85xohr9niy27a05               	true 	29.51kB   	43 minutes ago
ie18pmetfwicsqg387f6jtlz0               	true 	29.51kB   	8 weeks ago
752q41eulqnqcf1m6oqlps7xz               	true 	36.9kB    	2 months ago
7b4b584u7zva8om4r649brjtu               	true 	30.01kB   	2 months ago
ru4mnada10j18sawanqgaa74f               	true 	3.712MB   	2 months ago
9w8bzgu6qb9tfkbuh6hv90t5a               	true 	25.92MB   	2 months ago
wnofie33hwxz5g15g0gsgg4no               	true 	237.9MB   	2 months ago
igkn6g23hibilqaj16603norv               	true 	1.636GB   	2 months ago
3tv3zgyucybmlryes4m3kavxo               	true 	9.916MB   	2 months ago
icrllj8b75uowkf29vv1ixivn               	true 	13.61MB   	2 months ago
yfjyfejxl5ey0hq88ikj1yyd2               	true 	328.1kB   	2 months ago
8zvo0bccs10k0drr0y764ddn2               	true 	222.7kB   	2 months ago
jhzywg5egpfwft8ilp1dx95dd               	true 	12.05MB   	2 months ago
ypzwv7br5fpxpcqkf57rnbboc               	true 	111.6kB   	2 months ago
hmnfhs7iypd8jh6b6ye95cnru               	true 	25.17kB   	2 months ago
d9i0i7whqawrvfomqotf4h0u8               	true 	626.6MB   	2 months ago
946nr2hfw9c65p2hdz3i8c405               	true 	525.4kB   	2 months ago
f1kaszslvcrocweydkignnjrc               	true 	33.08kB   	2 months ago
l8pk9hlszfsa03zvbsqehjbi9               	true 	33.07kB   	2 months ago
ekv7n6w4upgi18sp9ptguzdys               	true 	28.97kB   	2 months ago
9gy81mxbb7qk987v5c98e4n76               	true 	105.8kB   	2 months ago
qkvv9f2zkyajk8u4up36ybm67               	true 	13.57MB   	2 months ago
zbcfcfr7vqky3p8dyoblj939f               	true 	206.1MB   	2 months ago
0fx8w46njht1773yh8t7790r7               	true 	6.368MB   	2 months ago
0wc5rtvtp5kwi99xjbuskcghv               	true 	17.27MB   	2 months ago
o7djxosqzbexo0gj2jb0ohdkw               	true 	79.58MB   	2 months ago
yy7b9qjeagl4jgl0m53zbj5fy               	true 	86.05kB   	2 months ago
xitbj546do68e17st2braxo9b               	true 	86.05kB   	2 months ago
segcm4zn5d7tj7y95dyrenbv5               	true 	1.037MB   	2 months ago
udb9wy8rkwlxz19vqyoovcdy9               	true 	563.2kB   	2 months ago
k3mla6wg8d22anj5i6u4dbz57               	true 	12.32kB   	2 months ago
s7ninakbr4z0rhts0fn2h1gt3               	true 	2.122MB   	2 months ago
ryvbevdrc11we0c5vzmjb5rgy               	true 	306.7kB   	2 months ago
somek8ak85tcyo6bkguak2vo1               	true 	12.32kB   	2 months ago
1svw4v6b72bo4fsh0i4wwhsdw               	true 	8.398MB   	2 months ago
ntfnmolilavhfb14s0q68iie8               	true 	53.49kB   	2 months ago
kwto09ttxg8b5m6ajmtdc49gi               	true 	7.289MB   	2 months ago
ov0uydbyny28rpdinpayr36gc               	true 	1.534MB   	2 months ago
r21o737untqylh05v46rvm0i9               	true 	4.498MB   	2 months ago
vofcewr8ztvq9o1lfxyd55ij5               	true 	12.32kB   	2 months ago
z6244k5i5n7no9438habwfet2               	true 	4.903MB   	2 months ago
shov49aw0j7z1s3zvi01cs8ol               	true 	942.1kB   	2 months ago
l4qd3zk0ta7kedrhrxfw1p1rb               	true 	283.1kB   	2 months ago
cif23lbj25xk0fzopuusgdhsq               	true 	74.94MB   	2 months ago
tnahoq6wjah7t1j01vyzunlsx               	true 	4.124MB   	2 months ago
618rs8qdmsw5dn98o4prv1ooi               	true 	815.2kB   	2 months ago
6syzofz226em3ya89m85lv4yi               	true 	395.6MB   	2 months ago
hymuj0u9hgj11f84y68usiw82               	true 	392.5MB   	2 months ago
az3pj6fjk5bjj1nayj80plow8               	true 	147.8MB   	2 months ago
xipwoad11hcpcxi73x34a700c               	true 	33.28kB   	2 months ago
hz3bo8l6p3i5smqapqz5suwyt               	true 	33.27kB   	2 months ago
uq80lu9yjgr907d9y9vgilavn               	true 	29.17kB   	2 months ago
j3kkz91senjogla87c0hudvhy               	true 	59.55MB   	2 months ago
t6w69lgay6xgvv7zd05cbzw3w               	true 	446.7MB   	2 months ago
82t0f9v3i522nxf6xdt1cjf30               	true 	9.359GB   	2 months ago
rk9rvk3j1wh99i10jrg98jkc7               	true 	12.46kB   	2 months ago
ue45le3n24ss6qr83gc4752tu               	true 	88.27MB   	2 months ago
39a120edidczld426urxfk13n               	true 	646.7kB   	2 months ago
lyvh2vqn9tbjtzkritfycsd65               	true 	413.7kB   	2 months ago
f0w9nq3rtid43gseubthqk7kf               	true 	20.65kB   	2 months ago
ru8kx2hznarnz7z4hzeppfsgv               	true 	389.1kB   	2 months ago
vwjlc47ur48f07e5sgerhttj6               	true 	20.83kB   	2 months ago
smru6js7bztmve80se4tqr589               	true 	29.04kB   	2 months ago
xnwgi4ylkmsigc0sp2zoyh2h7               	true 	29kB      	2 months ago
wmyle2o211qkekj2whe941e5m               	true 	183.3MB   	2 months ago
Total:	14.1GB
