ID						RECLAIMABLE	SIZE		LAST ACCESSED
kfhf0tt9sr5sdpgh7kmihmkz9*              	true 		4.096kB   	About an hour ago
y36izvkm1a8sazzj8qh1sv8xf*              	true 	340kB     	About an hour ago
n4d6rkiqtii3dusu9mllyr41p*              	true 	8.192kB   	About an hour ago
7r485havalmkk2za2c2af3uk9               	true 	17.4kB    	About an hour ago
wv05i7nrg1y3sileb3t42o6uq*              	true 	8.192kB   	About an hour ago
gjkp7q8kc7nkbk3pvpv536kj3               	true 	24.86kB   	About an hour ago
mysvqakl9nndl0lkidbvrpaky               	true 	24.85kB   	About an hour ago
7fy6xrc8jn4shyokyttdkia3t               	true 	29.5kB    	About an hour ago
ixoszsgwygm49caf1sf9jrymy               	true 	60.43kB   	About an hour ago
b8vx7dig0gnq3gys4viouavma               	true 	29.5kB    	About an hour ago
23bhm3x18uv4ip4m6u7m4yohk               	true 	8.271kB   	About an hour ago
o3bhbgmylf0djoliostjylvol               	true 	23.67MB   	About an hour ago
ts23fx0kurb0nf2uakgfxk7c7               	true 	162.2kB   	About an hour ago
iq51j0olu8xubbteknm9oke07               	true 	36.9kB    	About an hour ago
b6mb869zll46vzptot1ozuqz7               	true 	30.01kB   	About an hour ago
rs3y0dycdpk65s19komewtimh               	true 	3.712MB   	About an hour ago
sg7ehsc1cu7pycyiiu7y7casr               	true 	26MB      	About an hour ago
rg8rm67m65i0lb9pymmn1w7yy               	true 	238.2MB   	About an hour ago
hq3hz6et4js9i1y3odl9h3djh               	true 	1.636GB   	About an hour ago
sv9ocz4fj8fwhjpxv0n73g888               	true 	9.916MB   	About an hour ago
ooik05xu00mxvi3vt0ooh4e4r               	true 	13.65MB   	About an hour ago
oiue8xzr1tv1lbnrde6fre13u               	true 	340.6kB   	About an hour ago
dfojod3wu0zjr7q82pt8e08ux               	true 	222.7kB   	About an hour ago
o09gh28z2wtshjaaselrhc7va               	true 	12.08MB   	About an hour ago
soyv1ywsh6h3hgkqca5992fjz               	true 	111.7kB   	About an hour ago
mnfq25q4gs7jzho0wok0m5od2               	true 	25.17kB   	About an hour ago
itz64yegrgncl0zs7moft30q9               	true 	626.6MB   	About an hour ago
pwvwubud2twvuq1oagy568zj4               	true 	540.6kB   	About an hour ago
zo55oukeb14ifsj9p93gbu4ck               	true 	33.08kB   	About an hour ago
loz8y4i7o3gsw21p1087pgbu1               	true 	33.07kB   	About an hour ago
m6230c3t2wbf6x7wi1c2vefh0               	true 	28.97kB   	About an hour ago
v17xrkv7vcn4prb6caud9bshb               	true 	105.8kB   	About an hour ago
xk18blp3yct2kmxl6s6bxhy8z               	true 	13.59MB   	About an hour ago
m108x28afjxtas3264xih5y6q               	true 	210.8MB   	About an hour ago
o6ss5ev58lz9rnqt4ygvd8fsh               	true 	6.368MB   	About an hour ago
nlqahv6wftk135od7w9cs24xr               	true 	17.3MB    	About an hour ago
qr7vy8p54yekc6jfts0izbqiz               	true 	79.61MB   	About an hour ago
ir3sss7do62wipyev6u3wli8z               	true 	86.05kB   	About an hour ago
zle12acji6hlzjb03ljw2g7px               	true 	86.05kB   	About an hour ago
tppp2swxhpy8x1od5cy821gtd               	true 	1.037MB   	About an hour ago
lzva00bl8qjrp8p6x9v3zzg8z               	true 	590.8kB   	About an hour ago
wz62z3elrb0dxu9sfpzvhd20u               	true 	12.32kB   	About an hour ago
hy9q0hcf69gcgm8k8t3xt76ej               	true 	2.122MB   	About an hour ago
hvjvwgt023gpzxmva048qi5qr               	true 	306.7kB   	About an hour ago
9w3cj9kerkgsyebo26vmy2ysv               	true 	12.32kB   	About an hour ago
kwzf7xe0r9i68dvrim8slznr6               	true 	8.398MB   	About an hour ago
3k1i0mlare8k30y3kokt3gvfn               	true 	53.49kB   	About an hour ago
bj2xv3ttayzbtex8mfrb78w6r               	true 	7.289MB   	About an hour ago
rvbdq7jedf6e7na6ikgsl855g               	true 	1.534MB   	About an hour ago
pjatsqww0hpvz5rx1kv7jqvd5               	true 	4.498MB   	About an hour ago
pv5mquuygl4hp0wy8o91i5wwr               	true 	12.32kB   	About an hour ago
0nvgffubvnine9l4q61hiv810               	true 	4.903MB   	About an hour ago
bqvu07e13c8mdrnakzauf3et8               	true 	942.1kB   	About an hour ago
qf9g8yc8z8x8lqf2npequx498               	true 	283.1kB   	About an hour ago
tvyd4113vuzz53ttkadb4r3ik               	true 	75.08MB   	About an hour ago
rb4n91vhs7s7gdvuimfkby92v               	true 	4.124MB   	About an hour ago
nfhwyeciporboar9hu68y1hpb               	true 	815.2kB   	About an hour ago
7925onwbjjmva7plcxtmgrw6k               	true 	395.6MB   	About an hour ago
21er9705516ozsmqf1b0j9xfl               	true 	392.5MB   	About an hour ago
qvob12cy6695ima4cjz9l0n8r               	true 	147.8MB   	About an hour ago
pe21pojl0sd5u7xrb0qmgeak5               	true 	33.28kB   	About an hour ago
yx7642r9hkd7kviza45pjxmbz               	true 	33.27kB   	About an hour ago
hy2r0ooayfkd7yuzqb4fhd8gc               	true 	29.17kB   	About an hour ago
gve7z0qwjmivjt30oe4js06j4               	true 	59.58MB   	About an hour ago
m7ysifhroibgtr9ww4g0i6ax9               	true 	446.8MB   	About an hour ago
5h38la6m5lnndo1wc9rc3t3ay               	true 	9.373GB   	About an hour ago
fffaze0tnewb0vesdget4u3sz               	true 	12.46kB   	About an hour ago
thz0bfd2wzktqqjdahl3vwwoo               	true 	101.2MB   	About an hour ago
uygsjbkhqua1wpvmjm09qkzkg               	true 	646.7kB   	About an hour ago
h5d0js17b1aetmxd2yljgwban               	true 	413.7kB   	About an hour ago
5qk7n2kfkjkxg170dl5opj3a8               	true 	20.65kB   	About an hour ago
i9p0n9w3e01e8x62m5evsgysw               	true 	389.1kB   	About an hour ago
z1i8taftc35xj9vavx6rnje92               	true 	20.84kB   	About an hour ago
zfq5q3g9kw5v78ofxxmgx9348               	true 	29.04kB   	About an hour ago
2a93u5kxkomv8zj1amnwksywg               	true 	29kB      	About an hour ago
Total:	13.95GB
