Untagged: sonic-slave-trixie-qiuying.xzc:ff93f4e7cfe
Deleted: sha256:6f27e7ce86366cbcaf016304c2f38d1db4bcd88a0d38fa54699235febefe8ba7
Untagged: sonic-slave-trixie:86ec373a32e
Deleted: sha256:3739ea543e6a472d63b933a6615d93afc0982652ef062d4ebb1cc1d95ecc29cb
ID						RECLAIMABLE	SIZE		LAST ACCESSED
bwckmmaj8wwr5kgm01oqfao1u*              	true 		8.192kB   	21 minutes ago
ab1gai77ycpnjyqhib7y2vjw2*              	true 	8.192kB   	21 minutes ago
pg90x3fbg8bv1mw71u5d2ofz0*              	true 	340kB     	22 minutes ago
ryvcfzqgsg69vxruwmiqc7lo0               	true 	17.4kB    	21 minutes ago
m1pzze0ysnvg3p02ib8b2xuy5*              	true 	4.096kB   	21 minutes ago
rpsbamdzr1g7cc3hla4d6po7v               	true 	24.86kB   	21 minutes ago
qdzse84kue5f01eebgiam5h4y               	true 	24.84kB   	21 minutes ago
a0dfu97m5nsjtp98vvtmcxuiz               	true 	29.5kB    	21 minutes ago
gyj96dyi9hvpxtfkdmxf03yuw               	true 	60.43kB   	21 minutes ago
tlu8c69m4kv93oby8oqte52s0               	true 	29.5kB    	21 minutes ago
sc2quk6tv5eq206f1mpysrsvf               	true 	8.271kB   	21 minutes ago
lg0ai2nyy8tewvzcncbcoy0rm               	true 	23.68MB   	21 minutes ago
og4lw0nksu4etwazn29oclqi7               	true 	166.4kB   	21 minutes ago
gmdjrjexkiwmyji23gtkuat44               	true 	36.9kB    	21 minutes ago
stl9rjmtxmud231q6mo7nrapq               	true 	30.01kB   	21 minutes ago
r0f48cboud3qhfejvnrioclf3               	true 	3.712MB   	21 minutes ago
e0apsfg91246a75nlpwf84maf               	true 	26MB      	21 minutes ago
d89dj7gzn4oc1mu8fzufmovqo               	true 	238.2MB   	21 minutes ago
3tjw51qmdlmzg8nbin9pu4vd3               	true 	1.636GB   	21 minutes ago
jqhdv70wbdcweid11bysuy6to               	true 	9.916MB   	21 minutes ago
q6jsyp3wjipegt7w85j2p4wk4               	true 	13.65MB   	21 minutes ago
nokqpf6n3ugatxnly6l53828y               	true 	328.1kB   	21 minutes ago
2jt9gcta5us4kap5h010734r6               	true 	222.7kB   	21 minutes ago
70q99mrs7cmo0eea5zzmtsza2               	true 	12.08MB   	21 minutes ago
c1yodk9lff0oly93ov8zgnwmt               	true 	111.7kB   	21 minutes ago
1ktaa9dvgcpq04em28h85r1d2               	true 	25.17kB   	21 minutes ago
80zsj8pst7ss95unklhkcha16               	true 	626.6MB   	21 minutes ago
vrikvyfknkibgqtabt2tl9cvt               	true 	540.3kB   	21 minutes ago
ti4926ei7v7zitciutxk5656d               	true 	33.08kB   	21 minutes ago
iqcvy3r161dhzpuykay58vv4d               	true 	33.07kB   	21 minutes ago
6ylvugzz6d7axkw7coh9ne1cx               	true 	28.97kB   	21 minutes ago
zc0u3g565jxgm5h9i6pm5x57e               	true 	105.8kB   	21 minutes ago
scvjl4niupv1o2wj8dc96i7ec               	true 	13.59MB   	21 minutes ago
xz0gp37b387runxb57legdqmr               	true 	210.8MB   	21 minutes ago
kt2fsmx3ccoublyjn6iugwltu               	true 	6.368MB   	21 minutes ago
wr226wbl5ckybkc1nwb77ev1m               	true 	17.3MB    	21 minutes ago
iz1fskbfc0jk02lgb1sqzbx67               	true 	79.61MB   	21 minutes ago
oo2t0rdk6xbemffw13vvi8ipd               	true 	86.05kB   	21 minutes ago
z21de0984s10kamnunz9n86gs               	true 	86.05kB   	21 minutes ago
pc6t2ork210x1n6838bctx4e2               	true 	1.037MB   	21 minutes ago
u9b4tmgnd0valgxj09txd5ztl               	true 	590.8kB   	21 minutes ago
oaqb1ir5mhkrgjgawub43jrqm               	true 	12.32kB   	21 minutes ago
ujjzgtiq47p369acs9zv08y3z               	true 	2.122MB   	21 minutes ago
i4x3ymps8pi5oj5dbtn4qt6rq               	true 	306.7kB   	21 minutes ago
88ci0x0w2i8r31kp7b43d76v5               	true 	12.32kB   	21 minutes ago
9ehb1nldt9dwu0pensm6kf3yw               	true 	8.398MB   	21 minutes ago
uds5n2pd1b3u1wgwwsbyuhg68               	true 	53.49kB   	21 minutes ago
m4g2r3fk9yagidbsgjpphmof8               	true 	7.289MB   	21 minutes ago
denc2sbpw34k77mcy0qbms6ec               	true 	1.534MB   	21 minutes ago
rfq75edjtv6o6811cvpltqp47               	true 	4.498MB   	21 minutes ago
oag49jv9oiurmz11mflxh00uj               	true 	12.32kB   	21 minutes ago
0z1xl4109z538y4wneecf5uqq               	true 	4.903MB   	21 minutes ago
rm7xftpzjjeoazo3dnhp3mru1               	true 	942.1kB   	21 minutes ago
tzo6rjtelucsnrj47mxqvi38x               	true 	283.1kB   	21 minutes ago
mo174s2a2t0g4ar77vgcu6ur1               	true 	75.08MB   	21 minutes ago
tdunzxlo643fj2khb76gbvvcw               	true 	4.124MB   	21 minutes ago
jrj7qkbcpbv67me0wko7srupu               	true 	815.2kB   	21 minutes ago
q0z73bosslhs18048nqvr2vca               	true 	395.6MB   	21 minutes ago
l3elioyz0q2lj91enx31kyvgz               	true 	392.5MB   	21 minutes ago
lpkj9pg87bqmljpbc4cladylm               	true 	147.8MB   	21 minutes ago
obl8ayluu2uslrfy0gbhqpuq1               	true 	33.28kB   	21 minutes ago
yh8gznviasn8e6ldvjex8v33d               	true 	33.27kB   	21 minutes ago
q2ahtpv3ofovee8p40mifbysl               	true 	29.17kB   	21 minutes ago
khgbszsalvr3gb7dw11zfjogy               	true 	59.58MB   	21 minutes ago
z54hbj8ah1ixpijiiokhn8l2b               	true 	446.8MB   	21 minutes ago
y9tluh4yqzebfv3j10mpcshd4               	true 	9.373GB   	21 minutes ago
i4iw2we4gywi0rgztqwy8xfyd               	true 	12.47kB   	21 minutes ago
vp9am9hhn1xhd8v3iaianw45j               	true 	101.2MB   	21 minutes ago
9owsjuiofyov9jus0tcy13r1p               	true 	646.7kB   	21 minutes ago
m75rzs8bl7vkctwxfxca32p2p               	true 	413.8kB   	21 minutes ago
3otteaxx099isf135uvkad05y               	true 	20.65kB   	21 minutes ago
0q75ysssud4oi3i7wh5h76zl2               	true 	389.1kB   	21 minutes ago
uvay1dy97rrsdyzp9qtpq7yj4               	true 	20.83kB   	21 minutes ago
8co8jijc15l31u6ncmeoqeaqp               	true 	29.04kB   	21 minutes ago
psiowldq6dn37xkp4nfwwnhpz               	true 	29kB      	21 minutes ago
tvc2z6ieffdhoi2ay55nn0wz5               	true 	49.32MB   	21 minutes ago
Total:	14GB
