Untagged: sonic-slave-trixie-qiuying.xzc:0e69d80ab15
Deleted: sha256:0b9c4943a886f1685575d8d0fbe7c2954cb67c1d7d51087005fe88e0caece00d
Untagged: sonic-slave-trixie:ca17477b760
Deleted: sha256:6c0d4f6bc4f6471355c0dbbf637f2dbdfd61de6a9f43071c53addf6116ca74e0
ID						RECLAIMABLE	SIZE		LAST ACCESSED
afdk9d96qex5tib4y6rsxuyg1*              	true 		340kB     	31 minutes ago
7zfsbw9ldk3sdmx70gl9ife94*              	true 	8.192kB   	31 minutes ago
i4z539g75gfk7cglk0rdhdswr*              	true 	8.192kB   	31 minutes ago
6i64gss6011xiim4wqpfdjvdr*              	true 	4.096kB   	31 minutes ago
qpw4931aaxffsvht4zndheg57               	true 	17.4kB    	31 minutes ago
wyyj8lbsonrp0ruc9sahypodq               	true 	24.86kB   	31 minutes ago
t3bcjbdobvofkvfq6qcjsg8jf               	true 	24.84kB   	31 minutes ago
ptml2ma589l77fou4dtze2bo0               	true 	29.5kB    	31 minutes ago
f0asocqyl7efdp0gwqh0vwuky               	true 	60.43kB   	31 minutes ago
xnxxmq2q14z2dwz5nnckphdwg               	true 	29.5kB    	31 minutes ago
kg5mydny2ynokqgoigia3j5q0               	true 	8.271kB   	31 minutes ago
nv879okspwzxd3366ghza2ru1               	true 	23.67MB   	31 minutes ago
vnklo47qm6q7du3ivijcfb0za               	true 	162.1kB   	31 minutes ago
hfm19zfyv57096426y2p7ysf0               	true 	36.9kB    	31 minutes ago
ndhdv71wgzbvroffim5rymfc8               	true 	30.01kB   	31 minutes ago
ow59u7yzjk549j79krum701zc               	true 	3.712MB   	31 minutes ago
voawaqvuextu79uepjf8aa24r               	true 	26MB      	31 minutes ago
779q07dz0chn9mpq8rc8lihzk               	true 	238.2MB   	31 minutes ago
27awqa4s70llrvql246p2utie               	true 	1.636GB   	31 minutes ago
esd7xb2qltv77u1qqlo6985e5               	true 	9.916MB   	31 minutes ago
r1hl4az5k3ixqqn5nn3xg8w43               	true 	13.65MB   	31 minutes ago
iyk62o98635nmdiktnxps4tkj               	true 	328.2kB   	31 minutes ago
0otjzszjazkuz2pbf7vdc2a78               	true 	222.7kB   	31 minutes ago
oc50u3k8wa2u304enrmllmhx9               	true 	12.08MB   	31 minutes ago
ocwx21kh18lzvqp9r58rm0emv               	true 	111.7kB   	31 minutes ago
x0whnsvkhsbe4ahqm0ya0p6wa               	true 	25.17kB   	31 minutes ago
qyc7m069n6fq9oqeneikweogj               	true 	626.6MB   	31 minutes ago
olnxz73jcgdbfm5npsaywj5js               	true 	540.3kB   	31 minutes ago
v0e38k886uqxnoivqoeucva8g               	true 	33.09kB   	31 minutes ago
q6tjiw7kizahnw5m08f0ofjhq               	true 	33.07kB   	31 minutes ago
4b8ew0rlwg4c00rcjg5ix1nny               	true 	28.97kB   	31 minutes ago
lrm7b6vuj9pmd230a7xojxtfx               	true 	105.8kB   	31 minutes ago
c81ulntx7qj96q1zbnka6pihm               	true 	13.59MB   	31 minutes ago
ytjm8atrehx0nftirlngl6gzr               	true 	210.8MB   	31 minutes ago
fzoiwcoqp65mnmd5y2bz6eziu               	true 	6.368MB   	31 minutes ago
z72sjgeh0u4tj2qd7bv0bol2t               	true 	17.3MB    	31 minutes ago
cayptxo0z60uuq3mor2zpts49               	true 	79.61MB   	31 minutes ago
228dfrhi9wshd1nf0j80cmylu               	true 	86.05kB   	31 minutes ago
w9dmwgtp9dq4da4ten83ypbqv               	true 	86.05kB   	31 minutes ago
k1vs38rps7x07k7w6nivvf43a               	true 	1.037MB   	31 minutes ago
udybtvu2sn6bokpxx687ygr0w               	true 	590.8kB   	31 minutes ago
dj3oyjns44fk5gd0s63yyzzyr               	true 	12.32kB   	31 minutes ago
trej9r2eigzgh2wtn7x7jrvtq               	true 	2.122MB   	31 minutes ago
u9phhhwkfxybjdajum9gb0p22               	true 	306.7kB   	31 minutes ago
m4ln0fauwyhgdah0g187xyug4               	true 	12.32kB   	31 minutes ago
kj6jgy1fuovj8p1fmgk6rs8z8               	true 	8.398MB   	31 minutes ago
wd32sqrlpsqug147j8hxev4ib               	true 	53.49kB   	31 minutes ago
7aeoohsigmfnxft22vy9otp2b               	true 	7.289MB   	31 minutes ago
hmxm0ims9fb02iyk8h1loqdrd               	true 	1.534MB   	31 minutes ago
hwvrhv64gr4sng70e5mmj2n0m               	true 	4.498MB   	31 minutes ago
utti1d003kgd3r4aitzbcfuv9               	true 	12.32kB   	31 minutes ago
c10gfa3i4tup8dhw28gh0fryv               	true 	4.903MB   	31 minutes ago
55vv6z5ram8ry8qz8rnf01rtd               	true 	942.1kB   	31 minutes ago
mgb1c3bghgo3blyqdr0qidmew               	true 	283.1kB   	31 minutes ago
9dqhzsbacixozbk78ca8t6mvd               	true 	75.08MB   	31 minutes ago
vz3ncasjidg5muafkehl9coei               	true 	4.124MB   	31 minutes ago
s48vc8xogltwib5p8pk67gwh8               	true 	815.2kB   	31 minutes ago
pyzlyzxabu426sloohex86ycf               	true 	395.6MB   	31 minutes ago
iytmbj5hgbbma62qacv51oxf4               	true 	392.5MB   	31 minutes ago
48gqz4auxplbomiljvh3a54ju               	true 	147.8MB   	31 minutes ago
2uqmy8ffo9n6gdse5z7gg7pd5               	true 	33.28kB   	31 minutes ago
qbqz0e4b8w3g17rspyz849ud0               	true 	33.27kB   	31 minutes ago
0ze9htdbd5l8iswrt62mp4ayc               	true 	29.17kB   	31 minutes ago
zhduglxzwgr1rvrhtfrr2c8ba               	true 	59.58MB   	31 minutes ago
r0tw2d8lppcq0ygp7ngif8vj7               	true 	446.8MB   	31 minutes ago
q3vcn8myod2m5udqfxuv7elln               	true 	9.373GB   	31 minutes ago
jtqnokzjxz4tiwhps8mirg0ys               	true 	12.46kB   	31 minutes ago
ykbfyd6axgnfnchuvowitj3xh               	true 	101.2MB   	31 minutes ago
2h41kg79fkycftv94s3av2k37               	true 	646.7kB   	31 minutes ago
ncfmosj1t6jz12cnrjr1eupgh               	true 	413.7kB   	31 minutes ago
ni7iapz56agremrfcpn83e8jw               	true 	20.65kB   	31 minutes ago
ob978km1t0py5u1tskphtne62               	true 	389.1kB   	31 minutes ago
b5x59h0rf2v4ujdxkf4gipgtw               	true 	20.83kB   	31 minutes ago
m7xbkxg6tfmr128j99k4671vm               	true 	29.04kB   	31 minutes ago
bwymtqbpennytwpxznhqf0jyv               	true 	29kB      	31 minutes ago
Total:	13.95GB
