Untagged: sonic-slave-trixie-qiuying.xzc:0e69d80ab15
Deleted: sha256:88e219fd8d4ce32f102d2461f96abb8d814510e082f1c01b0e30040bb593e05f
Untagged: sonic-slave-trixie:ca17477b760
Deleted: sha256:f3f09171875c3e08eb0149056882a14c4a052e967a814e5bd1d13fd1cc96e1bf
ID						RECLAIMABLE	SIZE		LAST ACCESSED
0ofzncb9b3j5tnbe94gdmyulk*              	true 		340kB     	11 minutes ago
wm40hr2v3mcljfjxiyce93bdu               	true 	17.4kB    	10 minutes ago
de2dxrzl3gedlcywpdw3zi6ia*              	true 	4.096kB   	10 minutes ago
nfgxez32t05p6mkqaayjrta2j*              	true 	8.192kB   	10 minutes ago
j5xgag3petq87bbt22iiy05m2*              	true 	8.192kB   	10 minutes ago
1oy0o6ssaxl042iari889hlb8               	true 	24.87kB   	10 minutes ago
wuzhc7omnxhm3pmpzdw4rqvkm               	true 	24.84kB   	10 minutes ago
pxlcqaavne83xd07qrv3p9hed               	true 	29.5kB    	10 minutes ago
yfzoonqakbequffi6drsahpxd               	true 	60.43kB   	10 minutes ago
ivwygghfc2x6fm069hmaxysyl               	true 	29.5kB    	10 minutes ago
c0kafhbwb0d4s31iq1u5ovgk2               	true 	8.271kB   	10 minutes ago
3pra4oi3dw7s3qtekbvhgvf9s               	true 	23.67MB   	10 minutes ago
xtz1ybfhse2amf7vuduz313x2               	true 	162.2kB   	10 minutes ago
y3frnolzagp03tys80nr5596m               	true 	36.9kB    	10 minutes ago
9abghltbyc4ljz8bafce7f3o8               	true 	30.01kB   	10 minutes ago
xwnqflv0gnf96y3fds5mti2gh               	true 	3.712MB   	10 minutes ago
pwwdg0r3mjg628d4hm37bk2iz               	true 	26MB      	10 minutes ago
l0fk6zj65049yqvd6af1jy0wp               	true 	238.3MB   	10 minutes ago
yzlk010t6tl2e2zqd8y18jg4x               	true 	1.636GB   	10 minutes ago
xh8paxt2ivbrosaqb754i5xzh               	true 	9.916MB   	10 minutes ago
s1rz0bwdvdkzdkrd9fz31lfd4               	true 	13.65MB   	10 minutes ago
u84lqf0lwwciu6jk0hqf66vdo               	true 	340.6kB   	10 minutes ago
xs3ytohu01b432m4kod8s1i2q               	true 	222.7kB   	10 minutes ago
qil30kygjukkzwl8rz50ygnvp               	true 	12.08MB   	10 minutes ago
tzrrxl7rjak9n9vekthz3ozf3               	true 	111.7kB   	10 minutes ago
e46rl73rta9d6vvtowg60ybz1               	true 	25.17kB   	10 minutes ago
oldcppl5fawh3tw6lroahpgfq               	true 	626.7MB   	10 minutes ago
wbf416bvssczfvrmchpk0q2im               	true 	545.8kB   	10 minutes ago
ko8esfamkezxabbg341md74lk               	true 	33.08kB   	10 minutes ago
vg2s7zhuqtyqc0dig27zhwzug               	true 	33.07kB   	10 minutes ago
2hz3n42vlgeimg950jfu9jmer               	true 	28.97kB   	10 minutes ago
7512hsbl7kyfw8xwqf4kme45k               	true 	105.8kB   	10 minutes ago
rf5499s79gi270yxzkkjsejos               	true 	13.59MB   	10 minutes ago
mo2gtsf24imhmiomrioui5du9               	true 	210.8MB   	10 minutes ago
1619d9r4ge8dhue430newim6f               	true 	6.368MB   	10 minutes ago
l0hq6wlymshuntufzs34q7taw               	true 	17.3MB    	10 minutes ago
m961c7u032xzxciin5uqzq8br               	true 	79.61MB   	10 minutes ago
zm874jzbar69dzly4lwa0tsro               	true 	86.05kB   	10 minutes ago
kfcgpigef8xjmgu2qsc6omgco               	true 	86.05kB   	10 minutes ago
s6ifszvbci1pd7x6ty5s2vnc2               	true 	1.042MB   	10 minutes ago
zwy5m855dhpxshnccyoc5wt5p               	true 	590.8kB   	10 minutes ago
9b0ixw5obhfe1qd3wge9dy1yv               	true 	12.32kB   	10 minutes ago
exujd1hk4m6tscvwy4gu17174               	true 	2.122MB   	10 minutes ago
excekig33abew00w7b4khtkxl               	true 	306.7kB   	10 minutes ago
l10crirdr9f2nytubw7mjqpvb               	true 	12.32kB   	10 minutes ago
rj72memul2q8bq84jp33w80p6               	true 	8.398MB   	10 minutes ago
amqt65g7wf5frj000tr99y74z               	true 	53.49kB   	10 minutes ago
5q3xh3go2rhyt6trrk9xipz0m               	true 	7.289MB   	10 minutes ago
469dcvgq9oiwc157s8h8mqknk               	true 	1.534MB   	10 minutes ago
5jtiojc34ttcoxd807c447jl3               	true 	4.498MB   	10 minutes ago
gknvg98yoqejc8fqhl7a5k7py               	true 	12.32kB   	10 minutes ago
rrl6e9g5sg4q3e4udeadrpe5b               	true 	4.903MB   	10 minutes ago
f3ju5mk1cuihfbsvc1mb13ttb               	true 	942.1kB   	10 minutes ago
pzsikzz68nmjrio91u2bh5q5d               	true 	283.1kB   	10 minutes ago
zd1ux9mv4lf0qisgvuymrkyhs               	true 	75.08MB   	10 minutes ago
6y8u92r5y8un1cmctpo9x2mai               	true 	4.124MB   	10 minutes ago
l8wsn52husrb98y4oxg5mzpup               	true 	815.2kB   	10 minutes ago
qt1m41u8q6dj6zzq28o7r34sp               	true 	395.6MB   	10 minutes ago
dqkaf6mm1yaavv1w8d6du2ysh               	true 	392.5MB   	10 minutes ago
kurhng1iwzzj7tu3t88y6c8eb               	true 	147.8MB   	10 minutes ago
5z72l6e2j8zgqp4x2ng2w50dl               	true 	33.28kB   	10 minutes ago
ct6r73vtosh34qirit7muk8sx               	true 	33.27kB   	10 minutes ago
vpt7pg5sdmt4g0alihkfbiejh               	true 	29.17kB   	10 minutes ago
00os7qfzufnseuho07gwwhblv               	true 	59.58MB   	10 minutes ago
xjoci5y9wq4ibfnogwnbi9jus               	true 	446.8MB   	10 minutes ago
g7jmdumxv02rp9mzb5le00wp0               	true 	9.373GB   	10 minutes ago
njp4vgb8ruyrl88558uwdwnr4               	true 	12.46kB   	10 minutes ago
f8ezvnkkavnassvt3a2eflgo3               	true 	101.2MB   	10 minutes ago
7kq5hswsn81x8x9oeu15t1fnc               	true 	646.7kB   	10 minutes ago
t30l3hx2wp114fkl8qyauaqpx               	true 	413.7kB   	10 minutes ago
gsupnqhcrmc9pey0blvoomyst               	true 	20.65kB   	10 minutes ago
65qaupioptyr0ybtsitgqdzis               	true 	389.1kB   	10 minutes ago
81ivatdk348kxjgwr564lw022               	true 	20.84kB   	10 minutes ago
uy3upqbq33gg7k9e2ioeo488u               	true 	29.04kB   	10 minutes ago
vu3wv2iuhtwnk9016s5ilfj8w               	true 	29kB      	10 minutes ago
Total:	13.95GB
