Removing .arch
Removing .platform
Removing device/virtual/x86_64-kvm_x86_64-r0/platform_asic
Removing platform/vs/sonic-platform-modules-vs/build/
Removing platform/vs/sonic-platform-modules-vs/sonic_platform.egg-info/
Removing platform/vs/sonic-platform-vs_1.0_amd64.buildinfo
Removing platform/vs/sonic-platform-vs_1.0_amd64.changes
Removing sonic-slave-jessie/Dockerfile
Removing sonic-slave-jessie/Dockerfile.user
Removing sonic-slave-jessie/apt-retries-count
Removing sonic-slave-jessie/buildinfo/
Removing sonic-slave-jessie/files/
Removing sonic-slave-jessie/sources.list.amd64
Removing sonic-slave-jessie/vcache/
Removing sonic-slave-trixie/Dockerfile
Removing sonic-slave-trixie/Dockerfile.cleanup
Removing sonic-slave-trixie/Dockerfile.user
Removing sonic-slave-trixie/apt-retries-count
Removing sonic-slave-trixie/buildinfo/
Removing sonic-slave-trixie/files/
Removing sonic-slave-trixie/sonic-slave-trixie-qiuying.xzc_0e69d80ab15.log
Removing sonic-slave-trixie/sonic-slave-trixie_ca17477b760.log
Removing sonic-slave-trixie/sources.list.amd64
Removing sonic-slave-trixie/vcache/
Removing src/bash/.pc/
Removing src/bash/bash-5.2.37/
Removing src/bash/bash-builtins-dbgsym_5.2.37-2_amd64.deb
Removing src/bash/bash-builtins_5.2.37-2_amd64.deb
Removing src/bash/bash-doc_5.2.37-2_all.deb
Removing src/bash/bash-static-dbgsym_5.2.37-2_amd64.deb
Removing src/bash/bash-static_5.2.37-2_amd64.deb
Removing src/bash/bash_5.2.37-2.debian.tar.xz
Removing src/bash/bash_5.2.37-2.dsc
Removing src/bash/bash_5.2.37-2_amd64.buildinfo
Removing src/bash/bash_5.2.37-2_amd64.changes
Removing src/bash/bash_5.2.37.orig.tar.xz
Removing src/grub2/grub-common-dbgsym_2.06-13+deb13u1_amd64.deb
Removing src/grub2/grub-coreboot-bin_2.06-13+deb13u1_amd64.deb
Removing src/grub2/grub-coreboot-dbg_2.06-13+deb13u1_amd64.deb
Removing src/grub2/grub-coreboot_2.06-13+deb13u1_amd64.deb
Removing src/grub2/grub-efi-amd64-dbg_2.06-13+deb13u1_amd64.deb
Removing src/grub2/grub-efi-amd64-signed-template_2.06-13+deb13u1_amd64.deb
Removing src/grub2/grub-efi-ia32-bin_2.06-13+deb13u1_amd64.deb
Removing src/grub2/grub-efi-ia32-dbg_2.06-13+deb13u1_amd64.deb
Removing src/grub2/grub-efi-ia32_2.06-13+deb13u1_amd64.deb
Removing src/grub2/grub-emu-dbg_2.06-13+deb13u1_amd64.deb
Removing src/grub2/grub-emu-dbgsym_2.06-13+deb13u1_amd64.deb
Removing src/grub2/grub-emu_2.06-13+deb13u1_amd64.deb
Removing src/grub2/grub-ieee1275-bin_2.06-13+deb13u1_amd64.deb
Removing src/grub2/grub-ieee1275-dbg_2.06-13+deb13u1_amd64.deb
Removing src/grub2/grub-ieee1275_2.06-13+deb13u1_amd64.deb
Removing src/grub2/grub-linuxbios_2.06-13+deb13u1_amd64.deb
Removing src/grub2/grub-mount-udeb_2.06-13+deb13u1_amd64.udeb
Removing src/grub2/grub-pc-bin-dbgsym_2.06-13+deb13u1_amd64.deb
Removing src/grub2/grub-pc-dbg_2.06-13+deb13u1_amd64.deb
Removing src/grub2/grub-pc_2.06-13+deb13u1_amd64.deb
Removing src/grub2/grub-rescue-pc_2.06-13+deb13u1_amd64.deb
Removing src/grub2/grub-theme-starfield_2.06-13+deb13u1_amd64.deb
Removing src/grub2/grub-xen-bin_2.06-13+deb13u1_amd64.deb
Removing src/grub2/grub-xen-dbg_2.06-13+deb13u1_amd64.deb
Removing src/grub2/grub-xen-host_2.06-13+deb13u1_amd64.deb
Removing src/grub2/grub-xen_2.06-13+deb13u1_amd64.deb
Removing src/grub2/grub2-common-dbgsym_2.06-13+deb13u1_amd64.deb
Removing src/grub2/grub2_2.06-13+deb13u1_amd64.buildinfo
Removing src/grub2/grub2_2.06-13+deb13u1_amd64.changes
Removing src/grub2/grub2_2.06-13+deb13u1_amd64.deb
Removing src/ifupdown2/3.0.0-1.tar.gz
Removing src/ifupdown2/ifupdown2_3.0.0-1_amd64.buildinfo
Removing src/ifupdown2/ifupdown2_3.0.0-1_amd64.changes
Removing src/initramfs-tools/initramfs-tools/
Removing src/initramfs-tools/initramfs-tools_0.142_amd64.buildinfo
Removing src/initramfs-tools/initramfs-tools_0.142_amd64.changes
Removing src/iproute2/iproute2_6.15.0-1+sonic.0_amd64.buildinfo
Removing src/iproute2/iproute2_6.15.0-1+sonic.0_amd64.changes
Removing src/iproute2/iproute2_6.15.0-1.debian.tar.xz
Removing src/iproute2/iproute2_6.15.0-1.dsc
Removing src/iproute2/iproute2_6.15.0.orig.tar.xz
Removing src/kdump-tools/kdump-tools_1.10.7.dsc
Removing src/kdump-tools/kdump-tools_1.10.7.tar.xz
Removing src/kdump-tools/kdump-tools_1.10.7_amd64.buildinfo
Removing src/kdump-tools/kdump-tools_1.10.7_amd64.changes
Removing src/libnl3/libnl-idiag-3-200-dbgsym_3.7.0-0.2+b1sonic1_amd64.deb
Removing src/libnl3/libnl-idiag-3-200_3.7.0-0.2+b1sonic1_amd64.deb
Removing src/libnl3/libnl-idiag-3-dev_3.7.0-0.2+b1sonic1_amd64.deb
Removing src/libnl3/libnl-utils-dbgsym_3.7.0-0.2+b1sonic1_amd64.deb
Removing src/libnl3/libnl-utils_3.7.0-0.2+b1sonic1_amd64.deb
Removing src/libnl3/libnl-xfrm-3-200-dbgsym_3.7.0-0.2+b1sonic1_amd64.deb
Removing src/libnl3/libnl-xfrm-3-200_3.7.0-0.2+b1sonic1_amd64.deb
Removing src/libnl3/libnl-xfrm-3-dev_3.7.0-0.2+b1sonic1_amd64.deb
Removing src/libnl3/libnl3_3.7.0-0.2+b1sonic1_amd64.buildinfo
Removing src/libnl3/libnl3_3.7.0-0.2+b1sonic1_amd64.changes
Removing src/libnl3/libnl3_3.7.0-0.2.debian.tar.xz
Removing src/libnl3/libnl3_3.7.0-0.2.dsc
Removing src/libnl3/libnl3_3.7.0.orig.tar.gz
Removing src/libnl3/libnl3_3.7.0.orig.tar.gz.asc
Removing src/libyang3/libyang-3.12.2/
Removing src/libyang3/libyang_3.12.2-1.debian.tar.xz
Removing src/libyang3/libyang_3.12.2-1.dsc
Removing src/libyang3/libyang_3.12.2-1_amd64.buildinfo
Removing src/libyang3/libyang_3.12.2-1_amd64.changes
Removing src/libyang3/libyang_3.12.2.orig.tar.xz
Removing src/makedumpfile/makedumpfile-dbgsym_1.7.7-1_amd64.deb
Removing src/makedumpfile/makedumpfile_1.7.7-1.debian.tar.xz
Removing src/makedumpfile/makedumpfile_1.7.7-1.dsc
Removing src/makedumpfile/makedumpfile_1.7.7-1_amd64.buildinfo
Removing src/makedumpfile/makedumpfile_1.7.7-1_amd64.changes
Removing src/makedumpfile/makedumpfile_1.7.7.orig.tar.gz
Removing src/monit/monit_5.34.3-1_amd64.buildinfo
Removing src/monit/monit_5.34.3-1_amd64.changes
Removing src/radius/nss/libnss-radius/cache_radius
Removing src/radius/nss/libnss-radius/debian/
Removing src/radius/nss/libnss-radius/libnss_radius.so.2
Removing src/radius/nss/libnss-radius/patches/
Removing src/radius/nss/libnss-radius_1.0.1-1_amd64.buildinfo
Removing src/radius/nss/libnss-radius_1.0.1-1_amd64.changes
Removing src/radius/pam/libpam-radius-auth_1.4.1-1_amd64.buildinfo
Removing src/radius/pam/libpam-radius-auth_1.4.1-1_amd64.changes
Removing src/socat/socat-1.7.4.1/
Removing src/socat/socat_1.7.4.1-3.debian.tar.xz
Removing src/socat/socat_1.7.4.1-3.dsc
Removing src/socat/socat_1.7.4.1-3_amd64.buildinfo
Removing src/socat/socat_1.7.4.1-3_amd64.changes
Removing src/socat/socat_1.7.4.1.orig.tar.gz
Removing src/sonic-build-hooks/buildinfo/
Removing src/sonic-build-hooks/tmp/
Removing src/sonic-device-data/sonic-device-data_1.0-1_amd64.buildinfo
Removing src/sonic-device-data/sonic-device-data_1.0-1_amd64.changes
Removing src/sonic-device-data/src/debian/.debhelper/
Removing src/sonic-device-data/src/debian/files
Removing src/sonic-device-data/src/debian/sonic-device-data.debhelper.log
Removing src/sonic-device-data/src/debian/sonic-device-data.substvars
Removing src/sonic-device-data/src/debian/sonic-device-data/
Removing src/sonic-device-data/src/device/
Removing src/sonic-nettools_0.0.1-0_amd64.buildinfo
Removing src/sonic-nettools_0.0.1-0_amd64.changes
Removing src/systemd-sonic-generator_1.0.0_amd64.buildinfo
Removing src/systemd-sonic-generator_1.0.0_amd64.changes
Removing src/tacacs/pam/libpam-tacplus_1.4.1-1_amd64.buildinfo
Removing src/tacacs/pam/libpam-tacplus_1.4.1-1_amd64.changes
Removing src/tacacs/pam/libtac2-bin-dbgsym_1.4.1-1_amd64.deb
Removing src/tacacs/pam/libtac2-bin_1.4.1-1_amd64.deb
