+++ --- Making target/sonic-vs.bin --- +++
./scripts/run_with_retry make BLDENV=trixie -f Makefile.work target/sonic-vs.bin
make[1]: Entering directory '/data/sonic/sonic-dzf-time-measure'
sudo: A terminal is required to authenticate
"SECURE_UPGRADE_PROD_SIGNING_TOOL": ""
/data/sonic/sonic-dzf-time-measure/src/sonic-build-hooks /data/sonic/sonic-dzf-time-measure
make[2]: Entering directory '/data/sonic/sonic-dzf-time-measure/src/sonic-build-hooks'
dpkg-deb: warning: root directory tmp/sonic-build-hooks has unusual owner or group 17388989:983
dpkg-deb: hint: you might need to pass --root-owner-group, see <https://wiki.debian.org/Teams/Dpkg/RootlessBuilds> for further details
dpkg-deb: warning: ignoring 1 warning about the control file(s)
dpkg-deb: building package 'sonic-build-hooks' in 'buildinfo/sonic-build-hooks_1.0_all.deb'.
make[2]: Leaving directory '/data/sonic/sonic-dzf-time-measure/src/sonic-build-hooks'
/data/sonic/sonic-dzf-time-measure
Checking sonic-slave-base image: sonic-slave-trixie:ca17477b760
Checking sonic-slave-user image: sonic-slave-trixie-qiuying.xzc:0e69d80ab15
SONiC Build System

Build Configuration
"CONFIGURED_PLATFORM"             : "vs"
"CONFIGURED_ARCH"                 : "amd64"
"SONIC_CONFIG_PRINT_DEPENDENCIES" : ""
"SONIC_BUILD_JOBS"                : "8"
"SONIC_CONFIG_MAKE_JOBS"          : "192"
"USE_NATIVE_DOCKERD_FOR_BUILD"    : ""
"USE_DOCKER_CACHE"               : ""
"SONIC_CONFIG_USE_CCACHE"         : "n"
"USERNAME"                        : "admin"
"PASSWORD"                        : "YourPaSsWoRd"
"CHANGE_DEFAULT_PASSWORD"         : "n"
"SECURE_UPGRADE_MODE"             : "no_sign"
"SECURE_UPGRADE_DEV_SIGNING_KEY"  : ""
"SECURE_UPGRADE_SIGNING_CERT"     : ""
"SECURE_UPGRADE_KERNEL_CAFILE"    : ""
"SECURE_UPGRADE_PROD_SIGNING_TOOL": ""
"SECURE_UPGRADE_PROD_TOOL_ARGS"   : ""
"ONIE_IMAGE_PART_SIZE"            : ""
"SHUTDOWN_BGP_ON_START"           : ""
"ENABLE_PFCWD_ON_START"           : ""
"SONIC_BUFFER_MODEL"              : ""
"INSTALL_DEBUG_TOOLS"             : ""
"ROUTING_STACK"                   : "frr"
"FRR_USER_UID"                    : "300"
"FRR_USER_GID"                    : "300"
"ENABLE_FRR_TCMALLOC"             : "y"
"ENABLE_SYNCD_RPC"                : ""
"SAITHRIFT_V2"                    : ""
"ENABLE_ORGANIZATION_EXTENSIONS"  : "y"
"HTTP_PROXY"                      : "http://11.161.18.240:3128"
"HTTPS_PROXY"                     : "http://11.161.18.240:3128"
"NO_PROXY"                        : ""
"ENABLE_ZTP"                      : ""
"INCLUDE_PDE"                     : ""
"SONIC_DEBUGGING_ON"              : ""
"SONIC_PROFILING_ON"              : ""
"KERNEL_PROCURE_METHOD"           : "build"
"BUILD_TIMESTAMP"                 : "20260905.201041"
"BUILD_LOG_TIMESTAMP"             : "none"
"SONIC_IMAGE_VERSION"             : "master.0-dirty-20260905.201041"
"BLDENV"                          : "trixie"
"VS_PREPARE_MEM"                  : "yes"
"INCLUDE_MGMT_FRAMEWORK"          : "y"
"INCLUDE_ICCPD"                   : "n"
"INCLUDE_STP"                     : ""
"INCLUDE_SYSTEM_TELEMETRY"        : "n"
"INCLUDE_SYSTEM_GNMI"             : "y"
"INCLUDE_SYSTEM_BMP"              : "y"
"INCLUDE_SYSTEM_OTEL"             : "y"
"INCLUDE_SYSTEM_EVENTD"           : "y"
"ENABLE_HOST_SERVICE_ON_START"    : "y"
"INCLUDE_RESTAPI"                 : "n"
"INCLUDE_SFLOW"                   : "y"
"INCLUDE_NAT"                     : "y"
"INCLUDE_DHCP_RELAY"              : "y"
"INCLUDE_DHCP_SERVER"             : "n"
"INCLUDE_P4RT"                    : "n"
"INCLUDE_VS_DASH_SAI"             : "y"
"INCLUDE_KUBERNETES"              : "n"
"INCLUDE_KUBERNETES_MASTER"       : "n"
"INCLUDE_MACSEC"                  : "y"
"INCLUDE_MUX"                     : "y"
"INCLUDE_TEAMD"                   : "y"
"INCLUDE_DASH_HA"                 : "y"
"INCLUDE_ROUTER_ADVERTISER"       : "y"
"INCLUDE_SNMP"                    : "y"
"INCLUDE_LLDP"                    : "y"
"INCLUDE_BOOTCHART                : "y"
"ENABLE_BOOTCHART                 : "n"
"INCLUDE_FIPS"                    : "y"
"ENABLE_TRANSLIB_WRITE"           : ""
"ENABLE_NATIVE_WRITE"             : "y"
"ENABLE_DIALOUT"                  : ""
"ENABLE_AUTO_TECH_SUPPORT"        : "y"
"PDDF_SUPPORT"                    : "y"
"MULTIARCH_QEMU_ENVIRON"          : "n"
"SONIC_VERSION_CONTROL_COMPONENTS": "py2,py3,web,git,docker"
"ENABLE_ASAN"                     : "n"
"DEFAULT_CONTAINER_REGISTRY"      : "publicmirror.azurecr.io/"
"BUILD_MULTIASIC_KVM"             : "n"
"CROSS_BUILD_ENVIRON"             : "n"
"INCLUDE_EXTERNAL_PATCHES"        : "n"
"PTF_ENV_PY_VER"                  : "py3"
"ENABLE_MULTIDB"                  : ""
"ENABLE_SBOM"                     : "n"
"SBOM_FORMAT"                     : "both"
"SBOM_SCAN_TOOL"                  : "syft"
"SBOM_INCLUDE_LICENSES"           : "y"
"SBOM_STRICT"                     : "y"

"SONIC_DPKG_CACHE_METHOD"         : "none"

[ building ] [ target/debs/trixie/systemd-sonic-generator_1.0.0_amd64.deb ] 
[ building ] [ target/debs/trixie/sonic-platform-vs_1.0_amd64.deb ] 
[ building ] [ target/debs/trixie/initramfs-tools_0.142_all.deb ] 
[ building ] [ target/debs/trixie/linux-headers-6.12.41+deb13-common-sonic_6.12.41-1_all.deb ] 
[ building ] [ target/debs/trixie/sonic-device-data_1.0-1_all.deb ] 
[ finished ] [ target/debs/trixie/linux-headers-6.12.41+deb13-common-sonic_6.12.41-1_all.deb ] 
[ FAIL LOG START ] [ target/debs/trixie/linux-headers-6.12.41+deb13-common-sonic_6.12.41-1_all.deb ]
Build start time: Sat Sep 5 12:10:52 UTC 2026
[ REASON ] :      target/debs/trixie/linux-headers-6.12.41+deb13-common-sonic_6.12.41-1_all.deb does not exist  
[ FLAGS  FILE    ] : [] 
[ FLAGS  DEPENDS ] : [] 
[ FLAGS  DIFF    ] : [] 
make[1]: Entering directory '/sonic/src/sonic-linux-kernel'
make[1]: warning: -j192 forced in submake: resetting jobserver mode.
# Include any non upstream patches
rm -rf /tmp/non_upstream_patches
mkdir -p /tmp/non_upstream_patches
if [ xn == xy ]; then
if [ ! -z  ]; then
wget  -O patches.tar
tar -xf patches.tar -C /tmp/non_upstream_patches
else
if [ -d "" ]; then
cp -r /* /tmp/non_upstream_patches/
fi
fi
fi
if [ -f "/tmp/non_upstream_patches/external-changes.patch" ]; then
cat /tmp/non_upstream_patches/external-changes.patch
git stash -- patch/
git apply /tmp/non_upstream_patches/external-changes.patch
fi
if [ -d "/tmp/non_upstream_patches/patches" ]; then
echo "Copy the non upstream patches"
cp /tmp/non_upstream_patches/patches/*.patch patch/
fi
# Obtaining the Debian kernel source
rm -rf linux-6.12.41
wget -O linux_6.12.41-1.dsc "https://packages.trafficmanager.net/public/debian-security/pool/updates/main/l/linux/linux_6.12.41-1.dsc"
wget -O linux_6.12.41.orig.tar.xz "https://packages.trafficmanager.net/public/debian-security/pool/updates/main/l/linux/linux_6.12.41.orig.tar.xz"
wget -O linux_6.12.41-1.debian.tar.xz "https://packages.trafficmanager.net/public/debian-security/pool/updates/main/l/linux/linux_6.12.41-1.debian.tar.xz"
dpkg-source -x linux_6.12.41-1.dsc
pushd linux-6.12.41
cp -vr ../config.local ../patches-sonic debian/
if [[ -f debian/config.local/amd64/config.sonic-vs ]]; then
cp debian/config.local/amd64/config.sonic-vs debian/config.local/amd64/config.sonic-platform-specific
fi
patch -p1 -i ../patches-debian/disable-secureboot-config-checks.patch
# Enable secure boot configs if needed
../manage-config amd64 no_sign 
# re-generate debian packages and rules with SONiC customizations
debian/bin/gencontrol.py
# TODO(trixie): Make a way to verify that our configs are being set
dpkg-buildpackage -b -us -uc -Pnodoc -j192
popd
mv linux-headers-6.12.41+deb13-sonic-amd64_6.12.41-1_amd64.deb linux-image-6.12.41+deb13-sonic-amd64-unsigned_6.12.41-1_amd64.deb linux-kbuild-6.12.41+deb13_6.12.41-1_amd64.deb linux-headers-6.12.41+deb13-common-sonic_6.12.41-1_all.deb /sonic/target/debs/trixie/
+ rm -rf /tmp/non_upstream_patches
+ mkdir -p /tmp/non_upstream_patches
+ '[' xn == xy ']'
+ '[' -f /tmp/non_upstream_patches/external-changes.patch ']'
+ '[' -d /tmp/non_upstream_patches/patches ']'
+ rm -rf linux-6.12.41
+ wget -O linux_6.12.41-1.dsc https://packages.trafficmanager.net/public/debian-security/pool/updates/main/l/linux/linux_6.12.41-1.dsc
+ wget -O linux_6.12.41.orig.tar.xz https://packages.trafficmanager.net/public/debian-security/pool/updates/main/l/linux/linux_6.12.41.orig.tar.xz
+ wget -O linux_6.12.41-1.debian.tar.xz https://packages.trafficmanager.net/public/debian-security/pool/updates/main/l/linux/linux_6.12.41-1.debian.tar.xz
+ dpkg-source -x linux_6.12.41-1.dsc
dpkg-source: error: missing critical source control field Source
make[1]: *** [Makefile:50: /sonic/target/debs/trixie/linux-headers-6.12.41+deb13-common-sonic_6.12.41-1_all.deb] Error 25
make[1]: Leaving directory '/sonic/src/sonic-linux-kernel'
[  FAIL LOG END  ] [ target/debs/trixie/linux-headers-6.12.41+deb13-common-sonic_6.12.41-1_all.deb ]
make: *** [slave.mk:919: target/debs/trixie/linux-headers-6.12.41+deb13-common-sonic_6.12.41-1_all.deb] Error 1
make: *** Waiting for unfinished jobs....
[ finished ] [ target/debs/trixie/initramfs-tools_0.142_all.deb ] 
[ FAIL LOG START ] [ target/debs/trixie/initramfs-tools_0.142_all.deb ]
Build start time: Sat Sep 5 12:10:52 UTC 2026
[ REASON ] :      target/debs/trixie/initramfs-tools_0.142_all.deb does not exist  
[ FLAGS  FILE    ] : [] 
[ FLAGS  DEPENDS ] : [] 
[ FLAGS  DIFF    ] : [] 
make[1]: Entering directory '/sonic/src/initramfs-tools'
make[1]: warning: -j192 forced in submake: resetting jobserver mode.
# Obtaining the initramfs-tools from pinned tarball
rm -rf ./initramfs-tools
wget -q -O initramfs-tools.tar.gz "https://salsa.debian.org/kernel-team/initramfs-tools/-/archive/v0.142/initramfs-tools-v0.142.tar.gz"
echo "27a78cc25acc3ca3d9c78deca165bf001b09b260ce25a3f3756e47a0e7bc0554  initramfs-tools.tar.gz" | sha256sum -c -
tar xzf initramfs-tools.tar.gz
mv initramfs-tools-v0.142 initramfs-tools
rm -f initramfs-tools.tar.gz
# Patch
pushd ./initramfs-tools
QUILT_PATCHES=.. quilt push -a
# Build the package
rm -f debian/*.debhelper.log
dpkg-buildpackage -rfakeroot -b -us -uc -j192 --admindir /sonic/dpkg/tmp.tXLHRWTwix
popd
mv initramfs-tools-core_0.142_all.deb initramfs-tools_0.142_all.deb /sonic/target/debs/trixie/
mkdir: cannot create directory '/vcache/sonic-slave-trixie/web': Permission denied
touch: cannot touch '/vcache/sonic-slave-trixie/web.flock': Permission denied
/usr/local/share/buildinfo/scripts/utils.sh: line 17: /vcache/sonic-slave-trixie/web.flock: Permission denied
flock: bad file descriptor: ''
ERROR: Lock timeout trying to access /vcache/sonic-slave-trixie/web.flock
make[1]: *** [Makefile:15: /sonic/target/debs/trixie/initramfs-tools_0.142_all.deb] Error 1
make[1]: Leaving directory '/sonic/src/initramfs-tools'
[  FAIL LOG END  ] [ target/debs/trixie/initramfs-tools_0.142_all.deb ]
make: *** [slave.mk:919: target/debs/trixie/initramfs-tools_0.142_all.deb] Error 1
[ finished ] [ target/debs/trixie/sonic-platform-vs_1.0_amd64.deb ] 
[ finished ] [ target/debs/trixie/systemd-sonic-generator_1.0.0_amd64.deb ] 
[ finished ] [ target/debs/trixie/sonic-device-data_1.0-1_all.deb ] 
make[1]: *** [Makefile.work:751: target/sonic-vs.bin] Error 2
make[1]: Leaving directory '/data/sonic/sonic-dzf-time-measure'
make: *** [Makefile:50: target/sonic-vs.bin] Error 2
