+++ --- Making target/sonic-vs.bin__vs__rfs.squashfs --- +++
./scripts/run_with_retry make BLDENV=trixie -f Makefile.work target/sonic-vs.bin__vs__rfs.squashfs
make[1]: Entering directory '/data/sonic/sonic-dzf-time-measure'
sudo: A terminal is required to authenticate
"SECURE_UPGRADE_PROD_SIGNING_TOOL": ""
/data/sonic/sonic-dzf-time-measure/src/sonic-build-hooks /data/sonic/sonic-dzf-time-measure
make[2]: Entering directory '/data/sonic/sonic-dzf-time-measure/src/sonic-build-hooks'
dpkg-deb: warning: root directory tmp/sonic-build-hooks has unusual owner or group 17388989:983
dpkg-deb: hint: you might need to pass --root-owner-group, see <https://wiki.debian.org/Teams/Dpkg/RootlessBuilds> for further details
dpkg-deb: warning: ignoring 1 warning about the control file(s)
dpkg-deb: building package 'sonic-build-hooks' in 'buildinfo/sonic-build-hooks_1.0_all.deb'.
make[2]: Leaving directory '/data/sonic/sonic-dzf-time-measure/src/sonic-build-hooks'
/data/sonic/sonic-dzf-time-measure
Checking sonic-slave-base image: sonic-slave-trixie:ca17477b760
Checking sonic-slave-user image: sonic-slave-trixie-qiuying.xzc:0e69d80ab15
SONiC Build System

Build Configuration
"CONFIGURED_PLATFORM"             : "vs"
"CONFIGURED_ARCH"                 : "amd64"
"SONIC_CONFIG_PRINT_DEPENDENCIES" : ""
"SONIC_BUILD_JOBS"                : "8"
"SONIC_CONFIG_MAKE_JOBS"          : "192"
"USE_NATIVE_DOCKERD_FOR_BUILD"    : ""
"USE_DOCKER_CACHE"               : ""
"SONIC_CONFIG_USE_CCACHE"         : "n"
"USERNAME"                        : "admin"
"PASSWORD"                        : "YourPaSsWoRd"
"CHANGE_DEFAULT_PASSWORD"         : "n"
"SECURE_UPGRADE_MODE"             : "no_sign"
"SECURE_UPGRADE_DEV_SIGNING_KEY"  : ""
"SECURE_UPGRADE_SIGNING_CERT"     : ""
"SECURE_UPGRADE_KERNEL_CAFILE"    : ""
"SECURE_UPGRADE_PROD_SIGNING_TOOL": ""
"SECURE_UPGRADE_PROD_TOOL_ARGS"   : ""
"ONIE_IMAGE_PART_SIZE"            : ""
"SHUTDOWN_BGP_ON_START"           : ""
"ENABLE_PFCWD_ON_START"           : ""
"SONIC_BUFFER_MODEL"              : ""
"INSTALL_DEBUG_TOOLS"             : ""
"ROUTING_STACK"                   : "frr"
"FRR_USER_UID"                    : "300"
"FRR_USER_GID"                    : "300"
"ENABLE_FRR_TCMALLOC"             : "y"
"ENABLE_SYNCD_RPC"                : ""
"SAITHRIFT_V2"                    : ""
"ENABLE_ORGANIZATION_EXTENSIONS"  : "y"
"HTTP_PROXY"                      : "http://127.0.0.1:9"
"HTTPS_PROXY"                     : "http://127.0.0.1:9"
"NO_PROXY"                        : "localhost,127.0.0.1,0.0.0.0"
"ENABLE_ZTP"                      : ""
"INCLUDE_PDE"                     : ""
"SONIC_DEBUGGING_ON"              : ""
"SONIC_PROFILING_ON"              : ""
"KERNEL_PROCURE_METHOD"           : "build"
"BUILD_TIMESTAMP"                 : "20260906.074431"
"BUILD_LOG_TIMESTAMP"             : "none"
"SONIC_IMAGE_VERSION"             : "master.0-dirty-20260906.074431"
"BLDENV"                          : "trixie"
"VS_PREPARE_MEM"                  : "yes"
"INCLUDE_MGMT_FRAMEWORK"          : "y"
"INCLUDE_ICCPD"                   : "n"
"INCLUDE_STP"                     : ""
"INCLUDE_SYSTEM_TELEMETRY"        : "n"
"INCLUDE_SYSTEM_GNMI"             : "y"
"INCLUDE_SYSTEM_BMP"              : "y"
"INCLUDE_SYSTEM_OTEL"             : "y"
"INCLUDE_SYSTEM_EVENTD"           : "y"
"ENABLE_HOST_SERVICE_ON_START"    : "y"
"INCLUDE_RESTAPI"                 : "n"
"INCLUDE_SFLOW"                   : "y"
"INCLUDE_NAT"                     : "y"
"INCLUDE_DHCP_RELAY"              : "y"
"INCLUDE_DHCP_SERVER"             : "n"
"INCLUDE_P4RT"                    : "n"
"INCLUDE_VS_DASH_SAI"             : "y"
"INCLUDE_KUBERNETES"              : "n"
"INCLUDE_KUBERNETES_MASTER"       : "n"
"INCLUDE_MACSEC"                  : "y"
"INCLUDE_MUX"                     : "y"
"INCLUDE_TEAMD"                   : "y"
"INCLUDE_DASH_HA"                 : "y"
"INCLUDE_ROUTER_ADVERTISER"       : "y"
"INCLUDE_SNMP"                    : "y"
"INCLUDE_LLDP"                    : "y"
"INCLUDE_BOOTCHART                : "y"
"ENABLE_BOOTCHART                 : "n"
"INCLUDE_FIPS"                    : "y"
"ENABLE_TRANSLIB_WRITE"           : ""
"ENABLE_NATIVE_WRITE"             : "y"
"ENABLE_DIALOUT"                  : ""
"ENABLE_AUTO_TECH_SUPPORT"        : "y"
"PDDF_SUPPORT"                    : "y"
"MULTIARCH_QEMU_ENVIRON"          : "n"
"SONIC_VERSION_CONTROL_COMPONENTS": "py2,py3,web,git,docker"
"ENABLE_ASAN"                     : "n"
"DEFAULT_CONTAINER_REGISTRY"      : "publicmirror.azurecr.io/"
"BUILD_MULTIASIC_KVM"             : "n"
"CROSS_BUILD_ENVIRON"             : "n"
"INCLUDE_EXTERNAL_PATCHES"        : "n"
"PTF_ENV_PY_VER"                  : "py3"
"ENABLE_MULTIDB"                  : ""
"ENABLE_SBOM"                     : "n"
"SBOM_FORMAT"                     : "both"
"SBOM_SCAN_TOOL"                  : "syft"
"SBOM_INCLUDE_LICENSES"           : "y"
"SBOM_STRICT"                     : "y"

"SONIC_DPKG_CACHE_METHOD"         : "none"

[ building ] [ target/sonic-vs.bin__vs__rfs.squashfs ] 
[ finished ] [ target/sonic-vs.bin__vs__rfs.squashfs ] 
[ FAIL LOG START ] [ target/sonic-vs.bin__vs__rfs.squashfs ]
Build start time: Sat Sep 5 23:44:43 UTC 2026
++ '[' -f .arch ']'
++ cat .arch
+ CONFIGURED_ARCH=amd64
+ DOCKER_VERSION=5:28.5.2-1~debian.13~trixie
+ CONTAINERD_IO_VERSION=1.7.28-2~debian.13~trixie
+ LINUX_KERNEL_VERSION=6.12.41+deb13
+ FILESYSTEM_ROOT=./fsroot
+ PLATFORM_DIR=platform
+ HOSTNAME=sonic
+ DEFAULT_USERINFO='Default admin user,,,'
+ BUILD_TOOL_PATH=src/sonic-build-hooks/buildinfo
+ TRUSTED_GPG_DIR=src/sonic-build-hooks/buildinfo/trusted.gpg.d
+ . ./onie-image.conf
++ : 32768
++ : x86_64
++ : vs
++ ONIEIMAGE_VERSION=r0
++ FILESYSTEM_ROOT=./fsroot-vs
++ FILESYSTEM_SQUASHFS=fs.squashfs
++ INSTALLER_PAYLOAD=fs.zip
++ FILESYSTEM_DOCKERFS=dockerfs.tar.gz
++ DOCKERFS_DIR=docker
++ DOCKER_RAMFS_SIZE=3500M
++ OUTPUT_ONIE_IMAGE=target/sonic-vs.bin
++ OUTPUT_RAW_IMAGE=target/sonic-vs.raw
++ RAW_IMAGE_DISK_SIZE=1700
++ OUTPUT_KVM_IMAGE=target/sonic-vs.img
++ KVM_IMAGE_DISK_SIZE=16
++ OUTPUT_ABOOT_IMAGE=target/sonic-aboot-vs.swi
++ ABOOT_BOOT_IMAGE=.sonic-boot.swi
++ OUTPUT_KVM_4ASIC_IMAGE=target/sonic-4asic-vs.img
++ OUTPUT_KVM_6ASIC_IMAGE=target/sonic-6asic-vs.img
++ OUTPUT_DSC_IMAGE=target/sonic-vs.tar
+ '[' -n 32768 ']'
+ '[' -n fs.zip ']'
+ '[' -n fs.squashfs ']'
+ '[' onie = aboot ']'
+ [[ n != y ]]
+ [[ -d ./fsroot-vs ]]
+ mkdir -p ./fsroot-vs
+ mkdir -p ./fsroot-vs/platform
+ touch ./fsroot-vs/platform/firsttime
+ bootloader_packages=
+ '[' grub '!=' aboot ']'
+ mkdir -p ./fsroot-vs/platform/grub
+ bootloader_packages=grub2-common
+ sudo mount proc /proc -t proc
+ echo '[INFO] Build host debian base system...'
[INFO] Build host debian base system...
+ TARGET_PATH=target
+ scripts/build_debian_base_system.sh amd64 trixie ./fsroot-vs http://127.0.0.1:9
I: Target architecture can be executed
I: Chosen extractor for .deb packages: dpkg-deb
I: Extracting apt...
I: Extracting base-files...
I: Extracting base-passwd...
I: Extracting bash...
I: Extracting bsdutils...
I: Extracting coreutils...
I: Extracting dash...
I: Extracting debconf...
I: Extracting debian-archive-keyring...
I: Extracting debianutils...
I: Extracting diffutils...
I: Extracting dpkg...
I: Extracting findutils...
I: Extracting gcc-14-base...
I: Extracting grep...
I: Extracting gzip...
I: Extracting hostname...
I: Extracting init-system-helpers...
I: Extracting libacl1...
I: Extracting libapt-pkg7.0...
I: Extracting libattr1...
I: Extracting libaudit-common...
I: Extracting libaudit1...
I: Extracting libblkid1...
I: Extracting libbsd0...
I: Extracting libbz2-1.0...
I: Extracting libc-bin...
I: Extracting libc6...
I: Extracting libcap-ng0...
I: Extracting libcap2...
I: Extracting libcrypt1...
I: Extracting libdb5.3t64...
I: Extracting libdebconfclient0...
I: Extracting libgcc-s1...
I: Extracting libgmp10...
I: Extracting libhogweed6t64...
I: Extracting liblastlog2-2...
I: Extracting liblz4-1...
I: Extracting liblzma5...
I: Extracting libmd0...
I: Extracting libmount1...
I: Extracting libnettle8t64...
I: Extracting libpam-modules...
I: Extracting libpam-modules-bin...
I: Extracting libpam-runtime...
I: Extracting libpam0g...
I: Extracting libpcre2-8-0...
I: Extracting libseccomp2...
I: Extracting libselinux1...
I: Extracting libsemanage-common...
I: Extracting libsemanage2...
I: Extracting libsepol2...
I: Extracting libsmartcols1...
I: Extracting libsqlite3-0...
I: Extracting libssl3t64...
I: Extracting libstdc++6...
I: Extracting libsystemd0...
I: Extracting libtinfo6...
I: Extracting libudev1...
I: Extracting libuuid1...
I: Extracting libxxhash0...
I: Extracting libzstd1...
I: Extracting login...
I: Extracting login.defs...
I: Extracting mawk...
I: Extracting mount...
I: Extracting ncurses-base...
I: Extracting ncurses-bin...
I: Extracting openssl-provider-legacy...
I: Extracting passwd...
I: Extracting perl-base...
I: Extracting sed...
I: Extracting sqv...
I: Extracting sysvinit-utils...
I: Extracting tar...
I: Extracting tzdata...
I: Extracting util-linux...
I: Extracting zlib1g...
I: Installing core packages...
I: Unpacking required packages...
I: Unpacking apt...
I: Unpacking base-files...
I: Unpacking base-passwd...
I: Unpacking bash...
I: Unpacking bsdutils...
I: Unpacking coreutils...
I: Unpacking dash...
I: Unpacking debconf...
I: Unpacking debian-archive-keyring...
I: Unpacking debianutils...
I: Unpacking diffutils...
I: Unpacking dpkg...
I: Unpacking findutils...
I: Unpacking gcc-14-base:amd64...
I: Unpacking grep...
I: Unpacking gzip...
I: Unpacking hostname...
I: Unpacking init-system-helpers...
I: Unpacking libacl1:amd64...
I: Unpacking libapt-pkg7.0:amd64...
I: Unpacking libattr1:amd64...
I: Unpacking libaudit-common...
I: Unpacking libaudit1:amd64...
I: Unpacking libblkid1:amd64...
I: Unpacking libbsd0:amd64...
I: Unpacking libbz2-1.0:amd64...
I: Unpacking libc-bin...
I: Unpacking libc6:amd64...
I: Unpacking libcap-ng0:amd64...
I: Unpacking libcap2:amd64...
I: Unpacking libcrypt1:amd64...
I: Unpacking libdb5.3t64:amd64...
I: Unpacking libdebconfclient0:amd64...
I: Unpacking libgcc-s1:amd64...
I: Unpacking libgmp10:amd64...
I: Unpacking libhogweed6t64:amd64...
I: Unpacking liblastlog2-2:amd64...
I: Unpacking liblz4-1:amd64...
I: Unpacking liblzma5:amd64...
I: Unpacking libmd0:amd64...
I: Unpacking libmount1:amd64...
I: Unpacking libnettle8t64:amd64...
I: Unpacking libpam-modules:amd64...
I: Unpacking libpam-modules-bin...
I: Unpacking libpam-runtime...
I: Unpacking libpam0g:amd64...
I: Unpacking libpcre2-8-0:amd64...
I: Unpacking libseccomp2:amd64...
I: Unpacking libselinux1:amd64...
I: Unpacking libsemanage-common...
I: Unpacking libsemanage2:amd64...
I: Unpacking libsepol2:amd64...
I: Unpacking libsmartcols1:amd64...
I: Unpacking libsqlite3-0:amd64...
I: Unpacking libssl3t64:amd64...
I: Unpacking libstdc++6:amd64...
I: Unpacking libsystemd0:amd64...
I: Unpacking libtinfo6:amd64...
I: Unpacking libudev1:amd64...
I: Unpacking libuuid1:amd64...
I: Unpacking libxxhash0:amd64...
I: Unpacking libzstd1:amd64...
I: Unpacking login...
I: Unpacking login.defs...
I: Unpacking mawk...
I: Unpacking mount...
I: Unpacking ncurses-base...
I: Unpacking ncurses-bin...
I: Unpacking openssl-provider-legacy...
I: Unpacking passwd...
I: Unpacking perl-base...
I: Unpacking sed...
I: Unpacking sqv...
I: Unpacking sysvinit-utils...
I: Unpacking tar...
I: Unpacking tzdata...
I: Unpacking util-linux...
I: Unpacking zlib1g:amd64...
I: Configuring required packages...
I: Configuring gcc-14-base:amd64...
I: Configuring login.defs...
I: Configuring debian-archive-keyring...
I: Configuring libaudit-common...
I: Configuring libsemanage-common...
I: Configuring debconf...
I: Configuring tzdata...
I: Configuring ncurses-base...
I: Configuring init-system-helpers...
I: Configuring libgcc-s1:amd64...
I: Configuring libc6:amd64...
I: Configuring libdb5.3t64:amd64...
I: Configuring libmd0:amd64...
I: Configuring libxxhash0:amd64...
I: Configuring libattr1:amd64...
I: Configuring sysvinit-utils...
I: Configuring debianutils...
I: Configuring mawk...
I: Configuring libdebconfclient0:amd64...
I: Configuring base-files...
I: Configuring libbz2-1.0:amd64...
I: Configuring libbsd0:amd64...
I: Configuring libblkid1:amd64...
I: Configuring libstdc++6:amd64...
I: Configuring dash...
I: Configuring libtinfo6:amd64...
I: Configuring bash...
I: Configuring libzstd1:amd64...
I: Configuring liblzma5:amd64...
I: Configuring liblz4-1:amd64...
I: Configuring libc-bin...
I: Configuring libsqlite3-0:amd64...
I: Configuring ncurses-bin...
I: Configuring libacl1:amd64...
I: Configuring libsmartcols1:amd64...
I: Configuring zlib1g:amd64...
I: Configuring libcrypt1:amd64...
I: Configuring diffutils...
I: Configuring libseccomp2:amd64...
I: Configuring libcap2:amd64...
I: Configuring perl-base...
I: Configuring openssl-provider-legacy...
I: Configuring hostname...
I: Configuring libcap-ng0:amd64...
I: Configuring libnettle8t64:amd64...
I: Configuring libgmp10:amd64...
I: Configuring libaudit1:amd64...
I: Configuring gzip...
I: Configuring libuuid1:amd64...
I: Configuring libsepol2:amd64...
I: Configuring libpcre2-8-0:amd64...
I: Configuring libudev1:amd64...
I: Configuring libhogweed6t64:amd64...
I: Configuring sqv...
I: Configuring grep...
I: Configuring libssl3t64:amd64...
I: Configuring liblastlog2-2:amd64...
I: Configuring libsystemd0:amd64...
I: Configuring libselinux1:amd64...
I: Configuring libpam0g:amd64...
I: Configuring sed...
I: Configuring findutils...
I: Configuring libmount1:amd64...
I: Configuring libsemanage2:amd64...
I: Configuring libapt-pkg7.0:amd64...
I: Configuring base-passwd...
I: Configuring apt...
I: Configuring bsdutils...
I: Configuring tar...
I: Configuring libpam-modules-bin...
I: Configuring coreutils...
I: Configuring dpkg...
I: Configuring mount...
I: Configuring libpam-modules:amd64...
I: Configuring passwd...
I: Configuring libpam-runtime...
I: Configuring login...
I: Configuring util-linux...
I: Configuring libc-bin...
I: Unpacking the base system...
I: Base system installed successfully.
+ [[ -n /rootfs-cache/make-rootfs-apt-cache ]]
+ [[ -f /rootfs-cache/make-rootfs-apt-cache/cache.tgz ]]
+ sudo mkdir -p ./fsroot-vs/sonic/target/vcache/host-image
+ sudo cp -f /rootfs-cache/make-rootfs-apt-cache/cache.tgz ./fsroot-vs/sonic/target/vcache/host-image/cache.tgz
+ sudo SONIC_VERSION_CACHE=rcache DBGOPT= scripts/prepare_debian_image_buildinfo.sh amd64 trixie ./fsroot-vs http://127.0.0.1:9
Selecting previously unselected package sonic-build-hooks.
(Reading database ... 4936 files and directories currently installed.)
Preparing to unpack .../sonic-build-hooks_1.0_all.deb ...
Unpacking sonic-build-hooks (1.0) ...
Setting up sonic-build-hooks (1.0) ...
/usr/sbin/collect_version_files: line 33: /dev/fd/63: No such file or directory
./
./apt-lists/
./apt-lists/debian-archive.trafficmanager.net_debian_dists_trixie-updates_main_source_Sources.lz4
./apt-lists/debian-archive.trafficmanager.net_debian-security_dists_trixie-security_non-free-firmware_source_Sources.lz4
./apt-lists/debian-archive.trafficmanager.net_debian_dists_trixie_contrib_source_Sources.lz4
./apt-lists/debian-archive.trafficmanager.net_debian_dists_trixie-backports_non-free-firmware_binary-amd64_Packages.lz4
./apt-lists/debian-archive.trafficmanager.net_debian_dists_trixie_main_source_Sources.lz4
./apt-lists/debian-archive.trafficmanager.net_debian-security_dists_trixie-security_main_binary-amd64_Packages.lz4
./apt-lists/debian-archive.trafficmanager.net_debian_dists_trixie_non-free-firmware_source_Sources.lz4
./apt-lists/debian-archive.trafficmanager.net_debian_dists_trixie-backports_InRelease
./apt-lists/debian-archive.trafficmanager.net_debian-security_dists_trixie-security_main_source_Sources.lz4
./apt-lists/download.docker.com_linux_debian_dists_trixie_stable_binary-amd64_Packages.lz4
./apt-lists/debian-archive.trafficmanager.net_debian_dists_trixie_main_binary-amd64_Packages.lz4
./apt-lists/download.docker.com_linux_debian_dists_trixie_InRelease
./apt-lists/debian-archive.trafficmanager.net_debian_dists_trixie-updates_InRelease
./apt-lists/auxfiles/
./apt-lists/debian-archive.trafficmanager.net_debian-security_dists_trixie-security_non-free-firmware_binary-amd64_Packages.lz4
./apt-lists/debian-archive.trafficmanager.net_debian_dists_trixie-backports_main_binary-amd64_Packages.lz4
./apt-lists/debian-archive.trafficmanager.net_debian_dists_trixie-backports_contrib_binary-amd64_Packages.lz4
./apt-lists/debian-archive.trafficmanager.net_debian_dists_trixie_InRelease
./apt-lists/debian-archive.trafficmanager.net_debian_dists_trixie_non-free-firmware_binary-amd64_Packages.lz4
./apt-lists/debian-archive.trafficmanager.net_debian-security_dists_trixie-security_contrib_binary-amd64_Packages.lz4
./apt-lists/debian-archive.trafficmanager.net_debian_dists_trixie_contrib_binary-amd64_Packages.lz4
./apt-lists/debian-archive.trafficmanager.net_debian-security_dists_trixie-security_contrib_source_Sources.lz4
./apt-lists/debian-archive.trafficmanager.net_debian_dists_trixie-updates_main_binary-amd64_Packages.lz4
./apt-lists/debian-archive.trafficmanager.net_debian-security_dists_trixie-security_InRelease
./web/
./web/gpg-1afae06b34a13c1b3d9cb61a26285a15.tgz
./deb/
./deb/python3-prefixed_0.7.0-1_all.deb
./deb/libgirepository-2.0-0_2.84.4-3~deb13u3_amd64.deb
./deb/pciutils_1%3a3.13.0-2_amd64.deb
./deb/libgmp10_2%3a6.3.0+dfsg-3_amd64.deb
./deb/libc-bin_2.41-12+deb13u3_amd64.deb
./deb/libpsl5t64_0.21.2-1.1+b1_amd64.deb
./deb/less_668-1_amd64.deb
./deb/zlib1g-dev_1%3a1.3.dfsg+really1.3.1-1+b1_amd64.deb
./deb/libpam-modules-bin_1.7.0-5_amd64.deb
./deb/libpam-ldapd_0.9.13-1_amd64.deb
./deb/libexpat1-dev_2.8.3-1~deb13u1_amd64.deb
./deb/libgpg-error0_1.51-4_amd64.deb
./deb/bsdutils_1%3a2.41-5_amd64.deb
./deb/apparmor_4.1.0-1_amd64.deb
./deb/libdebuginfod1t64_0.192-4_amd64.deb
./deb/media-types_13.0.0_all.deb
./deb/vim-common_2%3a9.1.1230-2_all.deb
./deb/libtss2-fapi1t64_4.1.3-1.2_amd64.deb
./deb/libkrb5support0_1.21.3-5+deb13u1_amd64.deb
./deb/python3-ply_3.11-9_all.deb
./deb/nvme-cli_2.13-2_amd64.deb
./deb/libtraceevent1_1%3a1.8.4-2_amd64.deb
./deb/libxrender-dev_1%3a0.9.12-1_amd64.deb
./deb/ca-certificates_20250419_all.deb
./deb/pigz_2.8-1_amd64.deb
./deb/libselinux1-dev_3.8.1-1_amd64.deb
./deb/libnftables1_1.1.3-1_amd64.deb
./deb/libisl23_0.27-1_amd64.deb
./deb/libtss2-mu-4.0.1-0t64_4.1.3-1.2_amd64.deb
./deb/libidn2-0_2.3.8-2_amd64.deb
./deb/libpgm-5.3-0t64_5.3.128~dfsg-2.1+b1_amd64.deb
./deb/python3-yaml_6.0.2-1+b2_amd64.deb
./deb/liblastlog2-2_2.41.5-0+deb13u1_amd64.deb
./deb/cracklib-runtime_2.9.6-5.2+b1_amd64.deb
./deb/libpam-systemd_257.13-1~deb13u1_amd64.deb
./deb/debian-archive-keyring_2025.1_all.deb
./deb/sqlite3_3.46.1-7+deb13u1_amd64.deb
./deb/libseccomp2_2.6.0-2_amd64.deb
./deb/make_4.4.1-2_amd64.deb
./deb/libmount1_2.41-5_amd64.deb
./deb/openssh-client_1%3a10.0p1-7+deb13u4_amd64.deb
./deb/libxcb1-dev_1.17.0-2+b1_amd64.deb
./deb/jq_1.7.1-6+deb13u3_amd64.deb
./deb/python3-jinja2_3.1.6-1_all.deb
./deb/libsodium23_1.0.18-1+deb13u1_amd64.deb
./deb/gir1.2-girepository-2.0-dev_1.84.0-1_amd64.deb
./deb/liblzma5_5.8.1-1+deb13u1_amd64.deb
./deb/libgio-2.0-dev_2.84.4-3~deb13u3_amd64.deb
./deb/rsyslog_8.2504.0-1_amd64.deb
./deb/libpam0g_1.7.0-5_amd64.deb
./deb/libxentoollog1_4.20.3+127-gc42374a105-0+deb13u1_amd64.deb
./deb/udev_257.13-1~deb13u1_amd64.deb
./deb/libdbus-1-3_1.16.2-2_amd64.deb
./deb/python3-idna_3.10-1+deb13u1_all.deb
./deb/libxcb-render0-dev_1.17.0-2+b1_amd64.deb
./deb/libapt-pkg7.0_3.0.3_amd64.deb
./deb/libcc1-0_14.2.0-19_amd64.deb
./deb/mount_2.41.5-0+deb13u1_amd64.deb
./deb/systemd-sysv_257.13-1~deb13u1_amd64.deb
./deb/libcrypt-dev_1%3a4.4.38-1_amd64.deb
./deb/pkgconf_1.8.1-4_amd64.deb
./deb/cpp_4%3a14.2.0-1_amd64.deb
./deb/libjansson4_2.14-2+b3_amd64.deb
./deb/libtsan2_14.2.0-19_amd64.deb
./deb/python3-typeguard_4.4.2-1_all.deb
./deb/libgomp1_14.2.0-19_amd64.deb
./deb/python3-ijson_3.4.0-1_amd64.deb
./deb/libk5crypto3_1.21.3-5+deb13u1_amd64.deb
./deb/sensible-utils_0.0.25_all.deb
./deb/libedit2_3.1-20250104-1_amd64.deb
./deb/gir1.2-glib-2.0_2.84.4-3~deb13u3_amd64.deb
./deb/sqv_1.3.0-3+b2_amd64.deb
./deb/hping3_3.a2.ds2-10.1_amd64.deb
./deb/efibootmgr_18-2_amd64.deb
./deb/libcap2-bin_1%3a2.75-10+deb13u1+b1_amd64.deb
./deb/python3-pkg-resources_78.1.1-0.1_all.deb
./deb/libxenevtchn1_4.20.3+127-gc42374a105-0+deb13u1_amd64.deb
./deb/libnghttp2-14_1.64.0-1.1+deb13u1_amd64.deb
./deb/libpixman-1-dev_0.44.0-3_amd64.deb
./deb/python3-autocommand_2.2.2-3_all.deb
./deb/girepository-tools_2.84.4-3~deb13u3_amd64.deb
./deb/libss2_1.47.2-3+b11_amd64.deb
./deb/libnorm1t64_1.5.9+dfsg-3.1+b2_amd64.deb
./deb/libunistring5_1.3-2_amd64.deb
./deb/native-architecture_0.2.6_all.deb
./deb/libtss2-tcti-cmd0t64_4.1.3-1.2_amd64.deb
./deb/libffi8_3.4.8-2_amd64.deb
./deb/libmnl0_1.0.5-3_amd64.deb
./deb/fonts-dejavu-mono_2.37-8_all.deb
./deb/initramfs-tools-core_0.142_all.deb
./deb/libtasn1-6_4.20.0-2+deb13u1_amd64.deb
./deb/libc6_2.41-12+deb13u3_amd64.deb
./deb/libsysfs2_2.1.1-7_amd64.deb
./deb/libstdc++6_14.2.0-19_amd64.deb
./deb/device-tree-compiler_1.7.2-2+b1_amd64.deb
./deb/firmware-misc-nonfree_20250410-2_all.deb
./deb/sysstat_12.7.5-2_amd64.deb
./deb/bridge-utils_1.7.1-4+b1_amd64.deb
./deb/squashfs-tools_1%3a4.6.1-1_amd64.deb
./deb/libfontconfig-dev_2.15.0-2.3_amd64.deb
./deb/libmount-dev_2.41.5-0+deb13u1_amd64.deb
./deb/libpam-modules_1.7.0-5_amd64.deb
./deb/distro-info-data_0.66+deb13u2_all.deb
./deb/pci.ids_0.0~2025.06.09-1_all.deb
./deb/docker-ce_5%3a28.5.2-1~debian.13~trixie_amd64.deb
./deb/fonts-dejavu-core_2.37-8_all.deb
./deb/libcairo-gobject2_1.18.4-1+b1_amd64.deb
./deb/perl-modules-5.40_5.40.1-6_all.deb
./deb/libpopt0_1.19+dfsg-2_amd64.deb
./deb/cron-daemon-common_3.0pl1-197_all.deb
./deb/python3-bcrypt_4.2.0-2.1+b1_amd64.deb
./deb/libpython3-stdlib_3.13.5-1_amd64.deb
./deb/python3-more-itertools_10.7.0-1_all.deb
./deb/libxcb-render0_1.17.0-2+b1_amd64.deb
./deb/python3-jaraco.text_4.0.0-1_all.deb
./deb/init-system-helpers_1.69~deb13u1_all.deb
./deb/netbase_6.5_all.deb
./deb/libtss2-tcti-spi-helper0t64_4.1.3-1.2_amd64.deb
./deb/apt_3.0.3_amd64.deb
./deb/ncal_12.1.8_amd64.deb
./deb/libkmod2_34.2-2_amd64.deb
./deb/libubsan1_14.2.0-19_amd64.deb
./deb/openssl_3.5.7-1~deb13u2_amd64.deb
./deb/libgcc-14-dev_14.2.0-19_amd64.deb
./deb/libssh2-1t64_1.11.1-1+deb13u1_amd64.deb
./deb/firmware-intel-misc_20250410-2_all.deb
./deb/libcap2_1%3a2.75-10+deb13u1+b1_amd64.deb
./deb/python3-scp_0.15.0-1_all.deb
./deb/python3.13-dev_3.13.5-2+deb13u4_amd64.deb
./deb/libfreeipmi17_1.6.15-1_amd64.deb
./deb/python3-enlighten_1.11.2-1_amd64.deb
./deb/libbabeltrace1_1.5.11-4+b2_amd64.deb
./deb/bsdutils_1%3a2.41.5-0+deb13u1_amd64.deb
./deb/python3-paramiko_3.5.1-3_all.deb
./deb/libgpm2_1.20.7-11+b2_amd64.deb
./deb/libdevmapper1.02.1_2%3a1.02.205-2_amd64.deb
./deb/bzip2_1.0.8-6_amd64.deb
./deb/libxenforeignmemory1_4.20.3+127-gc42374a105-0+deb13u1_amd64.deb
./deb/libxenstore4_4.20.3+127-gc42374a105-0+deb13u1_amd64.deb
./deb/libipmidetect0_1.6.15-1_amd64.deb
./deb/libgnutls30t64_3.8.9-3+deb13u4_amd64.deb
./deb/libcbor0.10_0.10.2-2_amd64.deb
./deb/acl_2.3.2-2+b1_amd64.deb
./deb/iputils-ping_3%3a20240905-3_amd64.deb
./deb/busybox_1%3a1.37.0-6+b8_amd64.deb
./deb/libxenhypfs1_4.20.3+127-gc42374a105-0+deb13u1_amd64.deb
./deb/libdebconfclient0_0.280_amd64.deb
./deb/openssh-sftp-server_1%3a10.0p1-7+deb13u4_amd64.deb
./deb/base-passwd_3.6.7_amd64.deb
./deb/libdb5.3t64_5.3.28+dfsg2-9_amd64.deb
./deb/xtrans-dev_1.4.0-1_all.deb
./deb/conntrack_1%3a1.4.8-2_amd64.deb
./deb/libdbd-sqlite3-perl_1.76-1_amd64.deb
./deb/runit-helper_2.16.4_all.deb
./deb/locales_2.41-12+deb13u3_all.deb
./deb/cpp-x86-64-linux-gnu_4%3a14.2.0-1_amd64.deb
./deb/xml-core_0.19_all.deb
./deb/python3-cffi_1.17.1-3_all.deb
./deb/libsasl2-modules-db_2.1.28+dfsg1-9_amd64.deb
./deb/libgirepository-1.0-1_1.84.0-1_amd64.deb
./deb/sysfsutils_2.1.1-7_amd64.deb
./deb/libsensors-config_1%3a3.6.2-2_all.deb
./deb/hostname_3.25_amd64.deb
./deb/dmsetup_2%3a1.02.205-2_amd64.deb
./deb/libxendevicemodel1_4.20.3+127-gc42374a105-0+deb13u1_amd64.deb
./deb/python3-scapy_2.6.1+dfsg-1_all.deb
./deb/libtcl8.6_8.6.16+dfsg-1_amd64.deb
./deb/libcairo-script-interpreter2_1.18.4-1+b1_amd64.deb
./deb/libfreetype-dev_2.13.3+dfsg-1+deb13u1_amd64.deb
./deb/python3-lxml_5.4.0-1_amd64.deb
./deb/libsemanage-common_3.8.1-1_all.deb
./deb/libjson-c5_0.18+ds-1_amd64.deb
./deb/libi2c0_4.4-2_amd64.deb
./deb/linux-image-6.12.41+deb13-sonic-amd64-unsigned_6.12.41-1_amd64.deb
./deb/python-is-python3_3.13.3-1_all.deb
./deb/libaudit1_1%3a4.0.2-2+b2_amd64.deb
./deb/libsm-dev_2%3a1.2.6-1_amd64.deb
./deb/gir1.2-glib-2.0-dev_2.84.4-3~deb13u3_amd64.deb
./deb/ifmetric_0.3-5_amd64.deb
./deb/xxd_2%3a9.1.1230-2_amd64.deb
./deb/libuuid1_2.41.5-0+deb13u1_amd64.deb
./deb/libtss2-tctildr0t64_4.1.3-1.2_amd64.deb
./deb/libpam-pwquality_1.4.5-5_amd64.deb
./deb/python3-cryptography_43.0.0-3+deb13u1_amd64.deb
./deb/libpcre2-dev_10.46-1~deb13u1_amd64.deb
./deb/python3-netifaces_0.11.0-2+b6_amd64.deb
./deb/fdisk_2.41.5-0+deb13u1_amd64.deb
./deb/patch_2.8-2_amd64.deb
./deb/libsasl2-2_2.1.28+dfsg1-9_amd64.deb
./deb/ndisc6_1.0.7-1_amd64.deb
./deb/containerd.io_1.7.28-2~debian.13~trixie_amd64.deb
./deb/python3-click_8.2.0+0.really.8.1.8-1_all.deb
./deb/libsmartcols1_2.41-5_amd64.deb
./deb/rsync_3.4.1+ds1-5+deb13u4_amd64.deb
./deb/gdisk_1.0.10-2_amd64.deb
./deb/libxencall1_4.20.3+127-gc42374a105-0+deb13u1_amd64.deb
./deb/libsepol2_3.8.1-1_amd64.deb
./deb/libmagic1t64_1%3a5.46-5_amd64.deb
./deb/libreadline8t64_8.2-6_amd64.deb
./deb/dbus-system-bus-common_1.16.2-2_all.deb
./deb/libpam-runtime_1.7.0-5_all.deb
./deb/libbsd0_0.12.2-2_amd64.deb
./deb/libonig5_6.9.9-1+b1_amd64.deb
./deb/kmod_34.2-2_amd64.deb
./deb/libkeyutils1_1.6.3-6_amd64.deb
./deb/freeipmi-tools_1.6.15-1_amd64.deb
./deb/libfuse2t64_2.9.9-9_amd64.deb
./deb/python3-markdown_3.7-2+deb13u1_all.deb
./deb/fontconfig-config_2.15.0-2.3_amd64.deb
./deb/libxcb-shm0_1.17.0-2+b1_amd64.deb
./deb/traceroute_1%3a2.1.6-1_amd64.deb
./deb/mawk_1.3.4.20250131-1_amd64.deb
./deb/gcc-14-x86-64-linux-gnu_14.2.0-19_amd64.deb
./deb/iptables-persistent_1.0.23_all.deb
./deb/python3-packaging_25.0-1_all.deb
./deb/libtss2-esys-3.0.2-0t64_4.1.3-1.2_amd64.deb
./deb/libwrap0_7.6.q-36_amd64.deb
./deb/libgirepository1.0-dev_1.84.0-1_amd64.deb
./deb/libngtcp2-crypto-gnutls8_1.11.0-1+deb13u1_amd64.deb
./deb/libtinfo6_6.5+20250216-2_amd64.deb
./deb/liblsan0_14.2.0-19_amd64.deb
./deb/procps_2%3a4.0.4-9_amd64.deb
./deb/debconf_1.5.91_all.deb
./deb/python3-nacl_1.5.0-7_amd64.deb
./deb/python3-jaraco.context_6.0.1-1+deb13u1_all.deb
./deb/iptables_1.8.11-2_amd64.deb
./deb/firmware-linux-nonfree_20250410-2_all.deb
./deb/libctf-nobfd0_2.44-3_amd64.deb
./deb/g++-x86-64-linux-gnu_4%3a14.2.0-1_amd64.deb
./deb/hdparm_9.65+ds-1.1_amd64.deb
./deb/python-apt-common_3.0.0_all.deb
./deb/python3-certifi_2025.1.31+ds-1_all.deb
./deb/psmisc_23.7-2_amd64.deb
./deb/gcc-14-base_14.2.0-19_amd64.deb
./deb/libbinutils_2.44-3_amd64.deb
./deb/libc-l10n_2.41-12+deb13u3_all.deb
./deb/python3-requests_2.32.3+dfsg-5+deb13u1_all.deb
./deb/libstdc++-14-dev_14.2.0-19_amd64.deb
./deb/libefivar1t64_38-3.1+b1_amd64.deb
./deb/libnettle8t64_3.10.1-1_amd64.deb
./deb/libpkgconf3_1.8.1-4_amd64.deb
./deb/libxenmisc4.20_4.20.3+127-gc42374a105-0+deb13u1_amd64.deb
./deb/lock
./deb/libip6tc2_1.8.11-2_amd64.deb
./deb/sgml-base_1.31+nmu1_all.deb
./deb/libquadmath0_14.2.0-19_amd64.deb
./deb/python3-inflect_7.3.1-2_all.deb
./deb/libubootenv0.1_0.3.5-0.1+b2_amd64.deb
./deb/libmd0_1.1.0-2+b1_amd64.deb
./deb/libctf0_2.44-3_amd64.deb
./deb/systemd_257.13-1~deb13u1_amd64.deb
./deb/binutils-common_2.44-3_amd64.deb
./deb/libcurl3t64-gnutls_8.14.1-2+deb13u4_amd64.deb
./deb/libcap-ng0_0.8.5-4+b1_amd64.deb
./deb/libx11-dev_2%3a1.8.12-1_amd64.deb
./deb/openssh-server_1%3a10.0p1-7+deb13u4_amd64.deb
./deb/libselinux1_3.8.1-1_amd64.deb
./deb/libasan8_14.2.0-19_amd64.deb
./deb/sbsigntool_0.9.4-3.2_amd64.deb
./deb/libext2fs2t64_1.47.2-3+b11_amd64.deb
./deb/xz-utils_5.8.1-1+deb13u1_amd64.deb
./deb/libattr1_1%3a2.5.2-3_amd64.deb
./deb/libxrender1_1%3a0.9.12-1_amd64.deb
./deb/python3-dbus_1.4.0-1_amd64.deb
./deb/ldap-utils_2.6.10+dfsg-1_amd64.deb
./deb/libpython3.13-dev_3.13.5-2+deb13u4_amd64.deb
./deb/libtss2-tcti-swtpm0t64_4.1.3-1.2_amd64.deb
./deb/libapparmor1_4.1.0-1_amd64.deb
./deb/libx11-6_2%3a1.8.12-1_amd64.deb
./deb/gir1.2-girepository-2.0_1.84.0-1_amd64.deb
./deb/python3-gi_3.50.0-4+b1_amd64.deb
./deb/pkgconf-bin_1.8.1-4_amd64.deb
./deb/ebtables_2.0.11-6_amd64.deb
./deb/libdpkg-perl_1.22.22_all.deb
./deb/liblognorm5_2.0.6-5_amd64.deb
./deb/systemd-bootchart_235-2_amd64.deb
./deb/libdw1t64_0.192-4_amd64.deb
./deb/libpcap0.8t64_1.10.5-2_amd64.deb
./deb/libpython3-dev_3.13.5-1_amd64.deb
./deb/libncurses6_6.5+20250216-2_amd64.deb
./deb/liblz4-1_1.10.0-4_amd64.deb
./deb/python3-apt_3.0.0_amd64.deb
./deb/python3-cffi-backend_1.17.1-3_amd64.deb
./deb/xorg-sgml-doctools_1%3a1.11-1.1_all.deb
./deb/sudo_1.9.16p2-3+deb13u2_amd64.deb
./deb/gpg_2.4.7-21+deb13u1+b4_amd64.deb
./deb/python3-minimal_3.13.5-1_amd64.deb
./deb/libglib2.0-0t64_2.84.4-3~deb13u3_amd64.deb
./deb/python3-pycparser_2.22-2_all.deb
./deb/libsm6_2%3a1.2.6-1_amd64.deb
./deb/libldap2_2.6.10+dfsg-1_amd64.deb
./deb/j2cli_0.3.12b-5_all.deb
./deb/findutils_4.10.0-3_amd64.deb
./deb/picocom_3.1-4_amd64.deb
./deb/libxml2_2.12.7+dfsg+really2.9.14-2.1+deb13u3_amd64.deb
./deb/libklibc_2.0.14-1_amd64.deb
./deb/grub2-common_2.12-9+deb13u2_amd64.deb
./deb/libffi-dev_3.4.8-2_amd64.deb
./deb/g++-14_14.2.0-19_amd64.deb
./deb/librtmp1_2.4+20151223.gitfa8646d.1-2+b5_amd64.deb
./deb/libxext-dev_2%3a1.3.4-1+b3_amd64.deb
./deb/libuuid1_2.41-5_amd64.deb
./deb/libperl5.40_5.40.1-6_amd64.deb
./deb/libnss-ldapd_0.9.13-1_amd64.deb
./deb/libice-dev_2%3a1.1.1-1_amd64.deb
./deb/lsof_4.99.4+dfsg-2_amd64.deb
./deb/libfdisk1_2.41.5-0+deb13u1_amd64.deb
./deb/libhiredis1.1.0_1.2.0-6+b3_amd64.deb
./deb/python3-wcwidth_0.2.13+dfsg1-1_all.deb
./deb/libssl-dev_3.5.7-1~deb13u2_amd64.deb
./deb/login_1%3a4.16.0-2+really2.41.5-0+deb13u1_amd64.deb
./deb/tar_1.35+dfsg-3.1_amd64.deb
./deb/auditd_1%3a4.0.2-2+b2_amd64.deb
./deb/libpython3.13_3.13.5-2+deb13u4_amd64.deb
./deb/gir1.2-freedesktop_1.84.0-1_amd64.deb
./deb/python3-charset-normalizer_3.4.2-1_amd64.deb
./deb/bsdmainutils_12.1.8_all.deb
./deb/libaudit-common_1%3a4.0.2-2_all.deb
./deb/libssl3t64_3.5.6-1~deb13u2_amd64.deb
./deb/libcairo2-dev_1.18.4-1+b1_amd64.deb
./deb/liblsof0_4.99.4+dfsg-2_amd64.deb
./deb/libdbi-perl_1.652-2~deb13u1_amd64.deb
./deb/gobject-introspection-bin_1.84.0-1_amd64.deb
./deb/login.defs_1%3a4.17.4-2_all.deb
./deb/libgcc-s1_14.2.0-19_amd64.deb
./deb/libgdbm-compat4t64_1.24-2_amd64.deb
./deb/e2fsprogs_1.47.2-3+b11_amd64.deb
./deb/python3.13-minimal_3.13.5-2+deb13u4_amd64.deb
./deb/debianutils_5.23.2_amd64.deb
./deb/libgcrypt20_1.11.0-7+deb13u1_amd64.deb
./deb/libtss2-tcti-device0t64_4.1.3-1.2_amd64.deb
./deb/x11proto-dev_2024.1-1_all.deb
./deb/libcairo2_1.18.4-1+b1_amd64.deb
./deb/libtirpc3t64_1.3.6+ds-1_amd64.deb
./deb/libblkid-dev_2.41.5-0+deb13u1_amd64.deb
./deb/libgprofng0_2.44-3_amd64.deb
./deb/net-tools_2.10-1.3_amd64.deb
./deb/python3-typing-extensions_4.13.2-1_all.deb
./deb/dpkg-dev_1.22.22_all.deb
./deb/libnetfilter-conntrack3_1.1.0-1_amd64.deb
./deb/perl_5.40.1-6_amd64.deb
./deb/util-linux_2.41-5_amd64.deb
./deb/libdbus-1-dev_1.16.2-2_amd64.deb
./deb/libglib2.0-dev-bin_2.84.4-3~deb13u3_amd64.deb
./deb/zstd_1.5.7+dfsg-1_amd64.deb
./deb/util-linux-extra_2.41.5-0+deb13u1_amd64.deb
./deb/libbrotli1_1.1.0-2+b7_amd64.deb
./deb/ncurses-base_6.5+20250216-2_all.deb
./deb/libudev1_257.13-1~deb13u1_amd64.deb
./deb/libpixman-1-0_0.44.0-3_amd64.deb
./deb/pkg-config_1.8.1-4_amd64.deb
./deb/libjs-jquery_3.6.1+dfsg+~3.5.14-1_all.deb
./deb/mtr-tiny_0.95-1.1+b1_amd64.deb
./deb/libtss2-tcti-mssim0t64_4.1.3-1.2_amd64.deb
./deb/libnet1_1.3+dfsg-2_amd64.deb
./deb/nslcd_0.9.13-1_amd64.deb
./deb/libpython3.13-stdlib_3.13.5-2+deb13u4_amd64.deb
./deb/libefiboot1t64_38-3.1+b1_amd64.deb
./deb/liblastlog2-2_2.41-5_amd64.deb
./deb/initramfs-tools_0.142_all.deb
./deb/libglib2.0-bin_2.84.4-3~deb13u3_amd64.deb
./deb/libopencsd1_1.5.5-1_amd64.deb
./deb/logsave_1.47.2-3+b11_amd64.deb
./deb/libitm1_14.2.0-19_amd64.deb
./deb/libcurl4t64_8.14.1-2+deb13u4_amd64.deb
./deb/zlib1g_1%3a1.3.dfsg+really1.3.1-1+b1_amd64.deb
./deb/libcap-dev_1%3a2.75-10+deb13u1+b1_amd64.deb
./deb/openssl-provider-legacy_3.5.6-1~deb13u2_amd64.deb
./deb/libiniparser4_4.2.6-1_amd64.deb
./deb/python3-pip_25.1.1+dfsg-1_all.deb
./deb/iproute2_6.15.0-1_amd64.deb
./deb/gobject-introspection_1.84.0-1_amd64.deb
./deb/sysvinit-utils_3.14-4_amd64.deb
./deb/libglib2.0-data_2.84.4-3~deb13u3_all.deb
./deb/libmagic-mgc_1%3a5.46-5_amd64.deb
./deb/gcc-14_14.2.0-19_amd64.deb
./deb/libp11-kit0_0.25.5-3_amd64.deb
./deb/libestr0_0.1.11-2_amd64.deb
./deb/libcrack2_2.9.6-5.2+b1_amd64.deb
./deb/libfuse3-4_3.17.2-3_amd64.deb
./deb/libatomic1_14.2.0-19_amd64.deb
./deb/mokutil_0.7.2-1_amd64.deb
./deb/libnvme1t64_1.13-2_amd64.deb
./deb/sed_4.9-2+deb13u1_amd64.deb
./deb/libtext-wrapi18n-perl_0.06-10_all.deb
./deb/file_1%3a5.46-5_amd64.deb
./deb/liblua5.1-0_5.1.5-11_amd64.deb
./deb/libc6-dev_2.41-12+deb13u3_amd64.deb
./deb/tpm-udev_0.6+nmu1_all.deb
./deb/tcptraceroute_1.5beta7+debian-4.2_amd64.deb
./deb/x11-common_1%3a7.7+24+deb13u1_all.deb
./deb/dbus_1.16.2-2_amd64.deb
./deb/linux-perf_6.12.107-1_amd64.deb
./deb/wireless-regdb_2026.05.30-1~deb13u1_all.deb
./deb/binutils-x86-64-linux-gnu_2.44-3_amd64.deb
./deb/mtd-utils_1%3a2.3.0-1_amd64.deb
./deb/klibc-utils_2.0.14-1_amd64.deb
./deb/libxcb1_1.17.0-2+b1_amd64.deb
./deb/libgdbm6t64_1.24-2_amd64.deb
./deb/libkrb5-3_1.21.3-5+deb13u1_amd64.deb
./deb/libsemanage2_3.8.1-1_amd64.deb
./deb/librelp0_1.11.0-2_amd64.deb
./deb/ucf_3.0052_all.deb
./deb/usbutils_1%3a018-2_amd64.deb
./deb/util-linux_2.41.5-0+deb13u1_amd64.deb
./deb/libdebuginfod-common_0.192-4_all.deb
./deb/base-files_13.8+deb13u6_amd64.deb
./deb/libsystemd0_257.13-1~deb13u1_amd64.deb
./deb/rsyslog-relp_8.2504.0-1_amd64.deb
./deb/i2c-tools_4.4-2_amd64.deb
./deb/libubootenv-tool_0.3.5-0.1+b2_amd64.deb
./deb/libcrypt1_1%3a4.4.38-1_amd64.deb
./deb/libxengnttab1_4.20.3+127-gc42374a105-0+deb13u1_amd64.deb
./deb/libfontconfig1_2.15.0-2.3_amd64.deb
./deb/arping_2.25-1_amd64.deb
./deb/dmidecode_3.6-2_amd64.deb
./deb/libip4tc2_1.8.11-2_amd64.deb
./deb/openssl-provider-legacy_3.5.7-1~deb13u2_amd64.deb
./deb/libbz2-dev_1.0.8-6_amd64.deb
./deb/libpci3_1%3a3.13.0-2_amd64.deb
./deb/grub-common_2.12-9+deb13u2_amd64.deb
./deb/vim-runtime_2%3a9.1.1230-2_all.deb
./deb/uuid-dev_2.41.5-0+deb13u1_amd64.deb
./deb/gcc_4%3a14.2.0-1_amd64.deb
./deb/g++_4%3a14.2.0-1_amd64.deb
./deb/libssl3t64_3.5.7-1~deb13u2_amd64.deb
./deb/python3-watchdog_6.0.0-1_all.deb
./deb/grep_3.11-4_amd64.deb
./deb/apt-transport-https_3.0.3_all.deb
./deb/rpcsvc-proto_1.4.3-1_amd64.deb
./deb/libusb-1.0-0_2%3a1.0.28-1_amd64.deb
./deb/libblkid1_2.41-5_amd64.deb
./deb/libtirpc-common_1.3.6+ds-1_all.deb
./deb/libc-dev-bin_2.41-12+deb13u3_amd64.deb
./deb/libxcb-shm0-dev_1.17.0-2+b1_amd64.deb
./deb/login_1%3a4.16.0-2+really2.41-5_amd64.deb
./deb/libxdmcp-dev_1%3a1.1.5-1_amd64.deb
./deb/libbpf1_1%3a1.5.0-3_amd64.deb
./deb/ipmitool_1.8.19-9_amd64.deb
./deb/libpng16-16t64_1.6.48-1+deb13u5_amd64.deb
./deb/libksba8_1.6.7-2+b1_amd64.deb
./deb/libipmiconsole2_1.6.15-1_amd64.deb
./deb/libsepol-dev_3.8.1-1_amd64.deb
./deb/dbus-session-bus-common_1.16.2-2_all.deb
./deb/libxslt1.1_1.1.35-1.2+deb13u3_amd64.deb
./deb/logrotate_3.22.0-1_amd64.deb
./deb/libice6_2%3a1.1.1-1_amd64.deb
./deb/tzdata-legacy_2026b-0+deb13u1_all.deb
./deb/python3-mako_1.3.9-1_all.deb
./deb/isc-dhcp-client_4.4.3-P1-8_amd64.deb
./deb/libhogweed6t64_3.10.1-1_amd64.deb
./deb/libnfnetlink0_1.0.2-3_amd64.deb
./deb/libsqlite3-0_3.46.1-7+deb13u1_amd64.deb
./deb/libgio-2.0-dev-bin_2.84.4-3~deb13u3_amd64.deb
./deb/tpm2-tools_5.7-1_amd64.deb
./deb/libzmq5_4.3.5-1+b3_amd64.deb
./deb/libpng-dev_1.6.48-1+deb13u5_amd64.deb
./deb/libyaml-0-2_0.2.5-2_amd64.deb
./deb/libxext6_2%3a1.3.4-1+b3_amd64.deb
./deb/passwd_1%3a4.17.4-2_amd64.deb
./deb/python3-jaraco.functools_4.1.0-1_all.deb
./deb/libfido2-1_1.15.0-1+b1_amd64.deb
./deb/libwtmpdb0_0.73.0-3+deb13u1_amd64.deb
./deb/kexec-tools_1%3a2.0.29-2+b2_amd64.deb
./deb/libeatmydata1_131-2+b1_amd64.deb
./deb/libnftnl11_1.2.9-1_amd64.deb
./deb/libsmartcols1_2.41.5-0+deb13u1_amd64.deb
./deb/libelf1t64_0.192-4_amd64.deb
./deb/libxdmcp6_1%3a1.1.5-1_amd64.deb
./deb/libglib2.0-dev_2.84.4-3~deb13u3_amd64.deb
./deb/libxtables12_1.8.11-2_amd64.deb
./deb/haveged_1.9.19-12+deb13u1_amd64.deb
./deb/python3-dev_3.13.5-1_amd64.deb
./deb/libngtcp2-16_1.11.0-1+deb13u1_amd64.deb
./deb/adduser_3.152_all.deb
./deb/gpgconf_2.4.7-21+deb13u1+b4_amd64.deb
./deb/u-boot-tools_2025.01-3_amd64.deb
./deb/libfreetype6_2.13.3+dfsg-1+deb13u1_amd64.deb
./deb/dbus-daemon_1.16.2-2_amd64.deb
./deb/python3-m2crypto_0.42.0-3_amd64.deb
./deb/python3-setuptools_78.1.1-0.1_all.deb
./deb/libxentoolcore1_4.20.3+127-gc42374a105-0+deb13u1_amd64.deb
./deb/firmware-amd-graphics_20250410-2_all.deb
./deb/cgroup-tools_3.1.0-2+b2_amd64.deb
./deb/freeipmi-common_1.6.15-1_all.deb
./deb/python3-urllib3_2.3.0-3+deb13u2_all.deb
./deb/libunwind8_1.8.1-0.1_amd64.deb
./deb/netfilter-persistent_1.0.23_all.deb
./deb/libpcre2-8-0_10.46-1~deb13u1_amd64.deb
./deb/libmount1_2.41.5-0+deb13u1_amd64.deb
./deb/libtss2-tcti-libtpms0t64_4.1.3-1.2_amd64.deb
./deb/python3-markupsafe_2.1.5-1+b3_amd64.deb
./deb/libgssapi-krb5-2_1.21.3-5+deb13u1_amd64.deb
./deb/python3-natsort_8.0.2-2_all.deb
./deb/libpwquality1_1.4.5-5_amd64.deb
./deb/libsensors5_1%3a3.6.2-2_amd64.deb
./deb/libpwquality-common_1.4.5-5_all.deb
./deb/libxau-dev_1%3a1.0.11-1_amd64.deb
./deb/eatmydata_131-2_all.deb
./deb/libjs-underscore_1.13.4~dfsg+~1.11.4-3_all.deb
./deb/dash_0.5.12-12_amd64.deb
./deb/libpython3.13-minimal_3.13.5-2+deb13u4_amd64.deb
./deb/smartmontools_7.4-3_amd64.deb
./deb/docker-ce-cli_5%3a28.5.2-1~debian.13~trixie_amd64.deb
./deb/python3.13_3.13.5-2+deb13u4_amd64.deb
./deb/uuid-runtime_2.41.5-0+deb13u1_amd64.deb
./deb/libjq1_1.7.1-6+deb13u3_amd64.deb
./deb/ncurses-bin_6.5+20250216-2_amd64.deb
./deb/gir1.2-freedesktop-dev_1.84.0-1_amd64.deb
./deb/libxau6_1%3a1.0.11-1_amd64.deb
./deb/efitools_1.9.2-3.5_amd64.deb
./deb/libncursesw6_6.5+20250216-2_amd64.deb
./deb/libauparse0t64_1%3a4.0.2-2+b2_amd64.deb
./deb/python3-regex_0.1.20241106-1+b1_amd64.deb
./deb/libcom-err2_1.47.2-3+b11_amd64.deb
./deb/screen_4.9.1-3_amd64.deb
./deb/libcgroup3_3.1.0-2+b2_amd64.deb
./deb/diffutils_1%3a3.10-4_amd64.deb
./deb/python3-wheel_0.46.1-2_all.deb
./deb/libxxhash0_0.8.3-2_amd64.deb
./deb/libacl1_2.3.2-2+b1_amd64.deb
./deb/libtss2-sys1t64_4.1.3-1.2_amd64.deb
./deb/dbus-bin_1.16.2-2_amd64.deb
./deb/unzip_6.0-29+deb13u1_amd64.deb
./deb/libfastjson4_1.2304.0-2_amd64.deb
./deb/liblzo2-2_2.10-3+b1_amd64.deb
./deb/libnuma1_2.0.19-1_amd64.deb
./deb/libnghttp3-9_1.8.0-1_amd64.deb
./deb/python3_3.13.5-1_amd64.deb
./deb/libassuan9_3.0.2-2_amd64.deb
./deb/bash_5.2.37-2+b9_amd64.deb
./deb/readline-common_8.2-6_all.deb
./deb/grub2-common_2.06-13+deb13u1_amd64.deb
./deb/linux-base_4.12.1_all.deb
./deb/libyajl2_2.1.0-5+b2_amd64.deb
./deb/libtext-charwidth-perl_0.04-11+b4_amd64.deb
./deb/tcpdump_4.99.5-2_amd64.deb
./deb/libproc2-0_2%3a4.0.4-9_amd64.deb
./deb/perl-base_5.40.1-6_amd64.deb
./deb/mount_2.41-5_amd64.deb
./deb/binutils_2.44-3_amd64.deb
./deb/linux-sysctl-defaults_4.12.1_all.deb
./deb/libjs-sphinxdoc_8.1.3-5_all.deb
./deb/resolvconf_1.94_all.deb
./deb/libhavege2_1.9.19-12+deb13u1_amd64.deb
./deb/g++-14-x86-64-linux-gnu_14.2.0-19_amd64.deb
./deb/libsystemd-shared_257.13-1~deb13u1_amd64.deb
./deb/ethtool_1%3a6.14.2-1_amd64.deb
./deb/libslang2_2.3.3-5+b2_amd64.deb
./deb/libmpfr6_4.2.2-1_amd64.deb
./deb/libsframe1_2.44-3_amd64.deb
./deb/libsystemd-dev_257.13-1~deb13u1_amd64.deb
./deb/vim_2%3a9.1.1230-2_amd64.deb
./deb/libexpat1_2.8.3-1~deb13u1_amd64.deb
./deb/bash-completion_1%3a2.16.0-7_all.deb
./deb/libbrotli-dev_1.1.0-2+b7_amd64.deb
./deb/partial/
./deb/libpcre2-32-0_10.46-1~deb13u1_amd64.deb
./deb/nftables_1.1.3-1_amd64.deb
./deb/cpio_2.15+dfsg-2_amd64.deb
./deb/dpkg_1.22.22_amd64.deb
./deb/gcc-x86-64-linux-gnu_4%3a14.2.0-1_amd64.deb
./deb/cpp-14-x86-64-linux-gnu_14.2.0-19_amd64.deb
./deb/coreutils_9.7-3_amd64.deb
./deb/libpcre2-posix3_10.46-1~deb13u1_amd64.deb
./deb/linux-libc-dev_6.12.107-1_all.deb
./deb/libgirepository-1.0-dev_1.84.0-1_amd64.deb
./deb/libsysprof-capture-4-dev_48.0-2_amd64.deb
./deb/libblkid1_2.41.5-0+deb13u1_amd64.deb
./deb/cpp-14_14.2.0-19_amd64.deb
./deb/libx11-data_2%3a1.8.12-1_all.deb
./deb/python3-chardet_5.2.0+dfsg-2_all.deb
./deb/build-essential_12.12_amd64.deb
./deb/grub-common_2.06-13+deb13u1_amd64.deb
./deb/bsdextrautils_2.41.5-0+deb13u1_amd64.deb
./deb/curl_8.14.1-2+deb13u4_amd64.deb
./deb/libbz2-1.0_1.0.8-6_amd64.deb
./deb/libpcre2-16-0_10.46-1~deb13u1_amd64.deb
./deb/libboost-serialization1.83.0_1.83.0-4.2_amd64.deb
./deb/libhwasan0_14.2.0-19_amd64.deb
./deb/cron_3.0pl1-197_amd64.deb
./deb/libtss2-rc0t64_4.1.3-1.2_amd64.deb
./deb/python3-blessed_1.21.0-1_all.deb
./deb/libmpc3_1.3.1-1+b3_amd64.deb
./deb/gzip_1.13-1_amd64.deb
./deb/chrony_4.6.1-3+deb13u2_amd64.deb
./deb/python3-zipp_3.21.0-1_all.deb
./deb/tzdata_2026b-0+deb13u1_all.deb
./deb/gettext-base_0.23.1-2_amd64.deb
./deb/libzstd1_1.5.7+dfsg-1_amd64.deb
./deb/libnpth0t64_1.8-3_amd64.deb
./deb/libfdt1_1.7.2-2+b1_amd64.deb
./pip/
./pip/http-v2/
./pip/http-v2/b/
./pip/http-v2/b/b/
./pip/http-v2/b/b/6/
./pip/http-v2/b/b/6/8/
./pip/http-v2/b/b/6/8/9/
./pip/http-v2/b/b/6/8/9/bb689b9f8c1c3aecf3af9326d853ce8d20d7d51a43358e3c56d239b1.body
./pip/http-v2/b/b/6/8/9/bb689b9f8c1c3aecf3af9326d853ce8d20d7d51a43358e3c56d239b1
./pip/http-v2/b/e/
./pip/http-v2/b/e/7/
./pip/http-v2/b/e/7/c/
./pip/http-v2/b/e/7/c/e/
./pip/http-v2/b/e/7/c/e/be7cea9d21ce0463490ab7b6c5dd9cb5197dc0ad22ba0bdb7be15988
./pip/http-v2/b/e/7/c/e/be7cea9d21ce0463490ab7b6c5dd9cb5197dc0ad22ba0bdb7be15988.body
./pip/http-v2/b/5/
./pip/http-v2/b/5/0/
./pip/http-v2/b/5/0/1/
./pip/http-v2/b/5/0/1/6/
./pip/http-v2/b/5/0/1/6/b50161ce80a3ddd3f50977d5414a93660648823b703e10f65f16eeeb.body
./pip/http-v2/b/5/0/1/6/b50161ce80a3ddd3f50977d5414a93660648823b703e10f65f16eeeb
./pip/http-v2/b/f/
./pip/http-v2/b/f/2/
./pip/http-v2/b/f/2/8/
./pip/http-v2/b/f/2/8/a/
./pip/http-v2/b/f/2/8/a/bf28a8a2ae6432f2ebac7c6f2455fd35d4c0a5e9fc0abbb7a092fc5f
./pip/http-v2/b/f/2/8/a/bf28a8a2ae6432f2ebac7c6f2455fd35d4c0a5e9fc0abbb7a092fc5f.body
./pip/http-v2/b/f/c/
./pip/http-v2/b/f/c/f/
./pip/http-v2/b/f/c/f/e/
./pip/http-v2/b/f/c/f/e/bfcfeacfaea39c427d6e71b1fcbdf9ce4b91dff426b7d4c85d92528c
./pip/http-v2/b/f/c/f/e/bfcfeacfaea39c427d6e71b1fcbdf9ce4b91dff426b7d4c85d92528c.body
./pip/http-v2/b/0/
./pip/http-v2/b/0/9/
./pip/http-v2/b/0/9/2/
./pip/http-v2/b/0/9/2/6/
./pip/http-v2/b/0/9/2/6/b0926cfb676fbfdaba5228ef3e192bae41b2b539b5da21ff61c3cffe.body
./pip/http-v2/b/0/9/2/6/b0926cfb676fbfdaba5228ef3e192bae41b2b539b5da21ff61c3cffe
./pip/http-v2/b/c/
./pip/http-v2/b/c/c/
./pip/http-v2/b/c/c/7/
./pip/http-v2/b/c/c/7/5/
./pip/http-v2/b/c/c/7/5/bcc758163b8a5f304c4d5b4ea1a23181f017e42b4762dd70b99a029c.body
./pip/http-v2/b/c/c/7/5/bcc758163b8a5f304c4d5b4ea1a23181f017e42b4762dd70b99a029c
./pip/http-v2/b/6/
./pip/http-v2/b/6/6/
./pip/http-v2/b/6/6/e/
./pip/http-v2/b/6/6/e/4/
./pip/http-v2/b/6/6/e/4/b66e41ec9eea7bdf586fdcfb3b4ebd7ffefed3093412806546ce9493
./pip/http-v2/b/6/6/e/4/b66e41ec9eea7bdf586fdcfb3b4ebd7ffefed3093412806546ce9493.body
./pip/http-v2/2/
./pip/http-v2/2/b/
./pip/http-v2/2/b/c/
./pip/http-v2/2/b/c/4/
./pip/http-v2/2/b/c/4/6/
./pip/http-v2/2/b/c/4/6/2bc462f2fe975661ddcee00520817d6e0e56e0d082ec661011b21a6b.body
./pip/http-v2/2/b/c/4/6/2bc462f2fe975661ddcee00520817d6e0e56e0d082ec661011b21a6b
./pip/http-v2/2/4/
./pip/http-v2/2/4/7/
./pip/http-v2/2/4/7/9/
./pip/http-v2/2/4/7/9/2/
./pip/http-v2/2/4/7/9/2/24792b6b712301c7fa2415354c94fbeafcf22c59890f5fb38e54c729
./pip/http-v2/2/4/7/9/2/24792b6b712301c7fa2415354c94fbeafcf22c59890f5fb38e54c729.body
./pip/http-v2/2/4/6/
./pip/http-v2/2/4/6/3/
./pip/http-v2/2/4/6/3/4/
./pip/http-v2/2/4/6/3/4/246341f3ba3308e71e7899a983954ad148c3f36c8186254633b4392d.body
./pip/http-v2/2/4/6/3/4/246341f3ba3308e71e7899a983954ad148c3f36c8186254633b4392d
./pip/http-v2/2/f/
./pip/http-v2/2/f/7/
./pip/http-v2/2/f/7/d/
./pip/http-v2/2/f/7/d/c/
./pip/http-v2/2/f/7/d/c/2f7dcf0c3893a0644f19d1933257d0580bf54ee7924b7b33302df5b8
./pip/http-v2/2/f/7/d/c/2f7dcf0c3893a0644f19d1933257d0580bf54ee7924b7b33302df5b8.body
./pip/http-v2/2/d/
./pip/http-v2/2/d/c/
./pip/http-v2/2/d/c/3/
./pip/http-v2/2/d/c/3/0/
./pip/http-v2/2/d/c/3/0/2dc30bd3cf9018f244c11adc60680bc0078ef94ac5c6e59f554e8a1e
./pip/http-v2/2/d/c/3/0/2dc30bd3cf9018f244c11adc60680bc0078ef94ac5c6e59f554e8a1e.body
./pip/http-v2/2/7/
./pip/http-v2/2/7/9/
./pip/http-v2/2/7/9/2/
./pip/http-v2/2/7/9/2/2/
./pip/http-v2/2/7/9/2/2/2792216cdab73472373ade6eb0b3df5d40d281f430ebc658e3b97156
./pip/http-v2/2/7/9/2/2/2792216cdab73472373ade6eb0b3df5d40d281f430ebc658e3b97156.body
./pip/http-v2/2/7/6/
./pip/http-v2/2/7/6/c/
./pip/http-v2/2/7/6/c/c/
./pip/http-v2/2/7/6/c/c/276cc8b31950d97a31018d113b081bb29a3fbe197f6da6d699da373c.body
./pip/http-v2/2/7/6/c/c/276cc8b31950d97a31018d113b081bb29a3fbe197f6da6d699da373c
./pip/http-v2/2/c/
./pip/http-v2/2/c/e/
./pip/http-v2/2/c/e/0/
./pip/http-v2/2/c/e/0/a/
./pip/http-v2/2/c/e/0/a/2ce0adcc570b4b38937b985c47d29ff0e6507d2955345ba49a864fda.body
./pip/http-v2/2/c/e/0/a/2ce0adcc570b4b38937b985c47d29ff0e6507d2955345ba49a864fda
./pip/http-v2/2/c/3/
./pip/http-v2/2/c/3/1/
./pip/http-v2/2/c/3/1/f/
./pip/http-v2/2/c/3/1/f/2c31fbfc4e12eba496aa1019d93756540f891d17ccd553ed7f702aaa.body
./pip/http-v2/2/c/3/1/f/2c31fbfc4e12eba496aa1019d93756540f891d17ccd553ed7f702aaa
./pip/http-v2/2/9/
./pip/http-v2/2/9/c/
./pip/http-v2/2/9/c/1/
./pip/http-v2/2/9/c/1/7/
./pip/http-v2/2/9/c/1/7/29c17f15629d9ebf095deb8b9b1063f40e2a811115d05a367077f51d.body
./pip/http-v2/2/9/c/1/7/29c17f15629d9ebf095deb8b9b1063f40e2a811115d05a367077f51d
./pip/http-v2/e/
./pip/http-v2/e/b/
./pip/http-v2/e/b/e/
./pip/http-v2/e/b/e/5/
./pip/http-v2/e/b/e/5/7/
./pip/http-v2/e/b/e/5/7/ebe571408a6ccf0ae8bdaa4ad5534546620cb3d5dfc84b42ce83c3f8
./pip/http-v2/e/b/e/5/7/ebe571408a6ccf0ae8bdaa4ad5534546620cb3d5dfc84b42ce83c3f8.body
./pip/http-v2/e/b/c/
./pip/http-v2/e/b/c/e/
./pip/http-v2/e/b/c/e/3/
./pip/http-v2/e/b/c/e/3/ebce3019c369b1b594f02880340a76acd268ebe1099eb20054635695
./pip/http-v2/e/b/c/e/3/ebce3019c369b1b594f02880340a76acd268ebe1099eb20054635695.body
./pip/http-v2/e/2/
./pip/http-v2/e/2/6/
./pip/http-v2/e/2/6/0/
./pip/http-v2/e/2/6/0/1/
./pip/http-v2/e/2/6/0/1/e260174921fc11064a6d933cf008d0b44dbe3cb589aaa6d387790f23
./pip/http-v2/e/2/6/0/1/e260174921fc11064a6d933cf008d0b44dbe3cb589aaa6d387790f23.body
./pip/http-v2/e/e/
./pip/http-v2/e/e/6/
./pip/http-v2/e/e/6/3/
./pip/http-v2/e/e/6/3/a/
./pip/http-v2/e/e/6/3/a/ee63ae0f96fd38544c55518c4c6a9e1a8d5ed2da3af0649fd3418832
./pip/http-v2/e/e/6/3/a/ee63ae0f96fd38544c55518c4c6a9e1a8d5ed2da3af0649fd3418832.body
./pip/http-v2/e/3/
./pip/http-v2/e/3/4/
./pip/http-v2/e/3/4/7/
./pip/http-v2/e/3/4/7/2/
./pip/http-v2/e/3/4/7/2/e3472991c55ba2fbaddced5931d34182eca51c3c130aba12041f2914.body
./pip/http-v2/e/3/4/7/2/e3472991c55ba2fbaddced5931d34182eca51c3c130aba12041f2914
./pip/http-v2/e/3/c/
./pip/http-v2/e/3/c/a/
./pip/http-v2/e/3/c/a/4/
./pip/http-v2/e/3/c/a/4/e3ca448f45a08669f50c85c3ccbd39e47fb27212da5953b57b86e775
./pip/http-v2/e/3/c/a/4/e3ca448f45a08669f50c85c3ccbd39e47fb27212da5953b57b86e775.body
./pip/http-v2/e/1/
./pip/http-v2/e/1/5/
./pip/http-v2/e/1/5/f/
./pip/http-v2/e/1/5/f/a/
./pip/http-v2/e/1/5/f/a/e15fa87e3c11b97cd04f034569d038493687b9e48b97c820667c39b2
./pip/http-v2/e/1/5/f/a/e15fa87e3c11b97cd04f034569d038493687b9e48b97c820667c39b2.body
./pip/http-v2/e/1/a/
./pip/http-v2/e/1/a/1/
./pip/http-v2/e/1/a/1/0/
./pip/http-v2/e/1/a/1/0/e1a102a58d5f97b4d2a7ffd62157f43e68a5808f81e4779f2eb95e89.body
./pip/http-v2/e/1/a/1/0/e1a102a58d5f97b4d2a7ffd62157f43e68a5808f81e4779f2eb95e89
./pip/http-v2/e/1/a/d/
./pip/http-v2/e/1/a/d/4/
./pip/http-v2/e/1/a/d/4/e1ad40135ce702fbafdd1646f6bcb7f750c893652df2e392ed976b04
./pip/http-v2/e/1/a/d/4/e1ad40135ce702fbafdd1646f6bcb7f750c893652df2e392ed976b04.body
./pip/http-v2/e/d/
./pip/http-v2/e/d/7/
./pip/http-v2/e/d/7/e/
./pip/http-v2/e/d/7/e/6/
./pip/http-v2/e/d/7/e/6/ed7e6ec4e9af525dc23c201efa9352a0c58c33181168ca548b2fa5d0.body
./pip/http-v2/e/d/7/e/6/ed7e6ec4e9af525dc23c201efa9352a0c58c33181168ca548b2fa5d0
./pip/http-v2/e/7/
./pip/http-v2/e/7/3/
./pip/http-v2/e/7/3/4/
./pip/http-v2/e/7/3/4/0/
./pip/http-v2/e/7/3/4/0/e7340424716f2739ac1505035212d32a57726d8338109bba39bee8c5.body
./pip/http-v2/e/7/3/4/0/e7340424716f2739ac1505035212d32a57726d8338109bba39bee8c5
./pip/http-v2/e/a/
./pip/http-v2/e/a/c/
./pip/http-v2/e/a/c/6/
./pip/http-v2/e/a/c/6/1/
./pip/http-v2/e/a/c/6/1/eac61126daf80149d2a016f12a54eab5e3b5c1dbc77410ff1a97edc4.body
./pip/http-v2/e/a/c/6/1/eac61126daf80149d2a016f12a54eab5e3b5c1dbc77410ff1a97edc4
./pip/http-v2/3/
./pip/http-v2/3/3/
./pip/http-v2/3/3/2/
./pip/http-v2/3/3/2/7/
./pip/http-v2/3/3/2/7/e/
./pip/http-v2/3/3/2/7/e/3327e3666df596605e3bccaf3bbf488dd424f2d1b184f32bc12495e2
./pip/http-v2/3/3/2/7/e/3327e3666df596605e3bccaf3bbf488dd424f2d1b184f32bc12495e2.body
./pip/http-v2/3/1/
./pip/http-v2/3/1/5/
./pip/http-v2/3/1/5/b/
./pip/http-v2/3/1/5/b/d/
./pip/http-v2/3/1/5/b/d/315bd5994915d999cc934902f11d8d89b7bce4fc77ed43b9a66f4aad
./pip/http-v2/3/1/5/b/d/315bd5994915d999cc934902f11d8d89b7bce4fc77ed43b9a66f4aad.body
./pip/http-v2/3/4/
./pip/http-v2/3/4/5/
./pip/http-v2/3/4/5/7/
./pip/http-v2/3/4/5/7/c/
./pip/http-v2/3/4/5/7/c/3457ceeb165a10e21eb7a09c6caeb600430118fc38a3a3f373a2b189
./pip/http-v2/3/4/5/7/c/3457ceeb165a10e21eb7a09c6caeb600430118fc38a3a3f373a2b189.body
./pip/http-v2/3/d/
./pip/http-v2/3/d/f/
./pip/http-v2/3/d/f/b/
./pip/http-v2/3/d/f/b/9/
./pip/http-v2/3/d/f/b/9/3dfb9b92bb675174625e266f3cce4b0de6e0b6b613dadcb99782264b
./pip/http-v2/3/d/f/b/9/3dfb9b92bb675174625e266f3cce4b0de6e0b6b613dadcb99782264b.body
./pip/http-v2/3/a/
./pip/http-v2/3/a/8/
./pip/http-v2/3/a/8/c/
./pip/http-v2/3/a/8/c/a/
./pip/http-v2/3/a/8/c/a/3a8caeaf524a303d91612b93265040e4ac0af1bfdd50dfe5bbaddd35
./pip/http-v2/3/a/8/c/a/3a8caeaf524a303d91612b93265040e4ac0af1bfdd50dfe5bbaddd35.body
./pip/http-v2/3/a/a/
./pip/http-v2/3/a/a/2/
./pip/http-v2/3/a/a/2/4/
./pip/http-v2/3/a/a/2/4/3aa24854155ec05d63a423b722b40d54670767f22c7421d3d033bea9
./pip/http-v2/3/a/a/2/4/3aa24854155ec05d63a423b722b40d54670767f22c7421d3d033bea9.body
./pip/http-v2/5/
./pip/http-v2/5/b/
./pip/http-v2/5/b/d/
./pip/http-v2/5/b/d/8/
./pip/http-v2/5/b/d/8/9/
./pip/http-v2/5/b/d/8/9/5bd894eeb3dfe1c8aaee1daecdfb74bbb314293813a730238621f077.body
./pip/http-v2/5/b/d/8/9/5bd894eeb3dfe1c8aaee1daecdfb74bbb314293813a730238621f077
./pip/http-v2/5/3/
./pip/http-v2/5/3/8/
./pip/http-v2/5/3/8/b/
./pip/http-v2/5/3/8/b/e/
./pip/http-v2/5/3/8/b/e/538be36b67aed58592cf11521d3ebcb4fac5fe68f180727b31932a16
./pip/http-v2/5/3/8/b/e/538be36b67aed58592cf11521d3ebcb4fac5fe68f180727b31932a16.body
./pip/http-v2/5/5/
./pip/http-v2/5/5/5/
./pip/http-v2/5/5/5/7/
./pip/http-v2/5/5/5/7/d/
./pip/http-v2/5/5/5/7/d/5557d5195e5a71d498bfee7be0220080a3590deb5ff6a871107536f7
./pip/http-v2/5/5/5/7/d/5557d5195e5a71d498bfee7be0220080a3590deb5ff6a871107536f7.body
./pip/http-v2/5/f/
./pip/http-v2/5/f/b/
./pip/http-v2/5/f/b/f/
./pip/http-v2/5/f/b/f/b/
./pip/http-v2/5/f/b/f/b/5fbfb59969024d880b4bbf44bd6101d09b19a294596c2e63b04b4d4e
./pip/http-v2/5/f/b/f/b/5fbfb59969024d880b4bbf44bd6101d09b19a294596c2e63b04b4d4e.body
./pip/http-v2/5/d/
./pip/http-v2/5/d/8/
./pip/http-v2/5/d/8/6/
./pip/http-v2/5/d/8/6/2/
./pip/http-v2/5/d/8/6/2/5d862704d3e17307bb96b138da639ffd45fddd47817efcb99021385f.body
./pip/http-v2/5/d/8/6/2/5d862704d3e17307bb96b138da639ffd45fddd47817efcb99021385f
./pip/http-v2/5/c/
./pip/http-v2/5/c/f/
./pip/http-v2/5/c/f/f/
./pip/http-v2/5/c/f/f/5/
./pip/http-v2/5/c/f/f/5/5cff595d0a3ee2f36d207d42a34258650f0edafd4480037084a35cf9.body
./pip/http-v2/5/c/f/f/5/5cff595d0a3ee2f36d207d42a34258650f0edafd4480037084a35cf9
./pip/http-v2/5/8/
./pip/http-v2/5/8/2/
./pip/http-v2/5/8/2/b/
./pip/http-v2/5/8/2/b/d/
./pip/http-v2/5/8/2/b/d/582bd3ebd46f2e59ab4dbbc1aaa74f2d7eaaa93ce5177e2d1289d88f
./pip/http-v2/5/8/2/b/d/582bd3ebd46f2e59ab4dbbc1aaa74f2d7eaaa93ce5177e2d1289d88f.body
./pip/http-v2/5/9/
./pip/http-v2/5/9/6/
./pip/http-v2/5/9/6/7/
./pip/http-v2/5/9/6/7/5/
./pip/http-v2/5/9/6/7/5/596758aa4c6b168cf797481bc7a8a088f32f40699f2e9d0b14ba0ee6
./pip/http-v2/5/9/6/7/5/596758aa4c6b168cf797481bc7a8a088f32f40699f2e9d0b14ba0ee6.body
./pip/http-v2/5/a/
./pip/http-v2/5/a/0/
./pip/http-v2/5/a/0/e/
./pip/http-v2/5/a/0/e/8/
./pip/http-v2/5/a/0/e/8/5a0e822c64c6d1f33f153767105760052e23ef8293f8ec21cf53e92b
./pip/http-v2/5/a/0/e/8/5a0e822c64c6d1f33f153767105760052e23ef8293f8ec21cf53e92b.body
./pip/http-v2/1/
./pip/http-v2/1/2/
./pip/http-v2/1/2/c/
./pip/http-v2/1/2/c/3/
./pip/http-v2/1/2/c/3/7/
./pip/http-v2/1/2/c/3/7/12c376519054a2811901df28298350e5a77eb45f28b635b46534c79e.body
./pip/http-v2/1/2/c/3/7/12c376519054a2811901df28298350e5a77eb45f28b635b46534c79e
./pip/http-v2/1/e/
./pip/http-v2/1/e/d/
./pip/http-v2/1/e/d/5/
./pip/http-v2/1/e/d/5/5/
./pip/http-v2/1/e/d/5/5/1ed556defd2a8ab2cc731547ac075b6d45780b497beca6fbad1e4b42
./pip/http-v2/1/e/d/5/5/1ed556defd2a8ab2cc731547ac075b6d45780b497beca6fbad1e4b42.body
./pip/http-v2/1/4/
./pip/http-v2/1/4/a/
./pip/http-v2/1/4/a/3/
./pip/http-v2/1/4/a/3/f/
./pip/http-v2/1/4/a/3/f/14a3fdc65f5d159567ed60f0626ce415ad61a7f19a2a5fbaa27cb32a.body
./pip/http-v2/1/4/a/3/f/14a3fdc65f5d159567ed60f0626ce415ad61a7f19a2a5fbaa27cb32a
./pip/http-v2/1/d/
./pip/http-v2/1/d/c/
./pip/http-v2/1/d/c/7/
./pip/http-v2/1/d/c/7/c/
./pip/http-v2/1/d/c/7/c/1dc7ce17556b2f5fa8d37868e012fe78e46eaffb2155ae42abb70bb8.body
./pip/http-v2/1/d/c/7/c/1dc7ce17556b2f5fa8d37868e012fe78e46eaffb2155ae42abb70bb8
./pip/http-v2/1/7/
./pip/http-v2/1/7/4/
./pip/http-v2/1/7/4/e/
./pip/http-v2/1/7/4/e/0/
./pip/http-v2/1/7/4/e/0/174e0c8e09403c95bd77186171426100cf56c82e5254b9d4ca7e1b4c
./pip/http-v2/1/7/4/e/0/174e0c8e09403c95bd77186171426100cf56c82e5254b9d4ca7e1b4c.body
./pip/http-v2/1/0/
./pip/http-v2/1/0/b/
./pip/http-v2/1/0/b/2/
./pip/http-v2/1/0/b/2/a/
./pip/http-v2/1/0/b/2/a/10b2a8b62ea67a4cd49d0d353a09c43832fb02ba7b3a804e29c73417
./pip/http-v2/1/0/b/2/a/10b2a8b62ea67a4cd49d0d353a09c43832fb02ba7b3a804e29c73417.body
./pip/http-v2/1/0/e/
./pip/http-v2/1/0/e/9/
./pip/http-v2/1/0/e/9/2/
./pip/http-v2/1/0/e/9/2/10e920455aff9b9abbfbd27e192530e13bfdc790cc01875bba4121a4
./pip/http-v2/1/0/e/9/2/10e920455aff9b9abbfbd27e192530e13bfdc790cc01875bba4121a4.body
./pip/http-v2/1/c/
./pip/http-v2/1/c/5/
./pip/http-v2/1/c/5/3/
./pip/http-v2/1/c/5/3/c/
./pip/http-v2/1/c/5/3/c/1c53c20d66bacf7408ac53181a0cca22d543e6c77dc2c742cca13388.body
./pip/http-v2/1/c/5/3/c/1c53c20d66bacf7408ac53181a0cca22d543e6c77dc2c742cca13388
./pip/http-v2/1/c/c/
./pip/http-v2/1/c/c/4/
./pip/http-v2/1/c/c/4/5/
./pip/http-v2/1/c/c/4/5/1cc455737ed6cac4380f1ca802f9f660a87adbc732ff787e825a9829
./pip/http-v2/1/c/c/4/5/1cc455737ed6cac4380f1ca802f9f660a87adbc732ff787e825a9829.body
./pip/http-v2/1/6/
./pip/http-v2/1/6/f/
./pip/http-v2/1/6/f/6/
./pip/http-v2/1/6/f/6/c/
./pip/http-v2/1/6/f/6/c/16f6c7250aadc1419e2586a45ff8b6eef68f89102c30d1fe3b57d054.body
./pip/http-v2/1/6/f/6/c/16f6c7250aadc1419e2586a45ff8b6eef68f89102c30d1fe3b57d054
./pip/http-v2/1/6/0/
./pip/http-v2/1/6/0/f/
./pip/http-v2/1/6/0/f/2/
./pip/http-v2/1/6/0/f/2/160f228b0e6eecca07dbf090c7e295b3fb93fb6425a893c53b424d20.body
./pip/http-v2/1/6/0/f/2/160f228b0e6eecca07dbf090c7e295b3fb93fb6425a893c53b424d20
./pip/http-v2/1/6/9/
./pip/http-v2/1/6/9/3/
./pip/http-v2/1/6/9/3/2/
./pip/http-v2/1/6/9/3/2/1693297fb9daf7bfe370bf51d371acfeb8ff40759bf8650dfd404ba4
./pip/http-v2/1/6/9/3/2/1693297fb9daf7bfe370bf51d371acfeb8ff40759bf8650dfd404ba4.body
./pip/http-v2/4/
./pip/http-v2/4/b/
./pip/http-v2/4/b/e/
./pip/http-v2/4/b/e/0/
./pip/http-v2/4/b/e/0/7/
./pip/http-v2/4/b/e/0/7/4be07d3ac353e38d2c9e3a257cad36ee2a758fc88b4cd5f0d479a5a9.body
./pip/http-v2/4/b/e/0/7/4be07d3ac353e38d2c9e3a257cad36ee2a758fc88b4cd5f0d479a5a9
./pip/http-v2/4/1/
./pip/http-v2/4/1/3/
./pip/http-v2/4/1/3/1/
./pip/http-v2/4/1/3/1/1/
./pip/http-v2/4/1/3/1/1/41311a22b69662f77ef6561c1ef8526127d416ef9baca5b2a1297d10.body
./pip/http-v2/4/1/3/1/1/41311a22b69662f77ef6561c1ef8526127d416ef9baca5b2a1297d10
./pip/http-v2/4/d/
./pip/http-v2/4/d/7/
./pip/http-v2/4/d/7/5/
./pip/http-v2/4/d/7/5/e/
./pip/http-v2/4/d/7/5/e/4d75e65dff914facce83de04c93cd89305f0b11d18ddd5b532dd7c93
./pip/http-v2/4/d/7/5/e/4d75e65dff914facce83de04c93cd89305f0b11d18ddd5b532dd7c93.body
./pip/http-v2/4/7/
./pip/http-v2/4/7/7/
./pip/http-v2/4/7/7/8/
./pip/http-v2/4/7/7/8/8/
./pip/http-v2/4/7/7/8/8/4778812682db4ecbea89c8e74988d4a5d640cff54d376592bfe57bdd
./pip/http-v2/4/7/7/8/8/4778812682db4ecbea89c8e74988d4a5d640cff54d376592bfe57bdd.body
./pip/http-v2/4/0/
./pip/http-v2/4/0/0/
./pip/http-v2/4/0/0/d/
./pip/http-v2/4/0/0/d/b/
./pip/http-v2/4/0/0/d/b/400db3c9a550719d76958c9c597bfbff6eb98533f684c02cc870de92
./pip/http-v2/4/0/0/d/b/400db3c9a550719d76958c9c597bfbff6eb98533f684c02cc870de92.body
./pip/http-v2/4/a/
./pip/http-v2/4/a/2/
./pip/http-v2/4/a/2/d/
./pip/http-v2/4/a/2/d/0/
./pip/http-v2/4/a/2/d/0/4a2d08f08d1215920f5bae485154e098c2838b5778e116eca555af6c.body
./pip/http-v2/4/a/2/d/0/4a2d08f08d1215920f5bae485154e098c2838b5778e116eca555af6c
./pip/http-v2/f/
./pip/http-v2/f/b/
./pip/http-v2/f/b/8/
./pip/http-v2/f/b/8/c/
./pip/http-v2/f/b/8/c/c/
./pip/http-v2/f/b/8/c/c/fb8cc0e7d180a3f3e8f3e2e4b79a80a5316b6f60b074d5c7cf1b0158.body
./pip/http-v2/f/b/8/c/c/fb8cc0e7d180a3f3e8f3e2e4b79a80a5316b6f60b074d5c7cf1b0158
./pip/http-v2/f/e/
./pip/http-v2/f/e/f/
./pip/http-v2/f/e/f/b/
./pip/http-v2/f/e/f/b/2/
./pip/http-v2/f/e/f/b/2/fefb2b77a0f5396c7ffe59fc1146ca58ceccf70370d684cc39adeb5c
./pip/http-v2/f/e/f/b/2/fefb2b77a0f5396c7ffe59fc1146ca58ceccf70370d684cc39adeb5c.body
./pip/http-v2/f/3/
./pip/http-v2/f/3/8/
./pip/http-v2/f/3/8/6/
./pip/http-v2/f/3/8/6/3/
./pip/http-v2/f/3/8/6/3/f386353d88ad709af6af19b2f4f10b951ed7be6c5154e43f9253ffbe.body
./pip/http-v2/f/3/8/6/3/f386353d88ad709af6af19b2f4f10b951ed7be6c5154e43f9253ffbe
./pip/http-v2/f/3/a/
./pip/http-v2/f/3/a/6/
./pip/http-v2/f/3/a/6/5/
./pip/http-v2/f/3/a/6/5/f3a6530dc7fb03fabb45f38f86d64f93ec229749526b88172b3d7d2f.body
./pip/http-v2/f/3/a/6/5/f3a6530dc7fb03fabb45f38f86d64f93ec229749526b88172b3d7d2f
./pip/http-v2/f/1/
./pip/http-v2/f/1/e/
./pip/http-v2/f/1/e/a/
./pip/http-v2/f/1/e/a/c/
./pip/http-v2/f/1/e/a/c/f1eac0b9482974622676b064d4ecc0b6c3b5e971d98a78112d1621f0
./pip/http-v2/f/1/e/a/c/f1eac0b9482974622676b064d4ecc0b6c3b5e971d98a78112d1621f0.body
./pip/http-v2/f/f/
./pip/http-v2/f/f/f/
./pip/http-v2/f/f/f/a/
./pip/http-v2/f/f/f/a/6/
./pip/http-v2/f/f/f/a/6/fffa6d1be8558bdecaf0ea823d2417f7e67d03320346b7969dd94299
./pip/http-v2/f/f/f/a/6/fffa6d1be8558bdecaf0ea823d2417f7e67d03320346b7969dd94299.body
./pip/http-v2/f/7/
./pip/http-v2/f/7/8/
./pip/http-v2/f/7/8/f/
./pip/http-v2/f/7/8/f/5/
./pip/http-v2/f/7/8/f/5/f78f5ae1a4d1d5b54898ef8376138d09d83e7718b527ba8cdb86bbfe
./pip/http-v2/f/7/8/f/5/f78f5ae1a4d1d5b54898ef8376138d09d83e7718b527ba8cdb86bbfe.body
./pip/http-v2/f/8/
./pip/http-v2/f/8/3/
./pip/http-v2/f/8/3/a/
./pip/http-v2/f/8/3/a/6/
./pip/http-v2/f/8/3/a/6/f83a628f790f73324dfc4c3ddc6573a5994082e400803841feb80ce7.body
./pip/http-v2/f/8/3/a/6/f83a628f790f73324dfc4c3ddc6573a5994082e400803841feb80ce7
./pip/http-v2/d/
./pip/http-v2/d/5/
./pip/http-v2/d/5/2/
./pip/http-v2/d/5/2/4/
./pip/http-v2/d/5/2/4/c/
./pip/http-v2/d/5/2/4/c/d524cebd3a5eb70443b24156e0b8c633e0762c984be826720ec35a1c
./pip/http-v2/d/5/2/4/c/d524cebd3a5eb70443b24156e0b8c633e0762c984be826720ec35a1c.body
./pip/http-v2/d/5/4/
./pip/http-v2/d/5/4/b/
./pip/http-v2/d/5/4/b/b/
./pip/http-v2/d/5/4/b/b/d54bb21df9a8549867c7c0c30dcdda927be8994b07f4c933db9a04ab.body
./pip/http-v2/d/5/4/b/b/d54bb21df9a8549867c7c0c30dcdda927be8994b07f4c933db9a04ab
./pip/http-v2/d/1/
./pip/http-v2/d/1/a/
./pip/http-v2/d/1/a/6/
./pip/http-v2/d/1/a/6/9/
./pip/http-v2/d/1/a/6/9/d1a69c7ba135ed6f59154f52deec3d289c299602e98c37fbb1fd8f00
./pip/http-v2/d/1/a/6/9/d1a69c7ba135ed6f59154f52deec3d289c299602e98c37fbb1fd8f00.body
./pip/http-v2/d/9/
./pip/http-v2/d/9/c/
./pip/http-v2/d/9/c/7/
./pip/http-v2/d/9/c/7/e/
./pip/http-v2/d/9/c/7/e/d9c7e14f8d672302ea2ed488c03cec7c8abdf2a99ae27cda4b552f99.body
./pip/http-v2/d/9/c/7/e/d9c7e14f8d672302ea2ed488c03cec7c8abdf2a99ae27cda4b552f99
./pip/http-v2/7/
./pip/http-v2/7/3/
./pip/http-v2/7/3/c/
./pip/http-v2/7/3/c/8/
./pip/http-v2/7/3/c/8/f/
./pip/http-v2/7/3/c/8/f/73c8f26f091b38dca482f8f706922b4ac4b8a3dccdb22a0ee472df1d.body
./pip/http-v2/7/3/c/8/f/73c8f26f091b38dca482f8f706922b4ac4b8a3dccdb22a0ee472df1d
./pip/http-v2/7/5/
./pip/http-v2/7/5/d/
./pip/http-v2/7/5/d/a/
./pip/http-v2/7/5/d/a/d/
./pip/http-v2/7/5/d/a/d/75dadf429a17c696047b62c7b3928d4eb73e8b7aa1a2f513aaf3fe03.body
./pip/http-v2/7/5/d/a/d/75dadf429a17c696047b62c7b3928d4eb73e8b7aa1a2f513aaf3fe03
./pip/http-v2/7/4/
./pip/http-v2/7/4/b/
./pip/http-v2/7/4/b/d/
./pip/http-v2/7/4/b/d/f/
./pip/http-v2/7/4/b/d/f/74bdf372f3d845193f395b9ba4ed91510cd09dc32621fc25fe02568d
./pip/http-v2/7/4/b/d/f/74bdf372f3d845193f395b9ba4ed91510cd09dc32621fc25fe02568d.body
./pip/http-v2/7/d/
./pip/http-v2/7/d/0/
./pip/http-v2/7/d/0/6/
./pip/http-v2/7/d/0/6/d/
./pip/http-v2/7/d/0/6/d/7d06ddc2f8070ce09a5a2290e2020c460e8ab32b6a2c6b69fc06e979
./pip/http-v2/7/d/0/6/d/7d06ddc2f8070ce09a5a2290e2020c460e8ab32b6a2c6b69fc06e979.body
./pip/http-v2/7/7/
./pip/http-v2/7/7/4/
./pip/http-v2/7/7/4/6/
./pip/http-v2/7/7/4/6/9/
./pip/http-v2/7/7/4/6/9/77469a77c0c5007f8e0ef36b73b2bdb8cbe7d9c8be102fd7d4efaf35
./pip/http-v2/7/7/4/6/9/77469a77c0c5007f8e0ef36b73b2bdb8cbe7d9c8be102fd7d4efaf35.body
./pip/http-v2/7/0/
./pip/http-v2/7/0/2/
./pip/http-v2/7/0/2/a/
./pip/http-v2/7/0/2/a/9/
./pip/http-v2/7/0/2/a/9/702a99ff4a6931060011576c8195e05487cf18d761488a5a54b89176.body
./pip/http-v2/7/0/2/a/9/702a99ff4a6931060011576c8195e05487cf18d761488a5a54b89176
./pip/http-v2/7/c/
./pip/http-v2/7/c/3/
./pip/http-v2/7/c/3/3/
./pip/http-v2/7/c/3/3/0/
./pip/http-v2/7/c/3/3/0/7c3304beae515f2abd0cd08f83026c44434aa0c8e9fda97650cac5c4
./pip/http-v2/7/c/3/3/0/7c3304beae515f2abd0cd08f83026c44434aa0c8e9fda97650cac5c4.body
./pip/http-v2/7/8/
./pip/http-v2/7/8/9/
./pip/http-v2/7/8/9/9/
./pip/http-v2/7/8/9/9/6/
./pip/http-v2/7/8/9/9/6/78996f71eb6e2bbb2807f88ca85d2022d7721fbc667bc99d835fb3b8
./pip/http-v2/7/8/9/9/6/78996f71eb6e2bbb2807f88ca85d2022d7721fbc667bc99d835fb3b8.body
./pip/http-v2/7/9/
./pip/http-v2/7/9/3/
./pip/http-v2/7/9/3/2/
./pip/http-v2/7/9/3/2/2/
./pip/http-v2/7/9/3/2/2/79322883ec81e3ced280782ca45c9dc436dd8eec78c81b634338bb14.body
./pip/http-v2/7/9/3/2/2/79322883ec81e3ced280782ca45c9dc436dd8eec78c81b634338bb14
./pip/http-v2/7/a/
./pip/http-v2/7/a/5/
./pip/http-v2/7/a/5/f/
./pip/http-v2/7/a/5/f/7/
./pip/http-v2/7/a/5/f/7/7a5f717e7b3fb99ec006f4d173aad55224eb063005c662c586ba0518
./pip/http-v2/7/a/5/f/7/7a5f717e7b3fb99ec006f4d173aad55224eb063005c662c586ba0518.body
./pip/http-v2/7/a/9/
./pip/http-v2/7/a/9/5/
./pip/http-v2/7/a/9/5/6/
./pip/http-v2/7/a/9/5/6/7a9567dc06cf50f2796fd8b7f5ee9aecfb9301a06daa2d35ee4fbc29
./pip/http-v2/7/a/9/5/6/7a9567dc06cf50f2796fd8b7f5ee9aecfb9301a06daa2d35ee4fbc29.body
./pip/http-v2/0/
./pip/http-v2/0/3/
./pip/http-v2/0/3/a/
./pip/http-v2/0/3/a/b/
./pip/http-v2/0/3/a/b/b/
./pip/http-v2/0/3/a/b/b/03abbb60b54770376477f0b8bc2193f147d7a497e3ed9dbead86a20c
./pip/http-v2/0/3/a/b/b/03abbb60b54770376477f0b8bc2193f147d7a497e3ed9dbead86a20c.body
./pip/http-v2/0/1/
./pip/http-v2/0/1/8/
./pip/http-v2/0/1/8/b/
./pip/http-v2/0/1/8/b/8/
./pip/http-v2/0/1/8/b/8/018b834640684e77f2cdf9eeb9b5951da6e5f13e19a8dc3c87a93f18.body
./pip/http-v2/0/1/8/b/8/018b834640684e77f2cdf9eeb9b5951da6e5f13e19a8dc3c87a93f18
./pip/http-v2/0/1/8/c/
./pip/http-v2/0/1/8/c/8/
./pip/http-v2/0/1/8/c/8/018c84695461fc27b3181e83cd3962242312b6cfd989559867ce1775.body
./pip/http-v2/0/1/8/c/8/018c84695461fc27b3181e83cd3962242312b6cfd989559867ce1775
./pip/http-v2/0/4/
./pip/http-v2/0/4/7/
./pip/http-v2/0/4/7/4/
./pip/http-v2/0/4/7/4/a/
./pip/http-v2/0/4/7/4/a/0474acbd691f7b2f47506536670f1951591e61ed6d94f6c0a3f376af
./pip/http-v2/0/4/7/4/a/0474acbd691f7b2f47506536670f1951591e61ed6d94f6c0a3f376af.body
./pip/http-v2/0/d/
./pip/http-v2/0/d/5/
./pip/http-v2/0/d/5/d/
./pip/http-v2/0/d/5/d/5/
./pip/http-v2/0/d/5/d/5/0d5d52a7516beea0e4c083745e69d595c00d725cbf172b3dc6cb318b
./pip/http-v2/0/d/5/d/5/0d5d52a7516beea0e4c083745e69d595c00d725cbf172b3dc6cb318b.body
./pip/http-v2/0/d/9/
./pip/http-v2/0/d/9/0/
./pip/http-v2/0/d/9/0/5/
./pip/http-v2/0/d/9/0/5/0d905c659328eb83fc0773b27910830aa00d2327cb436b8613f164a6
./pip/http-v2/0/d/9/0/5/0d905c659328eb83fc0773b27910830aa00d2327cb436b8613f164a6.body
./pip/http-v2/0/7/
./pip/http-v2/0/7/f/
./pip/http-v2/0/7/f/1/
./pip/http-v2/0/7/f/1/4/
./pip/http-v2/0/7/f/1/4/07f144dba198008d2fd8dedec40a2f93ce39b903bf8a3294e084a4b9
./pip/http-v2/0/7/f/1/4/07f144dba198008d2fd8dedec40a2f93ce39b903bf8a3294e084a4b9.body
./pip/http-v2/0/a/
./pip/http-v2/0/a/5/
./pip/http-v2/0/a/5/b/
./pip/http-v2/0/a/5/b/5/
./pip/http-v2/0/a/5/b/5/0a5b50aac9e22911a9e07de7b70cb2f99a1d1ad2d2a475d992a5dde9
./pip/http-v2/0/a/5/b/5/0a5b50aac9e22911a9e07de7b70cb2f99a1d1ad2d2a475d992a5dde9.body
./pip/http-v2/0/a/6/
./pip/http-v2/0/a/6/b/
./pip/http-v2/0/a/6/b/7/
./pip/http-v2/0/a/6/b/7/0a6b76df38e61ac4e1f757a1132d2c6424dcb9c23751423afee448ac
./pip/http-v2/0/a/6/b/7/0a6b76df38e61ac4e1f757a1132d2c6424dcb9c23751423afee448ac.body
./pip/http-v2/0/6/
./pip/http-v2/0/6/a/
./pip/http-v2/0/6/a/1/
./pip/http-v2/0/6/a/1/0/
./pip/http-v2/0/6/a/1/0/06a10a01993b98a46b24126de4370c3ed430c734a40d6ac34065ddcf.body
./pip/http-v2/0/6/a/1/0/06a10a01993b98a46b24126de4370c3ed430c734a40d6ac34065ddcf
./pip/http-v2/c/
./pip/http-v2/c/5/
./pip/http-v2/c/5/b/
./pip/http-v2/c/5/b/8/
./pip/http-v2/c/5/b/8/5/
./pip/http-v2/c/5/b/8/5/c5b85f481e67e85c50dc7b9452140707bffee28f88fb0976ebee853e
./pip/http-v2/c/5/b/8/5/c5b85f481e67e85c50dc7b9452140707bffee28f88fb0976ebee853e.body
./pip/http-v2/c/4/
./pip/http-v2/c/4/1/
./pip/http-v2/c/4/1/9/
./pip/http-v2/c/4/1/9/b/
./pip/http-v2/c/4/1/9/b/c419b5211317322d2f929c4249b25fb3a2a5deaac5ca898ef2889e82.body
./pip/http-v2/c/4/1/9/b/c419b5211317322d2f929c4249b25fb3a2a5deaac5ca898ef2889e82
./pip/http-v2/c/f/
./pip/http-v2/c/f/e/
./pip/http-v2/c/f/e/5/
./pip/http-v2/c/f/e/5/3/
./pip/http-v2/c/f/e/5/3/cfe53db609feaba2efb2139916693c3ff859e7f1e6e6e557fbd82ae0
./pip/http-v2/c/f/e/5/3/cfe53db609feaba2efb2139916693c3ff859e7f1e6e6e557fbd82ae0.body
./pip/http-v2/c/7/
./pip/http-v2/c/7/e/
./pip/http-v2/c/7/e/5/
./pip/http-v2/c/7/e/5/4/
./pip/http-v2/c/7/e/5/4/c7e543c1b06a0eed672478d859516a888756ccd88c7591394a11b88b
./pip/http-v2/c/7/e/5/4/c7e543c1b06a0eed672478d859516a888756ccd88c7591394a11b88b.body
./pip/http-v2/c/0/
./pip/http-v2/c/0/e/
./pip/http-v2/c/0/e/8/
./pip/http-v2/c/0/e/8/5/
./pip/http-v2/c/0/e/8/5/c0e854830132b4466a4ad702e2f7168f1253a791e391b297676ef2cd
./pip/http-v2/c/0/e/8/5/c0e854830132b4466a4ad702e2f7168f1253a791e391b297676ef2cd.body
./pip/http-v2/c/0/4/
./pip/http-v2/c/0/4/0/
./pip/http-v2/c/0/4/0/0/
./pip/http-v2/c/0/4/0/0/c0400f4849a16bb7ec1db13ba6d964327b0869995ab53c54f6668654
./pip/http-v2/c/0/4/0/0/c0400f4849a16bb7ec1db13ba6d964327b0869995ab53c54f6668654.body
./pip/http-v2/c/0/8/
./pip/http-v2/c/0/8/a/
./pip/http-v2/c/0/8/a/6/
./pip/http-v2/c/0/8/a/6/c08a6df1b957468ecc0617cb25c4cbe5d7a75a13d2edfe789c8f8474.body
./pip/http-v2/c/0/8/a/6/c08a6df1b957468ecc0617cb25c4cbe5d7a75a13d2edfe789c8f8474
./pip/http-v2/c/9/
./pip/http-v2/c/9/b/
./pip/http-v2/c/9/b/7/
./pip/http-v2/c/9/b/7/2/
./pip/http-v2/c/9/b/7/2/c9b724e93fcd5c77494c939239c6cd418d87092dac3861aeb3341f53
./pip/http-v2/c/9/b/7/2/c9b724e93fcd5c77494c939239c6cd418d87092dac3861aeb3341f53.body
./pip/http-v2/8/
./pip/http-v2/8/b/
./pip/http-v2/8/b/2/
./pip/http-v2/8/b/2/4/
./pip/http-v2/8/b/2/4/2/
./pip/http-v2/8/b/2/4/2/8b24226e2da88df4abeee0d8ca6bce79b19ca2bcd5f94b543939c66c
./pip/http-v2/8/b/2/4/2/8b24226e2da88df4abeee0d8ca6bce79b19ca2bcd5f94b543939c66c.body
./pip/http-v2/8/b/2/d/
./pip/http-v2/8/b/2/d/5/
./pip/http-v2/8/b/2/d/5/8b2d5cd96f9bc56ca000ce7495c5c3d37a830faf47a5d9e5b6b4a372
./pip/http-v2/8/b/2/d/5/8b2d5cd96f9bc56ca000ce7495c5c3d37a830faf47a5d9e5b6b4a372.body
./pip/http-v2/8/2/
./pip/http-v2/8/2/c/
./pip/http-v2/8/2/c/b/
./pip/http-v2/8/2/c/b/6/
./pip/http-v2/8/2/c/b/6/82cb6a7ab0f2277a7c78261aeaa1f2c561796b9321bfd8c2937c5fa0
./pip/http-v2/8/2/c/b/6/82cb6a7ab0f2277a7c78261aeaa1f2c561796b9321bfd8c2937c5fa0.body
./pip/http-v2/8/3/
./pip/http-v2/8/3/a/
./pip/http-v2/8/3/a/9/
./pip/http-v2/8/3/a/9/9/
./pip/http-v2/8/3/a/9/9/83a99ac063795cf6d06df343c06449f8777237c8c3ad06917c4344ef
./pip/http-v2/8/3/a/9/9/83a99ac063795cf6d06df343c06449f8777237c8c3ad06917c4344ef.body
./pip/http-v2/8/f/
./pip/http-v2/8/f/7/
./pip/http-v2/8/f/7/8/
./pip/http-v2/8/f/7/8/a/
./pip/http-v2/8/f/7/8/a/8f78a59c750512c5eff98117526033c3ddca4a99c7d75426a1ad4942.body
./pip/http-v2/8/f/7/8/a/8f78a59c750512c5eff98117526033c3ddca4a99c7d75426a1ad4942
./pip/http-v2/8/d/
./pip/http-v2/8/d/7/
./pip/http-v2/8/d/7/b/
./pip/http-v2/8/d/7/b/3/
./pip/http-v2/8/d/7/b/3/8d7b3f2f28d3904f27812a77ebf3de3377254de8985724c01645ae50.body
./pip/http-v2/8/d/7/b/3/8d7b3f2f28d3904f27812a77ebf3de3377254de8985724c01645ae50
./pip/http-v2/8/d/0/
./pip/http-v2/8/d/0/e/
./pip/http-v2/8/d/0/e/1/
./pip/http-v2/8/d/0/e/1/8d0e104919449355aedb55b5b546bb9fd53f0e1a8ca1b082109464e9.body
./pip/http-v2/8/d/0/e/1/8d0e104919449355aedb55b5b546bb9fd53f0e1a8ca1b082109464e9
./pip/http-v2/8/9/
./pip/http-v2/8/9/2/
./pip/http-v2/8/9/2/4/
./pip/http-v2/8/9/2/4/c/
./pip/http-v2/8/9/2/4/c/8924c3d1cd569941062011f905a81971db931364147250e16bc6c7e0
./pip/http-v2/8/9/2/4/c/8924c3d1cd569941062011f905a81971db931364147250e16bc6c7e0.body
./pip/http-v2/8/9/d/
./pip/http-v2/8/9/d/4/
./pip/http-v2/8/9/d/4/f/
./pip/http-v2/8/9/d/4/f/89d4f8ce288f50d0c6c6ccb29069f93a7519800c5241268a47e81b03.body
./pip/http-v2/8/9/d/4/f/89d4f8ce288f50d0c6c6ccb29069f93a7519800c5241268a47e81b03
./pip/http-v2/8/6/
./pip/http-v2/8/6/a/
./pip/http-v2/8/6/a/e/
./pip/http-v2/8/6/a/e/e/
./pip/http-v2/8/6/a/e/e/86aee25fb1ab081ce31839705a1acf6fb5dab751f7dbf79a810a4dd3
./pip/http-v2/8/6/a/e/e/86aee25fb1ab081ce31839705a1acf6fb5dab751f7dbf79a810a4dd3.body
./pip/http-v2/9/
./pip/http-v2/9/b/
./pip/http-v2/9/b/3/
./pip/http-v2/9/b/3/8/
./pip/http-v2/9/b/3/8/7/
./pip/http-v2/9/b/3/8/7/9b387c5fd549b524d87a3ca9143483009cc9aa4454c4eaebd4ddd014
./pip/http-v2/9/b/3/8/7/9b387c5fd549b524d87a3ca9143483009cc9aa4454c4eaebd4ddd014.body
./pip/http-v2/9/e/
./pip/http-v2/9/e/0/
./pip/http-v2/9/e/0/f/
./pip/http-v2/9/e/0/f/4/
./pip/http-v2/9/e/0/f/4/9e0f4d818efdba8dd6fc80c2906fc5e2361a1589df556aa909eeaedc.body
./pip/http-v2/9/e/0/f/4/9e0f4d818efdba8dd6fc80c2906fc5e2361a1589df556aa909eeaedc
./pip/http-v2/9/4/
./pip/http-v2/9/4/4/
./pip/http-v2/9/4/4/d/
./pip/http-v2/9/4/4/d/b/
./pip/http-v2/9/4/4/d/b/944db8f70a69c39da1befe2f0d1463a4c5e5f43047da56501a4aae78.body
./pip/http-v2/9/4/4/d/b/944db8f70a69c39da1befe2f0d1463a4c5e5f43047da56501a4aae78
./pip/http-v2/9/f/
./pip/http-v2/9/f/9/
./pip/http-v2/9/f/9/3/
./pip/http-v2/9/f/9/3/3/
./pip/http-v2/9/f/9/3/3/9f93306d7b672475999e1ccb003ed535876b07060341d71f2c054af0
./pip/http-v2/9/f/9/3/3/9f93306d7b672475999e1ccb003ed535876b07060341d71f2c054af0.body
./pip/http-v2/9/7/
./pip/http-v2/9/7/b/
./pip/http-v2/9/7/b/4/
./pip/http-v2/9/7/b/4/9/
./pip/http-v2/9/7/b/4/9/97b49edeec5ae128454233546804d58471840f0b7b0d81dd0f64af1d
./pip/http-v2/9/7/b/4/9/97b49edeec5ae128454233546804d58471840f0b7b0d81dd0f64af1d.body
./pip/http-v2/9/7/d/
./pip/http-v2/9/7/d/7/
./pip/http-v2/9/7/d/7/a/
./pip/http-v2/9/7/d/7/a/97d7a9f2ec0053ae5993344c606ed7a450c424833163564273bab08a.body
./pip/http-v2/9/7/d/7/a/97d7a9f2ec0053ae5993344c606ed7a450c424833163564273bab08a
./pip/http-v2/9/7/c/
./pip/http-v2/9/7/c/a/
./pip/http-v2/9/7/c/a/0/
./pip/http-v2/9/7/c/a/0/97ca0a594a619806ce5c0dbbf819fff8493fab32bd5b660eeaced37f.body
./pip/http-v2/9/7/c/a/0/97ca0a594a619806ce5c0dbbf819fff8493fab32bd5b660eeaced37f
./pip/http-v2/9/7/6/
./pip/http-v2/9/7/6/0/
./pip/http-v2/9/7/6/0/e/
./pip/http-v2/9/7/6/0/e/9760ef60d9849aa978ef5961d65219c896d8a2b7b2c817b3d9ec9bf2
./pip/http-v2/9/7/6/0/e/9760ef60d9849aa978ef5961d65219c896d8a2b7b2c817b3d9ec9bf2.body
./pip/http-v2/9/c/
./pip/http-v2/9/c/b/
./pip/http-v2/9/c/b/d/
./pip/http-v2/9/c/b/d/7/
./pip/http-v2/9/c/b/d/7/9cbd7878a3e16017e89ba5e63f601213dfcfdb65a444c7a01fca2742.body
./pip/http-v2/9/c/b/d/7/9cbd7878a3e16017e89ba5e63f601213dfcfdb65a444c7a01fca2742
./pip/http-v2/a/
./pip/http-v2/a/3/
./pip/http-v2/a/3/c/
./pip/http-v2/a/3/c/5/
./pip/http-v2/a/3/c/5/4/
./pip/http-v2/a/3/c/5/4/a3c54e41da6da7b8a2160ffeb9870941024b89e4b94a3972d798b854.body
./pip/http-v2/a/3/c/5/4/a3c54e41da6da7b8a2160ffeb9870941024b89e4b94a3972d798b854
./pip/http-v2/a/1/
./pip/http-v2/a/1/2/
./pip/http-v2/a/1/2/9/
./pip/http-v2/a/1/2/9/5/
./pip/http-v2/a/1/2/9/5/a12958531a26eafd74dd9923a7f8ca6e7923f12fc51e74965035fa55.body
./pip/http-v2/a/1/2/9/5/a12958531a26eafd74dd9923a7f8ca6e7923f12fc51e74965035fa55
./pip/http-v2/a/f/
./pip/http-v2/a/f/2/
./pip/http-v2/a/f/2/5/
./pip/http-v2/a/f/2/5/a/
./pip/http-v2/a/f/2/5/a/af25a8eca3e099d7093bcb92cf3120895be724dbd3e15d2d76c5cd58.body
./pip/http-v2/a/f/2/5/a/af25a8eca3e099d7093bcb92cf3120895be724dbd3e15d2d76c5cd58
./pip/http-v2/a/f/3/
./pip/http-v2/a/f/3/a/
./pip/http-v2/a/f/3/a/b/
./pip/http-v2/a/f/3/a/b/af3ab5e56535a79cc5385cc1b46118f7795d242768dd6a486d0c1c19
./pip/http-v2/a/f/3/a/b/af3ab5e56535a79cc5385cc1b46118f7795d242768dd6a486d0c1c19.body
./pip/http-v2/a/f/f/
./pip/http-v2/a/f/f/f/
./pip/http-v2/a/f/f/f/a/
./pip/http-v2/a/f/f/f/a/afffa6eb74e653791c22e1268794ec7b2d181ee3ccff43b0fd10d66c
./pip/http-v2/a/f/f/f/a/afffa6eb74e653791c22e1268794ec7b2d181ee3ccff43b0fd10d66c.body
./pip/http-v2/a/7/
./pip/http-v2/a/7/a/
./pip/http-v2/a/7/a/3/
./pip/http-v2/a/7/a/3/a/
./pip/http-v2/a/7/a/3/a/a7a3a31b570f927ae31d9be11a0612e96eb86b1610660f096985c4eb
./pip/http-v2/a/7/a/3/a/a7a3a31b570f927ae31d9be11a0612e96eb86b1610660f096985c4eb.body
./pip/http-v2/a/0/
./pip/http-v2/a/0/8/
./pip/http-v2/a/0/8/0/
./pip/http-v2/a/0/8/0/f/
./pip/http-v2/a/0/8/0/f/a080f7ae4376ee855bd909bbdfd663a286c0fc51e7b41d2f03574d05.body
./pip/http-v2/a/0/8/0/f/a080f7ae4376ee855bd909bbdfd663a286c0fc51e7b41d2f03574d05
./pip/http-v2/a/c/
./pip/http-v2/a/c/1/
./pip/http-v2/a/c/1/b/
./pip/http-v2/a/c/1/b/5/
./pip/http-v2/a/c/1/b/5/ac1b5ba5898ba5a926f0321881a4b6de5fbf962682af0c5ceca1afc3.body
./pip/http-v2/a/c/1/b/5/ac1b5ba5898ba5a926f0321881a4b6de5fbf962682af0c5ceca1afc3
./pip/http-v2/a/a/
./pip/http-v2/a/a/c/
./pip/http-v2/a/a/c/a/
./pip/http-v2/a/a/c/a/c/
./pip/http-v2/a/a/c/a/c/aacac81bf1d35d08fd880f2e19cbd5a198730437b2c32b1ce1da7aa3.body
./pip/http-v2/a/a/c/a/c/aacac81bf1d35d08fd880f2e19cbd5a198730437b2c32b1ce1da7aa3
./pip/http-v2/6/
./pip/http-v2/6/b/
./pip/http-v2/6/b/2/
./pip/http-v2/6/b/2/2/
./pip/http-v2/6/b/2/2/e/
./pip/http-v2/6/b/2/2/e/6b22ef655e66995e45017bce9b079f74c4962087b86d81f48240f774
./pip/http-v2/6/b/2/2/e/6b22ef655e66995e45017bce9b079f74c4962087b86d81f48240f774.body
./pip/http-v2/6/b/9/
./pip/http-v2/6/b/9/8/
./pip/http-v2/6/b/9/8/f/
./pip/http-v2/6/b/9/8/f/6b98f776c5f9a73b8e68673f48320a329fa97d96868582b350b08cb3
./pip/http-v2/6/b/9/8/f/6b98f776c5f9a73b8e68673f48320a329fa97d96868582b350b08cb3.body
./pip/http-v2/6/5/
./pip/http-v2/6/5/a/
./pip/http-v2/6/5/a/f/
./pip/http-v2/6/5/a/f/8/
./pip/http-v2/6/5/a/f/8/65af88561e8b18ff500b9fe7d5ad34c1636e3423202d926b9e18a96f.body
./pip/http-v2/6/5/a/f/8/65af88561e8b18ff500b9fe7d5ad34c1636e3423202d926b9e18a96f
./pip/http-v2/6/4/
./pip/http-v2/6/4/4/
./pip/http-v2/6/4/4/5/
./pip/http-v2/6/4/4/5/7/
./pip/http-v2/6/4/4/5/7/644575f01ce6e6807c21e9ce34343b040a45b7c74212b099589da457
./pip/http-v2/6/4/4/5/7/644575f01ce6e6807c21e9ce34343b040a45b7c74212b099589da457.body
./pip/http-v2/6/d/
./pip/http-v2/6/d/b/
./pip/http-v2/6/d/b/f/
./pip/http-v2/6/d/b/f/4/
./pip/http-v2/6/d/b/f/4/6dbf44d9f2b35e8a9592f4a881942095fc7cc3c9a2fd5bd6836d5509.body
./pip/http-v2/6/d/b/f/4/6dbf44d9f2b35e8a9592f4a881942095fc7cc3c9a2fd5bd6836d5509
./pip/http-v2/6/7/
./pip/http-v2/6/7/f/
./pip/http-v2/6/7/f/5/
./pip/http-v2/6/7/f/5/b/
./pip/http-v2/6/7/f/5/b/67f5b5747518cbf74987d367c9e086a003d777484ff6398b7b101a95
./pip/http-v2/6/7/f/5/b/67f5b5747518cbf74987d367c9e086a003d777484ff6398b7b101a95.body
./pip/http-v2/6/7/d/
./pip/http-v2/6/7/d/1/
./pip/http-v2/6/7/d/1/a/
./pip/http-v2/6/7/d/1/a/67d1ae869bd72f59337e27e3ee2ef57ef8efeb84d8116ed7187edaa7.body
./pip/http-v2/6/7/d/1/a/67d1ae869bd72f59337e27e3ee2ef57ef8efeb84d8116ed7187edaa7
./pip/http-v2/6/0/
./pip/http-v2/6/0/7/
./pip/http-v2/6/0/7/7/
./pip/http-v2/6/0/7/7/f/
./pip/http-v2/6/0/7/7/f/6077f792748c0f50f1f7403b2901a2b424394a928f5cb96f6936d47f
./pip/http-v2/6/0/7/7/f/6077f792748c0f50f1f7403b2901a2b424394a928f5cb96f6936d47f.body
./pip/http-v2/6/9/
./pip/http-v2/6/9/a/
./pip/http-v2/6/9/a/8/
./pip/http-v2/6/9/a/8/9/
./pip/http-v2/6/9/a/8/9/69a894a4b04760261d061461a5f814598abe316390a4953ba08b1170
./pip/http-v2/6/9/a/8/9/69a894a4b04760261d061461a5f814598abe316390a4953ba08b1170.body
./pip/http-v2/6/a/
./pip/http-v2/6/a/c/
./pip/http-v2/6/a/c/9/
./pip/http-v2/6/a/c/9/4/
./pip/http-v2/6/a/c/9/4/6ac94cd6339ef20f0c9cfaa00b00ef820822372cd1af9c7549b973e9.body
./pip/http-v2/6/a/c/9/4/6ac94cd6339ef20f0c9cfaa00b00ef820822372cd1af9c7549b973e9
./pip/http-v2/6/6/
./pip/http-v2/6/6/2/
./pip/http-v2/6/6/2/7/
./pip/http-v2/6/6/2/7/f/
./pip/http-v2/6/6/2/7/f/6627f34bfa2577d42c5d0a813c3475aa516e747393b2625deead3d2e.body
./pip/http-v2/6/6/2/7/f/6627f34bfa2577d42c5d0a813c3475aa516e747393b2625deead3d2e
./pip/http-v2/6/6/c/
./pip/http-v2/6/6/c/5/
./pip/http-v2/6/6/c/5/e/
./pip/http-v2/6/6/c/5/e/66c5e55abf883562a68975ce789be523ac9c8ab7871f5f43aa78b2a5.body
./pip/http-v2/6/6/c/5/e/66c5e55abf883562a68975ce789be523ac9c8ab7871f5f43aa78b2a5
./pip/wheels/
./pip/wheels/07/
./pip/wheels/07/be/
./pip/wheels/07/be/75/
./pip/wheels/07/be/75/82d0de59d7d6726dcdd22a64edc8ab499ca3e42cd6647747c6/
./pip/wheels/07/be/75/82d0de59d7d6726dcdd22a64edc8ab499ca3e42cd6647747c6/bitarray-2.8.1-cp313-cp313-linux_x86_64.whl
./pip/wheels/07/be/75/82d0de59d7d6726dcdd22a64edc8ab499ca3e42cd6647747c6/origin.json
./pip/wheels/d6/
./pip/wheels/d6/f5/
./pip/wheels/d6/f5/d6/
./pip/wheels/d6/f5/d6/21a3d3c1e52d5ed1f1d21353a9d52553e95e4adb4df532bac4/
./pip/wheels/d6/f5/d6/21a3d3c1e52d5ed1f1d21353a9d52553e95e4adb4df532bac4/pycairo-1.26.1-cp313-cp313-linux_x86_64.whl
./pip/wheels/d6/f5/d6/21a3d3c1e52d5ed1f1d21353a9d52553e95e4adb4df532bac4/origin.json
./pip/wheels/e9/
./pip/wheels/e9/76/
./pip/wheels/e9/76/16/
./pip/wheels/e9/76/16/2bb26bb2492830e8145bcc67fdbefed7785f3bf73f6b91f17c/
./pip/wheels/e9/76/16/2bb26bb2492830e8145bcc67fdbefed7785f3bf73f6b91f17c/origin.json
./pip/wheels/e9/76/16/2bb26bb2492830e8145bcc67fdbefed7785f3bf73f6b91f17c/www_authenticate-0.9.2-py3-none-any.whl
./pip/wheels/f2/
./pip/wheels/f2/d0/
./pip/wheels/f2/d0/13/
./pip/wheels/f2/d0/13/0104e9b2a46a01ee205026dcf1ab00eb1c940759d5ddf541f9/
./pip/wheels/f2/d0/13/0104e9b2a46a01ee205026dcf1ab00eb1c940759d5ddf541f9/origin.json
./pip/wheels/f2/d0/13/0104e9b2a46a01ee205026dcf1ab00eb1c940759d5ddf541f9/systemd_python-235-cp313-cp313-linux_x86_64.whl
./pip/wheels/43/
./pip/wheels/43/f6/
./pip/wheels/43/f6/62/
./pip/wheels/43/f6/62/c9e73e5ebfac4804a8842e12b0b5a5f046bf3cec98b65c372e/
./pip/wheels/43/f6/62/c9e73e5ebfac4804a8842e12b0b5a5f046bf3cec98b65c372e/blkinfo-0.2.0-py3-none-any.whl
./pip/wheels/43/f6/62/c9e73e5ebfac4804a8842e12b0b5a5f046bf3cec98b65c372e/origin.json
./pip/wheels/43/be/
./pip/wheels/43/be/44/
./pip/wheels/43/be/44/09bf877e98499067e9016f74cfa4411ffbf926b6f81d73626a/
./pip/wheels/43/be/44/09bf877e98499067e9016f74cfa4411ffbf926b6f81d73626a/origin.json
./pip/wheels/43/be/44/09bf877e98499067e9016f74cfa4411ffbf926b6f81d73626a/ipaddr-2.2.0-py3-none-any.whl
./web.flock
restored_deb_count=590
+ sudo chown root:root ./fsroot-vs
+ sudo LANG=C chroot ./fsroot-vs /bin/bash -c 'echo '\''sonic'\'' > /etc/hostname'
+ sudo LANG=C chroot ./fsroot-vs /bin/bash -c 'echo '\''127.0.0.1       sonic'\'' >> /etc/hosts'
+ sudo LANG=C chroot ./fsroot-vs /bin/bash -c 'echo '\''127.0.0.1       localhost'\'' >> /etc/hosts'
+ sudo LANG=C chroot ./fsroot-vs /bin/bash -c 'echo "proc /proc proc defaults 0 0" >> /etc/fstab'
+ sudo LANG=C chroot ./fsroot-vs /bin/bash -c 'echo "sysfs /sys sysfs defaults 0 0" >> /etc/fstab'
+ '[' -n http://127.0.0.1:9 ']'
+ sudo /bin/bash -c 'echo '\''Acquire::http::Proxy "http://127.0.0.1:9";'\'' > ./fsroot-vs/etc/apt/apt.conf.d/01proxy'
+ trap_push 'sudo LANG=C chroot $FILESYSTEM_ROOT umount /proc || true'
+ local oldcmd=true
+ local 'newcmd=sudo LANG=C chroot $FILESYSTEM_ROOT umount /proc || true; true'
+ trap -- 'sudo LANG=C chroot $FILESYSTEM_ROOT umount /proc || true; true' EXIT INT TERM HUP
+ _trap_push 'sudo LANG=C chroot $FILESYSTEM_ROOT umount /proc || true; true'
+ local 'next=sudo LANG=C chroot $FILESYSTEM_ROOT umount /proc || true; true'
++ echo 'sudo LANG=C chroot $FILESYSTEM_ROOT umount /proc || true; true'
++ sed -e 's/'\''/'\''\\'\'''\''/g'
+ eval 'trap_push() {
        local oldcmd='\''sudo LANG=C chroot $FILESYSTEM_ROOT umount /proc || true; true'\''
        local newcmd="$1; $oldcmd"
        trap -- "$newcmd" EXIT INT TERM HUP
        _trap_push "$newcmd"
    }'
+ sudo LANG=C chroot ./fsroot-vs mount proc /proc -t proc
+ echo '[INFO] Mount all'
[INFO] Mount all
+ sudo LANG=C chroot ./fsroot-vs mount
proc on /proc type proc (rw,relatime)
+ '[' -d src/sonic-build-hooks/buildinfo/trusted.gpg.d ']'
+ scripts/build_mirror_config.sh files/apt amd64 trixie
+ sudo cp files/apt/sources.list.amd64 ./fsroot-vs/etc/apt/sources.list
+ sudo cp files/apt/apt.conf.d/81norecommends files/apt/apt.conf.d/apt-clean files/apt/apt.conf.d/apt-gzip-indexes files/apt/apt.conf.d/apt-no-languages files/apt/apt.conf.d/apt-timeout-n-retries files/apt/apt.conf.d/no-check-valid-until ./fsroot-vs/etc/apt/apt.conf.d/
+ [[ y != y ]]
+ echo '[INFO] Skipping Debian apt-get update in offline mode'
[INFO] Skipping Debian apt-get update in offline mode
+ sudo LANG=C chroot ./fsroot-vs apt-get -y upgrade
Reading package lists...
Building dependency tree...
Calculating upgrade...
The following packages will be upgraded:
  bsdutils libblkid1 liblastlog2-2 libmount1 libsmartcols1 libssl3t64 libuuid1
  login mount openssl-provider-legacy util-linux
debconf: unable to initialize frontend: Dialog
debconf: (Dialog frontend will not work on a dumb terminal, an emacs shell buffer, or without a controlling terminal.)
debconf: falling back to frontend: Readline
debconf: unable to initialize frontend: Readline
debconf: (Can't locate Term/ReadLine.pm in @INC (you may need to install the Term::ReadLine module) (@INC entries checked: /etc/perl /usr/local/lib/x86_64-linux-gnu/perl/5.40.1 /usr/local/share/perl/5.40.1 /usr/lib/x86_64-linux-gnu/perl5/5.40 /usr/share/perl5 /usr/lib/x86_64-linux-gnu/perl-base /usr/lib/x86_64-linux-gnu/perl/5.40 /usr/share/perl/5.40 /usr/local/lib/site_perl) at /usr/share/perl5/Debconf/FrontEnd/Readline.pm line 8, <STDIN> line 11.)
debconf: falling back to frontend: Teletype
debconf: unable to initialize frontend: Teletype
debconf: (This frontend requires a controlling tty.)
debconf: falling back to frontend: Noninteractive
11 upgraded, 0 newly installed, 0 to remove and 0 not upgraded.
Need to get 0 B/4993 kB of archives.
After this operation, 42.0 kB of additional disk space will be used.
E: Can not write log (Is /dev/pts mounted?) - posix_openpt (19: No such device)
(Reading database ... 4962 files and directories currently installed.)
Preparing to unpack .../bsdutils_1%3a2.41.5-0+deb13u1_amd64.deb ...
Unpacking bsdutils (1:2.41.5-0+deb13u1) over (1:2.41-5) ...
Setting up bsdutils (1:2.41.5-0+deb13u1) ...
(Reading database ... 4962 files and directories currently installed.)
Preparing to unpack .../liblastlog2-2_2.41.5-0+deb13u1_amd64.deb ...
Unpacking liblastlog2-2:amd64 (2.41.5-0+deb13u1) over (2.41-5) ...
Setting up liblastlog2-2:amd64 (2.41.5-0+deb13u1) ...
(Reading database ... 4962 files and directories currently installed.)
Preparing to unpack .../libblkid1_2.41.5-0+deb13u1_amd64.deb ...
Unpacking libblkid1:amd64 (2.41.5-0+deb13u1) over (2.41-5) ...
Setting up libblkid1:amd64 (2.41.5-0+deb13u1) ...
(Reading database ... 4962 files and directories currently installed.)
Preparing to unpack .../libmount1_2.41.5-0+deb13u1_amd64.deb ...
Unpacking libmount1:amd64 (2.41.5-0+deb13u1) over (2.41-5) ...
Setting up libmount1:amd64 (2.41.5-0+deb13u1) ...
(Reading database ... 4962 files and directories currently installed.)
Preparing to unpack .../libsmartcols1_2.41.5-0+deb13u1_amd64.deb ...
Unpacking libsmartcols1:amd64 (2.41.5-0+deb13u1) over (2.41-5) ...
Setting up libsmartcols1:amd64 (2.41.5-0+deb13u1) ...
(Reading database ... 4962 files and directories currently installed.)
Preparing to unpack .../mount_2.41.5-0+deb13u1_amd64.deb ...
Unpacking mount (2.41.5-0+deb13u1) over (2.41-5) ...
Preparing to unpack .../libuuid1_2.41.5-0+deb13u1_amd64.deb ...
Unpacking libuuid1:amd64 (2.41.5-0+deb13u1) over (2.41-5) ...
Setting up libuuid1:amd64 (2.41.5-0+deb13u1) ...
(Reading database ... 4962 files and directories currently installed.)
Preparing to unpack .../util-linux_2.41.5-0+deb13u1_amd64.deb ...
Unpacking util-linux (2.41.5-0+deb13u1) over (2.41-5) ...
Setting up util-linux (2.41.5-0+deb13u1) ...
(Reading database ... 4967 files and directories currently installed.)
Preparing to unpack .../login_1%3a4.16.0-2+really2.41.5-0+deb13u1_amd64.deb ...
Unpacking login (1:4.16.0-2+really2.41.5-0+deb13u1) over (1:4.16.0-2+really2.41-5) ...
Preparing to unpack .../openssl-provider-legacy_3.5.7-1~deb13u2_amd64.deb ...
Unpacking openssl-provider-legacy (3.5.7-1~deb13u2) over (3.5.6-1~deb13u2) ...
Setting up openssl-provider-legacy (3.5.7-1~deb13u2) ...
(Reading database ... 4969 files and directories currently installed.)
Preparing to unpack .../libssl3t64_3.5.7-1~deb13u2_amd64.deb ...
Unpacking libssl3t64:amd64 (3.5.7-1~deb13u2) over (3.5.6-1~deb13u2) ...
Setting up libssl3t64:amd64 (3.5.7-1~deb13u2) ...
Setting up mount (2.41.5-0+deb13u1) ...
Setting up login (1:4.16.0-2+really2.41.5-0+deb13u1) ...
Processing triggers for libc-bin (2.41-12+deb13u3) ...
+ echo '[INFO] Install and setup eatmydata'
[INFO] Install and setup eatmydata
+ sudo LANG=C chroot ./fsroot-vs apt-get -y install eatmydata
Reading package lists...
Building dependency tree...
Reading state information...
The following additional packages will be installed:
  libeatmydata1
The following NEW packages will be installed:
  eatmydata libeatmydata1
0 upgraded, 2 newly installed, 0 to remove and 0 not upgraded.
Need to get 14.6 kB of archives.
After this operation, 57.3 kB of additional disk space will be used.
Ign:1 http://debian-archive.trafficmanager.net/debian trixie/main amd64 libeatmydata1 amd64 131-2+b1
Ign:2 http://debian-archive.trafficmanager.net/debian trixie/main amd64 eatmydata all 131-2
Ign:2 http://debian-archive.trafficmanager.net/debian trixie/main amd64 eatmydata all 131-2
Ign:1 http://debian-archive.trafficmanager.net/debian trixie/main amd64 libeatmydata1 amd64 131-2+b1
Ign:1 http://debian-archive.trafficmanager.net/debian trixie/main amd64 libeatmydata1 amd64 131-2+b1
Ign:2 http://debian-archive.trafficmanager.net/debian trixie/main amd64 eatmydata all 131-2
Err:2 http://debian-archive.trafficmanager.net/debian trixie/main amd64 eatmydata all 131-2
  Unable to connect to 127.0.0.1:9:
Err:1 http://debian-archive.trafficmanager.net/debian trixie/main amd64 libeatmydata1 amd64 131-2+b1
  Could not connect to 127.0.0.1:9 (127.0.0.1). - connect (111: Connection refused)
  Unable to connect to 127.0.0.1:9:
E: Failed to fetch http://debian-archive.trafficmanager.net/debian/pool/main/libe/libeatmydata/libeatmydata1_131-2%2bb1_amd64.deb  Unable to connect to 127.0.0.1:9:
E: Failed to fetch http://debian-archive.trafficmanager.net/debian/pool/main/libe/libeatmydata/eatmydata_131-2_all.deb  Unable to connect to 127.0.0.1:9:
E: Unable to fetch some archives, maybe run apt-get update or try with --fix-missing?
+ sudo LANG=C chroot ./fsroot-vs umount /proc
+ true
[  FAIL LOG END  ] [ target/sonic-vs.bin__vs__rfs.squashfs ]
make: *** [slave.mk:1595: target/sonic-vs.bin__vs__rfs.squashfs] Error 1
make[1]: *** [Makefile.work:751: target/sonic-vs.bin__vs__rfs.squashfs] Error 2
make[1]: Leaving directory '/data/sonic/sonic-dzf-time-measure'
make: *** [Makefile:50: target/sonic-vs.bin__vs__rfs.squashfs] Error 2
