+++ --- Making target/docker-base-trixie.gz --- +++
./scripts/run_with_retry make BLDENV=trixie -f Makefile.work target/docker-base-trixie.gz
make[1]: Entering directory '/data/sonic/sonic-dzf-time-measure'
sudo: A terminal is required to authenticate
"SECURE_UPGRADE_PROD_SIGNING_TOOL": ""
/data/sonic/sonic-dzf-time-measure/src/sonic-build-hooks /data/sonic/sonic-dzf-time-measure
make[2]: Entering directory '/data/sonic/sonic-dzf-time-measure/src/sonic-build-hooks'
dpkg-deb: warning: root directory tmp/sonic-build-hooks has unusual owner or group 17388989:983
dpkg-deb: hint: you might need to pass --root-owner-group, see <https://wiki.debian.org/Teams/Dpkg/RootlessBuilds> for further details
dpkg-deb: warning: ignoring 1 warning about the control file(s)
dpkg-deb: building package 'sonic-build-hooks' in 'buildinfo/sonic-build-hooks_1.0_all.deb'.
make[2]: Leaving directory '/data/sonic/sonic-dzf-time-measure/src/sonic-build-hooks'
/data/sonic/sonic-dzf-time-measure
Checking sonic-slave-base image: sonic-slave-trixie:ca17477b760
Checking sonic-slave-user image: sonic-slave-trixie-qiuying.xzc:0e69d80ab15
SONiC Build System

Build Configuration
"CONFIGURED_PLATFORM"             : "vs"
"CONFIGURED_ARCH"                 : "amd64"
"SONIC_CONFIG_PRINT_DEPENDENCIES" : ""
"SONIC_BUILD_JOBS"                : "8"
"SONIC_CONFIG_MAKE_JOBS"          : "192"
"USE_NATIVE_DOCKERD_FOR_BUILD"    : ""
"USE_DOCKER_CACHE"               : ""
"SONIC_CONFIG_USE_CCACHE"         : "n"
"USERNAME"                        : "admin"
"PASSWORD"                        : "YourPaSsWoRd"
"CHANGE_DEFAULT_PASSWORD"         : "n"
"SECURE_UPGRADE_MODE"             : "no_sign"
"SECURE_UPGRADE_DEV_SIGNING_KEY"  : ""
"SECURE_UPGRADE_SIGNING_CERT"     : ""
"SECURE_UPGRADE_KERNEL_CAFILE"    : ""
"SECURE_UPGRADE_PROD_SIGNING_TOOL": ""
"SECURE_UPGRADE_PROD_TOOL_ARGS"   : ""
"ONIE_IMAGE_PART_SIZE"            : ""
"SHUTDOWN_BGP_ON_START"           : ""
"ENABLE_PFCWD_ON_START"           : ""
"SONIC_BUFFER_MODEL"              : ""
"INSTALL_DEBUG_TOOLS"             : ""
"ROUTING_STACK"                   : "frr"
"FRR_USER_UID"                    : "300"
"FRR_USER_GID"                    : "300"
"ENABLE_FRR_TCMALLOC"             : "y"
"ENABLE_SYNCD_RPC"                : ""
"SAITHRIFT_V2"                    : ""
"ENABLE_ORGANIZATION_EXTENSIONS"  : "y"
"HTTP_PROXY"                      : "http://127.0.0.1:9"
"HTTPS_PROXY"                     : "http://127.0.0.1:9"
"NO_PROXY"                        : "localhost,127.0.0.1,0.0.0.0"
"ENABLE_ZTP"                      : ""
"INCLUDE_PDE"                     : ""
"SONIC_DEBUGGING_ON"              : ""
"SONIC_PROFILING_ON"              : ""
"KERNEL_PROCURE_METHOD"           : "build"
"BUILD_TIMESTAMP"                 : "20260906.034825"
"BUILD_LOG_TIMESTAMP"             : "none"
"SONIC_IMAGE_VERSION"             : "master.0-dirty-20260906.034825"
"BLDENV"                          : "trixie"
"VS_PREPARE_MEM"                  : "yes"
"INCLUDE_MGMT_FRAMEWORK"          : "y"
"INCLUDE_ICCPD"                   : "n"
"INCLUDE_STP"                     : ""
"INCLUDE_SYSTEM_TELEMETRY"        : "n"
"INCLUDE_SYSTEM_GNMI"             : "y"
"INCLUDE_SYSTEM_BMP"              : "y"
"INCLUDE_SYSTEM_OTEL"             : "y"
"INCLUDE_SYSTEM_EVENTD"           : "y"
"ENABLE_HOST_SERVICE_ON_START"    : "y"
"INCLUDE_RESTAPI"                 : "n"
"INCLUDE_SFLOW"                   : "y"
"INCLUDE_NAT"                     : "y"
"INCLUDE_DHCP_RELAY"              : "y"
"INCLUDE_DHCP_SERVER"             : "n"
"INCLUDE_P4RT"                    : "n"
"INCLUDE_VS_DASH_SAI"             : "y"
"INCLUDE_KUBERNETES"              : "n"
"INCLUDE_KUBERNETES_MASTER"       : "n"
"INCLUDE_MACSEC"                  : "y"
"INCLUDE_MUX"                     : "y"
"INCLUDE_TEAMD"                   : "y"
"INCLUDE_DASH_HA"                 : "y"
"INCLUDE_ROUTER_ADVERTISER"       : "y"
"INCLUDE_SNMP"                    : "y"
"INCLUDE_LLDP"                    : "y"
"INCLUDE_BOOTCHART                : "y"
"ENABLE_BOOTCHART                 : "n"
"INCLUDE_FIPS"                    : "y"
"ENABLE_TRANSLIB_WRITE"           : ""
"ENABLE_NATIVE_WRITE"             : "y"
"ENABLE_DIALOUT"                  : ""
"ENABLE_AUTO_TECH_SUPPORT"        : "y"
"PDDF_SUPPORT"                    : "y"
"MULTIARCH_QEMU_ENVIRON"          : "n"
"SONIC_VERSION_CONTROL_COMPONENTS": "py2,py3,web,git,docker"
"ENABLE_ASAN"                     : "n"
"DEFAULT_CONTAINER_REGISTRY"      : "publicmirror.azurecr.io/"
"BUILD_MULTIASIC_KVM"             : "n"
"CROSS_BUILD_ENVIRON"             : "n"
"INCLUDE_EXTERNAL_PATCHES"        : "n"
"PTF_ENV_PY_VER"                  : "py3"
"ENABLE_MULTIDB"                  : ""
"ENABLE_SBOM"                     : "n"
"SBOM_FORMAT"                     : "both"
"SBOM_SCAN_TOOL"                  : "syft"
"SBOM_INCLUDE_LICENSES"           : "y"
"SBOM_STRICT"                     : "y"

"SONIC_DPKG_CACHE_METHOD"         : "none"

[ building ] [ target/docker-base-trixie.gz ] 
[ finished ] [ target/docker-base-trixie.gz ] 
[ FAIL LOG START ] [ target/docker-base-trixie.gz ]
Build start time: Sat Sep 5 19:48:37 UTC 2026
[ REASON ] :      target/docker-base-trixie.gz does not exist   NON-EXISTENT PREREQUISITES: docker-start 
[ FLAGS  FILE    ] : [] 
[ FLAGS  DEPENDS ] : [] 
[ FLAGS  DIFF    ] : [] 
cat: 'files/build/versions/dockers/docker-base-trixie/versions-*-trixie-amd64': No such file or directory
Client: Docker Engine - Community
 Version:    28.5.2
 Context:    default
 Debug Mode: false
 Plugins:
  buildx: Docker Buildx (Docker Inc.)
    Version:  v0.26.1
    Path:     /usr/libexec/docker/cli-plugins/docker-buildx
  compose: Docker Compose (Docker Inc.)
    Version:  v2.39.1
    Path:     /usr/libexec/docker/cli-plugins/docker-compose

Server:
 Containers: 0
  Running: 0
  Paused: 0
  Stopped: 0
 Images: 370
 Server Version: 28.5.2
 Storage Driver: overlay2
  Backing Filesystem: extfs
  Supports d_type: true
  Using metacopy: false
  Native Overlay Diff: true
  userxattr: false
 Logging Driver: json-file
 Cgroup Driver: cgroupfs
 Cgroup Version: 2
 Plugins:
  Volume: local
  Network: bridge host ipvlan macvlan null overlay
  Log: awslogs fluentd gcplogs gelf journald json-file local splunk syslog
 CDI spec directories:
  /etc/cdi
  /var/run/cdi
 Swarm: inactive
 Runtimes: runc io.containerd.runc.v2
 Default Runtime: runc
 Init Binary: docker-init
 containerd version: b98a3aace656320842a23f4a392a33f46af97866
 runc version: v1.3.3-0-gd842d771
 init version: de40ad0
 Security Options:
  seccomp
   Profile: builtin
  cgroupns
 Kernel Version: 7.0.0-22-generic
 Operating System: Debian GNU/Linux 13 (trixie)
 OSType: linux
 Architecture: x86_64
 CPUs: 192
 Total Memory: 743GiB
 Name: 22ca0bca97fe
 ID: 9050de27-efa9-406a-855d-9324d28b5135
 Docker Root Dir: /var/lib/docker
 Debug Mode: false
 HTTP Proxy: http://127.0.0.1:9
 HTTPS Proxy: http://127.0.0.1:9
 No Proxy: localhost,127.0.0.1,0.0.0.0
 Experimental: true
 Insecure Registries:
  ::1/128
  127.0.0.0/8
 Live Restore Enabled: false

#0 building with "default" instance using docker driver

#1 [internal] load build definition from Dockerfile
#1 transferring dockerfile: 4.20kB done
#1 DONE 0.0s

#2 [internal] load metadata for publicmirror.azurecr.io/debian:trixie@sha256:d07d1b51c39f51188e60be9b64e6bf769fa94e187f092bc32b91305cfa34ba5a
#2 DONE 0.0s

#3 [internal] load .dockerignore
#3 transferring context: 2B done
#3 DONE 0.0s

#4 [base  1/26] FROM publicmirror.azurecr.io/debian:trixie@sha256:d07d1b51c39f51188e60be9b64e6bf769fa94e187f092bc32b91305cfa34ba5a
#4 CACHED

#5 [internal] load build context
#5 transferring context: 45.84MB 0.2s done
#5 DONE 0.2s

#6 [base  2/26] COPY [dpkg_01_drop, /etc/dpkg/dpkg.cfg.d/01_drop]
#6 DONE 0.1s

#7 [base  3/26] COPY [sources.list.amd64, /etc/apt/sources.list]
#7 DONE 0.0s

#8 [base  4/26] COPY [files/apt/apt.conf.d/, /etc/apt/apt.conf.d/]
#8 DONE 0.0s

#9 [base  5/26] COPY [buildinfo, /usr/local/share/buildinfo]
#9 DONE 0.0s

#10 [base  6/26] COPY vcache/ /sonic/target/vcache/docker-base-trixie
#10 DONE 0.1s

#11 [base  7/26] RUN dpkg -i /usr/local/share/buildinfo/sonic-build-hooks_1.0_all.deb
#11 0.121 Selecting previously unselected package sonic-build-hooks.
#11 0.124 (Reading database ... 4936 files and directories currently installed.)
#11 0.124 Preparing to unpack .../sonic-build-hooks_1.0_all.deb ...
#11 0.125 Unpacking sonic-build-hooks (1.0) ...
#11 0.136 Setting up sonic-build-hooks (1.0) ...
#11 DONE 0.2s

#12 [base  8/26] RUN pre_run_buildinfo docker-base-trixie
#12 1.397 ./
#12 1.397 ./pip/
#12 1.397 ./pip/http-v2/
#12 1.397 ./pip/http-v2/b/
#12 1.397 ./pip/http-v2/b/1/
#12 1.397 ./pip/http-v2/b/1/4/
#12 1.397 ./pip/http-v2/b/1/4/e/
#12 1.397 ./pip/http-v2/b/1/4/e/c/
#12 1.397 ./pip/http-v2/b/1/4/e/c/b14ec1286f8ec83b268f9c52cdccd1001d22496d6e01ba5b4fd8aeb4
#12 1.397 ./pip/http-v2/b/1/4/e/c/b14ec1286f8ec83b268f9c52cdccd1001d22496d6e01ba5b4fd8aeb4.body
#12 1.397 ./pip/http-v2/b/f/
#12 1.397 ./pip/http-v2/b/f/9/
#12 1.397 ./pip/http-v2/b/f/9/6/
#12 1.397 ./pip/http-v2/b/f/9/6/6/
#12 1.397 ./pip/http-v2/b/f/9/6/6/bf966cc37805df72ac5b20f39e9bbc4548a3fcdd4068107c7f30831f.body
#12 1.397 ./pip/http-v2/b/f/9/6/6/bf966cc37805df72ac5b20f39e9bbc4548a3fcdd4068107c7f30831f
#12 1.397 ./pip/http-v2/b/8/
#12 1.397 ./pip/http-v2/b/8/6/
#12 1.397 ./pip/http-v2/b/8/6/2/
#12 1.397 ./pip/http-v2/b/8/6/2/6/
#12 1.397 ./pip/http-v2/b/8/6/2/6/b862637a242a4033f1ba3be874e038f3a95ab29277da4c878f7c162d.body
#12 1.398 ./pip/http-v2/b/8/6/2/6/b862637a242a4033f1ba3be874e038f3a95ab29277da4c878f7c162d
#12 1.398 ./pip/http-v2/b/3/
#12 1.398 ./pip/http-v2/b/3/2/
#12 1.398 ./pip/http-v2/b/3/2/f/
#12 1.398 ./pip/http-v2/b/3/2/f/0/
#12 1.398 ./pip/http-v2/b/3/2/f/0/b32f017f9c60d09d91ac0bac44002dec28ef8c04355223f13bf00b7a.body
#12 1.398 ./pip/http-v2/b/3/2/f/0/b32f017f9c60d09d91ac0bac44002dec28ef8c04355223f13bf00b7a
#12 1.398 ./pip/http-v2/2/
#12 1.398 ./pip/http-v2/2/5/
#12 1.398 ./pip/http-v2/2/5/a/
#12 1.398 ./pip/http-v2/2/5/a/d/
#12 1.398 ./pip/http-v2/2/5/a/d/9/
#12 1.398 ./pip/http-v2/2/5/a/d/9/25ad9cf66b37dd8e773bc2962198890086c06a58e68e149798c15d42.body
#12 1.398 ./pip/http-v2/2/5/a/d/9/25ad9cf66b37dd8e773bc2962198890086c06a58e68e149798c15d42
#12 1.398 ./pip/http-v2/2/d/
#12 1.398 ./pip/http-v2/2/d/2/
#12 1.398 ./pip/http-v2/2/d/2/2/
#12 1.398 ./pip/http-v2/2/d/2/2/f/
#12 1.398 ./pip/http-v2/2/d/2/2/f/2d22f303d8f1beb19039dafefa8202703980ca37d2c83b5bd791dbf1
#12 1.398 ./pip/http-v2/2/d/2/2/f/2d22f303d8f1beb19039dafefa8202703980ca37d2c83b5bd791dbf1.body
#12 1.398 ./pip/http-v2/e/
#12 1.398 ./pip/http-v2/e/a/
#12 1.398 ./pip/http-v2/e/a/7/
#12 1.398 ./pip/http-v2/e/a/7/6/
#12 1.398 ./pip/http-v2/e/a/7/6/3/
#12 1.398 ./pip/http-v2/e/a/7/6/3/ea763bb324d9e754b326e87af9025956fe6d945f13204443e12f54eb
#12 1.398 ./pip/http-v2/e/a/7/6/3/ea763bb324d9e754b326e87af9025956fe6d945f13204443e12f54eb.body
#12 1.398 ./pip/http-v2/3/
#12 1.398 ./pip/http-v2/3/3/
#12 1.398 ./pip/http-v2/3/3/9/
#12 1.398 ./pip/http-v2/3/3/9/7/
#12 1.398 ./pip/http-v2/3/3/9/7/4/
#12 1.398 ./pip/http-v2/3/3/9/7/4/33974f84394d9a943f68359da08431dab4af9f86c33962982ea21b5f.body
#12 1.398 ./pip/http-v2/3/3/9/7/4/33974f84394d9a943f68359da08431dab4af9f86c33962982ea21b5f
#12 1.398 ./pip/http-v2/5/
#12 1.398 ./pip/http-v2/5/b/
#12 1.398 ./pip/http-v2/5/b/9/
#12 1.398 ./pip/http-v2/5/b/9/a/
#12 1.398 ./pip/http-v2/5/b/9/a/9/
#12 1.398 ./pip/http-v2/5/b/9/a/9/5b9a9fd3c0c45469fcb69cafd8dcbf862b093a20c76a8fbb53eca5af.body
#12 1.398 ./pip/http-v2/5/b/9/a/9/5b9a9fd3c0c45469fcb69cafd8dcbf862b093a20c76a8fbb53eca5af
#12 1.398 ./pip/http-v2/5/3/
#12 1.398 ./pip/http-v2/5/3/1/
#12 1.398 ./pip/http-v2/5/3/1/8/
#12 1.398 ./pip/http-v2/5/3/1/8/1/
#12 1.398 ./pip/http-v2/5/3/1/8/1/53181fe2d7d3737de473ca37cdfff9e4719668d32d832169c1b4bc65.body
#12 1.398 ./pip/http-v2/5/3/1/8/1/53181fe2d7d3737de473ca37cdfff9e4719668d32d832169c1b4bc65
#12 1.398 ./pip/http-v2/5/5/
#12 1.398 ./pip/http-v2/5/5/7/
#12 1.398 ./pip/http-v2/5/5/7/3/
#12 1.398 ./pip/http-v2/5/5/7/3/9/
#12 1.398 ./pip/http-v2/5/5/7/3/9/55739ede7ec3316301bc20f31d2df3cbc96da095e0ab58471de5aee2
#12 1.398 ./pip/http-v2/5/5/7/3/9/55739ede7ec3316301bc20f31d2df3cbc96da095e0ab58471de5aee2.body
#12 1.398 ./pip/http-v2/4/
#12 1.399 ./pip/http-v2/4/3/
#12 1.399 ./pip/http-v2/4/3/8/
#12 1.399 ./pip/http-v2/4/3/8/9/
#12 1.399 ./pip/http-v2/4/3/8/9/9/
#12 1.399 ./pip/http-v2/4/3/8/9/9/43899518c9e441f1a8a0eb0f938280904054b59d4e27584a6aabbac1.body
#12 1.399 ./pip/http-v2/4/3/8/9/9/43899518c9e441f1a8a0eb0f938280904054b59d4e27584a6aabbac1
#12 1.399 ./pip/http-v2/4/5/
#12 1.399 ./pip/http-v2/4/5/9/
#12 1.399 ./pip/http-v2/4/5/9/7/
#12 1.399 ./pip/http-v2/4/5/9/7/6/
#12 1.399 ./pip/http-v2/4/5/9/7/6/45976c194ebb9180bf7410d422bcad653ce13bcb64dda0d07d72b09d
#12 1.399 ./pip/http-v2/4/5/9/7/6/45976c194ebb9180bf7410d422bcad653ce13bcb64dda0d07d72b09d.body
#12 1.399 ./pip/http-v2/f/
#12 1.399 ./pip/http-v2/f/9/
#12 1.399 ./pip/http-v2/f/9/9/
#12 1.399 ./pip/http-v2/f/9/9/b/
#12 1.399 ./pip/http-v2/f/9/9/b/3/
#12 1.399 ./pip/http-v2/f/9/9/b/3/f99b3487d2b9c55edcd311aeafa35cbf852ab2cc5c3f5d1a1a08e2b5.body
#12 1.399 ./pip/http-v2/f/9/9/b/3/f99b3487d2b9c55edcd311aeafa35cbf852ab2cc5c3f5d1a1a08e2b5
#12 1.399 ./pip/http-v2/f/4/
#12 1.399 ./pip/http-v2/f/4/8/
#12 1.399 ./pip/http-v2/f/4/8/b/
#12 1.399 ./pip/http-v2/f/4/8/b/0/
#12 1.399 ./pip/http-v2/f/4/8/b/0/f48b0f6096a49248a1820cd7eec89abbdf62427b393bb5ce079aca62.body
#12 1.401 ./pip/http-v2/f/4/8/b/0/f48b0f6096a49248a1820cd7eec89abbdf62427b393bb5ce079aca62
#12 1.401 ./pip/http-v2/f/a/
#12 1.401 ./pip/http-v2/f/a/f/
#12 1.401 ./pip/http-v2/f/a/f/f/
#12 1.401 ./pip/http-v2/f/a/f/f/d/
#12 1.401 ./pip/http-v2/f/a/f/f/d/faffdb5825619a041feeb4cdd9df76cefb30cce63d480ff0ed1a5dae
#12 1.401 ./pip/http-v2/f/a/f/f/d/faffdb5825619a041feeb4cdd9df76cefb30cce63d480ff0ed1a5dae.body
#12 1.401 ./pip/http-v2/d/
#12 1.401 ./pip/http-v2/d/0/
#12 1.401 ./pip/http-v2/d/0/8/
#12 1.401 ./pip/http-v2/d/0/8/2/
#12 1.401 ./pip/http-v2/d/0/8/2/3/
#12 1.401 ./pip/http-v2/d/0/8/2/3/d0823d926a80fb5fccfb62a7fa9b5e83ce3a3dada11bae12021a29a9
#12 1.401 ./pip/http-v2/d/0/8/2/3/d0823d926a80fb5fccfb62a7fa9b5e83ce3a3dada11bae12021a29a9.body
#12 1.401 ./pip/http-v2/d/c/
#12 1.401 ./pip/http-v2/d/c/c/
#12 1.401 ./pip/http-v2/d/c/c/2/
#12 1.401 ./pip/http-v2/d/c/c/2/6/
#12 1.401 ./pip/http-v2/d/c/c/2/6/dcc26b781e3e58d7e22a65615832539ca5512101a8522c4cbe3a930b.body
#12 1.401 ./pip/http-v2/d/c/c/2/6/dcc26b781e3e58d7e22a65615832539ca5512101a8522c4cbe3a930b
#12 1.401 ./pip/http-v2/0/
#12 1.401 ./pip/http-v2/0/e/
#12 1.401 ./pip/http-v2/0/e/d/
#12 1.401 ./pip/http-v2/0/e/d/3/
#12 1.401 ./pip/http-v2/0/e/d/3/3/
#12 1.401 ./pip/http-v2/0/e/d/3/3/0ed336d749e009fe1267c844e36c442e5b3dc645d5eb9865c545b81a.body
#12 1.401 ./pip/http-v2/0/e/d/3/3/0ed336d749e009fe1267c844e36c442e5b3dc645d5eb9865c545b81a
#12 1.401 ./pip/http-v2/0/6/
#12 1.401 ./pip/http-v2/0/6/7/
#12 1.401 ./pip/http-v2/0/6/7/d/
#12 1.401 ./pip/http-v2/0/6/7/d/e/
#12 1.401 ./pip/http-v2/0/6/7/d/e/067de891d4624fc09de1c690b01d8bf477f69f0ce81f8101b21b3549.body
#12 1.402 ./pip/http-v2/0/6/7/d/e/067de891d4624fc09de1c690b01d8bf477f69f0ce81f8101b21b3549
#12 1.402 ./pip/http-v2/0/6/4/
#12 1.402 ./pip/http-v2/0/6/4/1/
#12 1.402 ./pip/http-v2/0/6/4/1/2/
#12 1.402 ./pip/http-v2/0/6/4/1/2/06412fcf44b9a9522ff6367cabc965d23cb1165807c45516a879c5c4.body
#12 1.402 ./pip/http-v2/0/6/4/1/2/06412fcf44b9a9522ff6367cabc965d23cb1165807c45516a879c5c4
#12 1.402 ./pip/http-v2/c/
#12 1.402 ./pip/http-v2/c/b/
#12 1.402 ./pip/http-v2/c/b/5/
#12 1.402 ./pip/http-v2/c/b/5/2/
#12 1.402 ./pip/http-v2/c/b/5/2/a/
#12 1.402 ./pip/http-v2/c/b/5/2/a/cb52a2d86b549893dbebd3c41cb632b74900e6546f238508e1029e00.body
#12 1.402 ./pip/http-v2/c/b/5/2/a/cb52a2d86b549893dbebd3c41cb632b74900e6546f238508e1029e00
#12 1.402 ./pip/http-v2/c/1/
#12 1.402 ./pip/http-v2/c/1/8/
#12 1.402 ./pip/http-v2/c/1/8/d/
#12 1.402 ./pip/http-v2/c/1/8/d/0/
#12 1.402 ./pip/http-v2/c/1/8/d/0/c18d02f6e7b2bc128a137ad0b421c01673135bb73632621ee88261f5
#12 1.402 ./pip/http-v2/c/1/8/d/0/c18d02f6e7b2bc128a137ad0b421c01673135bb73632621ee88261f5.body
#12 1.402 ./pip/http-v2/c/0/
#12 1.402 ./pip/http-v2/c/0/2/
#12 1.402 ./pip/http-v2/c/0/2/6/
#12 1.403 ./pip/http-v2/c/0/2/6/f/
#12 1.403 ./pip/http-v2/c/0/2/6/f/c026fe7c82450cb738f9bef708a323a721bc89407b938090ded9294a
#12 1.403 ./pip/http-v2/c/0/2/6/f/c026fe7c82450cb738f9bef708a323a721bc89407b938090ded9294a.body
#12 1.407 ./pip/http-v2/c/f/
#12 1.407 ./pip/http-v2/c/f/e/
#12 1.407 ./pip/http-v2/c/f/e/a/
#12 1.407 ./pip/http-v2/c/f/e/a/8/
#12 1.407 ./pip/http-v2/c/f/e/a/8/cfea8709881c23f856c58e03d8c1459ee5cf4b465b369d76c9bed187.body
#12 1.408 ./pip/http-v2/c/f/e/a/8/cfea8709881c23f856c58e03d8c1459ee5cf4b465b369d76c9bed187
#12 1.408 ./pip/http-v2/9/
#12 1.408 ./pip/http-v2/9/3/
#12 1.408 ./pip/http-v2/9/3/1/
#12 1.408 ./pip/http-v2/9/3/1/d/
#12 1.408 ./pip/http-v2/9/3/1/d/d/
#12 1.408 ./pip/http-v2/9/3/1/d/d/931dd4b51a80ffc83a0ce2caffcc883124ae68a310fbc8bfac06086d
#12 1.408 ./pip/http-v2/9/3/1/d/d/931dd4b51a80ffc83a0ce2caffcc883124ae68a310fbc8bfac06086d.body
#12 1.408 ./pip/http-v2/9/4/
#12 1.408 ./pip/http-v2/9/4/5/
#12 1.408 ./pip/http-v2/9/4/5/2/
#12 1.408 ./pip/http-v2/9/4/5/2/4/
#12 1.408 ./pip/http-v2/9/4/5/2/4/9452417670b2e75527d793717779fce5d54e5f21adb3344c273876fa
#12 1.408 ./pip/http-v2/9/4/5/2/4/9452417670b2e75527d793717779fce5d54e5f21adb3344c273876fa.body
#12 1.408 ./pip/http-v2/a/
#12 1.409 ./pip/http-v2/a/b/
#12 1.409 ./pip/http-v2/a/b/d/
#12 1.409 ./pip/http-v2/a/b/d/d/
#12 1.409 ./pip/http-v2/a/b/d/d/d/
#12 1.409 ./pip/http-v2/a/b/d/d/d/abdddc46265b81c7d6dc73a20f1ad8ef043a66e9e79abdc1379bf71e.body
#12 1.409 ./pip/http-v2/a/b/d/d/d/abdddc46265b81c7d6dc73a20f1ad8ef043a66e9e79abdc1379bf71e
#12 1.409 ./pip/http-v2/a/9/
#12 1.409 ./pip/http-v2/a/9/9/
#12 1.409 ./pip/http-v2/a/9/9/4/
#12 1.409 ./pip/http-v2/a/9/9/4/1/
#12 1.409 ./pip/http-v2/a/9/9/4/1/a9941bc105752b6feb6a23eb0c6717c296b4944142da4fccf404e881.body
#12 1.409 ./pip/http-v2/a/9/9/4/1/a9941bc105752b6feb6a23eb0c6717c296b4944142da4fccf404e881
#12 1.409 ./pip/http-v2/a/a/
#12 1.409 ./pip/http-v2/a/a/c/
#12 1.409 ./pip/http-v2/a/a/c/a/
#12 1.409 ./pip/http-v2/a/a/c/a/c/
#12 1.409 ./pip/http-v2/a/a/c/a/c/aacac81bf1d35d08fd880f2e19cbd5a198730437b2c32b1ce1da7aa3.body
#12 1.409 ./pip/http-v2/a/a/c/a/c/aacac81bf1d35d08fd880f2e19cbd5a198730437b2c32b1ce1da7aa3
#12 1.409 ./pip/http-v2/1/
#12 1.409 ./pip/http-v2/1/b/
#12 1.409 ./pip/http-v2/1/b/5/
#12 1.409 ./pip/http-v2/1/b/5/e/
#12 1.409 ./pip/http-v2/1/b/5/e/5/
#12 1.409 ./pip/http-v2/1/b/5/e/5/1b5e5a7ec2469bd2603f897e456dddd563ee5d0ef7634c0f5d7c08b9
#12 1.409 ./pip/http-v2/1/b/5/e/5/1b5e5a7ec2469bd2603f897e456dddd563ee5d0ef7634c0f5d7c08b9.body
#12 1.409 ./pip/http-v2/7/
#12 1.409 ./pip/http-v2/7/6/
#12 1.409 ./pip/http-v2/7/6/3/
#12 1.409 ./pip/http-v2/7/6/3/5/
#12 1.409 ./pip/http-v2/7/6/3/5/d/
#12 1.409 ./pip/http-v2/7/6/3/5/d/7635de8254c82e7e771831915759d7d8b2dc2759e9c5896e246e8b46.body
#12 1.409 ./pip/http-v2/7/6/3/5/d/7635de8254c82e7e771831915759d7d8b2dc2759e9c5896e246e8b46
#12 1.409 ./pip/http-v2/6/
#12 1.409 ./pip/http-v2/6/b/
#12 1.409 ./pip/http-v2/6/b/c/
#12 1.409 ./pip/http-v2/6/b/c/4/
#12 1.409 ./pip/http-v2/6/b/c/4/4/
#12 1.409 ./pip/http-v2/6/b/c/4/4/6bc44665bb603ed852c296157543510833d416bcf304a53eed83717c
#12 1.409 ./pip/http-v2/6/b/c/4/4/6bc44665bb603ed852c296157543510833d416bcf304a53eed83717c.body
#12 1.409 ./deb/
#12 1.409 ./deb/lock
#12 1.409 ./deb/partial/
#12 1.409 ./apt-lists/
#12 1.409 ./apt-lists/debian-archive.trafficmanager.net_debian_dists_trixie-updates_main_source_Sources.lz4
#12 1.409 ./apt-lists/debian-archive.trafficmanager.net_debian-security_dists_trixie-security_non-free-firmware_source_Sources.lz4
#12 1.409 ./apt-lists/debian-archive.trafficmanager.net_debian_dists_trixie_contrib_source_Sources.lz4
#12 1.410 ./apt-lists/debian-archive.trafficmanager.net_debian_dists_trixie-backports_non-free-firmware_binary-amd64_Packages.lz4
#12 1.410 ./apt-lists/debian-archive.trafficmanager.net_debian_dists_trixie_main_source_Sources.lz4
#12 1.618 ./apt-lists/debian-archive.trafficmanager.net_debian-security_dists_trixie-security_main_binary-amd64_Packages.lz4
#12 1.623 ./apt-lists/debian-archive.trafficmanager.net_debian_dists_trixie_non-free-firmware_source_Sources.lz4
#12 1.623 ./apt-lists/debian-archive.trafficmanager.net_debian_dists_trixie-backports_InRelease
#12 1.623 ./apt-lists/debian-archive.trafficmanager.net_debian-security_dists_trixie-security_main_source_Sources.lz4
#12 1.629 ./apt-lists/debian-archive.trafficmanager.net_debian_dists_trixie_main_binary-amd64_Packages.lz4
#12 1.821 ./apt-lists/debian-archive.trafficmanager.net_debian_dists_trixie-updates_InRelease
#12 1.821 ./apt-lists/auxfiles/
#12 1.821 ./apt-lists/debian-archive.trafficmanager.net_debian-security_dists_trixie-security_non-free-firmware_binary-amd64_Packages.lz4
#12 1.821 ./apt-lists/debian-archive.trafficmanager.net_debian_dists_trixie-backports_main_binary-amd64_Packages.lz4
#12 1.828 ./apt-lists/debian-archive.trafficmanager.net_debian_dists_trixie-backports_contrib_binary-amd64_Packages.lz4
#12 1.828 ./apt-lists/debian-archive.trafficmanager.net_debian_dists_trixie_InRelease
#12 1.829 ./apt-lists/debian-archive.trafficmanager.net_debian_dists_trixie_non-free-firmware_binary-amd64_Packages.lz4
#12 1.829 ./apt-lists/debian-archive.trafficmanager.net_debian-security_dists_trixie-security_contrib_binary-amd64_Packages.lz4
#12 1.829 ./apt-lists/debian-archive.trafficmanager.net_debian_dists_trixie_contrib_binary-amd64_Packages.lz4
#12 1.830 ./apt-lists/debian-archive.trafficmanager.net_debian-security_dists_trixie-security_contrib_source_Sources.lz4
#12 1.830 ./apt-lists/debian-archive.trafficmanager.net_debian_dists_trixie-updates_main_binary-amd64_Packages.lz4
#12 1.830 ./apt-lists/debian-archive.trafficmanager.net_debian-security_dists_trixie-security_InRelease
#12 1.830 ./apt-lists/partial/
#12 1.830 ./apt-lists/lock
#12 1.832 cp: -r not specified; omitting directory '/sonic/target/vcache/docker-base-trixie/deb/partial'
#12 DONE 2.0s

#13 [base  9/26] RUN apt -o Acquire::https::Verify-Peer=false update &&     apt -o Acquire::https::Verify-Peer=false install -y ca-certificates
#13 0.134 
#13 0.134 WARNING: apt does not have a stable CLI interface. Use with caution in scripts.
#13 0.134 
#13 0.156 Ign:1 http://debian-archive.trafficmanager.net/debian trixie InRelease
#13 0.156 Ign:2 http://debian-archive.trafficmanager.net/debian trixie-updates InRelease
#13 0.156 Ign:3 http://debian-archive.trafficmanager.net/debian trixie-backports InRelease
#13 0.156 Ign:4 http://debian-archive.trafficmanager.net/debian-security trixie-security InRelease
#13 1.157 Ign:4 http://debian-archive.trafficmanager.net/debian-security trixie-security InRelease
#13 1.157 Ign:3 http://debian-archive.trafficmanager.net/debian trixie-backports InRelease
#13 1.157 Ign:2 http://debian-archive.trafficmanager.net/debian trixie-updates InRelease
#13 1.157 Ign:1 http://debian-archive.trafficmanager.net/debian trixie InRelease
#13 3.157 Ign:1 http://debian-archive.trafficmanager.net/debian trixie InRelease
#13 3.157 Ign:2 http://debian-archive.trafficmanager.net/debian trixie-updates InRelease
#13 3.157 Ign:3 http://debian-archive.trafficmanager.net/debian trixie-backports InRelease
#13 3.157 Ign:4 http://debian-archive.trafficmanager.net/debian-security trixie-security InRelease
#13 7.158 Err:4 http://debian-archive.trafficmanager.net/debian-security trixie-security InRelease
#13 7.158   Unable to connect to 127.0.0.1:9:
#13 7.158 Err:3 http://debian-archive.trafficmanager.net/debian trixie-backports InRelease
#13 7.158   Unable to connect to 127.0.0.1:9:
#13 7.158 Err:2 http://debian-archive.trafficmanager.net/debian trixie-updates InRelease
#13 7.158   Unable to connect to 127.0.0.1:9:
#13 7.158 Err:1 http://debian-archive.trafficmanager.net/debian trixie InRelease
#13 7.158   Could not connect to 127.0.0.1:9 (127.0.0.1). - connect (111: Connection refused)
#13 7.158   Unable to connect to 127.0.0.1:9:
#13 7.162 Reading package lists...
#13 7.588 Building dependency tree...
#13 7.667 Reading state information...
#13 7.679 13 packages can be upgraded. Run 'apt list --upgradable' to see them.
#13 7.679 Warning: Failed to fetch http://debian-archive.trafficmanager.net/debian/dists/trixie/InRelease  Unable to connect to 127.0.0.1:9:
#13 7.679 Warning: Failed to fetch http://debian-archive.trafficmanager.net/debian/dists/trixie-updates/InRelease  Unable to connect to 127.0.0.1:9:
#13 7.679 Warning: Failed to fetch http://debian-archive.trafficmanager.net/debian/dists/trixie-backports/InRelease  Unable to connect to 127.0.0.1:9:
#13 7.679 Warning: Failed to fetch http://debian-archive.trafficmanager.net/debian-security/dists/trixie-security/InRelease  Unable to connect to 127.0.0.1:9:
#13 7.679 Warning: Some index files failed to download. They have been ignored, or old ones used instead.
#13 7.709 
#13 7.709 WARNING: apt does not have a stable CLI interface. Use with caution in scripts.
#13 7.709 
#13 7.722 Reading package lists...
#13 8.145 Building dependency tree...
#13 8.224 Reading state information...
#13 8.372 Upgrading:
#13 8.372   libssl3t64  openssl-provider-legacy
#13 8.372 
#13 8.373 Installing:
#13 8.373   ca-certificates
#13 8.373 
#13 8.374 Installing dependencies:
#13 8.374   openssl
#13 8.374 
#13 8.389 Summary:
#13 8.389   Upgrading: 2, Installing: 2, Removing: 0, Not Upgrading: 11
#13 8.389   Download size: 4439 kB
#13 8.389   Space needed: 2978 kB / 273 GB available
#13 8.389 
#13 8.389 Ign:1 http://debian-archive.trafficmanager.net/debian-security trixie-security/main amd64 openssl-provider-legacy amd64 3.5.7-1~deb13u2
#13 8.389 Ign:2 http://debian-archive.trafficmanager.net/debian-security trixie-security/main amd64 libssl3t64 amd64 3.5.7-1~deb13u2
#13 8.389 Ign:3 http://debian-archive.trafficmanager.net/debian-security trixie-security/main amd64 openssl amd64 3.5.7-1~deb13u2
#13 8.389 Ign:4 http://debian-archive.trafficmanager.net/debian trixie/main amd64 ca-certificates all 20250419
#13 9.390 Ign:4 http://debian-archive.trafficmanager.net/debian trixie/main amd64 ca-certificates all 20250419
#13 9.390 Ign:3 http://debian-archive.trafficmanager.net/debian-security trixie-security/main amd64 openssl amd64 3.5.7-1~deb13u2
#13 9.390 Ign:2 http://debian-archive.trafficmanager.net/debian-security trixie-security/main amd64 libssl3t64 amd64 3.5.7-1~deb13u2
#13 9.390 Ign:1 http://debian-archive.trafficmanager.net/debian-security trixie-security/main amd64 openssl-provider-legacy amd64 3.5.7-1~deb13u2
#13 11.39 Ign:1 http://debian-archive.trafficmanager.net/debian-security trixie-security/main amd64 openssl-provider-legacy amd64 3.5.7-1~deb13u2
#13 11.39 Ign:2 http://debian-archive.trafficmanager.net/debian-security trixie-security/main amd64 libssl3t64 amd64 3.5.7-1~deb13u2
#13 11.39 Ign:3 http://debian-archive.trafficmanager.net/debian-security trixie-security/main amd64 openssl amd64 3.5.7-1~deb13u2
#13 11.39 Ign:4 http://debian-archive.trafficmanager.net/debian trixie/main amd64 ca-certificates all 20250419
#13 15.39 Err:4 http://debian-archive.trafficmanager.net/debian trixie/main amd64 ca-certificates all 20250419
#13 15.39   Unable to connect to 127.0.0.1:9:
#13 15.39 Err:3 http://debian-archive.trafficmanager.net/debian-security trixie-security/main amd64 openssl amd64 3.5.7-1~deb13u2
#13 15.39   Unable to connect to 127.0.0.1:9:
#13 15.39 Err:2 http://debian-archive.trafficmanager.net/debian-security trixie-security/main amd64 libssl3t64 amd64 3.5.7-1~deb13u2
#13 15.39   Unable to connect to 127.0.0.1:9:
#13 15.39 Err:1 http://debian-archive.trafficmanager.net/debian-security trixie-security/main amd64 openssl-provider-legacy amd64 3.5.7-1~deb13u2
#13 15.39   Could not connect to 127.0.0.1:9 (127.0.0.1). - connect (111: Connection refused)
#13 15.39   Unable to connect to 127.0.0.1:9:
#13 15.40 Error: Failed to fetch http://debian-archive.trafficmanager.net/debian-security/pool/updates/main/o/openssl/openssl-provider-legacy_3.5.7-1%7edeb13u2_amd64.deb  Unable to connect to 127.0.0.1:9:
#13 15.40 Error: Failed to fetch http://debian-archive.trafficmanager.net/debian-security/pool/updates/main/o/openssl/libssl3t64_3.5.7-1%7edeb13u2_amd64.deb  Unable to connect to 127.0.0.1:9:
#13 15.40 Error: Failed to fetch http://debian-archive.trafficmanager.net/debian-security/pool/updates/main/o/openssl/openssl_3.5.7-1%7edeb13u2_amd64.deb  Unable to connect to 127.0.0.1:9:
#13 15.40 Error: Failed to fetch http://debian-archive.trafficmanager.net/debian/pool/main/c/ca-certificates/ca-certificates_20250419_all.deb  Unable to connect to 127.0.0.1:9:
#13 15.40 Error: Unable to fetch some archives, maybe run apt-get update or try with --fix-missing?
#13 ERROR: process "/bin/sh -c apt -o Acquire::https::Verify-Peer=false update &&     apt -o Acquire::https::Verify-Peer=false install -y ca-certificates" did not complete successfully: exit code: 100
------
 > [base  9/26] RUN apt -o Acquire::https::Verify-Peer=false update &&     apt -o Acquire::https::Verify-Peer=false install -y ca-certificates:
15.39 Err:2 http://debian-archive.trafficmanager.net/debian-security trixie-security/main amd64 libssl3t64 amd64 3.5.7-1~deb13u2
15.39   Unable to connect to 127.0.0.1:9:
15.39 Err:1 http://debian-archive.trafficmanager.net/debian-security trixie-security/main amd64 openssl-provider-legacy amd64 3.5.7-1~deb13u2
15.39   Could not connect to 127.0.0.1:9 (127.0.0.1). - connect (111: Connection refused)
15.39   Unable to connect to 127.0.0.1:9:
15.40 Error: Failed to fetch http://debian-archive.trafficmanager.net/debian-security/pool/updates/main/o/openssl/openssl-provider-legacy_3.5.7-1%7edeb13u2_amd64.deb  Unable to connect to 127.0.0.1:9:
15.40 Error: Failed to fetch http://debian-archive.trafficmanager.net/debian-security/pool/updates/main/o/openssl/libssl3t64_3.5.7-1%7edeb13u2_amd64.deb  Unable to connect to 127.0.0.1:9:
15.40 Error: Failed to fetch http://debian-archive.trafficmanager.net/debian-security/pool/updates/main/o/openssl/openssl_3.5.7-1%7edeb13u2_amd64.deb  Unable to connect to 127.0.0.1:9:
15.40 Error: Failed to fetch http://debian-archive.trafficmanager.net/debian/pool/main/c/ca-certificates/ca-certificates_20250419_all.deb  Unable to connect to 127.0.0.1:9:
15.40 Error: Unable to fetch some archives, maybe run apt-get update or try with --fix-missing?
------
Dockerfile:30
--------------------
  29 |     
  30 | >>> RUN apt -o Acquire::https::Verify-Peer=false update && \
  31 | >>>     apt -o Acquire::https::Verify-Peer=false install -y ca-certificates
  32 |     
--------------------
ERROR: failed to build: failed to solve: process "/bin/sh -c apt -o Acquire::https::Verify-Peer=false update &&     apt -o Acquire::https::Verify-Peer=false install -y ca-certificates" did not complete successfully: exit code: 100
[  FAIL LOG END  ] [ target/docker-base-trixie.gz ]
make: *** [slave.mk:1406: target/docker-base-trixie.gz] Error 1
make[1]: *** [Makefile.work:751: target/docker-base-trixie.gz] Error 2
make[1]: Leaving directory '/data/sonic/sonic-dzf-time-measure'
make: *** [Makefile:50: target/docker-base-trixie.gz] Error 2
